Archive member included because of file (symbol)

c:/NXP/bstudio_nxp/sdk/JN-SW-4168/Components/Library\libOS_JN516x.a(os.o)
                              c:/NXP/bstudio_nxp/workspace/Custom_ZLL_Lights_someone42/MultiLight/Build/os_gen.o (symbol from plugin) (os_vStart)
c:/NXP/bstudio_nxp/sdk/JN-SW-4168/Components/Library\libOS_JN516x.a(os_contirq_JN516x.o)
                              c:/NXP/bstudio_nxp/workspace/Custom_ZLL_Lights_someone42/MultiLight/Build/os_irq.o (os_UnclaimedException_W)
c:/NXP/bstudio_nxp/sdk/JN-SW-4168/Components/Library\libPWRM_JN516x.a(pwrm.o)
                              c:/NXP/bstudio_nxp/workspace/Custom_ZLL_Lights_someone42/MultiLight/Build/app_start_light.o (symbol from plugin) (PWRM_vInit)
c:/NXP/bstudio_nxp/sdk/JN-SW-4168/Components/Library\libPWRM_JN516x.a(pwrm_setjmp_JN516x.o)
                              pwrm.o (symbol from plugin) (setjmp)
c:/NXP/bstudio_nxp/sdk/JN-SW-4168/Components/Library\libPWRM_JN516x.a(pwrm_cold_start.o)
                              (AppColdStart)
c:/NXP/bstudio_nxp/sdk/JN-SW-4168/Components/Library\libPWRM_JN516x.a(pwrm_warm_start.o)
                              (AppWarmStart)
c:/NXP/bstudio_nxp/sdk/JN-SW-4168/Components/Library\libPDUM_JN516x.a(pdum_nwk.o)
                              c:/NXP/bstudio_nxp/workspace/Custom_ZLL_Lights_someone42/MultiLight/Build/pdum_gen.o (symbol from plugin) (pdum_vNPduInit)
c:/NXP/bstudio_nxp/sdk/JN-SW-4168/Components/Library\libPDUM_JN516x.a(pdum_apl.o)
                              c:/NXP/bstudio_nxp/workspace/Custom_ZLL_Lights_someone42/MultiLight/Build/zll_CommissionCmdHandler.o (symbol from plugin) (PDUM_u16APduInstanceReadNBO)
c:/NXP/bstudio_nxp/sdk/JN-SW-4168/Components/Library\libPDUM_JN516x.a(pdum.o)
                              pdum_nwk.o (symbol from plugin) (PDUM_u16SizeNBO)
c:/NXP/bstudio_nxp/sdk/JN-SW-4168/Components/Library\libZPSAPL_JN516x.a(zps_apl_af.o)
                              c:/NXP/bstudio_nxp/workspace/Custom_ZLL_Lights_someone42/MultiLight/Build/zpr_light_node.o (symbol from plugin) (ZPS_eAplAfInit)
c:/NXP/bstudio_nxp/sdk/JN-SW-4168/Components/Library\libZPSAPL_JN516x.a(zps_apl_af_apsde.o)
                              c:/NXP/bstudio_nxp/workspace/Custom_ZLL_Lights_someone42/MultiLight/Build/zps_gen.o (symbol from plugin) (zps_vHandleApsdeDataFragIndNotSupported)
c:/NXP/bstudio_nxp/sdk/JN-SW-4168/Components/Library\libZPSAPL_JN516x.a(zps_apl_task.o)
                              zps_apl_af_apsde.o (symbol from plugin) (zps_vAplAfPostEvent)
c:/NXP/bstudio_nxp/sdk/JN-SW-4168/Components/Library\libZPSAPL_JN516x.a(zps_apl_apsde.o)
                              zps_apl_task.o (symbol from plugin) (ZPS_vAplRegisterApsdeDcfmIndCallbacks)
c:/NXP/bstudio_nxp/sdk/JN-SW-4168/Components/Library\libZPSAPL_JN516x.a(zps_apl_apsme.o)
                              zps_apl_task.o (symbol from plugin) (ZPS_vAplRegisterApsmeDcfmIndCallbacks)
c:/NXP/bstudio_nxp/sdk/JN-SW-4168/Components/Library\libZPSAPL_JN516x.a(zps_apl_aps_nlde.o)
                              zps_apl_task.o (symbol from plugin) (zps_vAplApsHandleNldeDcfmInd)
c:/NXP/bstudio_nxp/sdk/JN-SW-4168/Components/Library\libZPSAPL_JN516x.a(zps_apl_sec.o)
                              zps_apl_task.o (symbol from plugin) (zps_psFindKeyDescr)
c:/NXP/bstudio_nxp/sdk/JN-SW-4168/Components/Library\libZPSAPL_JN516x.a(zps_apl_aib.o)
                              c:/NXP/bstudio_nxp/workspace/Custom_ZLL_Lights_someone42/MultiLight/Build/Groups.o (symbol from plugin) (zps_psAplAibGetAib)
c:/NXP/bstudio_nxp/sdk/JN-SW-4168/Components/Library\libZPSAPL_JN516x.a(zps_apl_zdo_nwkmanager.o)
                              zps_apl_apsme.o (symbol from plugin) (zps_vAplSaveRecord)
c:/NXP/bstudio_nxp/sdk/JN-SW-4168/Components/Library\libZPSAPL_JN516x.a(zps_apl_zdo_handle_zdp_event.o)
                              zps_apl_task.o (symbol from plugin) (zps_bAplZdoHandleZdpEvent)
c:/NXP/bstudio_nxp/sdk/JN-SW-4168/Components/Library\libZPSAPL_JN516x.a(zps_apl_zdo_trust_center.o)
                              zps_apl_sec.o (symbol from plugin) (zps_eAplTrustCenterFindDevice)
c:/NXP/bstudio_nxp/sdk/JN-SW-4168/Components/Library\libZPSAPL_JN516x.a(zps_apl_zdo_common.o)
                              zps_apl_zdo_nwkmanager.o (symbol from plugin) (zps_eAplZdoNlmeleaveWrapper)
c:/NXP/bstudio_nxp/sdk/JN-SW-4168/Components/Library\libZPSAPL_JN516x.a(zps_apl_zdo_group.o)
                              c:/NXP/bstudio_nxp/workspace/Custom_ZLL_Lights_someone42/MultiLight/Build/GroupsTableManager.o (symbol from plugin) (zps_eAplZdoGroupEndpointAdd)
c:/NXP/bstudio_nxp/sdk/JN-SW-4168/Components/Library\libZPSAPL_JN516x.a(zps_apl_zdo_default_server.o)
                              c:/NXP/bstudio_nxp/workspace/Custom_ZLL_Lights_someone42/MultiLight/Build/zps_gen.o (symbol from plugin) (zps_vAplZdoDefaultServerInit)
c:/NXP/bstudio_nxp/sdk/JN-SW-4168/Components/Library\libZPSAPL_JN516x.a(zps_apl_mac_isr.o)
[...]
Memory Configuration

Name             Origin             Length             Attributes
flash            0x0000000000080000 0x0000000000080000
ram              0x000000000400004c 0x0000000000007fb4
*default*        0x0000000000000000 0xffffffffffffffff

Linker script and memory map

                0x0000000000000fa0                __stack_size = 0xfa0
                0x00000000000003e8                __minimum_heap_size = 0x3e8
START GROUP
LOAD c:/NXP/bstudio_nxp/workspace/Custom_ZLL_Lights_someone42/MultiLight/Build/os_gen.o
LOAD C:\DOCUME~1\g\LOCALS~1\Temp\ccflNc42.ltrans0.ltrans.o
LOAD C:\DOCUME~1\g\LOCALS~1\Temp\ccflNc42.ltrans1.ltrans.o
LOAD C:\DOCUME~1\g\LOCALS~1\Temp\ccflNc42.ltrans2.ltrans.o
LOAD C:\DOCUME~1\g\LOCALS~1\Temp\ccflNc42.ltrans3.ltrans.o
LOAD C:\DOCUME~1\g\LOCALS~1\Temp\ccflNc42.ltrans4.ltrans.o
LOAD C:\DOCUME~1\g\LOCALS~1\Temp\ccflNc42.ltrans5.ltrans.o
LOAD C:\DOCUME~1\g\LOCALS~1\Temp\ccflNc42.ltrans6.ltrans.o
LOAD C:\DOCUME~1\g\LOCALS~1\Temp\ccflNc42.ltrans7.ltrans.o
LOAD C:\DOCUME~1\g\LOCALS~1\Temp\ccflNc42.ltrans8.ltrans.o
LOAD C:\DOCUME~1\g\LOCALS~1\Temp\ccflNc42.ltrans9.ltrans.o
LOAD C:\DOCUME~1\g\LOCALS~1\Temp\ccflNc42.ltrans10.ltrans.o
LOAD C:\DOCUME~1\g\LOCALS~1\Temp\ccflNc42.ltrans11.ltrans.o
LOAD C:\DOCUME~1\g\LOCALS~1\Temp\ccflNc42.ltrans12.ltrans.o
LOAD C:\DOCUME~1\g\LOCALS~1\Temp\ccflNc42.ltrans13.ltrans.o
LOAD C:\DOCUME~1\g\LOCALS~1\Temp\ccflNc42.ltrans14.ltrans.o
LOAD C:\DOCUME~1\g\LOCALS~1\Temp\ccflNc42.ltrans15.ltrans.o
LOAD C:\DOCUME~1\g\LOCALS~1\Temp\ccflNc42.ltrans16.ltrans.o
LOAD C:\DOCUME~1\g\LOCALS~1\Temp\ccflNc42.ltrans17.ltrans.o
LOAD C:\DOCUME~1\g\LOCALS~1\Temp\ccflNc42.ltrans18.ltrans.o
LOAD C:\DOCUME~1\g\LOCALS~1\Temp\ccflNc42.ltrans19.ltrans.o
LOAD C:\DOCUME~1\g\LOCALS~1\Temp\ccflNc42.ltrans20.ltrans.o
LOAD C:\DOCUME~1\g\LOCALS~1\Temp\ccflNc42.ltrans21.ltrans.o
LOAD C:\DOCUME~1\g\LOCALS~1\Temp\ccflNc42.ltrans22.ltrans.o
LOAD C:\DOCUME~1\g\LOCALS~1\Temp\ccflNc42.ltrans23.ltrans.o
LOAD C:\DOCUME~1\g\LOCALS~1\Temp\ccflNc42.ltrans24.ltrans.o
LOAD C:\DOCUME~1\g\LOCALS~1\Temp\ccflNc42.ltrans25.ltrans.o
LOAD C:\DOCUME~1\g\LOCALS~1\Temp\ccflNc42.ltrans26.ltrans.o
LOAD C:\DOCUME~1\g\LOCALS~1\Temp\ccflNc42.ltrans27.ltrans.o
LOAD C:\DOCUME~1\g\LOCALS~1\Temp\ccflNc42.ltrans28.ltrans.o
LOAD C:\DOCUME~1\g\LOCALS~1\Temp\ccflNc42.ltrans29.ltrans.o
LOAD C:\DOCUME~1\g\LOCALS~1\Temp\ccflNc42.ltrans30.ltrans.o
LOAD C:\DOCUME~1\g\LOCALS~1\Temp\ccflNc42.ltrans31.ltrans.o
LOAD c:/nxp/bstudio_nxp/sdk/tools/ba-elf-ba2-r36379/bin/../lib/gcc/ba-elf/4.7.4/../../../../ba-elf/lib/mcpu_jn51xx_sizeopt\libc.a
LOAD c:/nxp/bstudio_nxp/sdk/tools/ba-elf-ba2-r36379/bin/../lib/gcc/ba-elf/4.7.4/mcpu_jn51xx_sizeopt\libgcc.a
LOAD c:/nxp/bstudio_nxp/sdk/tools/ba-elf-ba2-r36379/bin/../lib/gcc/ba-elf/4.7.4/../../../../ba-elf/lib/mcpu_jn51xx_sizeopt\libc.a
LOAD c:/NXP/bstudio_nxp/workspace/Custom_ZLL_Lights_someone42/MultiLight/Build/os_irq.o
LOAD c:/NXP/bstudio_nxp/workspace/Custom_ZLL_Lights_someone42/MultiLight/Build/os_irq_alignment.o
LOAD c:/NXP/bstudio_nxp/workspace/Custom_ZLL_Lights_someone42/MultiLight/Build/os_irq_buserror.o
LOAD c:/NXP/bstudio_nxp/workspace/Custom_ZLL_Lights_someone42/MultiLight/Build/os_irq_illegalinstruction.o
LOAD c:/NXP/bstudio_nxp/workspace/Custom_ZLL_Lights_someone42/MultiLight/Build/os_irq_stackoverflowexception.o
LOAD c:/NXP/bstudio_nxp/workspace/Custom_ZLL_Lights_someone42/MultiLight/Build/os_irq_unimplementedmodule.o
LOAD c:/NXP/bstudio_nxp/workspace/Custom_ZLL_Lights_someone42/MultiLight/Build/pdum_gen.o
LOAD c:/NXP/bstudio_nxp/workspace/Custom_ZLL_Lights_someone42/MultiLight/Build/pdum_apdu.o
LOAD c:/NXP/bstudio_nxp/workspace/Custom_ZLL_Lights_someone42/MultiLight/Build/zps_gen.o
LOAD c:/NXP/bstudio_nxp/workspace/Custom_ZLL_Lights_someone42/MultiLight/Build/app_timer_driver.o
LOAD c:/NXP/bstudio_nxp/workspace/Custom_ZLL_Lights_someone42/MultiLight/Build/app_start_light.o
LOAD c:/NXP/bstudio_nxp/workspace/Custom_ZLL_Lights_someone42/MultiLight/Build/app_scenes.o
LOAD c:/NXP/bstudio_nxp/workspace/Custom_ZLL_Lights_someone42/MultiLight/Build/zpr_light_node.o
LOAD c:/NXP/bstudio_nxp/workspace/Custom_ZLL_Lights_someone42/MultiLight/Build/ecb_decrypt.o
LOAD c:/NXP/bstudio_nxp/workspace/Custom_ZLL_Lights_someone42/MultiLight/Build/app_zcl_light_task.o
LOAD c:/NXP/bstudio_nxp/workspace/Custom_ZLL_Lights_someone42/MultiLight/Build/app_light_commission_task.o
LOAD c:/NXP/bstudio_nxp/workspace/Custom_ZLL_Lights_someone42/MultiLight/Build/app_light_interpolation.o
LOAD c:/NXP/bstudio_nxp/workspace/Custom_ZLL_Lights_someone42/MultiLight/Build/app_light_calibration.o
LOAD c:/NXP/bstudio_nxp/workspace/Custom_ZLL_Lights_someone42/MultiLight/Build/app_temp_sensor.o
LOAD c:/NXP/bstudio_nxp/workspace/Custom_ZLL_Lights_someone42/MultiLight/Build/appZpsBeaconHandler.o
LOAD c:/NXP/bstudio_nxp/workspace/Custom_ZLL_Lights_someone42/MultiLight/Build/App_MultiLight.o
LOAD c:/NXP/bstudio_nxp/workspace/Custom_ZLL_Lights_someone42/MultiLight/Build/DriverBulb_TimerPWM.o
LOAD c:/NXP/bstudio_nxp/workspace/Custom_ZLL_Lights_someone42/MultiLight/Build/Alarms.o
LOAD c:/NXP/bstudio_nxp/workspace/Custom_ZLL_Lights_someone42/MultiLight/Build/AlarmsClientCommands.o
LOAD c:/NXP/bstudio_nxp/workspace/Custom_ZLL_Lights_someone42/MultiLight/Build/AlarmsCommandHandler.o
LOAD c:/NXP/bstudio_nxp/workspace/Custom_ZLL_Lights_someone42/MultiLight/Build/AlarmsServerCommands.o
LOAD c:/NXP/bstudio_nxp/workspace/Custom_ZLL_Lights_someone42/MultiLight/Build/AlarmsTableManager.o
LOAD c:/NXP/bstudio_nxp/workspace/Custom_ZLL_Lights_someone42/MultiLight/Build/AnalogInputBasic.o
LOAD c:/NXP/bstudio_nxp/workspace/Custom_ZLL_Lights_someone42/MultiLight/Build/AnalogOutputBasic.o
LOAD c:/NXP/bstudio_nxp/workspace/Custom_ZLL_Lights_someone42/MultiLight/Build/Basic.o
LOAD c:/NXP/bstudio_nxp/workspace/Custom_ZLL_Lights_someone42/MultiLight/Build/BasicClientCommands.o
LOAD c:/NXP/bstudio_nxp/workspace/Custom_ZLL_Lights_someone42/MultiLight/Build/BasicCommandHandler.o
LOAD c:/NXP/bstudio_nxp/workspace/Custom_ZLL_Lights_someone42/MultiLight/Build/BinaryInputBasic.o
LOAD c:/NXP/bstudio_nxp/workspace/Custom_ZLL_Lights_someone42/MultiLight/Build/BinaryOutputBasic.o
LOAD c:/NXP/bstudio_nxp/workspace/Custom_ZLL_Lights_someone42/MultiLight/Build/Commissioning.o
LOAD c:/NXP/bstudio_nxp/workspace/Custom_ZLL_Lights_someone42/MultiLight/Build/DeviceTemperatureConfiguration.o
LOAD c:/NXP/bstudio_nxp/workspace/Custom_ZLL_Lights_someone42/MultiLight/Build/Diagnostics.o
LOAD c:/NXP/bstudio_nxp/workspace/Custom_ZLL_Lights_someone42/MultiLight/Build/DoorLock.o
LOAD c:/NXP/bstudio_nxp/workspace/Custom_ZLL_Lights_someone42/MultiLight/Build/DoorLockCommandHandler.o
LOAD c:/NXP/bstudio_nxp/workspace/Custom_ZLL_Lights_someone42/MultiLight/Build/DoorLockCommands.o
LOAD c:/NXP/bstudio_nxp/workspace/Custom_ZLL_Lights_someone42/MultiLight/Build/ElectricalMeasurement.o
LOAD c:/NXP/bstudio_nxp/workspace/Custom_ZLL_Lights_someone42/MultiLight/Build/Groups.o
LOAD c:/NXP/bstudio_nxp/workspace/Custom_ZLL_Lights_someone42/MultiLight/Build/GroupsClientCommands.o
LOAD c:/NXP/bstudio_nxp/workspace/Custom_ZLL_Lights_someone42/MultiLight/Build/GroupsCommandHandler.o
LOAD c:/NXP/bstudio_nxp/workspace/Custom_ZLL_Lights_someone42/MultiLight/Build/GroupsServerCommands.o
LOAD c:/NXP/bstudio_nxp/workspace/Custom_ZLL_Lights_someone42/MultiLight/Build/GroupsTableManager.o
LOAD c:/NXP/bstudio_nxp/workspace/Custom_ZLL_Lights_someone42/MultiLight/Build/Identify.o
LOAD c:/NXP/bstudio_nxp/workspace/Custom_ZLL_Lights_someone42/MultiLight/Build/IdentifyClientCommands.o
LOAD c:/NXP/bstudio_nxp/workspace/Custom_ZLL_Lights_someone42/MultiLight/Build/IdentifyCommandHandler.o
LOAD c:/NXP/bstudio_nxp/workspace/Custom_ZLL_Lights_someone42/MultiLight/Build/IdentifyServerCommands.o
LOAD c:/NXP/bstudio_nxp/workspace/Custom_ZLL_Lights_someone42/MultiLight/Build/LevelControl.o
LOAD c:/NXP/bstudio_nxp/workspace/Custom_ZLL_Lights_someone42/MultiLight/Build/LevelControlClientCommands.o
LOAD c:/NXP/bstudio_nxp/workspace/Custom_ZLL_Lights_someone42/MultiLight/Build/LevelControlCommandHandler.o
LOAD c:/NXP/bstudio_nxp/workspace/Custom_ZLL_Lights_someone42/MultiLight/Build/MultistateInputBasic.o
LOAD c:/NXP/bstudio_nxp/workspace/Custom_ZLL_Lights_someone42/MultiLight/Build/MultistateOutputBasic.o
LOAD c:/NXP/bstudio_nxp/workspace/Custom_ZLL_Lights_someone42/MultiLight/Build/OOSC.o
LOAD c:/NXP/bstudio_nxp/workspace/Custom_ZLL_Lights_someone42/MultiLight/Build/OnOff.o
LOAD c:/NXP/bstudio_nxp/workspace/Custom_ZLL_Lights_someone42/MultiLight/Build/OnOffCommandHandler.o
LOAD c:/NXP/bstudio_nxp/workspace/Custom_ZLL_Lights_someone42/MultiLight/Build/OnOffCommands.o
LOAD c:/NXP/bstudio_nxp/workspace/Custom_ZLL_Lights_someone42/MultiLight/Build/PollControl.o
LOAD c:/NXP/bstudio_nxp/workspace/Custom_ZLL_Lights_someone42/MultiLight/Build/PollControlClientCommands.o
LOAD c:/NXP/bstudio_nxp/workspace/Custom_ZLL_Lights_someone42/MultiLight/Build/PollControlCommandHandler.o
LOAD c:/NXP/bstudio_nxp/workspace/Custom_ZLL_Lights_someone42/MultiLight/Build/PollControlServerCommands.o
LOAD c:/NXP/bstudio_nxp/workspace/Custom_ZLL_Lights_someone42/MultiLight/Build/PowerConfiguration.o
LOAD c:/NXP/bstudio_nxp/workspace/Custom_ZLL_Lights_someone42/MultiLight/Build/Scenes.o
LOAD c:/NXP/bstudio_nxp/workspace/Custom_ZLL_Lights_someone42/MultiLight/Build/ScenesClientCommands.o
LOAD c:/NXP/bstudio_nxp/workspace/Custom_ZLL_Lights_someone42/MultiLight/Build/ScenesClusterManagement.o
LOAD c:/NXP/bstudio_nxp/workspace/Custom_ZLL_Lights_someone42/MultiLight/Build/ScenesCommandHandler.o
LOAD c:/NXP/bstudio_nxp/workspace/Custom_ZLL_Lights_someone42/MultiLight/Build/ScenesServerCommands.o
LOAD c:/NXP/bstudio_nxp/workspace/Custom_ZLL_Lights_someone42/MultiLight/Build/ScenesTableManager.o
LOAD c:/NXP/bstudio_nxp/workspace/Custom_ZLL_Lights_someone42/MultiLight/Build/TC.o
LOAD c:/NXP/bstudio_nxp/workspace/Custom_ZLL_Lights_someone42/MultiLight/Build/Time.o
LOAD c:/NXP/bstudio_nxp/workspace/Custom_ZLL_Lights_someone42/MultiLight/Build/zll_CommissionCmdHandler.o
LOAD c:/NXP/bstudio_nxp/workspace/Custom_ZLL_Lights_someone42/MultiLight/Build/zll_UtilityCmdHandler.o
LOAD c:/NXP/bstudio_nxp/workspace/Custom_ZLL_Lights_someone42/MultiLight/Build/zll_commission.o
LOAD c:/NXP/bstudio_nxp/workspace/Custom_ZLL_Lights_someone42/MultiLight/Build/zll_utility.o
LOAD c:/NXP/bstudio_nxp/workspace/Custom_ZLL_Lights_someone42/MultiLight/Build/colour_light.o
LOAD c:/NXP/bstudio_nxp/workspace/Custom_ZLL_Lights_someone42/MultiLight/Build/colour_remote.o
LOAD c:/NXP/bstudio_nxp/workspace/Custom_ZLL_Lights_someone42/MultiLight/Build/colour_scene_remote.o
LOAD c:/NXP/bstudio_nxp/workspace/Custom_ZLL_Lights_someone42/MultiLight/Build/colour_temperature_light.o
LOAD c:/NXP/bstudio_nxp/workspace/Custom_ZLL_Lights_someone42/MultiLight/Build/commission_endpoint.o
LOAD c:/NXP/bstudio_nxp/workspace/Custom_ZLL_Lights_someone42/MultiLight/Build/control_bridge.o
LOAD c:/NXP/bstudio_nxp/workspace/Custom_ZLL_Lights_someone42/MultiLight/Build/dimmable_light.o
LOAD c:/NXP/bstudio_nxp/workspace/Custom_ZLL_Lights_someone42/MultiLight/Build/dimmable_plug.o
LOAD c:/NXP/bstudio_nxp/workspace/Custom_ZLL_Lights_someone42/MultiLight/Build/extended_colour_light.o
LOAD c:/NXP/bstudio_nxp/workspace/Custom_ZLL_Lights_someone42/MultiLight/Build/non_colour_remote.o
LOAD c:/NXP/bstudio_nxp/workspace/Custom_ZLL_Lights_someone42/MultiLight/Build/non_colour_scene_remote.o
LOAD c:/NXP/bstudio_nxp/workspace/Custom_ZLL_Lights_someone42/MultiLight/Build/on_off_light.o
LOAD c:/NXP/bstudio_nxp/workspace/Custom_ZLL_Lights_someone42/MultiLight/Build/on_off_plug.o
LOAD c:/NXP/bstudio_nxp/workspace/Custom_ZLL_Lights_someone42/MultiLight/Build/on_off_sensor.o
LOAD c:/NXP/bstudio_nxp/workspace/Custom_ZLL_Lights_someone42/MultiLight/Build/zll.o
LOAD c:/NXP/bstudio_nxp/workspace/Custom_ZLL_Lights_someone42/MultiLight/Build/BallastConfiguration.o
LOAD c:/NXP/bstudio_nxp/workspace/Custom_ZLL_Lights_someone42/MultiLight/Build/ColourControl.o
LOAD c:/NXP/bstudio_nxp/workspace/Custom_ZLL_Lights_someone42/MultiLight/Build/ColourControlClientCommands.o
LOAD c:/NXP/bstudio_nxp/workspace/Custom_ZLL_Lights_someone42/MultiLight/Build/ColourControlCommandHandler.o
LOAD c:/NXP/bstudio_nxp/workspace/Custom_ZLL_Lights_someone42/MultiLight/Build/ColourControlConversions.o
LOAD c:/NXP/bstudio_nxp/workspace/Custom_ZLL_Lights_someone42/MultiLight/Build/dlist.o
LOAD c:/NXP/bstudio_nxp/workspace/Custom_ZLL_Lights_someone42/MultiLight/Build/zcl.o
LOAD c:/NXP/bstudio_nxp/workspace/Custom_ZLL_Lights_someone42/MultiLight/Build/zcl_CustomCommandReceive.o
LOAD c:/NXP/bstudio_nxp/workspace/Custom_ZLL_Lights_someone42/MultiLight/Build/zcl_CustomCommandSend.o
LOAD c:/NXP/bstudio_nxp/workspace/Custom_ZLL_Lights_someone42/MultiLight/Build/zcl_PDUbufferReadWrite.o
LOAD c:/NXP/bstudio_nxp/workspace/Custom_ZLL_Lights_someone42/MultiLight/Build/zcl_PDUbufferReadWriteString.o
LOAD c:/NXP/bstudio_nxp/workspace/Custom_ZLL_Lights_someone42/MultiLight/Build/zcl_WriteAttributesRequestHandle.o
LOAD c:/NXP/bstudio_nxp/workspace/Custom_ZLL_Lights_someone42/MultiLight/Build/zcl_WriteAttributesRequestSend.o
LOAD c:/NXP/bstudio_nxp/workspace/Custom_ZLL_Lights_someone42/MultiLight/Build/zcl_WriteAttributesResponseHandle.o
LOAD c:/NXP/bstudio_nxp/workspace/Custom_ZLL_Lights_someone42/MultiLight/Build/zcl_attribute.o
LOAD c:/NXP/bstudio_nxp/workspace/Custom_ZLL_Lights_someone42/MultiLight/Build/zcl_buffer.o
LOAD c:/NXP/bstudio_nxp/workspace/Custom_ZLL_Lights_someone42/MultiLight/Build/zcl_clusterCommand.o
LOAD c:/NXP/bstudio_nxp/workspace/Custom_ZLL_Lights_someone42/MultiLight/Build/zcl_command.o
LOAD c:/NXP/bstudio_nxp/workspace/Custom_ZLL_Lights_someone42/MultiLight/Build/zcl_configureReportingCommandHandle.o
LOAD c:/NXP/bstudio_nxp/workspace/Custom_ZLL_Lights_someone42/MultiLight/Build/zcl_configureReportingCommandSend.o
LOAD c:/NXP/bstudio_nxp/workspace/Custom_ZLL_Lights_someone42/MultiLight/Build/zcl_configureReportingResponseHandle.o
LOAD c:/NXP/bstudio_nxp/workspace/Custom_ZLL_Lights_someone42/MultiLight/Build/zcl_defaultResponse.o
LOAD c:/NXP/bstudio_nxp/workspace/Custom_ZLL_Lights_someone42/MultiLight/Build/zcl_discoverAttributesExtendedRequestHandle.o
LOAD c:/NXP/bstudio_nxp/workspace/Custom_ZLL_Lights_someone42/MultiLight/Build/zcl_discoverAttributesExtendedRequestSend.o
LOAD c:/NXP/bstudio_nxp/workspace/Custom_ZLL_Lights_someone42/MultiLight/Build/zcl_discoverAttributesExtendedResponseHandle.o
LOAD c:/NXP/bstudio_nxp/workspace/Custom_ZLL_Lights_someone42/MultiLight/Build/zcl_discoverAttributesRequestHandle.o
LOAD c:/NXP/bstudio_nxp/workspace/Custom_ZLL_Lights_someone42/MultiLight/Build/zcl_discoverAttributesRequestSend.o
LOAD c:/NXP/bstudio_nxp/workspace/Custom_ZLL_Lights_someone42/MultiLight/Build/zcl_discoverAttributesResponseHandle.o
LOAD c:/NXP/bstudio_nxp/workspace/Custom_ZLL_Lights_someone42/MultiLight/Build/zcl_discoverCommandsRequestHandle.o
LOAD c:/NXP/bstudio_nxp/workspace/Custom_ZLL_Lights_someone42/MultiLight/Build/zcl_discoverCommandsRequestSend.o
LOAD c:/NXP/bstudio_nxp/workspace/Custom_ZLL_Lights_someone42/MultiLight/Build/zcl_discoverCommandsResponseHandle.o
LOAD c:/NXP/bstudio_nxp/workspace/Custom_ZLL_Lights_someone42/MultiLight/Build/zcl_event.o
LOAD c:/NXP/bstudio_nxp/workspace/Custom_ZLL_Lights_someone42/MultiLight/Build/zcl_heap.o
LOAD c:/NXP/bstudio_nxp/workspace/Custom_ZLL_Lights_someone42/MultiLight/Build/zcl_library_options.o
LOAD c:/NXP/bstudio_nxp/workspace/Custom_ZLL_Lights_someone42/MultiLight/Build/zcl_readAttributesRequestHandle.o
LOAD c:/NXP/bstudio_nxp/workspace/Custom_ZLL_Lights_someone42/MultiLight/Build/zcl_readAttributesRequestSend.o
LOAD c:/NXP/bstudio_nxp/workspace/Custom_ZLL_Lights_someone42/MultiLight/Build/zcl_readAttributesResponseHandle.o
LOAD c:/NXP/bstudio_nxp/workspace/Custom_ZLL_Lights_someone42/MultiLight/Build/zcl_readReportingConfigurationCommandHandle.o
LOAD c:/NXP/bstudio_nxp/workspace/Custom_ZLL_Lights_someone42/MultiLight/Build/zcl_readReportingConfigurationCommandSend.o
LOAD c:/NXP/bstudio_nxp/workspace/Custom_ZLL_Lights_someone42/MultiLight/Build/zcl_readReportingConfigurationResponseHandle.o
LOAD c:/NXP/bstudio_nxp/workspace/Custom_ZLL_Lights_someone42/MultiLight/Build/zcl_reportManager.o
LOAD c:/NXP/bstudio_nxp/workspace/Custom_ZLL_Lights_someone42/MultiLight/Build/zcl_reportMaths.o
LOAD c:/NXP/bstudio_nxp/workspace/Custom_ZLL_Lights_someone42/MultiLight/Build/zcl_reportScheduler.o
LOAD c:/NXP/bstudio_nxp/workspace/Custom_ZLL_Lights_someone42/MultiLight/Build/zcl_reportStringHandling.o
LOAD c:/NXP/bstudio_nxp/workspace/Custom_ZLL_Lights_someone42/MultiLight/Build/zcl_reportStructure.o
LOAD c:/NXP/bstudio_nxp/workspace/Custom_ZLL_Lights_someone42/MultiLight/Build/zcl_search.o
LOAD c:/NXP/bstudio_nxp/workspace/Custom_ZLL_Lights_someone42/MultiLight/Build/zcl_timer.o
LOAD c:/NXP/bstudio_nxp/workspace/Custom_ZLL_Lights_someone42/MultiLight/Build/zcl_transmit.o
LOAD c:/NXP/bstudio_nxp/sdk/JN-SW-4168/Components/Library\libZPSMAC_Mini_JN516x.a
LOAD c:/NXP/bstudio_nxp/sdk/JN-SW-4168/Components/Library\libOS_JN516x.a
LOAD c:/NXP/bstudio_nxp/sdk/JN-SW-4168/Components/Library\libPWRM_JN516x.a
LOAD c:/NXP/bstudio_nxp/sdk/JN-SW-4168/Components/Library\libZPSTSV_JN516x.a
LOAD c:/NXP/bstudio_nxp/sdk/JN-SW-4168/Components/Library\libAES_SW_JN516x.a
LOAD c:/NXP/bstudio_nxp/sdk/JN-SW-4168/Components/Library\libPDUM_JN516x.a
LOAD c:/NXP/bstudio_nxp/sdk/JN-SW-4168/Components/Library\libZPSAPL_JN516x.a
LOAD c:/NXP/bstudio_nxp/sdk/JN-SW-4168/Components/Library\libRandom_JN516x.a
LOAD c:/NXP/bstudio_nxp/sdk/JN-SW-4168/Components/Library\libPDM_EEPROM_JN516x.a
LOAD c:/NXP/bstudio_nxp/sdk/JN-SW-4168/Components/Library\libDBG_JN516x.a
LOAD c:/NXP/bstudio_nxp/sdk/JN-SW-4168/Components/Library\libZPSZLL_JN516x.a
LOAD c:/NXP/bstudio_nxp/sdk/JN-SW-4168/Components/Library\libZPSNWK_JN516x.a
LOAD c:/NXP/bstudio_nxp/sdk/JN-SW-4168/Components/Library\libRecal_JN516x.a
LOAD c:/NXP/bstudio_nxp/sdk/JN-SW-4168/Components/Library\libMiniMac_JN5169.a
LOAD c:/NXP/bstudio_nxp/sdk/JN-SW-4168/Components/Library\libMiniMacShim_JN516x.a
LOAD c:/NXP/bstudio_nxp/sdk/JN-SW-4168/Components/Library\libMMAC_JN5169.a
LOAD c:/NXP/bstudio_nxp/sdk/JN-SW-4168/Components/Library\libJPT_JN5169.a
LOAD c:/NXP/bstudio_nxp/sdk/JN-SW-4168/Components/Library\libAes_JN516x.a
LOAD c:/NXP/bstudio_nxp/sdk/JN-SW-4168/Components/Library\libHardwareApi_JN5169.a
LOAD c:/NXP/bstudio_nxp/sdk/JN-SW-4168/Components/Library\libMicroSpecific_JN516x.a
LOAD c:/NXP/bstudio_nxp/sdk/JN-SW-4168/Components/Library\libBoot_JN516x.a
LOAD c:/nxp/bstudio_nxp/sdk/tools/ba-elf-ba2-r36379/bin/../lib/gcc/ba-elf/4.7.4/../../../../ba-elf/lib/mcpu_jn51xx_sizeopt\libm.a
END GROUP
LOAD c:/nxp/bstudio_nxp/sdk/tools/ba-elf-ba2-r36379/bin/../lib/gcc/ba-elf/4.7.4/../../../../ba-elf/lib/mcpu_jn51xx_sizeopt\libc.a
LOAD c:/nxp/bstudio_nxp/sdk/tools/ba-elf-ba2-r36379/bin/../lib/gcc/ba-elf/4.7.4/mcpu_jn51xx_sizeopt\libgcc.a
LOAD c:/nxp/bstudio_nxp/sdk/tools/ba-elf-ba2-r36379/bin/../lib/gcc/ba-elf/4.7.4/../../../../ba-elf/lib/mcpu_jn51xx_sizeopt\libc.a
                0x0000000000080038                exception_vsr_table = 0x80038
                0x0000000004000000                pSPIflashFncTable = 0x4000000
                0x0000000000000044                restore_state = 0x44
                0x000000000000004a                bZSPIWaitWIPClear = 0x4a
                0x0000000000000050                u16ZSPIflashRDID = 0x50
                0x0000000000000056                u8SelectFlashChipType = 0x56
                0x000000000000005c                memcpy = 0x5c
                0x0000000000000066                vBootFlashProg = 0x66
                [0x00000000000003e8]                __minimum_heap_size = DEFINED (__minimum_heap_size)?__minimum_heap_size:0xd16
                [0x0000000000000fa0]                __stack_size = DEFINED (__stack_size)?__stack_size:0x800
                0x0000000000000000                _SwConfig = (DEFINED (g_bSWConf_Debug) | (DEFINED (g_bSWConf_AltDebugPort) << 0x1))

.version        0x000000000007fffc        0x4
                0x000000000007fffc        0x4 LONG 0xf03000b

.bir            0x0000000000080000       0x10
                0x0000000000080000                _flash_start = ABSOLUTE (.)
                0x0000000000080000                _flash_beg = ABSOLUTE (.)
                0x0000000000080000        0x4 LONG 0x12345678
                0x0000000000080004        0x4 LONG 0x11223344
                0x0000000000080008        0x4 LONG 0x55667788
                0x000000000008000c        0x1 BYTE 0x8
                0x000000000008000d        0x1 BYTE 0x1
                0x000000000008000e        0x2 SHORT 0x0

.flashheader    0x0000000000080010       0x28
                0x0000000000080010        0x4 LONG 0x0
                0x0000000000080014        0x4 LONG 0x0
                0x0000000000080018        0x4 LONG 0x0
                0x000000000008001c        0x2 SHORT 0x0
                0x000000000008001e        0x2 SHORT 0x0 ABSOLUTE (_SwConfig)
                0x0000000000080020                _enc_start = ABSOLUTE (.)
                0x0000000000080020        0x4 LONG 0x2e60c ABSOLUTE (_image_len)
                0x0000000000080024        0x4 LONG 0xadc88 ABSOLUTE (_flash_data_start)
                0x0000000000080028        0x2 SHORT 0x13 ((ABSOLUTE (_ram_data_start) / 0x4) & 0xffff)
                0x000000000008002a        0x2 SHORT 0x261 ((ABSOLUTE (_ram_data_len) / 0x4) & 0xffff)
                0x000000000008002c        0x2 SHORT 0x274 ((ABSOLUTE (_bss_start) / 0x4) & 0xffff)
                0x000000000008002e        0x2 SHORT 0x118d ((ABSOLUTE (_bss_len) / 0x4) & 0xffff)
                0x0000000000080030        0x4 LONG 0xa9488 ABSOLUTE (AppWarmStart)
                0x0000000000080034        0x4 LONG 0xa94a4 ABSOLUTE (AppColdStart)
                0x0000000000000000                _enc_offset = (_enc_start & 0xf)

.ro_mac_address
                0x0000000000080040        0x0
                0x0000000000080040                _FlsMACAddress = ABSOLUTE (.)
 *(.ro_mac_address)
                0x0000000000080040                . = ALIGN (0x10)

.ro_ota_header  0x0000000000080040        0x0
                0x0000000000080040                _FlsOtaHeader = ABSOLUTE (.)
 *(.ro_ota_header)
                0x0000000000080040                . = ALIGN (0x10)

.ro_se_lnkKey   0x0000000000080040        0x0
                0x0000000000080040                _FlsLinkKey = ABSOLUTE (.)
 *(.ro_se_lnkKey)
                0x0000000000080040                . = ALIGN (0x10)

.rodata         0x0000000000080038     0x5405
 *(.rodata*)
 .rodata.str1.1
                0x0000000000080038      0x12c C:\DOCUME~1\g\LOCALS~1\Temp\ccflNc42.ltrans0.ltrans.o
 .rodata        0x0000000000080164      0x168 C:\DOCUME~1\g\LOCALS~1\Temp\ccflNc42.ltrans0.ltrans.o
                0x0000000000080164                gMAC_u8MaxBuffers
                0x0000000000080168                g_u32ApsFcSaveCountBitShift
                0x000000000008016c                u8MaxZpsConfigEp
                0x000000000008016d                au8EpMapPresent
                0x0000000000080174                s_groupPdmTable
 .rodata        0x00000000000802cc       0xbc C:\DOCUME~1\g\LOCALS~1\Temp\ccflNc42.ltrans1.ltrans.o
 .rodata.str1.1
                0x0000000000000000      0x12c C:\DOCUME~1\g\LOCALS~1\Temp\ccflNc42.ltrans1.ltrans.o
                                          0x8 (size before relaxing)
 .rodata.str1.1
                0x0000000000080388        0xd C:\DOCUME~1\g\LOCALS~1\Temp\ccflNc42.ltrans2.ltrans.o
 .rodata.str1.1
                0x0000000000000000        0xd C:\DOCUME~1\g\LOCALS~1\Temp\ccflNc42.ltrans3.ltrans.o
                                          0x3 (size before relaxing)
 .rodata.str1.1
                0x0000000000080395      0x28c C:\DOCUME~1\g\LOCALS~1\Temp\ccflNc42.ltrans4.ltrans.o
 .rodata        0x0000000000080621        0x8 C:\DOCUME~1\g\LOCALS~1\Temp\ccflNc42.ltrans4.ltrans.o
 .rodata.str1.1
                0x0000000000080629      0x10e C:\DOCUME~1\g\LOCALS~1\Temp\ccflNc42.ltrans5.ltrans.o
                                        0x15b (size before relaxing)
 .rodata.str1.1
                0x0000000000000000      0x10e C:\DOCUME~1\g\LOCALS~1\Temp\ccflNc42.ltrans6.ltrans.o
                                          0x7 (size before relaxing)
 .rodata        0x0000000000080737        0x6 C:\DOCUME~1\g\LOCALS~1\Temp\ccflNc42.ltrans6.ltrans.o
 .rodata.str1.1
                0x0000000000000000      0x10e C:\DOCUME~1\g\LOCALS~1\Temp\ccflNc42.ltrans7.ltrans.o
                                          0xf (size before relaxing)
 *fill*         0x000000000008073d        0x3 00
 .rodata        0x0000000000080740       0x20 C:\DOCUME~1\g\LOCALS~1\Temp\ccflNc42.ltrans7.ltrans.o
                0x0000000000080740                g_bSendBuffered
                0x0000000000080744                zps_pacNwkFrmStdHdrFmt
                0x0000000000080748                au32NwkPdmRecordOffsets
 .rodata.str1.1
                0x0000000000080760        0xc C:\DOCUME~1\g\LOCALS~1\Temp\ccflNc42.ltrans8.ltrans.o
 .rodata.str1.1
                0x000000000008076c       0x5a C:\DOCUME~1\g\LOCALS~1\Temp\ccflNc42.ltrans9.ltrans.o
 .rodata.str1.1
                0x00000000000807c6      0x45f C:\DOCUME~1\g\LOCALS~1\Temp\ccflNc42.ltrans10.ltrans.o
                                        0x46a (size before relaxing)
 .rodata.str1.1
                0x0000000000080c25      0x3aa C:\DOCUME~1\g\LOCALS~1\Temp\ccflNc42.ltrans11.ltrans.o
                                        0x3d1 (size before relaxing)
 .rodata        0x0000000000080fcf      0x107 C:\DOCUME~1\g\LOCALS~1\Temp\ccflNc42.ltrans11.ltrans.o
                0x0000000000080fcf                au8ZLLChannelSet
 .rodata.str1.1
                0x00000000000810d6        0x5 C:\DOCUME~1\g\LOCALS~1\Temp\ccflNc42.ltrans12.ltrans.o
                                         0x17 (size before relaxing)
 .rodata.str1.1
                0x00000000000810db       0x11 C:\DOCUME~1\g\LOCALS~1\Temp\ccflNc42.ltrans13.ltrans.o
                                         0x18 (size before relaxing)
 .rodata.str1.1
                0x00000000000810ec      0x3e2 C:\DOCUME~1\g\LOCALS~1\Temp\ccflNc42.ltrans14.ltrans.o
                                        0x462 (size before relaxing)
 .rodata.str1.1
                0x00000000000814ce        0xf C:\DOCUME~1\g\LOCALS~1\Temp\ccflNc42.ltrans15.ltrans.o
 *fill*         0x00000000000814dd        0x3 00
 .rodata        0x00000000000814e0      0x1fc C:\DOCUME~1\g\LOCALS~1\Temp\ccflNc42.ltrans15.ltrans.o
                0x00000000000814e0                s_apsStSceTbl.129771
                0x00000000000814f4                s_aprIdleStHandleCme.139752
                0x0000000000081508                s_aprActvStHandleCme.135884
                0x0000000000081560                zps_sJoinSceTbl
                0x000000000008156c                zps_sActvSceTbl
 .rodata.str1.1
                0x00000000000816dc       0x2a C:\DOCUME~1\g\LOCALS~1\Temp\ccflNc42.ltrans16.ltrans.o
                                         0x4f (size before relaxing)
 .rodata.str1.1
                0x0000000000081706      0x669 C:\DOCUME~1\g\LOCALS~1\Temp\ccflNc42.ltrans17.ltrans.o
                                        0x692 (size before relaxing)
 .rodata.str1.1
                0x0000000000081d6f       0x5b C:\DOCUME~1\g\LOCALS~1\Temp\ccflNc42.ltrans18.ltrans.o
                                         0x7a (size before relaxing)
 .rodata.str1.1
                0x0000000000000000       0x5b C:\DOCUME~1\g\LOCALS~1\Temp\ccflNc42.ltrans19.ltrans.o
                                          0x6 (size before relaxing)
 *fill*         0x0000000000081dca        0x2 00
 .rodata        0x0000000000081dcc       0x4c C:\DOCUME~1\g\LOCALS~1\Temp\ccflNc42.ltrans19.ltrans.o
                0x0000000000081dcc                g_u32NwkFcSaveCountBitShift
 .rodata        0x0000000000081e18      0x444 C:\DOCUME~1\g\LOCALS~1\Temp\ccflNc42.ltrans20.ltrans.o
                0x0000000000082018                gu32ZCLVersion
                0x000000000008201c                OS_g_u32Version
                0x0000000000082020                PDUM_g_u32Version
                0x0000000000082024                ZPS_g_u32MacVersion
                0x0000000000082028                ZPS_g_u32TsvVersion
 .rodata.str1.1
                0x0000000000000000        0x4 C:\DOCUME~1\g\LOCALS~1\Temp\ccflNc42.ltrans21.ltrans.o
 .rodata.str1.1
                0x000000000008225c        0x6 C:\DOCUME~1\g\LOCALS~1\Temp\ccflNc42.ltrans22.ltrans.o
 .rodata.str1.1
                0x0000000000082262       0xe1 C:\DOCUME~1\g\LOCALS~1\Temp\ccflNc42.ltrans23.ltrans.o
                                         0xe5 (size before relaxing)
 .rodata        0x0000000000082343       0x10 C:\DOCUME~1\g\LOCALS~1\Temp\ccflNc42.ltrans23.ltrans.o
 .rodata.str1.1
                0x0000000000082353       0x6e C:\DOCUME~1\g\LOCALS~1\Temp\ccflNc42.ltrans24.ltrans.o
 .rodata.str1.1
                0x00000000000823c1      0x172 C:\DOCUME~1\g\LOCALS~1\Temp\ccflNc42.ltrans25.ltrans.o
                                        0x178 (size before relaxing)
 .rodata.str1.1
                0x0000000000082533        0x3 C:\DOCUME~1\g\LOCALS~1\Temp\ccflNc42.ltrans26.ltrans.o
 *fill*         0x0000000000082536        0x2 00
 .rodata        0x0000000000082538     0x2214 C:\DOCUME~1\g\LOCALS~1\Temp\ccflNc42.ltrans26.ltrans.o
 .rodata.str1.1
                0x000000000008474c      0x3c9 C:\DOCUME~1\g\LOCALS~1\Temp\ccflNc42.ltrans27.ltrans.o
                                        0x3d4 (size before relaxing)
 .rodata.str1.1
                0x0000000000084b15       0x27 C:\DOCUME~1\g\LOCALS~1\Temp\ccflNc42.ltrans28.ltrans.o
                                         0x4a (size before relaxing)
 .rodata.str1.1
                0x0000000000084b3c      0x17f C:\DOCUME~1\g\LOCALS~1\Temp\ccflNc42.ltrans29.ltrans.o
 .rodata.str1.1
                0x0000000000084cbb      0x114 C:\DOCUME~1\g\LOCALS~1\Temp\ccflNc42.ltrans30.ltrans.o
                                        0x12a (size before relaxing)
 *fill*         0x0000000000084dcf        0x1 00
 .rodata        0x0000000000084dd0      0x550 C:\DOCUME~1\g\LOCALS~1\Temp\ccflNc42.ltrans30.ltrans.o
                0x0000000000084dd0                zps_g_pvApl
                0x0000000000084dd4                au32UartAddrOffset
                0x0000000000084ddc                au32TimerBaseAddress
                0x0000000000084df0                au8ChannelMap.7228
                0x0000000000084df6                au8Timers.8767
                0x0000000000084dfc                pwrm_psWakeupCallbacks
 .rodata.str1.1
                0x0000000000085320      0x11d C:\DOCUME~1\g\LOCALS~1\Temp\ccflNc42.ltrans31.ltrans.o
                                        0x157 (size before relaxing)

.text           0x0000000000085440    0x28848
 *(.text*)
 .text          0x0000000000085440     0x2114 C:\DOCUME~1\g\LOCALS~1\Temp\ccflNc42.ltrans0.ltrans.o
                0x0000000000085440                vInitialiseApp.3259
                0x0000000000085440                APP_TIMER_Version_1v0
 .text          0x0000000000087554     0x19ec C:\DOCUME~1\g\LOCALS~1\Temp\ccflNc42.ltrans1.ltrans.o
                0x0000000000087554                vZdoServersInit.2959
                0x00000000000875f0                vMMAC_IntHandlerBbc
                0x000000000008760a                eBasicTxCompleteHandler
                0x000000000008760f                vTxRxTimeout.145898
                0x000000000008766c                eSmeAcScBeaconInd.137847
                0x00000000000876c8                eSmeASFlBeaconInd.137682
                0x00000000000876ea                eSmeUDNTScanDcfm.137132
                0x0000000000087772                zps_eNwkHandleSmePollDcfm
                0x000000000008779c                eLeaveDataDcfmRemoteLeave.142429
                0x00000000000877e5                eSmeGenlScanDcfm.137674
                0x0000000000087843                eSmeEdScScanDcfm.137670
                0x00000000000879ea                eSmeAcScBeaconInd.137690
                0x0000000000087af2                eSmeUDNTBeaconInd.137666
                0x0000000000087b15                ZPS_eTsvOpen
                0x0000000000087b2f                zps_vNwkBttMgrInit
                0x0000000000087b5d                vMiniMac_MLME_SetReq_PanId
                0x0000000000087b9a                vMiniMac_MLME_SetReq_ShortAddr
                0x0000000000087ba8                vAHI_AdcStartAccumulateSamples.constprop.158
                0x0000000000087c04                vZCL_InitializeClusterInstance.constprop.141
                0x0000000000087c15                psDLISTsearchFromHead
                0x0000000000087c3e                pvZCL_HeapAlloc.part.0.52499.constprop.123
                0x0000000000087c78                vMicroIntEnableOnly.constprop.108
                0x0000000000087ca4                vAHI_TimerEnable.part.1.148537.constprop.70
                0x0000000000087d0e                zps_eNwkRtDiscMatch.constprop.57
                0x0000000000087d61                eCLD_ColourControl_xyY2HSV.constprop.41
                0x0000000000087f27                vMiniMac_ReturnTxBufferCallback
                0x0000000000087f39                vEnableReceive.145902
                0x0000000000087f73                pvHeap_Alloc
                0x0000000000087f76                vMicroIntRestoreState
                0x0000000000087f82                vSetChannelAndPower
                0x0000000000088122                vMiniMac_PLME_SetReq_Power
                0x0000000000088136                vMiniMac_PLME_SetReq_Channel
                0x000000000008813e                TSV_eStart
                0x000000000008818e                bAHI_WriteEEPROMfixSegmentData
                0x00000000000881ec                bAHI_InitialiseEEPROM
                0x0000000000088234                vAHI_ReadDataFromEEPROMregister
                0x0000000000088261                vAHI_WriteDataIntoEEPROMregister
                0x0000000000088291                iAHI_WriteDataIntoEEPROMsegment.constprop.114
                0x00000000000882df                iPDM_WriteSegmentHeaderDataIntoEEPROMsegment
                0x000000000008830e                u8AHI_WakeTimerFiredStatus
                0x0000000000088322                vAHI_WakeTimerStop.part.3.149002
                0x0000000000088342                vAHI_UartReset.part.4.148756
                0x000000000008837a                vAHI_UartSetBaudDivisor.part.1.148736
                0x00000000000883b9                vAHI_OptimiseWaitStates
                0x0000000000088405                bAHI_GetClkSource
                0x0000000000088412                bAHI_SetClockRate.part.0.148426.constprop.78
                0x000000000008848d                vAHI_SwReset
                0x00000000000884be                vUnclaimedInterrupt.3261
                0x00000000000884c0                bIssueACIcommand
                0x0000000000088556                vACI_CmdWaitBusy
                0x0000000000088563                bACI_ECBencodeBuffer.part.0.148087.constprop.55
                0x000000000008861a                vACI_OptimisedCcmStar.constprop.60
                0x0000000000088806                vRadioToOff
                0x0000000000088823                vStartReceive
                0x000000000008883f                MAC_u64GetExtAddr
                0x000000000008885a                ZPS_u64NwkNibFindExtAddr
                0x0000000000088905                ZPS_u16NwkNibFindNwkAddr
                0x00000000000889ab                psSearchForFrameToSend
                0x0000000000088a03                eMiniMac_FrameInProgress
                0x0000000000088a2e                vRemoveFromTxQueue
                0x0000000000088a6a                vAddToTxQueue
                0x0000000000088aa0                u8GetHeaderSize
                0x0000000000088ac8                vMiniMac_PLME_SetReq_CcaMode
                0x0000000000088adc                vMiniMac_MLME_SetReq_MaxCsmaBackoffs
                0x0000000000088afc                vMiniMac_MLME_SetReq_MaxBe
                0x0000000000088b1f                vMiniMac_MLME_SetReq_MinBe
                0x0000000000088b42                zps_vSendJoinInd
                0x0000000000088bb3                zps_psFormatCmdFrameGeneral
                0x0000000000088c3f                zps_eNwkFormStInit
                0x0000000000088c54                vSendDcfm.138368
                0x0000000000088c79                bCheckMatchingEntry.137842
                0x0000000000088c9f                zps_psNwkSlistRemoveFromHead
                0x0000000000088cb6                zps_psNwkSlistRemove
                0x0000000000088cee                zps_bNwkMcpsMgrRemoveDescrFromLists
                0x0000000000088d2c                zps_vNwkSlistAddToTail
                0x0000000000088d46                zps_vNwkSecClearMatSet
                0x0000000000088d71                ZPS_vNwkSecResetDevice
                0x0000000000088db6                ZPS_bNwkSecHaveNetworkKey
                0x0000000000088dea                ZPS_bNwkSecFindMatSet
                0x0000000000088e26                zps_eNwkRtMatch
 .text.unlikely
                0x0000000000088f40       0x43 C:\DOCUME~1\g\LOCALS~1\Temp\ccflNc42.ltrans1.ltrans.o
                0x0000000000088f40                vAHI_MemoryHold.148434
 .text          0x0000000000088f83     0x1502 C:\DOCUME~1\g\LOCALS~1\Temp\ccflNc42.ltrans2.ltrans.o
                0x0000000000088f83                DBG_vUartFlush
                0x0000000000088fb0                DBG_vUartPutch
                0x0000000000088ff6                os_u32APP_cbGetTickTimer
                0x0000000000088fff                os_bAPP_cbSetTickTimerCompare
                0x00000000000890fe                boIdValueSearchMatch.122329
                0x0000000000089158                vStartTransmit.145953
                0x00000000000892ad                vDispatch.60869
                0x000000000008937f                OS_eStartSWTimer.constprop.124
                0x000000000008949e                OS_eStopSWTimer.constprop.33
                0x00000000000895ef                OS_ePostMessage
                0x0000000000089755                os_vAPP_CommissionTimerTask
                0x000000000008976b                OS_eActivateTask
                0x0000000000089806                vPostMlmeDcfmInd.80004
                0x00000000000898a9                vLC_WriteStringToUART.7163
                0x00000000000898df                vLC_WriteUnsignedIntegerToUART.7168
                0x0000000000089951                vLC_WriteChannelStatusToUART.part.1.7171
                0x0000000000089970                PWRM_vWakeInterruptCallback
                0x00000000000899f7                u16ZCL_APduInstanceReadStringNBO
                0x0000000000089acc                eZCL_GetAttributeTypeSizeFromBuffer
                0x0000000000089b43                u16ZCL_APduInstanceWriteNBO
                0x0000000000089b97                u16ZCL_WriteCommandHeader
                0x0000000000089c0f                u16ZCL_APduInstanceWriteStringNBO
                0x0000000000089cd6                u16ZCL_ReadTypeNBO
                0x0000000000089d8b                u16ZCL_APduInstanceReadNBO
                0x0000000000089ddc                u16ZCL_ReadCommandHeader.part.0.45138
                0x0000000000089e53                eCLD_BasicCommandHandler
                0x0000000000089e7f                iPDM_ReadSegmentHeaderDataFromEEPROMsegment
                0x0000000000089ed8                iPDM_ReadUserDataFromEEPROMsegment
                0x0000000000089f52                iPDM_ReCalculateWearCountAndChecksumAndWriteFileSystemHeader
                0x0000000000089f9c                vPDM_SetEEPROMandFileSystemValidState
                0x0000000000089fc3                iPDM_ReadUserDataFromFileSystemRecord
                0x0000000000089fe3                vPDM_WriteFileSystemRecordAndSegmentDataIntoEEPROMsegment
                0x000000000008a01e                eCLD_GroupsCreateGroups.constprop.138
                0x000000000008a13f                ZPS_vNwkNibClearTables
                0x000000000008a264                eCLD_ScenesSetLastConfiguredBy.isra.2.22932
                0x000000000008a29b                eCLD_IdentifyRegisterTimeServer.part.0.15970
                0x000000000008a2e9                eCLD_ScenesFindActiveScene
                0x000000000008a31e                iPDM_FilterDuplicateAppendedSegmentsOnList.123582
                0x000000000008a362                ZPS_bIsMacAddressUsedInApsTable
                0x000000000008a418                eCLD_GroupsCheckGroupExists
 .text          0x000000000008a485     0x183e C:\DOCUME~1\g\LOCALS~1\Temp\ccflNc42.ltrans3.ltrans.o
                0x000000000008a485                vPermitJoinHandleExpiry.132683
                0x000000000008a48e                vNwkMcpsTimerCallback
                0x000000000008a4a8                zps_eSceGenlIllegal
                0x000000000008a4af                zps_eSmeGenlIllegal
                0x000000000008a4b6                DBG_vUartFailedAssert
                0x000000000008a4ba                zps_bAplZdoBindRequestServer
                0x000000000008a5f5                psGetVsMcpsBuf.80008
                0x000000000008a5fe                psGetMlmeBuf.80001
                0x000000000008a645                psGetNlmeBuf.64100
                0x000000000008a64f                psGetNldeBuf.64121
                0x000000000008a659                psGetApsmeBuf.64107
                0x000000000008a662                psGetApsdeBuf.64114
                0x000000000008a77b                vLoopbackTimerCallback
                0x000000000008a7aa                zps_eNwkRctMatchNwkAddr
                0x000000000008a814                ZPS_u8NwkCalcNldeReqOverhead
                0x000000000008a84f                zps_vRemoveNextHop
                0x000000000008a904                zps_vRemoveRoute
                0x000000000008a99b                zps_psNwkRtMatchNwkAddr
                0x000000000008aa11                zps_vNwkFreeMcpsHandle
                0x000000000008aa3b                zps_psNwkMcpsMgrFindPendingByNwkDstAddr
                0x000000000008aa51                ZPS_u64NwkNibGetMappedIeeeAddr
                0x000000000008aa73                ZPS_bNwkNibNtActvMatch
                0x000000000008ab2b                bCheckNwkAddr
                0x000000000008ab79                ZPS_vSetExtendedStatus
                0x000000000008ab8b                zps_psApsApsAllocateDcfmRecord
                0x000000000008abf9                zps_u8CalcLinkCost
                0x000000000008ac35                ZPS_u8NwkNibNtDiscMatch
                0x000000000008ad19                zps_u64NwkLibFromPayload
                0x000000000008ad58                zps_vNwkLibU64ToPayload
                0x000000000008ad85                zps_vInitBeaconPayload
                0x000000000008ae01                zps_eNwkDcfmIndPost
                0x000000000008ae24                zps_psNwkDcfmIndGetBuf
                0x000000000008ae46                eRouteRequestDataDcfm.133855
                0x000000000008ae9a                eNldeDataDcfm.131690
                0x000000000008aeca                zps_vSendNwkStatusInd
                0x000000000008aefa                DBG_vInit
                0x000000000008af3c                vPDM_ReadBitmapHeader.123186
                0x000000000008af5b                psSLISTsearch
                0x000000000008af9b                psSLISTremove
                0x000000000008b019                vSLISTaddToTail
                0x000000000008b038                psSLISTgetNext
                0x000000000008b05c                u8PDM_CalculateLargestDataRecordStored
                0x000000000008b08d                bPDM_ImageBitmapRepairCheck
                0x000000000008b0b5                u8PDM_ReadSequenceNumber
                0x000000000008b0d8                boSegmentNumberDeleteSearchMatch.122756
                0x000000000008b0f3                u8PDM_ReadSegmentDataSize
                0x000000000008b107                u32PDM_ReadFileSystemHeaderWearCount
                0x000000000008b11d                boSearchForWearCountSubstitute.123072
                0x000000000008b143                boSearchForWearCountInsertPoint.122325
                0x000000000008b161                vPDM_WriteFileSystemHeaderWearCount
                0x000000000008b173                RND_u32GetRand256
                0x000000000008b190                RND_u32GetRand
                0x000000000008b1b7                u16CalculateFailedTxCount.98032
                0x000000000008b1e1                vZdoIeeeAddrServerSendExtendResponse.part.0.83829
                0x000000000008b242                vZdoNwkAddrServerSendExtendResponse.part.0.82649
                0x000000000008b2a3                zps_bAplZdoServerHandleConfirmAcks
                0x000000000008b2ed                zps_bPerformLeaveActionDecider
                0x000000000008b2f2                vHandleUpdateDeviceIndication.73166
                0x000000000008b31c                bDuplicateCheck.69533
                0x000000000008b429                eHandleRemoveNonBroadcastEndpointsFromGroup.68161
                0x000000000008b4a1                eHandleAddEntryToGroupTable.68124
                0x000000000008b4fd                zps_vAplApsFillAndPostApsAck
                0x000000000008b567                zps_u8AplApsFreeMsgHandle
                0x000000000008b5d1                vFillDataIndStruct.63967
                0x000000000008b62f                vFillApduErrorEvent.63960
                0x000000000008b672                bCheckProfile.63955
                0x000000000008b6b9                ZPS_bIsGroupPresent
                0x000000000008b6f1                pdum_u16ReadNBO
                0x000000000008b852                PDUM_u16SizeNBO
                0x000000000008b8b0                PDUM_u16APduInstanceWriteStrNBO
                0x000000000008ba2f                PDUM_eNPduReadHeaderNBO
                0x000000000008ba82                PDUM_u16APduInstanceReadNBO
                0x000000000008bacd                PDUM_eNPduPrependHeaderNBO
                0x000000000008bb28                zps_vInitAPSMECmdHdr
                0x000000000008bb5f                PDUM_eNPduAppendDataNBO
                0x000000000008bbbc                PDUM_u16APduInstanceWriteNBO
                0x000000000008bc26                PDUM_thAPduInstanceGetApdu
                0x000000000008bc41                PDUM_eAPduInstanceSetPayloadSize
                0x000000000008bc69                PDUM_eNPduWriteDataFromBuffer
 .text.unlikely
                0x000000000008bcc3       0xd0 C:\DOCUME~1\g\LOCALS~1\Temp\ccflNc42.ltrans3.ltrans.o
                0x000000000008bcc3                bIsBindTableMatch.68101
                0x000000000008bd14                eRemoveEntryInBindingTable.68129
 *fill*         0x000000000008bd93        0x1 00
 .text          0x000000000008bd94     0x1664 C:\DOCUME~1\g\LOCALS~1\Temp\ccflNc42.ltrans4.ltrans.o
                0x000000000008bdca                os_vAPP_cbDisableTickTimer
                0x000000000008be0e                vRetryCcaFailure
                0x000000000008be62                eCLD_ScenesCountScenes
                0x000000000008be7c                dbg_vPrintfImplNoneVerbose
                0x000000000008c420                bCLD_ScenesSearchForScene.23543
                0x000000000008c46d                eCLD_ScenesAddScene
                0x000000000008c579                eCLD_ScenesFindScene
                0x000000000008c5de                eCLD_ScenesStoreScene
                0x000000000008c6c8                DBG_vDumpStack
                0x000000000008c70a                DriverBulb_vSetOnOff
                0x000000000008c72d                eZCL_SearchForClusterEntry
                0x000000000008c7cb                eZCL_FindCluster.constprop.64
                0x000000000008c818                eCLD_ScenesUpdate
                0x000000000008cbb4                eCLD_ScenesRemoveAllScenes
                0x000000000008cc6f                eCLD_ColourControl_GetRGB
                0x000000000008cd47                eCLD_OnOffGetState
                0x000000000008cd76                eCLD_LevelControlClusterIsPresent
                0x000000000008cd8d                eCLD_GroupsSetIdentifying
                0x000000000008cdb0                eCLD_ColourControl_HSV2xyY.constprop.40
                0x000000000008d093                eCLD_ColourControlHandleColourModeChange
                0x000000000008d144                eZCL_CustomCommandReceiveScenes.isra.0.part.1.22916.constprop.16
                0x000000000008d238                eZCL_BuildTransmitAddressStructure
                0x000000000008d2a5                vLI_Start.constprop.46
                0x000000000008d307                vRGBLight_SetLevels
                0x000000000008d3c7                vSetBulbState
 .text          0x000000000008d3f8     0x1224 C:\DOCUME~1\g\LOCALS~1\Temp\ccflNc42.ltrans5.ltrans.o
                0x000000000008d3f8                zps_bAplZdoIeeeAddrServer
                0x000000000008d613                zps_bAplZdoNwkAddrServer
                0x000000000008d794                eBeaconReqSent.146674
                0x000000000008db07                PWRM_vManagePower
                0x000000000008dc51                vTransformKey.isra.0.69652
                0x000000000008dc81                vMiniMac_McpsCallback
                0x000000000008dead                eMcpsTxCompleteHandler.145527
                0x000000000008dedb                u8PDM_CalculateFileSystemCapacity
                0x000000000008def9                u8PDM_GetFileSystemOccupancy
                0x000000000008df11                vPdmEventHandlerCallback.3255
                0x000000000008dfb0                vFreePendingReqDescr
                0x000000000008e01a                vHandleRouteDiscoveryExpiry.133415
                0x000000000008e078                zps_vSendJoinDcfm
                0x000000000008e0be                vGiveUp.140994
                0x000000000008e0f6                eZCL_TransmitInterPanRequest.constprop.37
                0x000000000008e161                eCLD_ZllCommissionCommandNetworkJoinRouterRspCommandSend.constprop.30
                0x000000000008e18b                eSendScanResponse.6777.constprop.35
                0x000000000008e2f9                zps_u8AplApsConstructAndPostLoopBackDataInd.66711
                0x000000000008e432                u8PostUnicastMsgToNHLE.66719
                0x000000000008e46b                zps_psNwkInitCmdFrame
                0x000000000008e4ea                eSendLinkStatusDataDcfm.part.1.127561
 .text          0x000000000008e61c     0x175e C:\DOCUME~1\g\LOCALS~1\Temp\ccflNc42.ltrans6.ltrans.o
                0x000000000008e61c                PDUM_eNPduAllocate
                0x000000000008e68b                PDUM_eNPduClone
                0x000000000008e6d7                PDUM_eNPduFree
                0x000000000008e744                vPostVsMcpsDcfmInd.80011
                0x000000000008e82d                ZPS_vInterceptMcpsDataCallback
                0x000000000008e88f                zps_vNwkMcpsMgrFreeReqDescr
                0x000000000008e8c1                zps_psAllocateAndFormatMacHdr
                0x000000000008ebaa                zps_vNwkRemoveConflictedBroadcast
                0x000000000008ebfc                zps_vNwkMcpsMgrTidyBtrReqDescr
                0x000000000008ec40                vNwkBttTimerExpiry.135932
                0x000000000008ed5e                MAC_vHandleMcpsVsReqRsp
                0x000000000008eedf                PDUM_hAPduAllocateAPduInstance
                0x000000000008ef53                hZCL_AllocateAPduInstance
                0x000000000008ef8f                zps_eAplZdoSendZdpResponse
                0x000000000008efd8                bSendResponse.96843
                0x000000000008f01b                PDUM_eAPduFreeAPduInstance
                0x000000000008f35a                zps_bAplZdoMatchDescServer
                0x000000000008f36e                zps_bAplZdoNodeDescServer
                0x000000000008f4da                zps_bAplZdoSimpleDescServer
                0x000000000008f73b                zps_bAplZdoPowerDescServer
                0x000000000008f858                zps_bAplZdoActiveEpServer
                0x000000000008f941                zps_bAplZdoSystemServerDiscoveryServer
                0x000000000008f9ca                zps_bAplZdoMgmtLqiServer
                0x000000000008fbf6                zps_bAplZdoMgmtRtgServer
                0x000000000008fd3c                vLoadNwkRecord.130468
 .text          0x000000000008fd7a     0x11e4 C:\DOCUME~1\g\LOCALS~1\Temp\ccflNc42.ltrans7.ltrans.o
                0x000000000008fd7a                zps_vNwkHandleCmeRouteDiscoveryReq
                0x000000000008fe00                zps_eNwkHandleSceRouteRecord
                0x000000000008fed4                vPDM_MoveAllDataFromListToList
                0x000000000008ff12                vPDM_MoveAllDataWithBufferIdAndStateFromListToList
                0x000000000008ff9d                vPDM_MoveAllDataToDeAllocList
                0x000000000008ffc5                iPDM_ReconstructReplacedDataTable
                0x0000000000090244                vPDM_ImageBitmapRepair.122244
                0x00000000000902a5                vPDM_MoveAllDataWithBufferIdFromListToList
                0x000000000009032a                vPDM_DeleteAppendedSequence
                0x00000000000903cf                PDM_eSaveRecordData
                0x0000000000090804                ZPS_vNwkSaveRecord
                0x0000000000090872                ZPS_vNwkResetOutgoingFrameCounter
                0x00000000000908c6                zps_psSendFrm
                0x0000000000090be2                zps_psSendBroadcastFrm
                0x0000000000090c78                ZPS_vNwkHandleNldeReqRsp
                0x0000000000090e58                zps_eAplApsmeCmdMgrSendCommand
                0x0000000000090f35                zps_vAplApsmeCmdMgrRetryTimeout.68093
 .text          0x0000000000090f5e     0x1691 C:\DOCUME~1\g\LOCALS~1\Temp\ccflNc42.ltrans8.ltrans.o
                0x0000000000090f5e                zps_eNwkHandleSceLinkStatus
                0x0000000000091092                eSmeOrphScanDcfm.141441
                0x000000000009110a                vContinueRejoin.140224
                0x00000000000911b1                zps_psFindKeyDescr
                0x00000000000912e5                zps_eAplSecEncryptPacket
                0x00000000000913d4                eUnfragmentedUnicastTransmission.66694
                0x0000000000091683                zps_eAplSendApsmeCmdFrame
                0x00000000000917f4                vApsmeResendTimeOutHandler
                0x0000000000091823                ZPS_bNwkNibAddrMapAddEntry
                0x00000000000919ea                zps_vAgeRouter
                0x0000000000091a29                zps_eNwkHandleSdeActvDcfmData
                0x0000000000091bb3                vMcpsMgrTimeoutExpiry
                0x0000000000091c22                zps_eDefaultDataDcfm
                0x0000000000091df7                zps_vLinkStatusHandleExpiry
                0x0000000000091e98                zps_eNwkHandleSceRouteRequest
                0x00000000000922c7                zps_sNwkNibNtCheckJoin
                0x0000000000092570                zps_vNwkHandleCmeDirectJoinReq
 .text.unlikely
                0x00000000000925ef       0x5f C:\DOCUME~1\g\LOCALS~1\Temp\ccflNc42.ltrans8.ltrans.o
                0x00000000000925ef                vInitUnknownNeighbor.129508
 *fill*         0x000000000009264e        0x2 00
 .text          0x0000000000092650     0x1424 C:\DOCUME~1\g\LOCALS~1\Temp\ccflNc42.ltrans9.ltrans.o
                0x000000000009273c                vMiniMac_MlmeCallback
                0x0000000000092a27                vSendMlmeCommStatusFromTxFrame
                0x0000000000092a7d                MAC_vHandleMlmeVsReqRsp.constprop.100
                0x00000000000932ac                vScanBeaconReceived
                0x00000000000932eb                vPostDcfm.146689
                0x0000000000093354                vScanNextChannel.146695
                0x000000000009356c                vRunningRxCallback
                0x00000000000938c9                iPDM_VerifyDataSequenceWithBufferId
                0x000000000009396b                eCLD_GroupsRemoveAllGroups
                0x0000000000093a3d                vRemoveAllGroupsAndScenes
 .text          0x0000000000093a74     0x1321 C:\DOCUME~1\g\LOCALS~1\Temp\ccflNc42.ltrans10.ltrans.o
                0x0000000000093a74                eZCL_CustomCommandReceive
                0x0000000000093be2                eCLD_ColourControlCommandHandler
                0x0000000000094d8c                eCLD_OnOffCommandReceive
 *fill*         0x0000000000094d95        0x3 00
 .text          0x0000000000094d98     0x14c0 C:\DOCUME~1\g\LOCALS~1\Temp\ccflNc42.ltrans11.ltrans.o
                0x0000000000094e58                os_vAPP_Commission_Task
                0x0000000000095efb                os_vAPP_ZPR_Light_Task
 .text          0x0000000000096258     0x14b8 C:\DOCUME~1\g\LOCALS~1\Temp\ccflNc42.ltrans12.ltrans.o
                0x0000000000096405                zps_eNwkHandleSceNwkStatus
                0x00000000000965c3                eTryNextParent
                0x00000000000966ff                vCheckSleepingSendPoll.part.1.141543
                0x0000000000096769                vSdeHandleMcpsDataInd.129592
                0x00000000000973ec                ZPS_vNwkNibCheckAndUpdateAddresses
                0x0000000000097483                zps_bAplZdoDeviceAnnceServer
 .text          0x0000000000097710     0x129c C:\DOCUME~1\g\LOCALS~1\Temp\ccflNc42.ltrans13.ltrans.o
                0x0000000000097710                vPDM_AddFileSystemElementToListInAscendingWearCountOrder
                0x000000000009781e                vPDM_MoveFileRecordFromListToList
                0x0000000000097840                vPDM_MoveRecordToDeAllocList
                0x0000000000097860                iPDM_WriteSegmentHeaderAndData
                0x0000000000097a5c                vIncrementFrameCounterInPdm.isra.0.130902
                0x0000000000097c3b                vProcessListsForSubmission.129612
                0x0000000000097ef5                zps_vNwkMcpsMgrPost
                0x0000000000097f19                zps_psNwkInitiateRouteDiscovery
                0x0000000000098109                psNwkSendRouteRecordCmd.134103
                0x0000000000098251                zps_psNwkSendRejoinReqCmd.constprop.6
                0x00000000000982c1                zps_psSendNetworkStatusCmd
                0x000000000009832e                vSendNetworkReport.128596
                0x0000000000098408                psSendRouteReplyCmd.133837
                0x000000000009851a                zps_eNwkHandleSceRouteReply
                0x0000000000098859                zps_psNwkPropagateLocalLeave
                0x0000000000098881                zps_vNwkHandleCmeLeaveReq
                0x000000000009894f                iPDM_SegmentCopyAndAppendData.constprop.161
 .text.unlikely
                0x00000000000989ac       0xaa C:\DOCUME~1\g\LOCALS~1\Temp\ccflNc42.ltrans13.ltrans.o
                0x00000000000989ac                eMakeEntryInBindingTable.68147
 .text          0x0000000000098a56     0x125f C:\DOCUME~1\g\LOCALS~1\Temp\ccflNc42.ltrans14.ltrans.o
                0x0000000000098a56                eCLD_ScenesCommandHandler
 *fill*         0x0000000000099cb5        0x3 00
 .text          0x0000000000099cb8      0xf7c C:\DOCUME~1\g\LOCALS~1\Temp\ccflNc42.ltrans15.ltrans.o
                0x0000000000099cb8                os_vzps_taskZPS
                0x0000000000099ee1                vMcpsMgrExpiry.129496
                0x0000000000099f40                vBbcIntHandler.145326
                0x000000000009a209                os_vzps_isrMAC
                0x000000000009a248                eAssocRespSent.146235
                0x000000000009a267                zps_vNwkHandleCmeSyncReq
                0x000000000009a2e9                zps_vNwkHandleCmeIdleNwkFormReq
                0x000000000009a391                zps_vNwkHandleCmeNwkDiscReq
                0x000000000009a40b                zps_vNwkHandleCmeEdScanReq
                0x000000000009a620                zps_vNwkHandleCmeNwkJoinReq
                0x000000000009a8dd                zps_vNwkHandleCmeNwkActvJoinReq
                0x000000000009a979                vHandleRejoinExpiry.140990
                0x000000000009a9d8                zps_eRejoinDataDcfm
                0x000000000009aba2                vSetKeys
 .text          0x000000000009ac34     0x1214 C:\DOCUME~1\g\LOCALS~1\Temp\ccflNc42.ltrans16.ltrans.o
                0x000000000009ae5b                zps_eZdpIeeeAddrResponse
                0x000000000009af3e                zps_eAplZdpMgmtRtgResponse
                0x000000000009b0b7                zps_eZdpNwkAddrResponse
                0x000000000009b19a                zps_eZdpNodeDescResponse
                0x000000000009b242                zps_eZdpPowerDescResponse
                0x000000000009b2df                zps_eZdpSimpleDescResponse
                0x000000000009b3ec                zps_eZdpActiveEpResponse
                0x000000000009b482                zps_eZdpMatchDescResponse
                0x000000000009b518                zps_eZdpSystemServerDiscoveryResponse
                0x000000000009b587                zps_eAplZdpMgmtLqiResponse
                0x000000000009b66f                zps_bAplZdoMgmtNWKUpdateServer
                0x000000000009b9df                eZCL_TransmitDataRequest
                0x000000000009bd49                eZCL_SendDefaultResponse
 .text          0x000000000009be48     0x1458 C:\DOCUME~1\g\LOCALS~1\Temp\ccflNc42.ltrans17.ltrans.o
                0x000000000009be48                APP_ZCL_cbGeneralCallback.5795
                0x000000000009bf0e                eCLD_LevelControlSceneEventHandler.17586
                0x000000000009bf7d                bCLD_GroupsSearchForGroup.14897
                0x000000000009bfab                vCLD_IdentifyTimerClickCallback.15963
                0x000000000009c03e                eCLD_ScenesSaveClusters.constprop.42
                0x000000000009c2fe                vCLD_ScenesUpdateSceneValid
                0x000000000009c3b5                eCLD_ColourControlUpdate
                0x000000000009ca73                eCLD_OnOffSetGlobalSceneControl.constprop.20
                0x000000000009cac3                APP_ZCL_vSetIdentifyTime
                0x000000000009cb2c                APP_vHandleIdentify
                0x000000000009cc9a                APP_ZCL_cbEndpointCallback.5792
 .text          0x000000000009d2a0     0x123c C:\DOCUME~1\g\LOCALS~1\Temp\ccflNc42.ltrans18.ltrans.o
                0x000000000009d2a0                vHandleZllDeviceJoin
                0x000000000009d5cc                vPostNldeDcfmInd.64124
                0x000000000009e0bc                vAckTimeOutHandler
                0x000000000009e169                vSaveScenesNVM
                0x000000000009e249                eCLD_ScenesCreateScenes.constprop.136
                0x000000000009e301                zps_eAplZdoGroupEndpointRemove
                0x000000000009e399                zps_eAplApsmeUpdateDeviceReqRsp.part.4.68258
 .text          0x000000000009e4dc     0x110d C:\DOCUME~1\g\LOCALS~1\Temp\ccflNc42.ltrans19.ltrans.o
                0x000000000009e544                zps_vNwkHandleCmeActvStartRouterReq
                0x000000000009e680                vHandleNwkLocalUpdateAfterBcast.128613
                0x000000000009e6d4                vHandleNwkRemoteUpdateAfterBcast.128604
                0x000000000009e728                eSmeAcScScanDcfm.138372
                0x000000000009e9f6                ZPS_pvNwkCtor.constprop.97
                0x000000000009ef79                ZPS_vNwkHandleNlmeReqRsp
                0x000000000009eff6                zps_vAplAfPostEvent
                0x000000000009f1e3                zps_eAplZdoLeaveNetwork.constprop.32
                0x000000000009f20e                zps_bAplZdoMgmtLeaveServer
                0x000000000009f38e                zps_eAplZdoNlmePermitJoiningWrapper
                0x000000000009f3b6                zps_bAplZdoPermitJoiningServer
                0x000000000009f450                vChangeChannelTimerExpiry.98024
                0x000000000009f4b3                eLeaveReset.142424
                0x000000000009f51e                eLeaveDataDcfmLocalLeave.142434
                0x000000000009f598                zps_eAplZdoZllStartRouter
 .text          0x000000000009f5e9     0x1413 C:\DOCUME~1\g\LOCALS~1\Temp\ccflNc42.ltrans20.ltrans.o
                0x000000000009f5e9                os_bDummyMemberCheck.60879
                0x000000000009f5ee                os_vDefaultErrorHook.60875
                0x000000000009f618                vOSError.3263
                0x000000000009f61b                vOverideProfileId.7426
                0x000000000009f66c                bCLD_ScenesSearchForScene.3361
                0x000000000009f69f                vfExtendedStatusCallBack
                0x000000000009f6a2                os_bStrictCheck.1358
                0x000000000009f935                PDUM_eNPduWriteDataToBuffer
                0x000000000009f993                PDUM_eNPduWriteFromBuffer
                0x000000000009f9bc                PDUM_eNPduDescend
                0x000000000009f9e2                PDUM_eNPduAscend
                0x000000000009fa08                PDUM_eNPduClaimData
                0x000000000009fa75                PDUM_eNPduClaimHeader
                0x000000000009fa98                PDUM_eNPduInitDescending
                0x000000000009fab3                OS_eCollectMessage
                0x000000000009fb78                OS_eEnterCriticalSection
                0x000000000009fc40                eExpireSWTimer.60888
                0x000000000009fcab                eZCL_BuildClientTransmitAddressStructure
                0x000000000009fcdc                eZCL_GetAttributeTypeSize
                0x000000000009fcfb                vZCL_MarkAttributeInvalid
                0x000000000009fdca                eZCL_Register
                0x000000000009ffe1                u8ZCL_GetAttributeAllignToFourBytesBoundary
                0x000000000009fff6                pvZCL_GetAttributePointer
                0x00000000000a006c                u16ZCL_WriteTypeNBO.part.0.42245
                0x00000000000a00e1                u16ZCL_GetStringStructureSize
                0x00000000000a011e                u16ZCL_GetStringAttributeTypeSizeFromBuffer
                0x00000000000a018f                u16ZCL_GetStringSizeAndBufferFromStructure
                0x00000000000a021e                bZCL_SendCommandResponse
                0x00000000000a023a                vZCL_GetInternalMutex
                0x00000000000a0263                eZCL_GetMutex
                0x00000000000a029b                u8ZCL_GetEPIdFromIndex
                0x00000000000a02bd                vZCL_ReleaseInternalMutex
                0x00000000000a02d7                eZCL_SearchForAttributeEntry
                0x00000000000a0397                vCLD_ScenesGenerateIndividualAttributeCallback
                0x00000000000a03f1                eZCL_SearchForEPentry
                0x00000000000a044c                eZCL_SearchForEPentryAndCheckManufacturerId
                0x00000000000a048a                vZCL_PassEventToUser
                0x00000000000a04b7                eZCL_ReleaseMutex
                0x00000000000a04e6                boDLISTisEmpty
                0x00000000000a04fe                vDLISTaddToTail
                0x00000000000a052c                psDLISTremoveFromHead
                0x00000000000a0555                psDLISTremove
                0x00000000000a05ad                bCLD_ColourControl_NumberIsValid.39537
                0x00000000000a05cc                eCLD_ColourControl_xyY2XYZ.39541
                0x00000000000a064e                vCLD_ColourControl_XYZ2RGB.39528
                0x00000000000a076e                vWriteU64ToPayLoad.25876
                0x00000000000a079b                vWriteU32ToPayLoad.25872
                0x00000000000a07b3                i16TS_GetTemperature
                0x00000000000a082c                u32LC_StringToUnsignedInteger.7159
                0x00000000000a088f                vLI_InitVar.7092
                0x00000000000a08c0                InvShiftRows
                0x00000000000a0953                InvSubBytes
                0x00000000000a0999                AddRoundKey
                0x00000000000a09da                getSBoxValue.5150
 *fill*         0x00000000000a09fc        0x0 00
 .text          0x00000000000a09fc      0xfb0 C:\DOCUME~1\g\LOCALS~1\Temp\ccflNc42.ltrans21.ltrans.o
                0x00000000000a09fc                vAplSecAuthPollTimerExpiry.73143
                0x00000000000a0a54                vAplSecAuthTimerExpiry.73147
                0x00000000000a0b24                vHandleApsInterPanDcfmData
                0x00000000000a0f52                vPostApsdeDcfmInd.64117
                0x00000000000a115b                zps_vHandleApsdeDataFragIndNotSupported
                0x00000000000a11c4                vApsInterPanMcpsDataInd
                0x00000000000a136b                eDiscoverNetworks.73213
                0x00000000000a13c7                zps_eAplZdoDiscoverNetworks
                0x00000000000a13f0                eStartNetworkDiscovery.73220
                0x00000000000a147d                eStartRouter.73230
                0x00000000000a154c                vPostApsmeDcfmInd.64110
 .text          0x00000000000a19ac     0x1194 C:\DOCUME~1\g\LOCALS~1\Temp\ccflNc42.ltrans22.ltrans.o
                0x00000000000a19ac                zps_vAplSaveRecord
                0x00000000000a1ae8                zps_bNwkFindAddIeeeAddr
                0x00000000000a1c66                eCheckAddrConflict.isra.4.128833
                0x00000000000a1cfc                vAplSecRemoveLinkKey.73259
                0x00000000000a1d79                ZPS_vRemoveEntryFromAddressMap
                0x00000000000a1dc2                ZPS_vNwkSaveAllRecords
                0x00000000000a1dd9                zps_vSaveAllZpsRecords
                0x00000000000a1df8                ZPS_vNwkNibSetNwkAddr
                0x00000000000a1e17                zps_eNwkHandleSceRejnResponse
                0x00000000000a1e74                ZPS_vNwkNibSetExtPanId
                0x00000000000a1e99                ZPS_vNwkNibSetKeySeqNum
                0x00000000000a1eae                ZPS_vNwkNibSetDepth
                0x00000000000a1ed7                ZPS_vNwkNibSetUpdateId
                0x00000000000a1ee7                vSendNetworkUpdate.128600
                0x00000000000a2017                ZPS_vNwkNibSetPanId
                0x00000000000a2036                ZPS_vNwkNibSetCapabilityInfo
                0x00000000000a2064                ZPS_vNwkNibSetChannel
                0x00000000000a207d                zps_u8NwkHandleRejoinReq
                0x00000000000a2146                zps_vProcessLocalAddrConflict
                0x00000000000a21f1                ZPS_vNwkSaveNt
                0x00000000000a230c                ZPS_vNtSetUsedStatus
                0x00000000000a23b3                zps_vJoinInitNtParent
                0x00000000000a2509                zps_vBuildSortedActvNTList
                0x00000000000a25c7                zps_vCheckActvNtForDuplicate
                0x00000000000a2663                vFinish.141431
                0x00000000000a26b9                zps_eNwkHandleSceLeave
                0x00000000000a287b                zps_vCleanUnAuthenHandleExpiry
                0x00000000000a297d                eUnsolicitedRejoinRspDataDcfm.128608
                0x00000000000a29a8                eRejoinRspDataDcfm.140228
                0x00000000000a2a77                zps_eNwkHandleSmeCommStatusInd
                0x00000000000a2b2b                ZPS_vNwkSaveSecMat
 *fill*         0x00000000000a2b40        0x0 00
 .text          0x00000000000a2b40     0x1080 C:\DOCUME~1\g\LOCALS~1\Temp\ccflNc42.ltrans23.ltrans.o
                0x00000000000a2e9c                zps_eNwkHandleSmeAssocInd
                0x00000000000a2ebe                zps_eNwkHandleSceRejnRequest
                0x00000000000a2fed                zps_eNwkHandleSmeOrphanInd
                0x00000000000a2ffd                vStartScanTimerExpiry.98028
                0x00000000000a3039                zps_vAplApsPollTimer
                0x00000000000a3205                vPostNlmeDcfmInd.64103
                0x00000000000a3916                zps_vProcessChildAddrConflict
                0x00000000000a39d9                vDiscoverNetworks.4440
                0x00000000000a3ab9                vTryNwkJoin.4442
 .text          0x00000000000a3bc0      0xf3c C:\DOCUME~1\g\LOCALS~1\Temp\ccflNc42.ltrans24.ltrans.o
                0x00000000000a4525                os_vTick_Task
                0x00000000000a4ac8                os_vZCL_Task
 .text          0x00000000000a4afc      0xf64 C:\DOCUME~1\g\LOCALS~1\Temp\ccflNc42.ltrans25.ltrans.o
                0x00000000000a4f72                eCLD_ZllCommissionCommandHandler
                0x00000000000a51a9                eCLD_LevelControlCommandHandler
                0x00000000000a55ca                vZCL_HandleAttributesWriteRequest
 .text          0x00000000000a5a60      0xfa7 C:\DOCUME~1\g\LOCALS~1\Temp\ccflNc42.ltrans26.ltrans.o
                0x00000000000a5a60                DBG_iUartGetChar
                0x00000000000a5ab0                os_vAPP_cbEnableTickTimer
                0x00000000000a5b30                eOrphanNotificationSent.146670
                0x00000000000a5b79                vMiniMac_NextTransaction
                0x00000000000a5be3                DriverBulb_vOutput
                0x00000000000a5e4d                vLI_UpdateDriver
                0x00000000000a5f3b                ZPS_bSecDecrypt
                0x00000000000a604d                boPDM_IsBitmapSaturated.123221
                0x00000000000a6096                vAHI_UartConfigureFIFOs.part.5.148855
                0x00000000000a6106                DBG_vUartInitHardware
                0x00000000000a61d9                iPDM_SearchForBufferIdInList
                0x00000000000a620e                iPDM_SearchForBufferIdInFileSystem
                0x00000000000a6221                iPDM_ReadUserDataFromSegmentWithId
                0x00000000000a6256                iPDM_SearchForSpecificSegmentInList
                0x00000000000a6288                psGetTxFrameBuffer
                0x00000000000a62c7                psGetAndBuildCoordRealignment
                0x00000000000a631f                MAC_vPibSetRxOnWhenIdle.constprop.99
                0x00000000000a6328                eTransmit
                0x00000000000a6405                eBuildAndSend.146678
                0x00000000000a647a                vPostTxActions.145946
                0x00000000000a64b7                vMiniMac_TxComplete
                0x00000000000a659d                vTimerFired
                0x00000000000a6655                vMiniMac_Init
 *fill*         0x00000000000a6a07        0x1 00
 .text          0x00000000000a6a08      0xd84 C:\DOCUME~1\g\LOCALS~1\Temp\ccflNc42.ltrans27.ltrans.o
                0x00000000000a6a08                eZCL_CustomCommandSend.constprop.21
                0x00000000000a6c6a                eCLD_IdentifyCommandHandler
                0x00000000000a7172                eCLD_GroupsCommandHandler
 .text          0x00000000000a778c      0xd47 C:\DOCUME~1\g\LOCALS~1\Temp\ccflNc42.ltrans28.ltrans.o
                0x00000000000a778c                ZPS_vAplHandleApsdeReqRsp
                0x00000000000a7bac                zps_eAplZdpApsdeReqInternal
                0x00000000000a7d23                zps_bAplZdoZdoClient
                0x00000000000a8193                zps_bAplZdoDefaultServer
                0x00000000000a844f                zps_eZdpMgmtLeaveResponse
                0x00000000000a8470                zps_eZdpMgmtPermitJoiningResponse
 *fill*         0x00000000000a84d3        0x1 00
 .text          0x00000000000a84d4      0xfb4 C:\DOCUME~1\g\LOCALS~1\Temp\ccflNc42.ltrans29.ltrans.o
                0x00000000000a84d4                eCLD_OnOffSceneEventHandler.19036
                0x00000000000a85a6                eCLD_ColourControlSceneEventHandler.38038
                0x00000000000a8608                OS_eExitCriticalSection
                0x00000000000a86ed                PDM_eReadDataFromRecord.part.0.121649
                0x00000000000a8770                vLoadAplRecord.73193
                0x00000000000a87a4                ZPS_eTsvStart
                0x00000000000a8800                zps_eAplZdoBdrmRequestSend
                0x00000000000a887b                zps_eNwkHandleSceNwkUpdate
                0x00000000000a88a0                vProcessTimedList.129524
                0x00000000000a88e6                zps_vNwkMcpsMgrPostTimed
                0x00000000000a88f9                vNwkMcpsSendTimedDfcm
                0x00000000000a893e                zps_vAplAfPostTimerEvent
                0x00000000000a89bb                zps_vExpireOldRoutes
                0x00000000000a8a44                zps_vNwkJoinStStartResponseTimer
                0x00000000000a8a7f                ZPS_eTsvStop
                0x00000000000a8ad3                zps_vNwkHandleCmePermitJoinReq
                0x00000000000a8b3b                zps_eNwkBtrMatch
                0x00000000000a8c38                zps_vAplApsStopPollTimer.part.2.66600
                0x00000000000a8cbf                ZPS_bSecEncrypt
                0x00000000000a8e79                eHandleRemoveBroadcastEndpointsFromGroup.68120
                0x00000000000a8ed3                eZCL_SetReceiveEventAddressStructure
                0x00000000000a8f52                eCLD_LevelControlUpdate
                0x00000000000a92ac                eCLD_LevelControlStopTransition
                0x00000000000a92f4                eCLD_LevelControlSetOnOffState
 .text          0x00000000000a9488      0x99c C:\DOCUME~1\g\LOCALS~1\Temp\ccflNc42.ltrans30.ltrans.o
                0x00000000000a9488                AppWarmStart
                0x00000000000a94a4                AppColdStart
                0x00000000000a9884                os_vUnclaimedInterrupt
                0x00000000000a9896                os_vControlledIntCheck
                0x00000000000a98db                os_vControlledInterrupt
                0x00000000000a9914                os_vAPP_isrTimer1
                0x00000000000a99d6                os_vAPP_isrAdc
                0x00000000000a9a0d                os_vAPP_isrUart
                0x00000000000a9d0b                os_vAPP_isrIllegalInstruction
                0x00000000000a9d18                os_vAPP_isrAlignmentException
                0x00000000000a9d25                os_vAPP_isrBusErrorException
                0x00000000000a9d29                os_vAPP_isrUnimplementedModuleException
                0x00000000000a9d2d                os_vAPP_isrStackOverflowException
                0x00000000000a9d31                os_vAPP_isrTickTimer
 .text          0x00000000000a9e24      0x4ab C:\DOCUME~1\g\LOCALS~1\Temp\ccflNc42.ltrans31.ltrans.o
                0x00000000000a9e24                eCLD_OnOffCommandHandler
 .text          0x00000000000aa2cf       0x25 c:/nxp/bstudio_nxp/sdk/tools/ba-elf-ba2-r36379/bin/../lib/gcc/ba-elf/4.7.4/../../../../ba-elf/lib/mcpu_jn51xx_sizeopt\libc.a(lib_a-memcmp.o)
                0x00000000000aa2cf                memcmp
 .text          0x00000000000aa2f4       0x19 c:/nxp/bstudio_nxp/sdk/tools/ba-elf-ba2-r36379/bin/../lib/gcc/ba-elf/4.7.4/../../../../ba-elf/lib/mcpu_jn51xx_sizeopt\libc.a(lib_a-memcpy.o)
 .text          0x00000000000aa30d       0x12 c:/nxp/bstudio_nxp/sdk/tools/ba-elf-ba2-r36379/bin/../lib/gcc/ba-elf/4.7.4/../../../../ba-elf/lib/mcpu_jn51xx_sizeopt\libc.a(lib_a-memset.o)
                0x00000000000aa30d                memset
 .text          0x00000000000aa31f       0x12 c:/nxp/bstudio_nxp/sdk/tools/ba-elf-ba2-r36379/bin/../lib/gcc/ba-elf/4.7.4/../../../../ba-elf/lib/mcpu_jn51xx_sizeopt\libc.a(lib_a-strlen.o)
                0x00000000000aa31f                strlen
 .text          0x00000000000aa331       0x2b c:/nxp/bstudio_nxp/sdk/tools/ba-elf-ba2-r36379/bin/../lib/gcc/ba-elf/4.7.4/../../../../ba-elf/lib/mcpu_jn51xx_sizeopt\libc.a(lib_a-strncpy.o)
                0x00000000000aa331                strncpy
 *fill*         0x00000000000aa35c        0x0 00
 .text          0x00000000000aa35c      0x204 c:/nxp/bstudio_nxp/sdk/tools/ba-elf-ba2-r36379/bin/../lib/gcc/ba-elf/4.7.4/mcpu_jn51xx_sizeopt\libgcc.a(__udivsi3.o)
                0x00000000000aa35c                __udivsi3
 .text          0x00000000000aa560       0x30 c:/nxp/bstudio_nxp/sdk/tools/ba-elf-ba2-r36379/bin/../lib/gcc/ba-elf/4.7.4/mcpu_jn51xx_sizeopt\libgcc.a(__divsi3.o)
                0x00000000000aa560                __divsi3
 .text          0x00000000000aa590      0x1b0 c:/nxp/bstudio_nxp/sdk/tools/ba-elf-ba2-r36379/bin/../lib/gcc/ba-elf/4.7.4/mcpu_jn51xx_sizeopt\libgcc.a(__umodsi3.o)
                0x00000000000aa590                __umodsi3
 .text          0x00000000000aa740       0x24 c:/nxp/bstudio_nxp/sdk/tools/ba-elf-ba2-r36379/bin/../lib/gcc/ba-elf/4.7.4/mcpu_jn51xx_sizeopt\libgcc.a(__modsi3.o)
                0x00000000000aa740                __modsi3
 .text          0x00000000000aa764       0x39 c:/nxp/bstudio_nxp/sdk/tools/ba-elf-ba2-r36379/bin/../lib/gcc/ba-elf/4.7.4/mcpu_jn51xx_sizeopt\libgcc.a(_fixunsdfsi.o)
                0x00000000000aa764                __fixunsdfsi
 .text          0x00000000000aa79d      0x3bd c:/nxp/bstudio_nxp/sdk/tools/ba-elf-ba2-r36379/bin/../lib/gcc/ba-elf/4.7.4/mcpu_jn51xx_sizeopt\libgcc.a(_divdi3.o)
                0x00000000000aa79d                __divdi3
 .text          0x00000000000aab5a      0x350 c:/nxp/bstudio_nxp/sdk/tools/ba-elf-ba2-r36379/bin/../lib/gcc/ba-elf/4.7.4/mcpu_jn51xx_sizeopt\libgcc.a(_udivdi3.o)
                0x00000000000aab5a                __udivdi3
 .text          0x00000000000aaeaa      0x384 c:/nxp/bstudio_nxp/sdk/tools/ba-elf-ba2-r36379/bin/../lib/gcc/ba-elf/4.7.4/mcpu_jn51xx_sizeopt\libgcc.a(addsf3.o)
                0x00000000000aaeaa                __addsf3
 *fill*         0x00000000000ab22e        0x2 00
 .text          0x00000000000ab230      0x218 c:/nxp/bstudio_nxp/sdk/tools/ba-elf-ba2-r36379/bin/../lib/gcc/ba-elf/4.7.4/mcpu_jn51xx_sizeopt\libgcc.a(divsf3.o)
                0x00000000000ab230                __divsf3
 .text          0x00000000000ab448       0x81 c:/nxp/bstudio_nxp/sdk/tools/ba-elf-ba2-r36379/bin/../lib/gcc/ba-elf/4.7.4/mcpu_jn51xx_sizeopt\libgcc.a(eqsf2.o)
                0x00000000000ab448                __eqsf2
                0x00000000000ab448                __nesf2
 .text          0x00000000000ab4c9       0xac c:/nxp/bstudio_nxp/sdk/tools/ba-elf-ba2-r36379/bin/../lib/gcc/ba-elf/4.7.4/mcpu_jn51xx_sizeopt\libgcc.a(gesf2.o)
                0x00000000000ab4c9                __gesf2
                0x00000000000ab4c9                __gtsf2
 .text          0x00000000000ab575       0xac c:/nxp/bstudio_nxp/sdk/tools/ba-elf-ba2-r36379/bin/../lib/gcc/ba-elf/4.7.4/mcpu_jn51xx_sizeopt\libgcc.a(lesf2.o)
                0x00000000000ab575                __ltsf2
                0x00000000000ab575                __lesf2
 *fill*         0x00000000000ab621        0x3 00
 .text          0x00000000000ab624      0x24c c:/nxp/bstudio_nxp/sdk/tools/ba-elf-ba2-r36379/bin/../lib/gcc/ba-elf/4.7.4/mcpu_jn51xx_sizeopt\libgcc.a(mulsf3.o)
                0x00000000000ab624                __mulsf3
 .text          0x00000000000ab870      0x3a2 c:/nxp/bstudio_nxp/sdk/tools/ba-elf-ba2-r36379/bin/../lib/gcc/ba-elf/4.7.4/mcpu_jn51xx_sizeopt\libgcc.a(subsf3.o)
                0x00000000000ab870                __subsf3
 .text          0x00000000000abc12       0x53 c:/nxp/bstudio_nxp/sdk/tools/ba-elf-ba2-r36379/bin/../lib/gcc/ba-elf/4.7.4/mcpu_jn51xx_sizeopt\libgcc.a(fixsfsi.o)
                0x00000000000abc12                __fixsfsi
 .text          0x00000000000abc65       0xad c:/nxp/bstudio_nxp/sdk/tools/ba-elf-ba2-r36379/bin/../lib/gcc/ba-elf/4.7.4/mcpu_jn51xx_sizeopt\libgcc.a(floatunsisf.o)
                0x00000000000abc65                __floatunsisf
 .text          0x00000000000abd12      0x682 c:/nxp/bstudio_nxp/sdk/tools/ba-elf-ba2-r36379/bin/../lib/gcc/ba-elf/4.7.4/mcpu_jn51xx_sizeopt\libgcc.a(adddf3.o)
                0x00000000000abd12                __adddf3
 .text          0x00000000000ac394      0x5c8 c:/nxp/bstudio_nxp/sdk/tools/ba-elf-ba2-r36379/bin/../lib/gcc/ba-elf/4.7.4/mcpu_jn51xx_sizeopt\libgcc.a(divdf3.o)
                0x00000000000ac394                __divdf3
 .text          0x00000000000ac95c       0xca c:/nxp/bstudio_nxp/sdk/tools/ba-elf-ba2-r36379/bin/../lib/gcc/ba-elf/4.7.4/mcpu_jn51xx_sizeopt\libgcc.a(gedf2.o)
                0x00000000000ac95c                __gedf2
                0x00000000000ac95c                __gtdf2
 *fill*         0x00000000000aca26        0x2 00
 .text          0x00000000000aca28      0x488 c:/nxp/bstudio_nxp/sdk/tools/ba-elf-ba2-r36379/bin/../lib/gcc/ba-elf/4.7.4/mcpu_jn51xx_sizeopt\libgcc.a(muldf3.o)
                0x00000000000aca28                __muldf3
 .text          0x00000000000aceb0      0x693 c:/nxp/bstudio_nxp/sdk/tools/ba-elf-ba2-r36379/bin/../lib/gcc/ba-elf/4.7.4/mcpu_jn51xx_sizeopt\libgcc.a(subdf3.o)
                0x00000000000aceb0                __subdf3
 .text          0x00000000000ad543       0x64 c:/nxp/bstudio_nxp/sdk/tools/ba-elf-ba2-r36379/bin/../lib/gcc/ba-elf/4.7.4/mcpu_jn51xx_sizeopt\libgcc.a(fixdfsi.o)
                0x00000000000ad543                __fixdfsi
 .text          0x00000000000ad5a7       0x8f c:/nxp/bstudio_nxp/sdk/tools/ba-elf-ba2-r36379/bin/../lib/gcc/ba-elf/4.7.4/mcpu_jn51xx_sizeopt\libgcc.a(extendsfdf2.o)
                0x00000000000ad5a7                __extendsfdf2
 .text          0x00000000000ad636      0x13e c:/nxp/bstudio_nxp/sdk/tools/ba-elf-ba2-r36379/bin/../lib/gcc/ba-elf/4.7.4/mcpu_jn51xx_sizeopt\libgcc.a(truncdfsf2.o)
                0x00000000000ad636                __truncdfsf2
 *fill*         0x00000000000ad774        0x4 00
 .text          0x00000000000ad778      0x1d0 c:/NXP/bstudio_nxp/workspace/Custom_ZLL_Lights_someone42/MultiLight/Build/os_irq.o
                0x00000000000ad778                os_ExternalException_W
                0x00000000000ad7bc                os_PIC_ChannelPriorities
                0x00000000000ad7cc                os_OSMIUM_HwVectTable
                0x00000000000ad808                os_PIC_SwVectTable
 .text          0x00000000000ad948       0x29 c:/NXP/bstudio_nxp/workspace/Custom_ZLL_Lights_someone42/MultiLight/Build/os_irq_alignment.o
                0x00000000000ad948                IRQ_Alignment
 .text          0x00000000000ad971       0x29 c:/NXP/bstudio_nxp/workspace/Custom_ZLL_Lights_someone42/MultiLight/Build/os_irq_buserror.o
                0x00000000000ad971                IRQ_BusError
 .text          0x00000000000ad99a       0x29 c:/NXP/bstudio_nxp/workspace/Custom_ZLL_Lights_someone42/MultiLight/Build/os_irq_illegalinstruction.o
                0x00000000000ad99a                IRQ_IllegalInstruction
 .text          0x00000000000ad9c3       0x29 c:/NXP/bstudio_nxp/workspace/Custom_ZLL_Lights_someone42/MultiLight/Build/os_irq_stackoverflowexception.o
                0x00000000000ad9c3                IRQ_StackOverflowException
 .text          0x00000000000ad9ec       0x29 c:/NXP/bstudio_nxp/workspace/Custom_ZLL_Lights_someone42/MultiLight/Build/os_irq_unimplementedmodule.o
                0x00000000000ad9ec                IRQ_UnimplementedModule
 *fill*         0x00000000000ada15        0x3 00
 .text          0x00000000000ada18       0xc0 c:/NXP/bstudio_nxp/sdk/JN-SW-4168/Components/Library\libOS_JN516x.a(os_contirq_JN516x.o)
                0x00000000000ada18                os_ExternalException_R
                0x00000000000ada48                os_CFunc_W
                0x00000000000ada98                os_UnclaimedException_W
                0x00000000000adab8                os_UnclaimedInterrupt_W
 .text          0x00000000000adad8       0x48 c:/NXP/bstudio_nxp/sdk/JN-SW-4168/Components/Library\libPWRM_JN516x.a(pwrm_setjmp_JN516x.o)
                0x00000000000adad8                setjmp
                0x00000000000adafc                PWRM_longjmp
 .text          0x00000000000adb20       0x27 c:/NXP/bstudio_nxp/sdk/JN-SW-4168/Components/Library\libHardwareApi_JN5169.a(AHI_Interrupt.o)
                0x00000000000adb20                vAHI_InterruptSetPriority
                0x00000000000adb3e                vAHI_InterruptSetActivePriorityLevel
 .text.vMicroSyscall
                0x00000000000adb47       0x17 c:/NXP/bstudio_nxp/sdk/JN-SW-4168/Components/Library\libMicroSpecific_JN516x.a(MicroSyscall_ba.o)
                0x00000000000adb47                vMicroSyscall
 .text          0x00000000000adb5e        0x0 c:/NXP/bstudio_nxp/sdk/JN-SW-4168/Components/Library\libOS_JN516x.a(os_version_lc.o)
                0x00000000000adb5e                OS_Version_1v2
 .text          0x00000000000adb5e        0x0 c:/NXP/bstudio_nxp/sdk/JN-SW-4168/Components/Library\libZPSAPL_JN516x.a(zps_apl_version_lc.o)
                0x00000000000adb5e                ZPS_APL_Version_2v0
 .text          0x00000000000adb5e        0x0 c:/NXP/bstudio_nxp/sdk/JN-SW-4168/Components/Library\libZPSNWK_JN516x.a(zps_nwk_version_lc.o)
                0x00000000000adb5e                ZPS_NWK_Version_2v0
 .text          0x00000000000adb5e      0x12a c:/nxp/bstudio_nxp/sdk/tools/ba-elf-ba2-r36379/bin/../lib/gcc/ba-elf/4.7.4/../../../../ba-elf/lib/mcpu_jn51xx_sizeopt\libm.a(lib_a-s_floor.o)
                0x00000000000adb5e                floor
                0x00000000000adc88                _flash_end = ABSOLUTE (.)

.rela.dyn       0x00000000000adc88        0x0
 .rela.text     0x0000000000000000        0x0 c:/NXP/bstudio_nxp/workspace/Custom_ZLL_Lights_someone42/MultiLight/Build/os_irq.o
 .rela.data     0x0000000000000000        0x0 c:/NXP/bstudio_nxp/workspace/Custom_ZLL_Lights_someone42/MultiLight/Build/os_irq.o
 .rela.rodata   0x0000000000000000        0x0 c:/NXP/bstudio_nxp/workspace/Custom_ZLL_Lights_someone42/MultiLight/Build/os_irq.o
                0x000000000400004c                . = ORIGIN (ram)

.data           0x000000000400004c      0x984 load address 0x00000000000adc88
                0x000000000400004c                _ram_data_start = ABSOLUTE (.)
 *(.data*)
 .data          0x000000000400004c       0xe8 C:\DOCUME~1\g\LOCALS~1\Temp\ccflNc42.ltrans0.ltrans.o
                0x000000000400004c                u8MiniMacConfig_MaxConcurrentAssocResponses
                0x0000000004000050                psShadowRxBuffer
                0x0000000004000054                sCLD_Groups
                0x0000000004000064                sCLD_Scenes
 .data          0x0000000004000134        0x4 C:\DOCUME~1\g\LOCALS~1\Temp\ccflNc42.ltrans1.ltrans.o
                0x0000000004000134                u32HeapStart
 .data          0x0000000004000138        0x1 C:\DOCUME~1\g\LOCALS~1\Temp\ccflNc42.ltrans4.ltrans.o
 *fill*         0x0000000004000139        0x3 00
 .data          0x000000000400013c        0xc C:\DOCUME~1\g\LOCALS~1\Temp\ccflNc42.ltrans5.ltrans.o
                0x000000000400013c                bCanLoopback.66940
 .data          0x0000000004000148       0x90 C:\DOCUME~1\g\LOCALS~1\Temp\ccflNc42.ltrans11.ltrans.o
                0x0000000004000148                sDeviceTable.8659
                0x00000000040001b0                sZllState
 .data          0x00000000040001d8        0x1 C:\DOCUME~1\g\LOCALS~1\Temp\ccflNc42.ltrans15.ltrans.o
 *fill*         0x00000000040001d9        0x3 00
 .data          0x00000000040001dc      0x144 C:\DOCUME~1\g\LOCALS~1\Temp\ccflNc42.ltrans17.ltrans.o
 .data          0x0000000004000320       0xa4 C:\DOCUME~1\g\LOCALS~1\Temp\ccflNc42.ltrans20.ltrans.o
                0x0000000004000320                s_asapduZCLInstances
                0x0000000004000398                s_asapduZDPInstances
 .data          0x00000000040003c4        0x8 C:\DOCUME~1\g\LOCALS~1\Temp\ccflNc42.ltrans24.ltrans.o
 .data          0x00000000040003cc        0x1 C:\DOCUME~1\g\LOCALS~1\Temp\ccflNc42.ltrans26.ltrans.o
 *fill*         0x00000000040003cd        0x3 00
 .data          0x00000000040003d0      0x5e8 C:\DOCUME~1\g\LOCALS~1\Temp\ccflNc42.ltrans30.ltrans.o
                0x00000000040003d0                s_keyPairTableStorage.3051