Archive member included because of file (symbol)

c:/NXP/bstudio_nxp/sdk/JN-SW-4168/Components/Library\libOS_JN516x.a(os.o)
                              c:/NXP/bstudio_nxp/workspace/Custom_ZLL_Lights_someone42/MultiLight/Build/os_gen.o (symbol from plugin) (os_vStart)
c:/NXP/bstudio_nxp/sdk/JN-SW-4168/Components/Library\libOS_JN516x.a(os_contirq_JN516x.o)
                              c:/NXP/bstudio_nxp/workspace/Custom_ZLL_Lights_someone42/MultiLight/Build/os_irq.o (os_UnclaimedException_W)
c:/NXP/bstudio_nxp/sdk/JN-SW-4168/Components/Library\libPWRM_JN516x.a(pwrm.o)
                              c:/NXP/bstudio_nxp/workspace/Custom_ZLL_Lights_someone42/MultiLight/Build/app_start_light.o (symbol from plugin) (PWRM_vInit)
c:/NXP/bstudio_nxp/sdk/JN-SW-4168/Components/Library\libPWRM_JN516x.a(pwrm_setjmp_JN516x.o)
                              pwrm.o (symbol from plugin) (setjmp)
c:/NXP/bstudio_nxp/sdk/JN-SW-4168/Components/Library\libPWRM_JN516x.a(pwrm_cold_start.o)
                              (AppColdStart)
c:/NXP/bstudio_nxp/sdk/JN-SW-4168/Components/Library\libPWRM_JN516x.a(pwrm_warm_start.o)
                              (AppWarmStart)
c:/NXP/bstudio_nxp/sdk/JN-SW-4168/Components/Library\libPDUM_JN516x.a(pdum_nwk.o)
                              c:/NXP/bstudio_nxp/workspace/Custom_ZLL_Lights_someone42/MultiLight/Build/pdum_gen.o (symbol from plugin) (pdum_vNPduInit)
c:/NXP/bstudio_nxp/sdk/JN-SW-4168/Components/Library\libPDUM_JN516x.a(pdum_apl.o)
                              c:/NXP/bstudio_nxp/workspace/Custom_ZLL_Lights_someone42/MultiLight/Build/zll_CommissionCmdHandler.o (symbol from plugin) (PDUM_u16APduInstanceReadNBO)
c:/NXP/bstudio_nxp/sdk/JN-SW-4168/Components/Library\libPDUM_JN516x.a(pdum.o)
                              pdum_nwk.o (symbol from plugin) (PDUM_u16SizeNBO)
c:/NXP/bstudio_nxp/sdk/JN-SW-4168/Components/Library\libZPSAPL_JN516x.a(zps_apl_af.o)
                              c:/NXP/bstudio_nxp/workspace/Custom_ZLL_Lights_someone42/MultiLight/Build/zpr_light_node.o (symbol from plugin) (ZPS_eAplAfInit)
c:/NXP/bstudio_nxp/sdk/JN-SW-4168/Components/Library\libZPSAPL_JN516x.a(zps_apl_af_apsde.o)
                              c:/NXP/bstudio_nxp/workspace/Custom_ZLL_Lights_someone42/MultiLight/Build/zps_gen.o (symbol from plugin) (zps_vHandleApsdeDataFragIndNotSupported)
c:/NXP/bstudio_nxp/sdk/JN-SW-4168/Components/Library\libZPSAPL_JN516x.a(zps_apl_task.o)
                              zps_apl_af_apsde.o (symbol from plugin) (zps_vAplAfPostEvent)
c:/NXP/bstudio_nxp/sdk/JN-SW-4168/Components/Library\libZPSAPL_JN516x.a(zps_apl_apsde.o)
                              zps_apl_task.o (symbol from plugin) (ZPS_vAplRegisterApsdeDcfmIndCallbacks)
c:/NXP/bstudio_nxp/sdk/JN-SW-4168/Components/Library\libZPSAPL_JN516x.a(zps_apl_apsme.o)
                              zps_apl_task.o (symbol from plugin) (ZPS_vAplRegisterApsmeDcfmIndCallbacks)
c:/NXP/bstudio_nxp/sdk/JN-SW-4168/Components/Library\libZPSAPL_JN516x.a(zps_apl_aps_nlde.o)
                              zps_apl_task.o (symbol from plugin) (zps_vAplApsHandleNldeDcfmInd)
c:/NXP/bstudio_nxp/sdk/JN-SW-4168/Components/Library\libZPSAPL_JN516x.a(zps_apl_sec.o)
                              zps_apl_task.o (symbol from plugin) (zps_psFindKeyDescr)
c:/NXP/bstudio_nxp/sdk/JN-SW-4168/Components/Library\libZPSAPL_JN516x.a(zps_apl_aib.o)
                              c:/NXP/bstudio_nxp/workspace/Custom_ZLL_Lights_someone42/MultiLight/Build/Groups.o (symbol from plugin) (zps_psAplAibGetAib)
c:/NXP/bstudio_nxp/sdk/JN-SW-4168/Components/Library\libZPSAPL_JN516x.a(zps_apl_zdo_nwkmanager.o)
                              zps_apl_apsme.o (symbol from plugin) (zps_vAplSaveRecord)
c:/NXP/bstudio_nxp/sdk/JN-SW-4168/Components/Library\libZPSAPL_JN516x.a(zps_apl_zdo_handle_zdp_event.o)
                              zps_apl_task.o (symbol from plugin) (zps_bAplZdoHandleZdpEvent)
c:/NXP/bstudio_nxp/sdk/JN-SW-4168/Components/Library\libZPSAPL_JN516x.a(zps_apl_zdo_trust_center.o)
                              zps_apl_sec.o (symbol from plugin) (zps_eAplTrustCenterFindDevice)
c:/NXP/bstudio_nxp/sdk/JN-SW-4168/Components/Library\libZPSAPL_JN516x.a(zps_apl_zdo_common.o)
                              zps_apl_zdo_nwkmanager.o (symbol from plugin) (zps_eAplZdoNlmeleaveWrapper)
c:/NXP/bstudio_nxp/sdk/JN-SW-4168/Components/Library\libZPSAPL_JN516x.a(zps_apl_zdo_group.o)
                              c:/NXP/bstudio_nxp/workspace/Custom_ZLL_Lights_someone42/MultiLight/Build/GroupsTableManager.o (symbol from plugin) (zps_eAplZdoGroupEndpointAdd)
c:/NXP/bstudio_nxp/sdk/JN-SW-4168/Components/Library\libZPSAPL_JN516x.a(zps_apl_zdo_default_server.o)
                              c:/NXP/bstudio_nxp/workspace/Custom_ZLL_Lights_someone42/MultiLight/Build/zps_gen.o (symbol from plugin) (zps_vAplZdoDefaultServerInit)
c:/NXP/bstudio_nxp/sdk/JN-SW-4168/Components/Library\libZPSAPL_JN516x.a(zps_apl_mac_isr.o)
[...]
Memory Configuration

Name             Origin             Length             Attributes
flash            0x0000000000080000 0x0000000000040000
ram              0x000000000400004c 0x0000000000007fb4
*default*        0x0000000000000000 0xffffffffffffffff

Linker script and memory map

                0x0000000000000fa0                __stack_size = 0xfa0
                0x00000000000003e8                __minimum_heap_size = 0x3e8
START GROUP
LOAD c:/NXP/bstudio_nxp/workspace/Custom_ZLL_Lights_someone42/MultiLight/Build/os_gen.o
LOAD C:\DOCUME~1\g\LOCALS~1\Temp\cckYh8tX.ltrans0.ltrans.o
LOAD C:\DOCUME~1\g\LOCALS~1\Temp\cckYh8tX.ltrans1.ltrans.o
LOAD C:\DOCUME~1\g\LOCALS~1\Temp\cckYh8tX.ltrans2.ltrans.o
LOAD C:\DOCUME~1\g\LOCALS~1\Temp\cckYh8tX.ltrans3.ltrans.o
LOAD C:\DOCUME~1\g\LOCALS~1\Temp\cckYh8tX.ltrans4.ltrans.o
LOAD C:\DOCUME~1\g\LOCALS~1\Temp\cckYh8tX.ltrans5.ltrans.o
LOAD C:\DOCUME~1\g\LOCALS~1\Temp\cckYh8tX.ltrans6.ltrans.o
LOAD C:\DOCUME~1\g\LOCALS~1\Temp\cckYh8tX.ltrans7.ltrans.o
LOAD C:\DOCUME~1\g\LOCALS~1\Temp\cckYh8tX.ltrans8.ltrans.o
LOAD C:\DOCUME~1\g\LOCALS~1\Temp\cckYh8tX.ltrans9.ltrans.o
LOAD C:\DOCUME~1\g\LOCALS~1\Temp\cckYh8tX.ltrans10.ltrans.o
LOAD C:\DOCUME~1\g\LOCALS~1\Temp\cckYh8tX.ltrans11.ltrans.o
LOAD C:\DOCUME~1\g\LOCALS~1\Temp\cckYh8tX.ltrans12.ltrans.o
LOAD C:\DOCUME~1\g\LOCALS~1\Temp\cckYh8tX.ltrans13.ltrans.o
LOAD C:\DOCUME~1\g\LOCALS~1\Temp\cckYh8tX.ltrans14.ltrans.o
LOAD C:\DOCUME~1\g\LOCALS~1\Temp\cckYh8tX.ltrans15.ltrans.o
LOAD C:\DOCUME~1\g\LOCALS~1\Temp\cckYh8tX.ltrans16.ltrans.o
LOAD C:\DOCUME~1\g\LOCALS~1\Temp\cckYh8tX.ltrans17.ltrans.o
LOAD C:\DOCUME~1\g\LOCALS~1\Temp\cckYh8tX.ltrans18.ltrans.o
LOAD C:\DOCUME~1\g\LOCALS~1\Temp\cckYh8tX.ltrans19.ltrans.o
LOAD C:\DOCUME~1\g\LOCALS~1\Temp\cckYh8tX.ltrans20.ltrans.o
LOAD C:\DOCUME~1\g\LOCALS~1\Temp\cckYh8tX.ltrans21.ltrans.o
LOAD C:\DOCUME~1\g\LOCALS~1\Temp\cckYh8tX.ltrans22.ltrans.o
LOAD C:\DOCUME~1\g\LOCALS~1\Temp\cckYh8tX.ltrans23.ltrans.o
LOAD C:\DOCUME~1\g\LOCALS~1\Temp\cckYh8tX.ltrans24.ltrans.o
LOAD C:\DOCUME~1\g\LOCALS~1\Temp\cckYh8tX.ltrans25.ltrans.o
LOAD C:\DOCUME~1\g\LOCALS~1\Temp\cckYh8tX.ltrans26.ltrans.o
LOAD C:\DOCUME~1\g\LOCALS~1\Temp\cckYh8tX.ltrans27.ltrans.o
LOAD C:\DOCUME~1\g\LOCALS~1\Temp\cckYh8tX.ltrans28.ltrans.o
LOAD C:\DOCUME~1\g\LOCALS~1\Temp\cckYh8tX.ltrans29.ltrans.o
LOAD C:\DOCUME~1\g\LOCALS~1\Temp\cckYh8tX.ltrans30.ltrans.o
LOAD C:\DOCUME~1\g\LOCALS~1\Temp\cckYh8tX.ltrans31.ltrans.o
LOAD c:/nxp/bstudio_nxp/sdk/tools/ba-elf-ba2-r36379/bin/../lib/gcc/ba-elf/4.7.4/../../../../ba-elf/lib/mcpu_jn51xx_sizeopt\libc.a
LOAD c:/nxp/bstudio_nxp/sdk/tools/ba-elf-ba2-r36379/bin/../lib/gcc/ba-elf/4.7.4/mcpu_jn51xx_sizeopt\libgcc.a
LOAD c:/nxp/bstudio_nxp/sdk/tools/ba-elf-ba2-r36379/bin/../lib/gcc/ba-elf/4.7.4/../../../../ba-elf/lib/mcpu_jn51xx_sizeopt\libc.a
LOAD c:/NXP/bstudio_nxp/workspace/Custom_ZLL_Lights_someone42/MultiLight/Build/os_irq.o
LOAD c:/NXP/bstudio_nxp/workspace/Custom_ZLL_Lights_someone42/MultiLight/Build/os_irq_alignment.o
LOAD c:/NXP/bstudio_nxp/workspace/Custom_ZLL_Lights_someone42/MultiLight/Build/os_irq_buserror.o
LOAD c:/NXP/bstudio_nxp/workspace/Custom_ZLL_Lights_someone42/MultiLight/Build/os_irq_illegalinstruction.o
LOAD c:/NXP/bstudio_nxp/workspace/Custom_ZLL_Lights_someone42/MultiLight/Build/os_irq_stackoverflowexception.o
LOAD c:/NXP/bstudio_nxp/workspace/Custom_ZLL_Lights_someone42/MultiLight/Build/os_irq_unimplementedmodule.o
LOAD c:/NXP/bstudio_nxp/workspace/Custom_ZLL_Lights_someone42/MultiLight/Build/pdum_gen.o
LOAD c:/NXP/bstudio_nxp/workspace/Custom_ZLL_Lights_someone42/MultiLight/Build/pdum_apdu.o
LOAD c:/NXP/bstudio_nxp/workspace/Custom_ZLL_Lights_someone42/MultiLight/Build/zps_gen.o
LOAD c:/NXP/bstudio_nxp/workspace/Custom_ZLL_Lights_someone42/MultiLight/Build/app_timer_driver.o
LOAD c:/NXP/bstudio_nxp/workspace/Custom_ZLL_Lights_someone42/MultiLight/Build/app_start_light.o
LOAD c:/NXP/bstudio_nxp/workspace/Custom_ZLL_Lights_someone42/MultiLight/Build/app_scenes.o
LOAD c:/NXP/bstudio_nxp/workspace/Custom_ZLL_Lights_someone42/MultiLight/Build/zpr_light_node.o
LOAD c:/NXP/bstudio_nxp/workspace/Custom_ZLL_Lights_someone42/MultiLight/Build/ecb_decrypt.o
LOAD c:/NXP/bstudio_nxp/workspace/Custom_ZLL_Lights_someone42/MultiLight/Build/app_zcl_light_task.o
LOAD c:/NXP/bstudio_nxp/workspace/Custom_ZLL_Lights_someone42/MultiLight/Build/app_light_commission_task.o
LOAD c:/NXP/bstudio_nxp/workspace/Custom_ZLL_Lights_someone42/MultiLight/Build/app_light_interpolation.o
LOAD c:/NXP/bstudio_nxp/workspace/Custom_ZLL_Lights_someone42/MultiLight/Build/app_light_calibration.o
LOAD c:/NXP/bstudio_nxp/workspace/Custom_ZLL_Lights_someone42/MultiLight/Build/app_temp_sensor.o
LOAD c:/NXP/bstudio_nxp/workspace/Custom_ZLL_Lights_someone42/MultiLight/Build/appZpsBeaconHandler.o
LOAD c:/NXP/bstudio_nxp/workspace/Custom_ZLL_Lights_someone42/MultiLight/Build/App_MultiLight.o
LOAD c:/NXP/bstudio_nxp/workspace/Custom_ZLL_Lights_someone42/MultiLight/Build/DriverBulb_TimerPWM.o
LOAD c:/NXP/bstudio_nxp/workspace/Custom_ZLL_Lights_someone42/MultiLight/Build/Alarms.o
LOAD c:/NXP/bstudio_nxp/workspace/Custom_ZLL_Lights_someone42/MultiLight/Build/AlarmsClientCommands.o
LOAD c:/NXP/bstudio_nxp/workspace/Custom_ZLL_Lights_someone42/MultiLight/Build/AlarmsCommandHandler.o
LOAD c:/NXP/bstudio_nxp/workspace/Custom_ZLL_Lights_someone42/MultiLight/Build/AlarmsServerCommands.o
LOAD c:/NXP/bstudio_nxp/workspace/Custom_ZLL_Lights_someone42/MultiLight/Build/AlarmsTableManager.o
LOAD c:/NXP/bstudio_nxp/workspace/Custom_ZLL_Lights_someone42/MultiLight/Build/AnalogInputBasic.o
LOAD c:/NXP/bstudio_nxp/workspace/Custom_ZLL_Lights_someone42/MultiLight/Build/AnalogOutputBasic.o
LOAD c:/NXP/bstudio_nxp/workspace/Custom_ZLL_Lights_someone42/MultiLight/Build/Basic.o
LOAD c:/NXP/bstudio_nxp/workspace/Custom_ZLL_Lights_someone42/MultiLight/Build/BasicClientCommands.o
LOAD c:/NXP/bstudio_nxp/workspace/Custom_ZLL_Lights_someone42/MultiLight/Build/BasicCommandHandler.o
LOAD c:/NXP/bstudio_nxp/workspace/Custom_ZLL_Lights_someone42/MultiLight/Build/BinaryInputBasic.o
LOAD c:/NXP/bstudio_nxp/workspace/Custom_ZLL_Lights_someone42/MultiLight/Build/BinaryOutputBasic.o
LOAD c:/NXP/bstudio_nxp/workspace/Custom_ZLL_Lights_someone42/MultiLight/Build/Commissioning.o
LOAD c:/NXP/bstudio_nxp/workspace/Custom_ZLL_Lights_someone42/MultiLight/Build/DeviceTemperatureConfiguration.o
LOAD c:/NXP/bstudio_nxp/workspace/Custom_ZLL_Lights_someone42/MultiLight/Build/Diagnostics.o
LOAD c:/NXP/bstudio_nxp/workspace/Custom_ZLL_Lights_someone42/MultiLight/Build/DoorLock.o
LOAD c:/NXP/bstudio_nxp/workspace/Custom_ZLL_Lights_someone42/MultiLight/Build/DoorLockCommandHandler.o
LOAD c:/NXP/bstudio_nxp/workspace/Custom_ZLL_Lights_someone42/MultiLight/Build/DoorLockCommands.o
LOAD c:/NXP/bstudio_nxp/workspace/Custom_ZLL_Lights_someone42/MultiLight/Build/ElectricalMeasurement.o
LOAD c:/NXP/bstudio_nxp/workspace/Custom_ZLL_Lights_someone42/MultiLight/Build/Groups.o
LOAD c:/NXP/bstudio_nxp/workspace/Custom_ZLL_Lights_someone42/MultiLight/Build/GroupsClientCommands.o
LOAD c:/NXP/bstudio_nxp/workspace/Custom_ZLL_Lights_someone42/MultiLight/Build/GroupsCommandHandler.o
LOAD c:/NXP/bstudio_nxp/workspace/Custom_ZLL_Lights_someone42/MultiLight/Build/GroupsServerCommands.o
LOAD c:/NXP/bstudio_nxp/workspace/Custom_ZLL_Lights_someone42/MultiLight/Build/GroupsTableManager.o
LOAD c:/NXP/bstudio_nxp/workspace/Custom_ZLL_Lights_someone42/MultiLight/Build/Identify.o
LOAD c:/NXP/bstudio_nxp/workspace/Custom_ZLL_Lights_someone42/MultiLight/Build/IdentifyClientCommands.o
LOAD c:/NXP/bstudio_nxp/workspace/Custom_ZLL_Lights_someone42/MultiLight/Build/IdentifyCommandHandler.o
LOAD c:/NXP/bstudio_nxp/workspace/Custom_ZLL_Lights_someone42/MultiLight/Build/IdentifyServerCommands.o
LOAD c:/NXP/bstudio_nxp/workspace/Custom_ZLL_Lights_someone42/MultiLight/Build/LevelControl.o
LOAD c:/NXP/bstudio_nxp/workspace/Custom_ZLL_Lights_someone42/MultiLight/Build/LevelControlClientCommands.o
LOAD c:/NXP/bstudio_nxp/workspace/Custom_ZLL_Lights_someone42/MultiLight/Build/LevelControlCommandHandler.o
LOAD c:/NXP/bstudio_nxp/workspace/Custom_ZLL_Lights_someone42/MultiLight/Build/MultistateInputBasic.o
LOAD c:/NXP/bstudio_nxp/workspace/Custom_ZLL_Lights_someone42/MultiLight/Build/MultistateOutputBasic.o
LOAD c:/NXP/bstudio_nxp/workspace/Custom_ZLL_Lights_someone42/MultiLight/Build/OOSC.o
LOAD c:/NXP/bstudio_nxp/workspace/Custom_ZLL_Lights_someone42/MultiLight/Build/OnOff.o
LOAD c:/NXP/bstudio_nxp/workspace/Custom_ZLL_Lights_someone42/MultiLight/Build/OnOffCommandHandler.o
LOAD c:/NXP/bstudio_nxp/workspace/Custom_ZLL_Lights_someone42/MultiLight/Build/OnOffCommands.o
LOAD c:/NXP/bstudio_nxp/workspace/Custom_ZLL_Lights_someone42/MultiLight/Build/PollControl.o
LOAD c:/NXP/bstudio_nxp/workspace/Custom_ZLL_Lights_someone42/MultiLight/Build/PollControlClientCommands.o
LOAD c:/NXP/bstudio_nxp/workspace/Custom_ZLL_Lights_someone42/MultiLight/Build/PollControlCommandHandler.o
LOAD c:/NXP/bstudio_nxp/workspace/Custom_ZLL_Lights_someone42/MultiLight/Build/PollControlServerCommands.o
LOAD c:/NXP/bstudio_nxp/workspace/Custom_ZLL_Lights_someone42/MultiLight/Build/PowerConfiguration.o
LOAD c:/NXP/bstudio_nxp/workspace/Custom_ZLL_Lights_someone42/MultiLight/Build/Scenes.o
LOAD c:/NXP/bstudio_nxp/workspace/Custom_ZLL_Lights_someone42/MultiLight/Build/ScenesClientCommands.o
LOAD c:/NXP/bstudio_nxp/workspace/Custom_ZLL_Lights_someone42/MultiLight/Build/ScenesClusterManagement.o
LOAD c:/NXP/bstudio_nxp/workspace/Custom_ZLL_Lights_someone42/MultiLight/Build/ScenesCommandHandler.o
LOAD c:/NXP/bstudio_nxp/workspace/Custom_ZLL_Lights_someone42/MultiLight/Build/ScenesServerCommands.o
LOAD c:/NXP/bstudio_nxp/workspace/Custom_ZLL_Lights_someone42/MultiLight/Build/ScenesTableManager.o
LOAD c:/NXP/bstudio_nxp/workspace/Custom_ZLL_Lights_someone42/MultiLight/Build/TC.o
LOAD c:/NXP/bstudio_nxp/workspace/Custom_ZLL_Lights_someone42/MultiLight/Build/Time.o
LOAD c:/NXP/bstudio_nxp/workspace/Custom_ZLL_Lights_someone42/MultiLight/Build/zll_CommissionCmdHandler.o
LOAD c:/NXP/bstudio_nxp/workspace/Custom_ZLL_Lights_someone42/MultiLight/Build/zll_UtilityCmdHandler.o
LOAD c:/NXP/bstudio_nxp/workspace/Custom_ZLL_Lights_someone42/MultiLight/Build/zll_commission.o
LOAD c:/NXP/bstudio_nxp/workspace/Custom_ZLL_Lights_someone42/MultiLight/Build/zll_utility.o
LOAD c:/NXP/bstudio_nxp/workspace/Custom_ZLL_Lights_someone42/MultiLight/Build/colour_light.o
LOAD c:/NXP/bstudio_nxp/workspace/Custom_ZLL_Lights_someone42/MultiLight/Build/colour_remote.o
LOAD c:/NXP/bstudio_nxp/workspace/Custom_ZLL_Lights_someone42/MultiLight/Build/colour_scene_remote.o
LOAD c:/NXP/bstudio_nxp/workspace/Custom_ZLL_Lights_someone42/MultiLight/Build/colour_temperature_light.o
LOAD c:/NXP/bstudio_nxp/workspace/Custom_ZLL_Lights_someone42/MultiLight/Build/commission_endpoint.o
LOAD c:/NXP/bstudio_nxp/workspace/Custom_ZLL_Lights_someone42/MultiLight/Build/control_bridge.o
LOAD c:/NXP/bstudio_nxp/workspace/Custom_ZLL_Lights_someone42/MultiLight/Build/dimmable_light.o
LOAD c:/NXP/bstudio_nxp/workspace/Custom_ZLL_Lights_someone42/MultiLight/Build/dimmable_plug.o
LOAD c:/NXP/bstudio_nxp/workspace/Custom_ZLL_Lights_someone42/MultiLight/Build/extended_colour_light.o
LOAD c:/NXP/bstudio_nxp/workspace/Custom_ZLL_Lights_someone42/MultiLight/Build/non_colour_remote.o
LOAD c:/NXP/bstudio_nxp/workspace/Custom_ZLL_Lights_someone42/MultiLight/Build/non_colour_scene_remote.o
LOAD c:/NXP/bstudio_nxp/workspace/Custom_ZLL_Lights_someone42/MultiLight/Build/on_off_light.o
LOAD c:/NXP/bstudio_nxp/workspace/Custom_ZLL_Lights_someone42/MultiLight/Build/on_off_plug.o
LOAD c:/NXP/bstudio_nxp/workspace/Custom_ZLL_Lights_someone42/MultiLight/Build/on_off_sensor.o
LOAD c:/NXP/bstudio_nxp/workspace/Custom_ZLL_Lights_someone42/MultiLight/Build/zll.o
LOAD c:/NXP/bstudio_nxp/workspace/Custom_ZLL_Lights_someone42/MultiLight/Build/BallastConfiguration.o
LOAD c:/NXP/bstudio_nxp/workspace/Custom_ZLL_Lights_someone42/MultiLight/Build/ColourControl.o
LOAD c:/NXP/bstudio_nxp/workspace/Custom_ZLL_Lights_someone42/MultiLight/Build/ColourControlClientCommands.o
LOAD c:/NXP/bstudio_nxp/workspace/Custom_ZLL_Lights_someone42/MultiLight/Build/ColourControlCommandHandler.o
LOAD c:/NXP/bstudio_nxp/workspace/Custom_ZLL_Lights_someone42/MultiLight/Build/ColourControlConversions.o
LOAD c:/NXP/bstudio_nxp/workspace/Custom_ZLL_Lights_someone42/MultiLight/Build/dlist.o
LOAD c:/NXP/bstudio_nxp/workspace/Custom_ZLL_Lights_someone42/MultiLight/Build/zcl.o
LOAD c:/NXP/bstudio_nxp/workspace/Custom_ZLL_Lights_someone42/MultiLight/Build/zcl_CustomCommandReceive.o
LOAD c:/NXP/bstudio_nxp/workspace/Custom_ZLL_Lights_someone42/MultiLight/Build/zcl_CustomCommandSend.o
LOAD c:/NXP/bstudio_nxp/workspace/Custom_ZLL_Lights_someone42/MultiLight/Build/zcl_PDUbufferReadWrite.o
LOAD c:/NXP/bstudio_nxp/workspace/Custom_ZLL_Lights_someone42/MultiLight/Build/zcl_PDUbufferReadWriteString.o
LOAD c:/NXP/bstudio_nxp/workspace/Custom_ZLL_Lights_someone42/MultiLight/Build/zcl_WriteAttributesRequestHandle.o
LOAD c:/NXP/bstudio_nxp/workspace/Custom_ZLL_Lights_someone42/MultiLight/Build/zcl_WriteAttributesRequestSend.o
LOAD c:/NXP/bstudio_nxp/workspace/Custom_ZLL_Lights_someone42/MultiLight/Build/zcl_WriteAttributesResponseHandle.o
LOAD c:/NXP/bstudio_nxp/workspace/Custom_ZLL_Lights_someone42/MultiLight/Build/zcl_attribute.o
LOAD c:/NXP/bstudio_nxp/workspace/Custom_ZLL_Lights_someone42/MultiLight/Build/zcl_buffer.o
LOAD c:/NXP/bstudio_nxp/workspace/Custom_ZLL_Lights_someone42/MultiLight/Build/zcl_clusterCommand.o
LOAD c:/NXP/bstudio_nxp/workspace/Custom_ZLL_Lights_someone42/MultiLight/Build/zcl_command.o
LOAD c:/NXP/bstudio_nxp/workspace/Custom_ZLL_Lights_someone42/MultiLight/Build/zcl_configureReportingCommandHandle.o
LOAD c:/NXP/bstudio_nxp/workspace/Custom_ZLL_Lights_someone42/MultiLight/Build/zcl_configureReportingCommandSend.o
LOAD c:/NXP/bstudio_nxp/workspace/Custom_ZLL_Lights_someone42/MultiLight/Build/zcl_configureReportingResponseHandle.o
LOAD c:/NXP/bstudio_nxp/workspace/Custom_ZLL_Lights_someone42/MultiLight/Build/zcl_defaultResponse.o
LOAD c:/NXP/bstudio_nxp/workspace/Custom_ZLL_Lights_someone42/MultiLight/Build/zcl_discoverAttributesExtendedRequestHandle.o
LOAD c:/NXP/bstudio_nxp/workspace/Custom_ZLL_Lights_someone42/MultiLight/Build/zcl_discoverAttributesExtendedRequestSend.o
LOAD c:/NXP/bstudio_nxp/workspace/Custom_ZLL_Lights_someone42/MultiLight/Build/zcl_discoverAttributesExtendedResponseHandle.o
LOAD c:/NXP/bstudio_nxp/workspace/Custom_ZLL_Lights_someone42/MultiLight/Build/zcl_discoverAttributesRequestHandle.o
LOAD c:/NXP/bstudio_nxp/workspace/Custom_ZLL_Lights_someone42/MultiLight/Build/zcl_discoverAttributesRequestSend.o
LOAD c:/NXP/bstudio_nxp/workspace/Custom_ZLL_Lights_someone42/MultiLight/Build/zcl_discoverAttributesResponseHandle.o
LOAD c:/NXP/bstudio_nxp/workspace/Custom_ZLL_Lights_someone42/MultiLight/Build/zcl_discoverCommandsRequestHandle.o
LOAD c:/NXP/bstudio_nxp/workspace/Custom_ZLL_Lights_someone42/MultiLight/Build/zcl_discoverCommandsRequestSend.o
LOAD c:/NXP/bstudio_nxp/workspace/Custom_ZLL_Lights_someone42/MultiLight/Build/zcl_discoverCommandsResponseHandle.o
LOAD c:/NXP/bstudio_nxp/workspace/Custom_ZLL_Lights_someone42/MultiLight/Build/zcl_event.o
LOAD c:/NXP/bstudio_nxp/workspace/Custom_ZLL_Lights_someone42/MultiLight/Build/zcl_heap.o
LOAD c:/NXP/bstudio_nxp/workspace/Custom_ZLL_Lights_someone42/MultiLight/Build/zcl_library_options.o
LOAD c:/NXP/bstudio_nxp/workspace/Custom_ZLL_Lights_someone42/MultiLight/Build/zcl_readAttributesRequestHandle.o
LOAD c:/NXP/bstudio_nxp/workspace/Custom_ZLL_Lights_someone42/MultiLight/Build/zcl_readAttributesRequestSend.o
LOAD c:/NXP/bstudio_nxp/workspace/Custom_ZLL_Lights_someone42/MultiLight/Build/zcl_readAttributesResponseHandle.o
LOAD c:/NXP/bstudio_nxp/workspace/Custom_ZLL_Lights_someone42/MultiLight/Build/zcl_readReportingConfigurationCommandHandle.o
LOAD c:/NXP/bstudio_nxp/workspace/Custom_ZLL_Lights_someone42/MultiLight/Build/zcl_readReportingConfigurationCommandSend.o
LOAD c:/NXP/bstudio_nxp/workspace/Custom_ZLL_Lights_someone42/MultiLight/Build/zcl_readReportingConfigurationResponseHandle.o
LOAD c:/NXP/bstudio_nxp/workspace/Custom_ZLL_Lights_someone42/MultiLight/Build/zcl_reportManager.o
LOAD c:/NXP/bstudio_nxp/workspace/Custom_ZLL_Lights_someone42/MultiLight/Build/zcl_reportMaths.o
LOAD c:/NXP/bstudio_nxp/workspace/Custom_ZLL_Lights_someone42/MultiLight/Build/zcl_reportScheduler.o
LOAD c:/NXP/bstudio_nxp/workspace/Custom_ZLL_Lights_someone42/MultiLight/Build/zcl_reportStringHandling.o
LOAD c:/NXP/bstudio_nxp/workspace/Custom_ZLL_Lights_someone42/MultiLight/Build/zcl_reportStructure.o
LOAD c:/NXP/bstudio_nxp/workspace/Custom_ZLL_Lights_someone42/MultiLight/Build/zcl_search.o
LOAD c:/NXP/bstudio_nxp/workspace/Custom_ZLL_Lights_someone42/MultiLight/Build/zcl_timer.o
LOAD c:/NXP/bstudio_nxp/workspace/Custom_ZLL_Lights_someone42/MultiLight/Build/zcl_transmit.o
LOAD c:/NXP/bstudio_nxp/sdk/JN-SW-4168/Components/Library\libZPSMAC_Mini_JN516x.a
LOAD c:/NXP/bstudio_nxp/sdk/JN-SW-4168/Components/Library\libOS_JN516x.a
LOAD c:/NXP/bstudio_nxp/sdk/JN-SW-4168/Components/Library\libPWRM_JN516x.a
LOAD c:/NXP/bstudio_nxp/sdk/JN-SW-4168/Components/Library\libZPSTSV_JN516x.a
LOAD c:/NXP/bstudio_nxp/sdk/JN-SW-4168/Components/Library\libAES_SW_JN516x.a
LOAD c:/NXP/bstudio_nxp/sdk/JN-SW-4168/Components/Library\libPDUM_JN516x.a
LOAD c:/NXP/bstudio_nxp/sdk/JN-SW-4168/Components/Library\libZPSAPL_JN516x.a
LOAD c:/NXP/bstudio_nxp/sdk/JN-SW-4168/Components/Library\libRandom_JN516x.a
LOAD c:/NXP/bstudio_nxp/sdk/JN-SW-4168/Components/Library\libPDM_EEPROM_JN516x.a
LOAD c:/NXP/bstudio_nxp/sdk/JN-SW-4168/Components/Library\libDBG_JN516x.a
LOAD c:/NXP/bstudio_nxp/sdk/JN-SW-4168/Components/Library\libZPSZLL_JN516x.a
LOAD c:/NXP/bstudio_nxp/sdk/JN-SW-4168/Components/Library\libZPSNWK_JN516x.a
LOAD c:/NXP/bstudio_nxp/sdk/JN-SW-4168/Components/Library\libRecal_JN516x.a
LOAD c:/NXP/bstudio_nxp/sdk/JN-SW-4168/Components/Library\libMiniMac_JN516x.a
LOAD c:/NXP/bstudio_nxp/sdk/JN-SW-4168/Components/Library\libMiniMacShim_JN516x.a
LOAD c:/NXP/bstudio_nxp/sdk/JN-SW-4168/Components/Library\libMMAC_JN516x.a
LOAD c:/NXP/bstudio_nxp/sdk/JN-SW-4168/Components/Library\libAes_JN516x.a
LOAD c:/NXP/bstudio_nxp/sdk/JN-SW-4168/Components/Library\libHardwareApi_JN516x.a
LOAD c:/NXP/bstudio_nxp/sdk/JN-SW-4168/Components/Library\libMicroSpecific_JN516x.a
LOAD c:/NXP/bstudio_nxp/sdk/JN-SW-4168/Components/Library\libBoot_JN516x.a
LOAD c:/nxp/bstudio_nxp/sdk/tools/ba-elf-ba2-r36379/bin/../lib/gcc/ba-elf/4.7.4/../../../../ba-elf/lib/mcpu_jn51xx_sizeopt\libm.a
END GROUP
LOAD c:/nxp/bstudio_nxp/sdk/tools/ba-elf-ba2-r36379/bin/../lib/gcc/ba-elf/4.7.4/../../../../ba-elf/lib/mcpu_jn51xx_sizeopt\libc.a
LOAD c:/nxp/bstudio_nxp/sdk/tools/ba-elf-ba2-r36379/bin/../lib/gcc/ba-elf/4.7.4/mcpu_jn51xx_sizeopt\libgcc.a
LOAD c:/nxp/bstudio_nxp/sdk/tools/ba-elf-ba2-r36379/bin/../lib/gcc/ba-elf/4.7.4/../../../../ba-elf/lib/mcpu_jn51xx_sizeopt\libc.a
                0x0000000000080038                _exception_vsr_table = 0x80038
                0x0000000004000000                pSPIflashFncTable = 0x4000000
                0x0000000000000044                restore_state = 0x44
                0x000000000000004a                bZSPIWaitWIPClear = 0x4a
                0x0000000000000050                u16ZSPIflashRDID = 0x50
                0x0000000000000056                u8SelectFlashChipType = 0x56
                0x000000000000005c                memcpy = 0x5c
                0x0000000000000066                vBootFlashProg = 0x66
                [0x00000000000003e8]                __minimum_heap_size = DEFINED (__minimum_heap_size)?__minimum_heap_size:0xd16
                [0x0000000000000fa0]                __stack_size = DEFINED (__stack_size)?__stack_size:0x800
                0x0000000000000000                _SwConfig = (DEFINED (g_bSWConf_Debug) | (DEFINED (g_bSWConf_AltDebugPort) << 0x1))

.version        0x000000000007fffc        0x4
                0x000000000007fffc        0x4 LONG 0x7030008

.bir            0x0000000000080000       0x10
                0x0000000000080000                _flash_start = ABSOLUTE (.)
                0x0000000000080000                _flash_beg = ABSOLUTE (.)
                0x0000000000080000        0x4 LONG 0x12345678
                0x0000000000080004        0x4 LONG 0x11223344
                0x0000000000080008        0x4 LONG 0x55667788
                0x000000000008000c        0x1 BYTE 0x8
                0x000000000008000d        0x1 BYTE 0x1
                0x000000000008000e        0x2 SHORT 0x0

.flashheader    0x0000000000080010       0x28
                0x0000000000080010        0x4 LONG 0x0
                0x0000000000080014        0x4 LONG 0x0
                0x0000000000080018        0x4 LONG 0x0
                0x000000000008001c        0x2 SHORT 0x0
                0x000000000008001e        0x2 SHORT 0x0 ABSOLUTE (_SwConfig)
                0x0000000000080020                _enc_start = ABSOLUTE (.)
                0x0000000000080020        0x4 LONG 0x2aa24 ABSOLUTE (_image_len)
                0x0000000000080024        0x4 LONG 0xaa0a0 ABSOLUTE (_flash_data_start)
                0x0000000000080028        0x2 SHORT 0x13 ((ABSOLUTE (_ram_data_start) / 0x4) & 0xffff)
                0x000000000008002a        0x2 SHORT 0x261 ((ABSOLUTE (_ram_data_len) / 0x4) & 0xffff)
                0x000000000008002c        0x2 SHORT 0x274 ((ABSOLUTE (_bss_start) / 0x4) & 0xffff)
                0x000000000008002e        0x2 SHORT 0x17b1 ((ABSOLUTE (_bss_len) / 0x4) & 0xffff)
                0x0000000000080030        0x4 LONG 0xa599c ABSOLUTE (AppWarmStart)
                0x0000000000080034        0x4 LONG 0xa59b8 ABSOLUTE (AppColdStart)
                0x0000000000000000                _enc_offset = (_enc_start & 0xf)

.ro_mac_address
                0x0000000000080040        0x0
                0x0000000000080040                _FlsMACAddress = ABSOLUTE (.)
 *(.ro_mac_address)
                0x0000000000080040                . = ALIGN (0x10)

.ro_ota_header  0x0000000000080040        0x0
                0x0000000000080040                _FlsOtaHeader = ABSOLUTE (.)
 *(.ro_ota_header)
                0x0000000000080040                . = ALIGN (0x10)

.ro_se_lnkKey   0x0000000000080040        0x0
                0x0000000000080040                _FlsLinkKey = ABSOLUTE (.)
 *(.ro_se_lnkKey)
                0x0000000000080040                . = ALIGN (0x10)

.rodata         0x0000000000080038     0x32ac
 *(.rodata*)
 .rodata.str1.1
                0x0000000000080038       0x2c C:\DOCUME~1\g\LOCALS~1\Temp\cckYh8tX.ltrans0.ltrans.o
 .rodata        0x0000000000080064      0x168 C:\DOCUME~1\g\LOCALS~1\Temp\cckYh8tX.ltrans0.ltrans.o
                0x0000000000080064                gMAC_u8MaxBuffers
                0x0000000000080068                g_u32ApsFcSaveCountBitShift
                0x000000000008006c                u8MaxZpsConfigEp
                0x000000000008006d                au8EpMapPresent
                0x0000000000080074                s_groupPdmTable
 .rodata        0x00000000000801cc       0x30 C:\DOCUME~1\g\LOCALS~1\Temp\cckYh8tX.ltrans1.ltrans.o
 .rodata.str1.1
                0x0000000000000000       0x2c C:\DOCUME~1\g\LOCALS~1\Temp\cckYh8tX.ltrans1.ltrans.o
                                          0x8 (size before relaxing)
 .rodata.str1.1
                0x00000000000801fc        0xd C:\DOCUME~1\g\LOCALS~1\Temp\cckYh8tX.ltrans2.ltrans.o
 *fill*         0x0000000000080209        0x3 00
 .rodata        0x000000000008020c       0x10 C:\DOCUME~1\g\LOCALS~1\Temp\cckYh8tX.ltrans2.ltrans.o
 .rodata        0x000000000008021c        0x8 C:\DOCUME~1\g\LOCALS~1\Temp\cckYh8tX.ltrans3.ltrans.o
 .rodata        0x0000000000080224       0x24 C:\DOCUME~1\g\LOCALS~1\Temp\cckYh8tX.ltrans4.ltrans.o
                0x0000000000080224                au8FlashWaitStatesHSRCO.148326
                0x000000000008022c                au8FlashWaitStates32MXO.148325
 .rodata.str1.1
                0x0000000000080248        0x4 C:\DOCUME~1\g\LOCALS~1\Temp\cckYh8tX.ltrans5.ltrans.o
                                          0x8 (size before relaxing)
 .rodata.str1.1
                0x000000000008024c       0x21 C:\DOCUME~1\g\LOCALS~1\Temp\cckYh8tX.ltrans6.ltrans.o
                                         0x39 (size before relaxing)
 .rodata.str1.1
                0x000000000008026d        0x7 C:\DOCUME~1\g\LOCALS~1\Temp\cckYh8tX.ltrans7.ltrans.o
                                          0xc (size before relaxing)
 .rodata        0x0000000000080274      0x1fc C:\DOCUME~1\g\LOCALS~1\Temp\cckYh8tX.ltrans8.ltrans.o
                0x0000000000080274                s_apsStSceTbl.129681
                0x0000000000080288                s_aprIdleStHandleCme.139662
                0x000000000008029c                s_aprActvStHandleCme.135794
                0x00000000000802f4                zps_sJoinSceTbl
                0x0000000000080300                zps_sActvSceTbl
 .rodata.str1.1
                0x0000000000080470        0x3 C:\DOCUME~1\g\LOCALS~1\Temp\cckYh8tX.ltrans9.ltrans.o
 *fill*         0x0000000000080473        0x1 00
 .rodata        0x0000000000080474     0x2204 C:\DOCUME~1\g\LOCALS~1\Temp\cckYh8tX.ltrans9.ltrans.o
 .rodata.str1.1
                0x0000000000082678        0xa C:\DOCUME~1\g\LOCALS~1\Temp\cckYh8tX.ltrans10.ltrans.o
                                         0x19 (size before relaxing)
 *fill*         0x0000000000082682        0x2 00
 .rodata        0x0000000000082684       0x18 C:\DOCUME~1\g\LOCALS~1\Temp\cckYh8tX.ltrans11.ltrans.o
                0x0000000000082684                au32NwkPdmRecordOffsets
 .rodata.str1.1
                0x0000000000000000        0xa C:\DOCUME~1\g\LOCALS~1\Temp\cckYh8tX.ltrans12.ltrans.o
                                          0xf (size before relaxing)
 .rodata        0x000000000008269c        0x6 C:\DOCUME~1\g\LOCALS~1\Temp\cckYh8tX.ltrans12.ltrans.o
 .rodata.str1.1
                0x0000000000000000        0x3 C:\DOCUME~1\g\LOCALS~1\Temp\cckYh8tX.ltrans14.ltrans.o
 .rodata.str1.1
                0x00000000000826a2        0x6 C:\DOCUME~1\g\LOCALS~1\Temp\cckYh8tX.ltrans15.ltrans.o
 .rodata.str1.1
                0x00000000000826a8        0x5 C:\DOCUME~1\g\LOCALS~1\Temp\cckYh8tX.ltrans17.ltrans.o
                                         0x17 (size before relaxing)
 .rodata.str1.1
                0x00000000000826ad       0x2a C:\DOCUME~1\g\LOCALS~1\Temp\cckYh8tX.ltrans18.ltrans.o
                                         0x4f (size before relaxing)
 .rodata.str1.1
                0x0000000000000000       0x2a C:\DOCUME~1\g\LOCALS~1\Temp\cckYh8tX.ltrans19.ltrans.o
                                          0x6 (size before relaxing)
 *fill*         0x00000000000826d7        0x1 00
 .rodata        0x00000000000826d8       0x4c C:\DOCUME~1\g\LOCALS~1\Temp\cckYh8tX.ltrans19.ltrans.o
                0x00000000000826d8                g_u32NwkFcSaveCountBitShift
 .rodata.str1.1
                0x0000000000082724        0x5 C:\DOCUME~1\g\LOCALS~1\Temp\cckYh8tX.ltrans20.ltrans.o
 .rodata        0x0000000000082729      0x107 C:\DOCUME~1\g\LOCALS~1\Temp\cckYh8tX.ltrans20.ltrans.o
                0x0000000000082729                au8ZLLChannelSet
 .rodata.str1.1
                0x0000000000000000        0x5 C:\DOCUME~1\g\LOCALS~1\Temp\cckYh8tX.ltrans22.ltrans.o
                                          0x4 (size before relaxing)
 .rodata        0x0000000000082830       0x10 C:\DOCUME~1\g\LOCALS~1\Temp\cckYh8tX.ltrans22.ltrans.o
 .rodata.str1.1
                0x0000000000082840       0x31 C:\DOCUME~1\g\LOCALS~1\Temp\cckYh8tX.ltrans23.ltrans.o
                                         0x34 (size before relaxing)
 .rodata.str1.1
                0x0000000000000000        0x4 C:\DOCUME~1\g\LOCALS~1\Temp\cckYh8tX.ltrans24.ltrans.o
 .rodata.str1.1
                0x0000000000000000       0x31 C:\DOCUME~1\g\LOCALS~1\Temp\cckYh8tX.ltrans26.ltrans.o
                                          0x6 (size before relaxing)
 .rodata.str1.1
                0x0000000000082871       0x27 C:\DOCUME~1\g\LOCALS~1\Temp\cckYh8tX.ltrans27.ltrans.o
                                         0x4a (size before relaxing)
 .rodata        0x0000000000082898      0x444 C:\DOCUME~1\g\LOCALS~1\Temp\cckYh8tX.ltrans28.ltrans.o
                0x0000000000082a98                gu32ZCLVersion
                0x0000000000082a9c                OS_g_u32Version
                0x0000000000082aa0                PDUM_g_u32Version
                0x0000000000082aa4                ZPS_g_u32MacVersion
                0x0000000000082aa8                ZPS_g_u32TsvVersion
 .rodata.str1.1
                0x0000000000082cdc       0xaa C:\DOCUME~1\g\LOCALS~1\Temp\cckYh8tX.ltrans30.ltrans.o
                                         0xc0 (size before relaxing)
 *fill*         0x0000000000082d86        0x2 00
 .rodata        0x0000000000082d88      0x55c C:\DOCUME~1\g\LOCALS~1\Temp\cckYh8tX.ltrans30.ltrans.o
                0x0000000000082d88                zps_g_pvApl
                0x0000000000082d8c                au32UartAddrOffset
                0x0000000000082d94                au32TimerBaseAddress
                0x0000000000082da8                au8ChannelMap.7176
                0x0000000000082dba                au8Timers.8714
                0x0000000000082dc0                pwrm_psWakeupCallbacks

.text           0x00000000000832e8    0x26db8
 *(.text*)
 .text          0x00000000000832e8     0x1f3c C:\DOCUME~1\g\LOCALS~1\Temp\cckYh8tX.ltrans0.ltrans.o
                0x00000000000832e8                APP_TIMER_Version_1v0
                0x00000000000832e8                vInitialiseApp.3252
 .text          0x0000000000085224     0x18fe C:\DOCUME~1\g\LOCALS~1\Temp\cckYh8tX.ltrans1.ltrans.o
                0x0000000000085224                vMMAC_IntHandlerBbc
                0x000000000008523e                eBasicTxCompleteHandler
                0x0000000000085243                vTxRxTimeout.145809
                0x00000000000852a0                eSmeAcScBeaconInd.137757
                0x00000000000852fc                eSmeASFlBeaconInd.137592
                0x000000000008531e                eSmeUDNTScanDcfm.137042
                0x000000000008533a                vPermitJoinHandleExpiry.132593
                0x0000000000085343                vNwkMcpsTimerCallback
                0x000000000008535d                zps_eSceGenlIllegal
                0x0000000000085364                zps_eSmeGenlIllegal
                0x00000000000853d7                zps_eNwkHandleSmePollDcfm
                0x0000000000085401                eSmeGenlScanDcfm.137584
                0x000000000008545f                eRouteRequestDataDcfm.133765
                0x00000000000854b3                eNldeDataDcfm.131600
                0x00000000000854e3                eSmeEdScScanDcfm.137580
                0x000000000008552c                eCLD_ColourControl_xyY2HSV.constprop.41
                0x00000000000856f2                vMiniMac_ReturnTxBufferCallback
                0x0000000000085704                vEnableReceive.145813
                0x000000000008573e                pvHeap_Alloc
                0x0000000000085741                vMicroIntRestoreState
                0x000000000008574d                bAHI_WriteEEPROMfixSegmentData
                0x00000000000857ab                bAHI_InitialiseEEPROM
                0x00000000000857f3                vAHI_ReadDataFromEEPROMregister
                0x0000000000085820                vAHI_WriteDataIntoEEPROMregister
                0x0000000000085850                iPDM_WriteSegmentHeaderDataIntoEEPROMsegment
                0x000000000008587f                u8AHI_WakeTimerFiredStatus
                0x0000000000085893                vAHI_WakeTimerStop.part.3.148820
                0x00000000000858b3                vAHI_UartReset.part.4.148574
                0x00000000000858eb                vAHI_UartSetBaudDivisor.part.1.148554
                0x000000000008592a                vAHI_OptimiseWaitStates
                0x0000000000085976                bAHI_GetClkSource
                0x0000000000085983                vAHI_CpuDoze
                0x0000000000085996                vAHI_SwReset
                0x00000000000859c7                vUnclaimedInterrupt.3254
                0x00000000000859c9                bIssueACIcommand
                0x0000000000085a5f                vACI_CmdWaitBusy
                0x0000000000085a6c                vEcbEncodeStripe.147946
                0x0000000000085ac3                MAC_u64GetExtAddr
                0x0000000000085ade                psSearchForFrameToSend
                0x0000000000085b36                eMiniMac_FrameInProgress
                0x0000000000085b61                vRemoveFromTxQueue
                0x0000000000085b9d                vAddToTxQueue
                0x0000000000085bd3                u8GetHeaderSize
                0x0000000000085bfb                vMiniMac_PLME_SetReq_CcaMode
                0x0000000000085c0f                vMiniMac_MLME_SetReq_MaxCsmaBackoffs
                0x0000000000085c2f                vMiniMac_MLME_SetReq_MaxBe
                0x0000000000085c52                vMiniMac_MLME_SetReq_MinBe
                0x0000000000085c75                zps_vSendJoinInd
                0x0000000000085ce7                zps_psFormatCmdFrameGeneral
                0x0000000000085d74                zps_eNwkFormStInit
                0x0000000000085d89                vSendDcfm.138278
                0x0000000000085daf                bCheckMatchingEntry.137752
                0x0000000000085dd5                zps_psNwkSlistRemoveFromHead
                0x0000000000085dec                zps_psNwkSlistRemove
                0x0000000000085e24                zps_bNwkMcpsMgrRemoveDescrFromLists
                0x0000000000085e62                zps_vNwkSlistAddToTail
                0x0000000000085e7c                zps_vNwkSecClearMatSet
                0x0000000000085ea7                ZPS_bNwkSecHaveNetworkKey
                0x0000000000085edb                ZPS_bNwkSecFindMatSet
                0x0000000000085f17                zps_eNwkRctMatchNwkAddr
                0x0000000000085f81                ZPS_u8NwkCalcNldeReqOverhead
                0x0000000000085fbc                zps_vRemoveNextHop
                0x0000000000086071                zps_vRemoveRoute
                0x0000000000086108                zps_psNwkRtMatchNwkAddr
                0x000000000008617e                zps_vNwkFreeMcpsHandle
                0x00000000000861a8                zps_psNwkMcpsMgrFindPendingByNwkDstAddr
                0x00000000000861be                ZPS_u64NwkNibGetMappedIeeeAddr
                0x00000000000861e0                eLeaveDataDcfmRemoteLeave.142339
                0x0000000000086229                ZPS_vNwkSecResetDevice
                0x000000000008626e                ZPS_bNwkNibNtActvMatch
                0x0000000000086326                ZPS_u64NwkNibFindExtAddr
                0x00000000000863d1                ZPS_u16NwkNibFindNwkAddr
                0x0000000000086477                bCheckNwkAddr
                0x00000000000864c5                zps_vSendNwkStatusInd
                0x00000000000864f7                ZPS_vSetExtendedStatus
                0x0000000000086509                zps_eNwkRtMatch
                0x0000000000086623                zps_psApsApsAllocateDcfmRecord
                0x0000000000086691                zps_u8CalcLinkCost
                0x00000000000866cd                ZPS_u8NwkNibNtDiscMatch
                0x00000000000867b1                zps_u64NwkLibFromPayload
                0x000000000008694e                eSmeAcScBeaconInd.137600
                0x0000000000086a56                eSmeUDNTBeaconInd.137576
                0x0000000000086a79                zps_vNwkLibU64ToPayload
                0x0000000000086aa6                zps_vInitBeaconPayload
 .text          0x0000000000086b22     0x1529 C:\DOCUME~1\g\LOCALS~1\Temp\cckYh8tX.ltrans2.ltrans.o
                0x0000000000086b22                DBG_vUartFlush
                0x0000000000086b4f                DBG_vUartPutch
                0x0000000000086c38                boIdValueSearchMatch.122239
                0x0000000000086c92                vRadioToOff
                0x0000000000086caf                vStartReceive
                0x0000000000086ccb                vMiniMac_NextTransaction
                0x0000000000086d35                eTransmit
                0x0000000000086e4f                vMiniMac_TxComplete
                0x0000000000087088                vTimerFired
                0x0000000000087140                vMiniMac_Init
                0x000000000008749a                eCLD_ScenesSaveClusters.constprop.42
                0x00000000000876bd                vDispatch.60779
                0x000000000008778f                OS_eStartSWTimer.constprop.125
                0x00000000000878ae                OS_eStopSWTimer.constprop.33
                0x00000000000879ff                OS_ePostMessage
                0x0000000000087b65                os_vAPP_CommissionTimerTask
                0x0000000000087b7b                OS_eExitCriticalSection
                0x0000000000087c60                OS_eActivateTask
                0x0000000000087cfb                vPostMlmeDcfmInd.79914
                0x0000000000087d9e                vLC_WriteStringToUART.7111
                0x0000000000087dd3                vLC_WriteUnsignedIntegerToUART.7116
                0x0000000000087e43                vLC_WriteChannelStatusToUART.part.1.7119
                0x0000000000087e62                iPDM_ReadUserDataFromEEPROMsegment
                0x0000000000087edc                iPDM_ReCalculateWearCountAndChecksumAndWriteFileSystemHeader
                0x0000000000087f26                vPDM_SetEEPROMandFileSystemValidState
                0x0000000000087f4d                iPDM_ReadUserDataFromFileSystemRecord
                0x0000000000087f6d                vPDM_WriteFileSystemRecordAndSegmentDataIntoEEPROMsegment
                0x0000000000087fa8                u16ZCL_ReadCommandHeader.part.0.45048
                0x000000000008801f                eCLD_BasicCommandHandler
 *fill*         0x000000000008804b        0x1 00
 .text          0x000000000008804c     0x146c C:\DOCUME~1\g\LOCALS~1\Temp\cckYh8tX.ltrans3.ltrans.o
                0x0000000000088082                dbg_vPrintfImplNoneVerbose
                0x0000000000088509                eCLD_ColourControl_GetRGB
                0x00000000000885da                APP_vHandleIdentify
                0x00000000000886f7                eCLD_ColourControlHandleColourModeChange
                0x000000000008878c                eCLD_LevelControlUpdate
                0x0000000000088a3e                eCLD_LevelControlStopTransition
                0x0000000000088a7b                eCLD_LevelControlSetOnOffState
                0x0000000000088bb8                eCLD_ColourControlUpdate
                0x00000000000890fc                eCLD_ColourControlSceneEventHandler.37953
                0x000000000008913f                eCLD_ScenesRemoveAllScenes
                0x00000000000891ef                eCLD_ScenesUpdate
 .text          0x00000000000894b8     0x11ce C:\DOCUME~1\g\LOCALS~1\Temp\cckYh8tX.ltrans4.ltrans.o
                0x00000000000894b8                os_u32APP_cbGetTickTimer
                0x00000000000894c1                os_bAPP_cbSetTickTimerCompare
                0x000000000008951d                vZdoServersInit.2959
                0x00000000000895b9                u16ZCL_ReadTypeNBO
                0x000000000008966e                u16ZCL_APduInstanceReadNBO
                0x00000000000896bf                iPDM_ReadSegmentHeaderDataFromEEPROMsegment
                0x0000000000089718                PWRM_vWakeInterruptCallback
                0x000000000008979f                u16ZCL_APduInstanceWriteNBO
                0x00000000000897f3                u16ZCL_WriteCommandHeader
                0x000000000008986b                u16ZCL_APduInstanceWriteStringNBO
                0x0000000000089932                u16ZCL_APduInstanceReadStringNBO
                0x0000000000089a07                eZCL_GetAttributeTypeSizeFromBuffer
                0x0000000000089a7e                eCLD_ScenesSetLastConfiguredBy.isra.2.22849
                0x0000000000089ab5                eCLD_IdentifyRegisterTimeServer.part.0.15914
                0x0000000000089b03                eCLD_ScenesFindActiveScene
                0x0000000000089b38                iPDM_FilterDuplicateAppendedSegmentsOnList.123492
                0x0000000000089b7c                ZPS_bIsMacAddressUsedInApsTable
                0x0000000000089c32                eCLD_GroupsCheckGroupExists
                0x0000000000089c9f                ZPS_eTsvOpen
                0x0000000000089cb9                zps_vNwkBttMgrInit
                0x0000000000089ce7                ZPS_vNwkNibClearTables
                0x0000000000089e08                vMiniMac_MLME_SetReq_PanId
                0x0000000000089e45                vMiniMac_MLME_SetReq_ShortAddr
                0x0000000000089e53                vAHI_AdcStartAccumulateSamples.constprop.159
                0x0000000000089eaf                vZCL_InitializeClusterInstance.constprop.142
                0x0000000000089ec0                eCLD_GroupsCreateGroups.constprop.139
                0x0000000000089fe1                psDLISTsearchFromHead
                0x000000000008a00a                eCLD_ScenesAddScene
                0x000000000008a0ea                eCLD_ScenesFindScene
                0x000000000008a146                pvZCL_HeapAlloc.part.0.52409.constprop.124
                0x000000000008a17f                iAHI_WriteDataIntoEEPROMsegment.constprop.115
                0x000000000008a1cd                vMicroIntEnableOnly.constprop.109
                0x000000000008a1f9                vSetChannelAndPower
                0x000000000008a297                vMiniMac_PLME_SetReq_Power
                0x000000000008a2ab                vMiniMac_PLME_SetReq_Channel
                0x000000000008a2b3                TSV_eStart
                0x000000000008a303                bAHI_SetClockRate.part.0.148246.constprop.82
                0x000000000008a37e                vAHI_TimerEnable.part.1.148355.constprop.74
                0x000000000008a3e8                vACI_OptimisedCcmStar.constprop.60
                0x000000000008a5d3                zps_eNwkRtDiscMatch.constprop.57
                0x000000000008a626                bACI_ECBencodeBuffer.part.0.147910.constprop.55
 .text.unlikely
                0x000000000008a686       0x43 C:\DOCUME~1\g\LOCALS~1\Temp\cckYh8tX.ltrans4.ltrans.o
                0x000000000008a686                vAHI_MemoryHold.148254
 .text          0x000000000008a6c9     0x1046 C:\DOCUME~1\g\LOCALS~1\Temp\cckYh8tX.ltrans5.ltrans.o
                0x000000000008a873                eBeaconReqSent.146585
                0x000000000008a89a                zps_bAplZdoIeeeAddrServer
                0x000000000008a9f0                zps_bAplZdoNwkAddrServer
                0x000000000008ac36                vPDM_AddFileSystemElementToListInAscendingWearCountOrder
                0x000000000008ad44                vTransformKey.isra.0.69562
                0x000000000008ad74                vMiniMac_McpsCallback
                0x000000000008afa0                eMcpsTxCompleteHandler.145438
                0x000000000008afce                PWRM_vManagePower
                0x000000000008b10b                APP_ZCL_vSetIdentifyTime
                0x000000000008b182                APP_ZCL_cbEndpointCallback.5758
                0x000000000008b59d                vFreePendingReqDescr
                0x000000000008b608                vHandleRouteDiscoveryExpiry.133325
                0x000000000008b666                zps_vSendJoinDcfm
                0x000000000008b6ad                vGiveUp.140904
                0x000000000008b6e5                eCLD_ZllCommissionCommandNetworkJoinRouterRspCommandSend.constprop.30
 .text.unlikely
                0x000000000008b70f       0xaa C:\DOCUME~1\g\LOCALS~1\Temp\cckYh8tX.ltrans5.ltrans.o
                0x000000000008b70f                eMakeEntryInBindingTable.68057
 *fill*         0x000000000008b7b9        0x3 00
 .text          0x000000000008b7bc     0x13d8 C:\DOCUME~1\g\LOCALS~1\Temp\cckYh8tX.ltrans6.ltrans.o
                0x000000000008b92d                vHandleZllDeviceJoin
                0x000000000008bc59                vPostNldeDcfmInd.64034
                0x000000000008c7a0                eUnfragmentedUnicastTransmission.66604
                0x000000000008ca4f                zps_eAplApsmeUpdateDeviceReqRsp.part.4.68168
 .text          0x000000000008cb94     0x1374 C:\DOCUME~1\g\LOCALS~1\Temp\cckYh8tX.ltrans7.ltrans.o
                0x000000000008cc80                vIncrementFrameCounterInPdm.isra.0.130812
                0x000000000008ce5f                vProcessListsForSubmission.129522
                0x000000000008d119                zps_vNwkMcpsMgrPost
                0x000000000008d13d                psSendRouteReplyCmd.133747
                0x000000000008d24f                zps_eNwkHandleSceRouteReply
                0x000000000008d5b6                zps_vNwkHandleCmeLeaveReq
                0x000000000008d684                zps_eNwkHandleSceLeave
                0x000000000008d846                zps_eNwkHandleSdeActvDcfmData
                0x000000000008d9d0                vMcpsMgrTimeoutExpiry
                0x000000000008da3f                iPDM_VerifyDataSequenceWithBufferId
                0x000000000008dae1                vSaveScenesNVM
                0x000000000008dbc6                eCLD_GroupsRemoveAllGroups
                0x000000000008dc80                vRemoveAllGroupsAndScenes
                0x000000000008dcd5                eCLD_ScenesCreateScenes.constprop.137
                0x000000000008dd81                zps_eAplZdoGroupEndpointRemove
                0x000000000008de19                zps_eAplSecEncryptPacket
 *fill*         0x000000000008df08        0x0 00
 .text          0x000000000008df08      0xf60 C:\DOCUME~1\g\LOCALS~1\Temp\cckYh8tX.ltrans8.ltrans.o
                0x000000000008df08                os_vzps_taskZPS
                0x000000000008e131                vMcpsMgrExpiry.129406
                0x000000000008e190                vBbcIntHandler.145236
                0x000000000008e448                os_vzps_isrMAC
                0x000000000008e487                eAssocRespSent.146146
                0x000000000008e4a6                zps_vNwkHandleCmeSyncReq
                0x000000000008e528                zps_vNwkHandleCmeIdleNwkFormReq
                0x000000000008e5d0                zps_vNwkHandleCmeNwkDiscReq
                0x000000000008e64a                zps_vNwkHandleCmeEdScanReq
                0x000000000008e85f                zps_vNwkHandleCmeNwkJoinReq
                0x000000000008eb1d                zps_vNwkHandleCmeNwkActvJoinReq
                0x000000000008ebb9                vHandleRejoinExpiry.140900
                0x000000000008ec17                zps_eRejoinDataDcfm
                0x000000000008ede1                vSetKeys
 .text          0x000000000008ee68     0x133c C:\DOCUME~1\g\LOCALS~1\Temp\cckYh8tX.ltrans9.ltrans.o
                0x000000000008ee68                os_vAPP_cbDisableTickTimer
                0x000000000008eeac                DBG_iUartGetChar
                0x000000000008eefc                os_vAPP_cbEnableTickTimer
                0x000000000008ef7c                vRetryCcaFailure
                0x000000000008efd1                eOrphanNotificationSent.146581
                0x000000000008f01a                eZCL_SearchForClusterEntry
                0x000000000008f0b8                eZCL_FindCluster.constprop.64
                0x000000000008f105                eCLD_OnOffGetState
                0x000000000008f134                eCLD_LevelControlClusterIsPresent
                0x000000000008f14b                eCLD_GroupsSetIdentifying
                0x000000000008f16e                vCLD_IdentifyTimerClickCallback.15907
                0x000000000008f1f5                eCLD_OnOffSetGlobalSceneControl.constprop.20
                0x000000000008f229                eCLD_ColourControl_HSV2xyY.constprop.40
                0x000000000008f4fc                eZCL_CustomCommandReceiveScenes.isra.0.part.1.22833.constprop.16
                0x000000000008f5f0                vCLD_ScenesUpdateSceneValid
                0x000000000008f66c                eCLD_OnOffSetState
                0x000000000008f6dd                eCLD_OnOffSceneEventHandler.18971
                0x000000000008f714                eZCL_BuildTransmitAddressStructure
                0x000000000008f781                eCLD_ScenesCountScenes
                0x000000000008f79b                DriverBulb_vOutput
                0x000000000008fa05                DriverBulb_vSetOnOff
                0x000000000008fa27                vLI_UpdateDriver
                0x000000000008fb15                vLI_Start.constprop.46
                0x000000000008fb77                vRGBLight_SetLevels
                0x000000000008fc37                vSetBulbState
                0x000000000008fc68                ZPS_bSecDecrypt
                0x000000000008fd7a                boPDM_IsBitmapSaturated.123131
                0x000000000008fdc3                eCLD_ScenesStoreScene
                0x000000000008fe9b                vAHI_UartConfigureFIFOs.part.5.148673
                0x000000000008ff0b                DBG_vUartInitHardware
                0x000000000008ffde                iPDM_SearchForBufferIdInList
                0x0000000000090013                iPDM_SearchForBufferIdInFileSystem
                0x0000000000090026                iPDM_ReadUserDataFromSegmentWithId
                0x000000000009005b                iPDM_SearchForSpecificSegmentInList
                0x000000000009008d                psGetTxFrameBuffer
                0x00000000000900cc                psGetAndBuildCoordRealignment
                0x0000000000090124                eBuildAndSend.146589
                0x0000000000090199                MAC_vPibSetRxOnWhenIdle.constprop.102
 .text          0x00000000000901a4     0x1451 C:\DOCUME~1\g\LOCALS~1\Temp\cckYh8tX.ltrans10.ltrans.o
                0x00000000000901a4                vSendNetworkReport.128506
                0x000000000009027e                zps_eNwkHandleSceRouteRequest
                0x00000000000906ad                zps_psNwkInitiateRouteDiscovery
                0x00000000000909e5                zps_psSendFrm
                0x0000000000090d01                zps_psSendBroadcastFrm
                0x0000000000090d97                ZPS_vNwkHandleNldeReqRsp
                0x0000000000090f77                zps_eAplApsmeCmdMgrSendCommand
                0x0000000000091054                zps_eNwkHandleSceRouteRecord
                0x0000000000091128                zps_psNwkSendRejoinReqCmd.constprop.6
                0x0000000000091198                zps_u8NwkHandleRejoinReq
                0x0000000000091261                vContinueRejoin.140134
                0x0000000000091308                zps_psSendNetworkStatusCmd
                0x0000000000091375                zps_vProcessLocalAddrConflict
                0x0000000000091420                zps_eDefaultDataDcfm
 .text          0x00000000000915f5      0xf80 C:\DOCUME~1\g\LOCALS~1\Temp\cckYh8tX.ltrans11.ltrans.o
                0x00000000000915f5                vPDM_MoveAllDataFromListToList
                0x0000000000091633                vPDM_MoveAllDataWithBufferIdAndStateFromListToList
                0x00000000000916be                vPDM_MoveAllDataToDeAllocList
                0x00000000000916e6                vPDM_MoveAllDataWithBufferIdFromListToList
                0x000000000009176b                vPDM_DeleteAllSegmentsWithIdFromFileSystemList.constprop.113
                0x00000000000917ad                vPDM_MoveFileRecordFromListToList
                0x00000000000917d0                vPDM_MoveRecordToDeAllocList
                0x00000000000917f0                vPDM_DeleteAppendedSequence
                0x0000000000091895                iPDM_WriteSegmentHeaderAndData
                0x0000000000091a91                iPDM_SegmentCopyAndAppendData.constprop.162
                0x0000000000091aee                iPDM_ReconstructReplacedDataTable
                0x0000000000091d6d                PDM_eSaveRecordData
                0x00000000000921a2                ZPS_vNwkSaveRecord
                0x00000000000921ce                ZPS_vNwkSaveNt
                0x00000000000921e1                ZPS_vNwkPurgeMacAddressAndRelatedEntries
                0x00000000000922e7                ZPS_vNtSetUsedStatus
                0x000000000009238e                zps_vBuildSortedActvNTList
                0x000000000009244c                zps_eNwkHandleSmeCommStatusInd
                0x0000000000092500                ZPS_vNwkSaveSecMat
                0x0000000000092514                vPDM_ImageBitmapRepair.122154
 .text          0x0000000000092575     0x11ee C:\DOCUME~1\g\LOCALS~1\Temp\cckYh8tX.ltrans12.ltrans.o
                0x0000000000092831                zps_bAplZdoMatchDescServer
                0x0000000000092845                PDUM_eNPduAllocate
                0x00000000000928b4                zps_u8AplApsConstructAndPostLoopBackDataInd.66621
                0x00000000000929ed                u8PostUnicastMsgToNHLE.66629
                0x0000000000092a26                PDUM_eNPduClone
                0x0000000000092a72                PDUM_eNPduFree
                0x0000000000092adf                vPostVsMcpsDcfmInd.79921
                0x0000000000092bc9                ZPS_vInterceptMcpsDataCallback
                0x0000000000092c2b                zps_vNwkMcpsMgrFreeReqDescr
                0x0000000000092c5d                zps_psAllocateAndFormatMacHdr
                0x0000000000092f46                zps_psNwkInitCmdFrame
                0x0000000000092fc5                eSendLinkStatusDataDcfm.part.1.127471
                0x00000000000930f7                zps_vNwkRemoveConflictedBroadcast
                0x0000000000093149                zps_vNwkMcpsMgrTidyBtrReqDescr
                0x000000000009318d                vNwkBttTimerExpiry.135842
                0x00000000000932ab                MAC_vHandleMcpsVsReqRsp
                0x00000000000935ce                hZCL_AllocateAPduInstance
                0x000000000009360a                eZCL_TransmitInterPanRequest.constprop.37
                0x0000000000093675                eSendScanResponse.6726.constprop.35
 *fill*         0x0000000000093763        0x1 00
 .text          0x0000000000093764     0x1308 C:\DOCUME~1\g\LOCALS~1\Temp\cckYh8tX.ltrans13.ltrans.o
                0x0000000000093764                zps_vNwkHandleCmeRouteDiscoveryReq
                0x00000000000937ea                vAckTimeOutHandler
                0x0000000000093897                vMiniMac_MlmeCallback
                0x0000000000093b83                vSendMlmeCommStatusFromTxFrame
                0x0000000000093bd9                MAC_vHandleMlmeVsReqRsp.constprop.103
                0x0000000000094408                vScanBeaconReceived
                0x0000000000094447                vPostDcfm.146600
                0x00000000000944b0                vScanNextChannel.146606
                0x00000000000946bb                vRunningRxCallback
                0x0000000000094a15                ZPS_vNwkResetOutgoingFrameCounter
 .text          0x0000000000094a6c     0x1366 C:\DOCUME~1\g\LOCALS~1\Temp\cckYh8tX.ltrans14.ltrans.o
                0x0000000000094a6c                DBG_vUartFailedAssert
                0x0000000000094a70                zps_bAplZdoBindRequestServer
                0x0000000000094bab                psGetVsMcpsBuf.79918
                0x0000000000094bb4                psGetMlmeBuf.79911
                0x0000000000094bfb                psGetNlmeBuf.64010
                0x0000000000094c05                psGetNldeBuf.64031
                0x0000000000094c0f                psGetApsmeBuf.64017
                0x0000000000094c18                psGetApsdeBuf.64024
                0x0000000000094d31                vLoopbackTimerCallback
                0x0000000000094d60                vOSError.3256
                0x0000000000094d63                zps_eNwkDcfmIndPost
                0x0000000000094d86                zps_psNwkDcfmIndGetBuf
                0x0000000000094da8                DBG_vInit
                0x0000000000094dea                vPDM_ReadBitmapHeader.123096
                0x0000000000094e09                psSLISTsearch
                0x0000000000094e49                psSLISTremove
                0x0000000000094ec7                vSLISTaddToTail
                0x0000000000094ee6                psSLISTgetNext
                0x0000000000094f0a                u8PDM_CalculateFileSystemCapacity
                0x0000000000094f28                u8PDM_CalculateLargestDataRecordStored
                0x0000000000094f59                bPDM_ImageBitmapRepairCheck
                0x0000000000094f81                u8PDM_ReadSequenceNumber
                0x0000000000094fa4                boSegmentNumberDeleteSearchMatch.122666
                0x0000000000094fbf                u8PDM_ReadSegmentDataSize
                0x0000000000094fd3                u32PDM_ReadFileSystemHeaderWearCount
                0x0000000000094fe9                boSearchForWearCountSubstitute.122982
                0x000000000009500f                boSearchForWearCountInsertPoint.122235
                0x000000000009502d                vPDM_WriteFileSystemHeaderWearCount
                0x000000000009503f                RND_u32GetRand256
                0x000000000009505c                RND_u32GetRand
                0x0000000000095083                u16CalculateFailedTxCount.97942
                0x00000000000950ad                vZdoIeeeAddrServerSendExtendResponse.part.0.83739
                0x000000000009510e                vZdoNwkAddrServerSendExtendResponse.part.0.82559
                0x000000000009516f                zps_bAplZdoServerHandleConfirmAcks
                0x00000000000951b9                zps_bPerformLeaveActionDecider
                0x00000000000951be                vHandleUpdateDeviceIndication.73076
                0x00000000000951e8                bDuplicateCheck.69443
                0x00000000000952f5                eHandleRemoveNonBroadcastEndpointsFromGroup.68071
                0x000000000009536d                eHandleAddEntryToGroupTable.68034
                0x00000000000953c9                zps_vAplApsFillAndPostApsAck
                0x0000000000095433                zps_u8AplApsFreeMsgHandle
                0x000000000009549d                vFillDataIndStruct.63877
                0x00000000000954fb                vFillApduErrorEvent.63870
                0x000000000009553e                bCheckProfile.63865
                0x0000000000095585                ZPS_bIsGroupPresent
                0x00000000000955bd                pdum_u16ReadNBO
                0x000000000009571e                PDUM_u16SizeNBO
                0x000000000009577c                PDUM_u16APduInstanceWriteStrNBO
                0x00000000000958fb                PDUM_u16APduInstanceReadNBO
                0x0000000000095946                PDUM_u16APduInstanceWriteNBO
                0x00000000000959b0                PDUM_thAPduInstanceGetApdu
                0x00000000000959cb                PDUM_eAPduInstanceSetPayloadSize
                0x00000000000959f3                PDUM_eNPduWriteDataFromBuffer
                0x0000000000095a4d                PDUM_eNPduWriteDataToBuffer
                0x0000000000095aab                PDUM_eNPduWriteFromBuffer
                0x0000000000095ad4                PDUM_eNPduDescend
                0x0000000000095afa                PDUM_eNPduAscend
                0x0000000000095b20                PDUM_eNPduClaimData
                0x0000000000095b8d                PDUM_eNPduAppendDataNBO
                0x0000000000095bea                PDUM_eNPduClaimHeader
                0x0000000000095c0d                PDUM_eNPduReadHeaderNBO
                0x0000000000095c60                PDUM_eNPduPrependHeaderNBO
                0x0000000000095cbb                PDUM_eNPduInitDescending
                0x0000000000095cd6                zps_vInitAPSMECmdHdr
                0x0000000000095d0d                OS_eCollectMessage
 .text.unlikely
                0x0000000000095dd2       0xd0 C:\DOCUME~1\g\LOCALS~1\Temp\cckYh8tX.ltrans14.ltrans.o
                0x0000000000095dd2                bIsBindTableMatch.68011
                0x0000000000095e23                eRemoveEntryInBindingTable.68039
 .text          0x0000000000095ea2     0x13bb C:\DOCUME~1\g\LOCALS~1\Temp\cckYh8tX.ltrans15.ltrans.o
                0x0000000000095ea2                zps_vCleanUnAuthenHandleExpiry
                0x0000000000095fed                eUnsolicitedRejoinRspDataDcfm.128518
                0x0000000000096018                eRejoinRspDataDcfm.140138
                0x00000000000960e7                zps_vAplSaveRecord
                0x0000000000096222                zps_bNwkFindAddIeeeAddr
                0x00000000000963a0                zps_psFindKeyDescr
                0x00000000000964d4                zps_eNwkHandleSceLinkStatus
                0x0000000000096608                ZPS_bNwkNibAddrMapAddEntry
                0x00000000000967cf                zps_vAgeRouter
                0x000000000009680d                zps_vLinkStatusHandleExpiry
                0x00000000000968ae                zps_sNwkNibNtCheckJoin
                0x0000000000096b57                zps_vNwkHandleCmeDirectJoinReq
                0x0000000000096bd6                zps_vJoinInitNtParent
                0x0000000000096d2c                zps_vCheckActvNtForDuplicate
                0x0000000000096dc9                eCheckAddrConflict.isra.4.128743
                0x0000000000096e5f                vAplSecRemoveLinkKey.73169
                0x0000000000096edc                ZPS_vNwkSaveAllRecords
                0x0000000000096ef3                zps_vSaveAllZpsRecords
                0x0000000000096f12                ZPS_vNwkNibSetNwkAddr
                0x0000000000096f30                zps_eNwkHandleSceRejnResponse
                0x0000000000096f8d                ZPS_vNwkNibSetExtPanId
                0x0000000000096fb2                vFinish.141341
                0x0000000000097007                eSmeOrphScanDcfm.141351
                0x000000000009707f                ZPS_vNwkNibSetKeySeqNum
                0x0000000000097093                ZPS_vNwkNibSetDepth
                0x00000000000970bc                ZPS_vNwkNibSetUpdateId
                0x00000000000970cb                vSendNetworkUpdate.128510
                0x00000000000971fa                ZPS_vNwkNibSetPanId
                0x0000000000097218                ZPS_vNwkNibSetCapabilityInfo
                0x0000000000097245                ZPS_vNwkNibSetChannel
 .text.unlikely
                0x000000000009725d       0x5f C:\DOCUME~1\g\LOCALS~1\Temp\cckYh8tX.ltrans15.ltrans.o
                0x000000000009725d                vInitUnknownNeighbor.129418
 .text          0x00000000000972bc     0x1167 C:\DOCUME~1\g\LOCALS~1\Temp\cckYh8tX.ltrans16.ltrans.o
                0x00000000000972bc                eZCL_SendDefaultResponse
                0x00000000000973bb                eZCL_CustomCommandReceive
                0x0000000000097529                eCLD_ColourControlCommandHandler
                0x000000000009841a                eCLD_OnOffCommandReceive
 .text          0x0000000000098423     0x12f9 C:\DOCUME~1\g\LOCALS~1\Temp\cckYh8tX.ltrans17.ltrans.o
                0x00000000000985d0                eTryNextParent
                0x000000000009870c                vCheckSleepingSendPoll.part.1.141453
                0x0000000000098776                vSdeHandleMcpsDataInd.129502
                0x00000000000993f9                ZPS_vNwkNibCheckAndUpdateAddresses
                0x0000000000099490                zps_bAplZdoDeviceAnnceServer
 *fill*         0x000000000009971c        0x0 00
 .text          0x000000000009971c     0x1118 C:\DOCUME~1\g\LOCALS~1\Temp\cckYh8tX.ltrans18.ltrans.o
                0x0000000000099943                zps_eZdpSimpleDescResponse
                0x0000000000099a50                zps_eZdpNodeDescResponse
                0x0000000000099af8                zps_eZdpActiveEpResponse
                0x0000000000099b8e                zps_eZdpMatchDescResponse
                0x0000000000099c24                zps_eZdpSystemServerDiscoveryResponse
                0x0000000000099c93                zps_eAplZdpMgmtLqiResponse
                0x0000000000099d7b                zps_eZdpPowerDescResponse
                0x0000000000099e18                zps_eAplZdpMgmtRtgResponse
                0x0000000000099f91                zps_eZdpNwkAddrResponse
                0x000000000009a074                zps_eZdpIeeeAddrResponse
                0x000000000009a157                zps_bAplZdoMgmtNWKUpdateServer
                0x000000000009a4c7                eZCL_TransmitDataRequest
 .text          0x000000000009a834     0x110c C:\DOCUME~1\g\LOCALS~1\Temp\cckYh8tX.ltrans19.ltrans.o
                0x000000000009a89c                zps_vNwkHandleCmeActvStartRouterReq
                0x000000000009a9d7                vHandleNwkLocalUpdateAfterBcast.128523
                0x000000000009aa2b                vHandleNwkRemoteUpdateAfterBcast.128514
                0x000000000009aa7f                eSmeAcScScanDcfm.138282
                0x000000000009ad4d                ZPS_pvNwkCtor.constprop.100
                0x000000000009b2d0                ZPS_vNwkHandleNlmeReqRsp
                0x000000000009b34d                zps_vAplAfPostEvent
                0x000000000009b53a                zps_eAplZdoLeaveNetwork.constprop.32
                0x000000000009b565                zps_bAplZdoMgmtLeaveServer
                0x000000000009b6e5                zps_eAplZdoNlmePermitJoiningWrapper
                0x000000000009b70d                zps_bAplZdoPermitJoiningServer
                0x000000000009b7a7                vChangeChannelTimerExpiry.97934
                0x000000000009b80a                eLeaveReset.142334
                0x000000000009b875                eLeaveDataDcfmLocalLeave.142344
                0x000000000009b8ef                zps_eAplZdoZllStartRouter
 *fill*         0x000000000009b940        0x0 00
 .text          0x000000000009b940     0x1204 C:\DOCUME~1\g\LOCALS~1\Temp\cckYh8tX.ltrans20.ltrans.o
                0x000000000009ba00                os_vAPP_ZPR_Light_Task
                0x000000000009bc58                os_vAPP_Commission_Task
 .text          0x000000000009cb44     0x1028 C:\DOCUME~1\g\LOCALS~1\Temp\cckYh8tX.ltrans21.ltrans.o
                0x000000000009cb44                eCLD_ScenesCommandHandler
 *fill*         0x000000000009db6c        0x0 00
 .text          0x000000000009db6c     0x116c C:\DOCUME~1\g\LOCALS~1\Temp\cckYh8tX.ltrans22.ltrans.o
                0x000000000009dc1b                zps_eNwkHandleSmeOrphanInd
                0x000000000009df87                zps_eNwkHandleSmeAssocInd
                0x000000000009dfa9                zps_eNwkHandleSceRejnRequest
                0x000000000009e029                vStartScanTimerExpiry.97938
                0x000000000009e065                zps_vAplApsPollTimer
                0x000000000009e231                vPostNlmeDcfmInd.64013
                0x000000000009e942                zps_vProcessChildAddrConflict
                0x000000000009ea05                zps_eNwkHandleSceNwkStatus
                0x000000000009ebc3                vDiscoverNetworks.4421
                0x000000000009ec5f                vTryNwkJoin.4427
 .text          0x000000000009ecd8     0x14f6 C:\DOCUME~1\g\LOCALS~1\Temp\cckYh8tX.ltrans23.ltrans.o
                0x000000000009ecd8                OS_eEnterCriticalSection
                0x000000000009eda0                PDUM_hAPduAllocateAPduInstance
                0x000000000009ee14                zps_eAplZdoSendZdpResponse
                0x000000000009ee5d                bSendResponse.96753
                0x000000000009eea0                PDUM_eAPduFreeAPduInstance
                0x000000000009ef23                zps_bAplZdoNodeDescServer
                0x000000000009f08f                zps_bAplZdoSimpleDescServer
                0x000000000009f2f0                zps_bAplZdoPowerDescServer
                0x000000000009f40d                zps_bAplZdoActiveEpServer
                0x000000000009f4f6                zps_bAplZdoSystemServerDiscoveryServer
                0x000000000009f57f                zps_bAplZdoMgmtLqiServer
                0x000000000009f7ab                zps_bAplZdoMgmtRtgServer
                0x000000000009f8f1                PDM_eReadDataFromRecord.part.0.121559
                0x000000000009f974                vLoadNwkRecord.130378
                0x000000000009f9b2                vLoadAplRecord.73103
                0x000000000009f9e6                ZPS_eTsvStart
                0x000000000009fa41                zps_eAplZdoBdrmRequestSend
                0x000000000009fabc                zps_eNwkHandleSceNwkUpdate
                0x000000000009fae0                vProcessTimedList.129434
                0x000000000009fb26                zps_vNwkMcpsMgrPostTimed
                0x000000000009fb39                vNwkMcpsSendTimedDfcm
                0x000000000009fb7d                zps_vAplAfPostTimerEvent
                0x000000000009fbfa                zps_vExpireOldRoutes
                0x000000000009fc83                zps_vNwkJoinStStartResponseTimer
                0x000000000009fcbd                ZPS_eTsvStop
                0x000000000009fd11                zps_vNwkHandleCmePermitJoinReq
                0x000000000009fd79                zps_eNwkBtrMatch
                0x000000000009fe76                zps_vAplApsStopPollTimer.part.2.66510
                0x000000000009fefd                ZPS_bSecEncrypt
                0x00000000000a00b3                eHandleRemoveBroadcastEndpointsFromGroup.68030
                0x00000000000a010d                eZCL_SetReceiveEventAddressStructure
                0x00000000000a018c                DBG_vDumpStack
 *fill*         0x00000000000a01ce        0x2 00
 .text          0x00000000000a01d0      0xfb0 C:\DOCUME~1\g\LOCALS~1\Temp\cckYh8tX.ltrans24.ltrans.o
                0x00000000000a01d0                vAplSecAuthPollTimerExpiry.73053
                0x00000000000a0228                vAplSecAuthTimerExpiry.73057
                0x00000000000a02f8                vHandleApsInterPanDcfmData
                0x00000000000a0726                vPostApsdeDcfmInd.64027
                0x00000000000a092f                zps_vHandleApsdeDataFragIndNotSupported
                0x00000000000a0998                vApsInterPanMcpsDataInd
                0x00000000000a0b3f                eDiscoverNetworks.73123
                0x00000000000a0b9b                zps_eAplZdoDiscoverNetworks
                0x00000000000a0bc4                eStartNetworkDiscovery.73130
                0x00000000000a0c51                eStartRouter.73140
                0x00000000000a0d20                vPostApsmeDcfmInd.64020
 .text          0x00000000000a1180      0xee0 C:\DOCUME~1\g\LOCALS~1\Temp\cckYh8tX.ltrans25.ltrans.o
                0x00000000000a1ae5                os_vTick_Task
                0x00000000000a2038                os_vZCL_Task
 .text          0x00000000000a2060      0xed8 C:\DOCUME~1\g\LOCALS~1\Temp\cckYh8tX.ltrans26.ltrans.o
                0x00000000000a24d6                eCLD_ZllCommissionCommandHandler
                0x00000000000a270d                eCLD_LevelControlCommandHandler
                0x00000000000a2aa4                vZCL_HandleAttributesWriteRequest
 .text          0x00000000000a2f38      0xd47 C:\DOCUME~1\g\LOCALS~1\Temp\cckYh8tX.ltrans27.ltrans.o
                0x00000000000a2f38                ZPS_vAplHandleApsdeReqRsp
                0x00000000000a3358                zps_eAplZdpApsdeReqInternal
                0x00000000000a34cf                zps_bAplZdoZdoClient
                0x00000000000a393f                zps_bAplZdoDefaultServer
                0x00000000000a3bfb                zps_eZdpMgmtLeaveResponse
                0x00000000000a3c1c                zps_eZdpMgmtPermitJoiningResponse
 .text          0x00000000000a3c7f     0x1195 C:\DOCUME~1\g\LOCALS~1\Temp\cckYh8tX.ltrans28.ltrans.o
                0x00000000000a3c7f                os_bDummyMemberCheck.60789
                0x00000000000a3c84                os_vDefaultErrorHook.60785
                0x00000000000a3c87                bCLD_ScenesSearchForScene.23459
                0x00000000000a3cba                eCLD_LevelControlSceneEventHandler.17526
                0x00000000000a3d03                vOverideProfileId.7374
                0x00000000000a3d40                APP_ZCL_cbGeneralCallback.5761
                0x00000000000a3d43                bCLD_ScenesSearchForScene.3343
                0x00000000000a3d76                vfExtendedStatusCallBack
                0x00000000000a3d79                os_bStrictCheck.1358
                0x00000000000a400c                bCLD_GroupsSearchForGroup.14842
                0x00000000000a4031                eExpireSWTimer.60798
                0x00000000000a409c                vEnterErrorHook.60781
                0x00000000000a40c3                eZCL_BuildClientTransmitAddressStructure
                0x00000000000a40f4                eZCL_GetAttributeTypeSize
                0x00000000000a4113                vZCL_MarkAttributeInvalid
                0x00000000000a41e2                eZCL_Register
                0x00000000000a43f9                u8ZCL_GetAttributeAllignToFourBytesBoundary
                0x00000000000a440e                pvZCL_GetAttributePointer
                0x00000000000a4484                u16ZCL_WriteTypeNBO.part.0.42155
                0x00000000000a44f9                u16ZCL_GetStringStructureSize
                0x00000000000a4536                u16ZCL_GetStringAttributeTypeSizeFromBuffer
                0x00000000000a45a7                u16ZCL_GetStringSizeAndBufferFromStructure
                0x00000000000a4636                bZCL_SendCommandResponse
                0x00000000000a4652                vZCL_GetInternalMutex
                0x00000000000a467b                eZCL_GetMutex
                0x00000000000a46b3                u8ZCL_GetEPIdFromIndex
                0x00000000000a46d5                vZCL_ReleaseInternalMutex
                0x00000000000a46ef                eZCL_SearchForAttributeEntry
                0x00000000000a47af                vCLD_ScenesGenerateIndividualAttributeCallback
                0x00000000000a4809                eZCL_SearchForEPentry
                0x00000000000a4864                eZCL_SearchForEPentryAndCheckManufacturerId
                0x00000000000a48a2                vZCL_PassEventToUser
                0x00000000000a48cf                eZCL_ReleaseMutex
                0x00000000000a48fe                boDLISTisEmpty
                0x00000000000a4916                vDLISTaddToTail
                0x00000000000a4944                psDLISTremoveFromHead
                0x00000000000a496d                psDLISTremove
                0x00000000000a49c5                bCLD_ColourControl_NumberIsValid.39447
                0x00000000000a49e4                eCLD_ColourControl_xyY2XYZ.39451
                0x00000000000a4a66                vCLD_ColourControl_XYZ2RGB.39438
                0x00000000000a4b86                vWriteU64ToPayLoad.25792
                0x00000000000a4bb3                vWriteU32ToPayLoad.25788
                0x00000000000a4bcb                i16TS_GetTemperature
                0x00000000000a4c44                u32LC_StringToUnsignedInteger.7107
                0x00000000000a4ca7                vLI_InitVar.7040
                0x00000000000a4cd8                InvShiftRows
                0x00000000000a4d6b                InvSubBytes
                0x00000000000a4db1                AddRoundKey
                0x00000000000a4df2                getSBoxValue.5117
 *fill*         0x00000000000a4e14        0x0 00
 .text          0x00000000000a4e14      0xb88 C:\DOCUME~1\g\LOCALS~1\Temp\cckYh8tX.ltrans29.ltrans.o
                0x00000000000a4e14                eZCL_CustomCommandSend.constprop.21
                0x00000000000a5076                eCLD_IdentifyCommandHandler
                0x00000000000a54ca                eCLD_GroupsCommandHandler
 .text          0x00000000000a599c      0x980 C:\DOCUME~1\g\LOCALS~1\Temp\cckYh8tX.ltrans30.ltrans.o
                0x00000000000a599c                AppWarmStart
                0x00000000000a59b8                AppColdStart
                0x00000000000a5d62                os_vUnclaimedInterrupt
                0x00000000000a5d74                os_vControlledIntCheck
                0x00000000000a5db9                os_vControlledInterrupt
                0x00000000000a5df2                os_vAPP_isrTimer1
                0x00000000000a5eb4                os_vAPP_isrAdc
                0x00000000000a5eeb                os_vAPP_isrUart
                0x00000000000a6204                os_vAPP_isrIllegalInstruction
                0x00000000000a6211                os_vAPP_isrAlignmentException
                0x00000000000a621e                os_vAPP_isrBusErrorException
                0x00000000000a6222                os_vAPP_isrUnimplementedModuleException
                0x00000000000a6226                os_vAPP_isrStackOverflowException
                0x00000000000a622a                os_vAPP_isrTickTimer
 .text          0x00000000000a631c      0x3cd C:\DOCUME~1\g\LOCALS~1\Temp\cckYh8tX.ltrans31.ltrans.o
                0x00000000000a631c                eCLD_OnOffCommandHandler
 .text          0x00000000000a66e9       0x25 c:/nxp/bstudio_nxp/sdk/tools/ba-elf-ba2-r36379/bin/../lib/gcc/ba-elf/4.7.4/../../../../ba-elf/lib/mcpu_jn51xx_sizeopt\libc.a(lib_a-memcmp.o)
                0x00000000000a66e9                memcmp
 .text          0x00000000000a670e       0x19 c:/nxp/bstudio_nxp/sdk/tools/ba-elf-ba2-r36379/bin/../lib/gcc/ba-elf/4.7.4/../../../../ba-elf/lib/mcpu_jn51xx_sizeopt\libc.a(lib_a-memcpy.o)
 .text          0x00000000000a6727       0x12 c:/nxp/bstudio_nxp/sdk/tools/ba-elf-ba2-r36379/bin/../lib/gcc/ba-elf/4.7.4/../../../../ba-elf/lib/mcpu_jn51xx_sizeopt\libc.a(lib_a-memset.o)
                0x00000000000a6727                memset
 .text          0x00000000000a6739       0x12 c:/nxp/bstudio_nxp/sdk/tools/ba-elf-ba2-r36379/bin/../lib/gcc/ba-elf/4.7.4/../../../../ba-elf/lib/mcpu_jn51xx_sizeopt\libc.a(lib_a-strlen.o)
                0x00000000000a6739                strlen
 .text          0x00000000000a674b       0x2b c:/nxp/bstudio_nxp/sdk/tools/ba-elf-ba2-r36379/bin/../lib/gcc/ba-elf/4.7.4/../../../../ba-elf/lib/mcpu_jn51xx_sizeopt\libc.a(lib_a-strncpy.o)
                0x00000000000a674b                strncpy
 *fill*         0x00000000000a6776        0x2 00
 .text          0x00000000000a6778      0x204 c:/nxp/bstudio_nxp/sdk/tools/ba-elf-ba2-r36379/bin/../lib/gcc/ba-elf/4.7.4/mcpu_jn51xx_sizeopt\libgcc.a(__udivsi3.o)
                0x00000000000a6778                __udivsi3
 .text          0x00000000000a697c       0x30 c:/nxp/bstudio_nxp/sdk/tools/ba-elf-ba2-r36379/bin/../lib/gcc/ba-elf/4.7.4/mcpu_jn51xx_sizeopt\libgcc.a(__divsi3.o)
                0x00000000000a697c                __divsi3
 .text          0x00000000000a69ac      0x1b0 c:/nxp/bstudio_nxp/sdk/tools/ba-elf-ba2-r36379/bin/../lib/gcc/ba-elf/4.7.4/mcpu_jn51xx_sizeopt\libgcc.a(__umodsi3.o)
                0x00000000000a69ac                __umodsi3
 .text          0x00000000000a6b5c       0x24 c:/nxp/bstudio_nxp/sdk/tools/ba-elf-ba2-r36379/bin/../lib/gcc/ba-elf/4.7.4/mcpu_jn51xx_sizeopt\libgcc.a(__modsi3.o)
                0x00000000000a6b5c                __modsi3
 .text          0x00000000000a6b80       0x39 c:/nxp/bstudio_nxp/sdk/tools/ba-elf-ba2-r36379/bin/../lib/gcc/ba-elf/4.7.4/mcpu_jn51xx_sizeopt\libgcc.a(_fixunsdfsi.o)
                0x00000000000a6b80                __fixunsdfsi
 .text          0x00000000000a6bb9      0x3bd c:/nxp/bstudio_nxp/sdk/tools/ba-elf-ba2-r36379/bin/../lib/gcc/ba-elf/4.7.4/mcpu_jn51xx_sizeopt\libgcc.a(_divdi3.o)
                0x00000000000a6bb9                __divdi3
 .text          0x00000000000a6f76      0x350 c:/nxp/bstudio_nxp/sdk/tools/ba-elf-ba2-r36379/bin/../lib/gcc/ba-elf/4.7.4/mcpu_jn51xx_sizeopt\libgcc.a(_udivdi3.o)
                0x00000000000a6f76                __udivdi3
 .text          0x00000000000a72c6      0x384 c:/nxp/bstudio_nxp/sdk/tools/ba-elf-ba2-r36379/bin/../lib/gcc/ba-elf/4.7.4/mcpu_jn51xx_sizeopt\libgcc.a(addsf3.o)
                0x00000000000a72c6                __addsf3
 *fill*         0x00000000000a764a        0x2 00
 .text          0x00000000000a764c      0x218 c:/nxp/bstudio_nxp/sdk/tools/ba-elf-ba2-r36379/bin/../lib/gcc/ba-elf/4.7.4/mcpu_jn51xx_sizeopt\libgcc.a(divsf3.o)
                0x00000000000a764c                __divsf3
 .text          0x00000000000a7864       0x81 c:/nxp/bstudio_nxp/sdk/tools/ba-elf-ba2-r36379/bin/../lib/gcc/ba-elf/4.7.4/mcpu_jn51xx_sizeopt\libgcc.a(eqsf2.o)
                0x00000000000a7864                __eqsf2
                0x00000000000a7864                __nesf2
 .text          0x00000000000a78e5       0xac c:/nxp/bstudio_nxp/sdk/tools/ba-elf-ba2-r36379/bin/../lib/gcc/ba-elf/4.7.4/mcpu_jn51xx_sizeopt\libgcc.a(gesf2.o)
                0x00000000000a78e5                __gesf2
                0x00000000000a78e5                __gtsf2
 .text          0x00000000000a7991       0xac c:/nxp/bstudio_nxp/sdk/tools/ba-elf-ba2-r36379/bin/../lib/gcc/ba-elf/4.7.4/mcpu_jn51xx_sizeopt\libgcc.a(lesf2.o)
                0x00000000000a7991                __ltsf2
                0x00000000000a7991                __lesf2
 *fill*         0x00000000000a7a3d        0x3 00
 .text          0x00000000000a7a40      0x24c c:/nxp/bstudio_nxp/sdk/tools/ba-elf-ba2-r36379/bin/../lib/gcc/ba-elf/4.7.4/mcpu_jn51xx_sizeopt\libgcc.a(mulsf3.o)
                0x00000000000a7a40                __mulsf3
 .text          0x00000000000a7c8c      0x3a2 c:/nxp/bstudio_nxp/sdk/tools/ba-elf-ba2-r36379/bin/../lib/gcc/ba-elf/4.7.4/mcpu_jn51xx_sizeopt\libgcc.a(subsf3.o)
                0x00000000000a7c8c                __subsf3
 .text          0x00000000000a802e       0x53 c:/nxp/bstudio_nxp/sdk/tools/ba-elf-ba2-r36379/bin/../lib/gcc/ba-elf/4.7.4/mcpu_jn51xx_sizeopt\libgcc.a(fixsfsi.o)
                0x00000000000a802e                __fixsfsi
 .text          0x00000000000a8081       0xad c:/nxp/bstudio_nxp/sdk/tools/ba-elf-ba2-r36379/bin/../lib/gcc/ba-elf/4.7.4/mcpu_jn51xx_sizeopt\libgcc.a(floatunsisf.o)
                0x00000000000a8081                __floatunsisf
 .text          0x00000000000a812e      0x682 c:/nxp/bstudio_nxp/sdk/tools/ba-elf-ba2-r36379/bin/../lib/gcc/ba-elf/4.7.4/mcpu_jn51xx_sizeopt\libgcc.a(adddf3.o)
                0x00000000000a812e                __adddf3
 .text          0x00000000000a87b0      0x5c8 c:/nxp/bstudio_nxp/sdk/tools/ba-elf-ba2-r36379/bin/../lib/gcc/ba-elf/4.7.4/mcpu_jn51xx_sizeopt\libgcc.a(divdf3.o)
                0x00000000000a87b0                __divdf3
 .text          0x00000000000a8d78       0xca c:/nxp/bstudio_nxp/sdk/tools/ba-elf-ba2-r36379/bin/../lib/gcc/ba-elf/4.7.4/mcpu_jn51xx_sizeopt\libgcc.a(gedf2.o)
                0x00000000000a8d78                __gedf2
                0x00000000000a8d78                __gtdf2
 *fill*         0x00000000000a8e42        0x2 00
 .text          0x00000000000a8e44      0x488 c:/nxp/bstudio_nxp/sdk/tools/ba-elf-ba2-r36379/bin/../lib/gcc/ba-elf/4.7.4/mcpu_jn51xx_sizeopt\libgcc.a(muldf3.o)
                0x00000000000a8e44                __muldf3
 .text          0x00000000000a92cc      0x693 c:/nxp/bstudio_nxp/sdk/tools/ba-elf-ba2-r36379/bin/../lib/gcc/ba-elf/4.7.4/mcpu_jn51xx_sizeopt\libgcc.a(subdf3.o)
                0x00000000000a92cc                __subdf3
 .text          0x00000000000a995f       0x64 c:/nxp/bstudio_nxp/sdk/tools/ba-elf-ba2-r36379/bin/../lib/gcc/ba-elf/4.7.4/mcpu_jn51xx_sizeopt\libgcc.a(fixdfsi.o)
                0x00000000000a995f                __fixdfsi
 .text          0x00000000000a99c3       0x8f c:/nxp/bstudio_nxp/sdk/tools/ba-elf-ba2-r36379/bin/../lib/gcc/ba-elf/4.7.4/mcpu_jn51xx_sizeopt\libgcc.a(extendsfdf2.o)
                0x00000000000a99c3                __extendsfdf2
 .text          0x00000000000a9a52      0x13e c:/nxp/bstudio_nxp/sdk/tools/ba-elf-ba2-r36379/bin/../lib/gcc/ba-elf/4.7.4/mcpu_jn51xx_sizeopt\libgcc.a(truncdfsf2.o)
                0x00000000000a9a52                __truncdfsf2
 *fill*         0x00000000000a9b90        0x0 00
 .text          0x00000000000a9b90      0x1d0 c:/NXP/bstudio_nxp/workspace/Custom_ZLL_Lights_someone42/MultiLight/Build/os_irq.o
                0x00000000000a9b90                os_ExternalException_W
                0x00000000000a9bd4                os_PIC_ChannelPriorities
                0x00000000000a9be4                os_OSMIUM_HwVectTable
                0x00000000000a9c20                os_PIC_SwVectTable
 .text          0x00000000000a9d60       0x29 c:/NXP/bstudio_nxp/workspace/Custom_ZLL_Lights_someone42/MultiLight/Build/os_irq_alignment.o
                0x00000000000a9d60                IRQ_Alignment
 .text          0x00000000000a9d89       0x29 c:/NXP/bstudio_nxp/workspace/Custom_ZLL_Lights_someone42/MultiLight/Build/os_irq_buserror.o
                0x00000000000a9d89                IRQ_BusError
 .text          0x00000000000a9db2       0x29 c:/NXP/bstudio_nxp/workspace/Custom_ZLL_Lights_someone42/MultiLight/Build/os_irq_illegalinstruction.o
                0x00000000000a9db2                IRQ_IllegalInstruction
 .text          0x00000000000a9ddb       0x29 c:/NXP/bstudio_nxp/workspace/Custom_ZLL_Lights_someone42/MultiLight/Build/os_irq_stackoverflowexception.o
                0x00000000000a9ddb                IRQ_StackOverflowException
 .text          0x00000000000a9e04       0x29 c:/NXP/bstudio_nxp/workspace/Custom_ZLL_Lights_someone42/MultiLight/Build/os_irq_unimplementedmodule.o
                0x00000000000a9e04                IRQ_UnimplementedModule
 *fill*         0x00000000000a9e2d        0x3 00
 .text          0x00000000000a9e30       0xc0 c:/NXP/bstudio_nxp/sdk/JN-SW-4168/Components/Library\libOS_JN516x.a(os_contirq_JN516x.o)
                0x00000000000a9e30                os_ExternalException_R
                0x00000000000a9e60                os_CFunc_W
                0x00000000000a9eb0                os_UnclaimedException_W
                0x00000000000a9ed0                os_UnclaimedInterrupt_W
 .text          0x00000000000a9ef0       0x48 c:/NXP/bstudio_nxp/sdk/JN-SW-4168/Components/Library\libPWRM_JN516x.a(pwrm_setjmp_JN516x.o)
                0x00000000000a9ef0                setjmp
                0x00000000000a9f14                PWRM_longjmp
 .text          0x00000000000a9f38       0x27 c:/NXP/bstudio_nxp/sdk/JN-SW-4168/Components/Library\libHardwareApi_JN516x.a(AHI_Interrupt.o)
                0x00000000000a9f38                vAHI_InterruptSetPriority
                0x00000000000a9f56                vAHI_InterruptSetActivePriorityLevel
 .text.vMicroSyscall
                0x00000000000a9f5f       0x17 c:/NXP/bstudio_nxp/sdk/JN-SW-4168/Components/Library\libMicroSpecific_JN516x.a(MicroSyscall_ba.o)
                0x00000000000a9f5f                vMicroSyscall
 .text          0x00000000000a9f76        0x0 c:/NXP/bstudio_nxp/sdk/JN-SW-4168/Components/Library\libOS_JN516x.a(os_version_lc.o)
                0x00000000000a9f76                OS_Version_1v2
 .text          0x00000000000a9f76        0x0 c:/NXP/bstudio_nxp/sdk/JN-SW-4168/Components/Library\libZPSAPL_JN516x.a(zps_apl_version_lc.o)
                0x00000000000a9f76                ZPS_APL_Version_2v0
 .text          0x00000000000a9f76        0x0 c:/NXP/bstudio_nxp/sdk/JN-SW-4168/Components/Library\libZPSNWK_JN516x.a(zps_nwk_version_lc.o)
                0x00000000000a9f76                ZPS_NWK_Version_2v0
 .text          0x00000000000a9f76      0x12a c:/nxp/bstudio_nxp/sdk/tools/ba-elf-ba2-r36379/bin/../lib/gcc/ba-elf/4.7.4/../../../../ba-elf/lib/mcpu_jn51xx_sizeopt\libm.a(lib_a-s_floor.o)
                0x00000000000a9f76                floor
                0x00000000000aa0a0                _flash_end = ABSOLUTE (.)

.rela.dyn       0x00000000000aa0a0        0x0
 .rela.text     0x0000000000000000        0x0 c:/NXP/bstudio_nxp/workspace/Custom_ZLL_Lights_someone42/MultiLight/Build/os_irq.o
 .rela.data     0x0000000000000000        0x0 c:/NXP/bstudio_nxp/workspace/Custom_ZLL_Lights_someone42/MultiLight/Build/os_irq.o
 .rela.rodata   0x0000000000000000        0x0 c:/NXP/bstudio_nxp/workspace/Custom_ZLL_Lights_someone42/MultiLight/Build/os_irq.o
                0x000000000400004c                . = ORIGIN (ram)

.data           0x000000000400004c      0x984 load address 0x00000000000aa0a0
                0x000000000400004c                _ram_data_start = ABSOLUTE (.)
 *(.data*)
 .data          0x000000000400004c       0xe8 C:\DOCUME~1\g\LOCALS~1\Temp\cckYh8tX.ltrans0.ltrans.o
                0x000000000400004c                u8MiniMacConfig_MaxConcurrentAssocResponses
                0x0000000004000050                psShadowRxBuffer
                0x0000000004000054                sCLD_Groups
                0x0000000004000064                sCLD_Scenes
 .data          0x0000000004000134        0x4 C:\DOCUME~1\g\LOCALS~1\Temp\cckYh8tX.ltrans1.ltrans.o
                0x0000000004000134                u32HeapStart
 .data          0x0000000004000138      0x148 C:\DOCUME~1\g\LOCALS~1\Temp\cckYh8tX.ltrans3.ltrans.o
 .data          0x0000000004000280        0x6 C:\DOCUME~1\g\LOCALS~1\Temp\cckYh8tX.ltrans5.ltrans.o
 .data          0x0000000004000286        0x1 C:\DOCUME~1\g\LOCALS~1\Temp\cckYh8tX.ltrans8.ltrans.o
 *fill*         0x0000000004000287        0x1 00
 .data          0x0000000004000288        0x4 C:\DOCUME~1\g\LOCALS~1\Temp\cckYh8tX.ltrans12.ltrans.o
                0x0000000004000288                bCanLoopback.66850
 *fill*         0x000000000400028c        0x4 00
 .data          0x0000000004000290       0x90 C:\DOCUME~1\g\LOCALS~1\Temp\cckYh8tX.ltrans20.ltrans.o
                0x0000000004000290                sDeviceTable.8606
                0x00000000040002f8                sZllState
 .data          0x0000000004000320        0x8 C:\DOCUME~1\g\LOCALS~1\Temp\cckYh8tX.ltrans25.ltrans.o
 .data          0x0000000004000328       0xa4 C:\DOCUME~1\g\LOCALS~1\Temp\cckYh8tX.ltrans28.ltrans.o
                0x0000000004000328                s_asapduZCLInstances
                0x00000000040003a0                s_asapduZDPInstances
 *fill*         0x00000000040003cc        0x4 00
 .data          0x00000000040003d0      0x5e8 C:\DOCUME~1\g\LOCALS~1\Temp\cckYh8tX.ltrans30.ltrans.o
                0x00000000040003d0                s_keyPairTableStorage.3051
                0x0000000004000430                os_Mutex_mutexMAC
                0x0000000004000438                os_Mutex_mutexZPS
                0x0000000004000440                s_sApl.3006
                0x0000000004000590                os_Message_APP_msgZpsEvents_ZCL
                0x00000000040005b4                os_SWTimer_APP_cntrTickTimer_APP_CommissionTimer
                0x00000000040005d0                os_SWTimer_APP_cntrTickTimer_APP_TickTimer
                0x00000000040005ec                os_Message_APP_msgZpsEvents
                0x0000000004000610                os_Message_APP_msgEvents
                0x0000000004000634                os_Message_APP_CommissionEvents
                0x0000000004000658                os_Message_zps_msgMlmeDcfmInd
                0x000000000400067c                os_Message_zps_msgTimeEvents
                0x00000000040006a0                os_Message_zps_msgMcpsDcfmInd
                0x00000000040006c4                os_Message_zps_msgMcpsDcfm
                0x00000000040006e8                os_Task_ZCL_Task
                0x00000000040006f4                os_Task_APP_CommissionTimerTask
                0x0000000004000700                os_Task_Tick_Task
                0x000000000400070c                os_Task_APP_ZPR_Light_Task
                0x0000000004000718                os_Task_APP_Commission_Task
                0x0000000004000724                os_Task_zps_taskZPS
                0x0000000004000730                u8AhiBaudRate.123678
                0x0000000004000734                s_prbMemberCheck.60905
                0x0000000004000738                s_prvErrorHook.60903
                0x000000000400073c                g_u8ZpsExpiryMaxCount
 .data.s_asAPduPool