13:11:27 **** Build of configuration MultiLight Standard for project Custom_ZLL_Lights_someone42 ****
make LIGHT=MultiLight OTA=0 JENNIC_CHIP=JN5169 RGB=1 VARIANT=Standard all 
Target: MultiLight, DriverBulb_PCA9685.c
JENNIC_MAC is Mini MAC shim 
Building trace version ...
rm -f DriverBulb_PCA9685.o
Compiling /c/NXP/bstudio_nxp/workspace/Custom_ZLL_Lights_someone42/Common_light/Source/DriverBulb/DriverBulb_PCA9685.c ...
/c/NXP/bstudio_nxp/sdk/Tools/ba-elf-ba2-r36379/bin/ba-elf-gcc -c -o /c/NXP/bstudio_nxp/workspace/Custom_ZLL_Lights_someone42/MultiLight/Build/DriverBulb_PCA9685.o -DRGB -DRTOS -DJN516X_RGB -DVARIANT=Standard -DVARIANT_STANDARD -DDBG_ENABLE -DMultiLight -DPDM_USER_SUPPLIED_ID -DDEBUG_ZCL -DDEBUG_APP -DDEBUG_START_UP -DDEBUG_LIGHT_NODE -DDEBUG_LIGHT_TASK -DDEBUG_JOIN -DDEBUG_COMMISSION -DDEBUG_CLASSIC_JOIN -DDEBUG_EXCEPTIONS -DDEBUG_TEMPERATURE -DDEBUG_CLD_IDENTIFY  -DDEBUG_CLD_LEVEL_CONTROL -DDEBUG_CLD_ONOFF -DDEBUG_LAMP -DDEBUG_CLD_SCENES -DDEBUG_CLD_COLOUR_CONTROL -DDEBUG_CLD_COLOUR_CONTROL_UPDATES -DDEBUG_CLD_COLOUR_CONTROL_CONVERSIONS -DDEBUG_CLD_GROUPS -DJN516X_RGB -DEMBEDDED -DUSER_VSR_HANDLER -DJN516x=5160 -DJN5169=5169 -DJENNIC_CHIP_NAME=_JN5169 -DJENNIC_CHIP_FAMILY_NAME=_JN516x -march=ba2 -mcpu=jn51xx -mredzone-size=4 -mbranch-cost=3 -fomit-frame-pointer -Os -fshort-enums -Wall  -Wpacked -Wcast-align -fdata-sections -ffunction-sections -flto  -DWATCHDOG_ENABLED -DJENNIC_HW_BBC_RXINCCA=1 -DJENNIC_HW_BBC_DMA=1 -DJENNIC_HW_BBC_ISA=0 -DJENNIC_SW_EXTERNAL_FLASH=0 -DJN516X_DMA_UART_BACKWARDS_COMPATIBLE_API=1 -DUART_BACKWARDS_COMPATIBLE_API=1 -DRXPOWERADJUST_SUPPORT -DJENNIC_CHIP=JN5169 -DJENNIC_CHIP_JN5169 -DJENNIC_CHIP_FAMILY=JN516x -DJENNIC_CHIP_FAMILY_JN516x -DJENNIC_STACK_ZLLHA -DJENNIC_MAC_MiniMacShim -Wall -Wunreachable-code -DEMBEDDED -I/c/NXP/bstudio_nxp/sdk/JN-SW-4168/Components/Common/Include -DPDM_USER_SUPPLIED_ID -DPDM_EEPROM -DDBG_ENABLE -DZPS_APL_OPT_SINGLE_INSTANCE -DOTA_NO_CERTIFICATE -DPLME_SAP -I/c/NXP/bstudio_nxp/workspace/Custom_ZLL_Lights_someone42/Common_Light/Source -I/c/NXP/bstudio_nxp/workspace/Custom_ZLL_Lights_someone42/Common_Light/Source/.. -I/c/NXP/bstudio_nxp/workspace/Custom_ZLL_Lights_someone42/MultiLight/Source -I/c/NXP/bstudio_nxp/workspace/Custom_ZLL_Lights_someone42/Common/Source -I/c/NXP/bstudio_nxp/sdk/JN-SW-4168/Components/Utilities/Include -I/c/NXP/bstudio_nxp/sdk/JN-SW-4168/Components/ZCL/Include -I/c/NXP/bstudio_nxp/sdk/JN-SW-4168/Components/ZCL/Clusters/LightLink/Include -I/c/NXP/bstudio_nxp/sdk/JN-SW-4168/Components/Xcv/Include/ -I/c/NXP/bstudio_nxp/sdk/JN-SW-4168/Components/Recal/Include/ -I/c/NXP/bstudio_nxp/sdk/JN-SW-4168/Components/OVLY/Include -I/c/NXP/bstudio_nxp/sdk/JN-SW-4168/Components/MicroSpecific/Include -I/c/NXP/bstudio_nxp/workspace/Custom_ZLL_Lights_someone42/Common_light/Source/DriverBulb -I/c/NXP/bstudio_nxp/sdk/JN-SW-4168/Components/AppApi/Include -I/c/NXP/bstudio_nxp/sdk/JN-SW-4168/Components/MAC/Include -I/c/NXP/bstudio_nxp/sdk/JN-SW-4168/Components/MiniMac/Include -I/c/NXP/bstudio_nxp/sdk/JN-SW-4168/Components/MMAC/Include -I/c/NXP/bstudio_nxp/sdk/JN-SW-4168/Components/HardwareApi/Include -I/c/NXP/bstudio_nxp/sdk/JN-SW-4168/Components/Aes/Include -I/c/NXP/bstudio_nxp/sdk/JN-SW-4168/Components/DBG/Include -I/c/NXP/bstudio_nxp/sdk/JN-SW-4168/Components/MAC/Include -I/c/NXP/bstudio_nxp/sdk/JN-SW-4168/Components/MicroSpecific/Include -I/c/NXP/bstudio_nxp/sdk/JN-SW-4168/Components/MiniMAC/Include -I/c/NXP/bstudio_nxp/sdk/JN-SW-4168/Components/MMAC/Include -I/c/NXP/bstudio_nxp/sdk/JN-SW-4168/Components/TimerServer/Include -I/c/NXP/bstudio_nxp/sdk/JN-SW-4168/Components/Random/Include -I/c/NXP/bstudio_nxp/sdk/JN-SW-4168/Components/ZPSMAC_Mini/Include -I/c/NXP/bstudio_nxp/sdk/JN-SW-4168/Components/OS/Include -I/c/NXP/bstudio_nxp/sdk/JN-SW-4168/Components/PWRM/Include -I/c/NXP/bstudio_nxp/sdk/JN-SW-4168/Components/ZPSTSV/Include -I/c/NXP/bstudio_nxp/sdk/JN-SW-4168/Components/AES_SW/Include -I/c/NXP/bstudio_nxp/sdk/JN-SW-4168/Components/PDUM/Include -I/c/NXP/bstudio_nxp/sdk/JN-SW-4168/Components/ZPSAPL/Include -I/c/NXP/bstudio_nxp/sdk/JN-SW-4168/Components/Random/Include -I/c/NXP/bstudio_nxp/sdk/JN-SW-4168/Components/PDM_EEPROM/Include -I/c/NXP/bstudio_nxp/sdk/JN-SW-4168/Components/DBG/Include -I/c/NXP/bstudio_nxp/sdk/JN-SW-4168/Components/ZPSZLL/Include -I/c/NXP/bstudio_nxp/sdk/JN-SW-4168/Components/ZPSNWK/Include -I/c/NXP/bstudio_nxp/sdk/JN-SW-4168/Components/PDM/Include -I/c/NXP/bstudio_nxp/sdk/JN-SW-4168/Components/ZPSMAC/Include -I/c/NXP/bstudio_nxp/sdk/JN-SW-4168/Components/ZPSNWK/Include -I/c/NXP/bstudio_nxp/sdk/JN-SW-4168/Components/ZCL/Source -I/c/NXP/bstudio_nxp/sdk/JN-SW-4168/Components/ZCL/Include -I/c/NXP/bstudio_nxp/sdk/JN-SW-4168/Components/ZCL/Clusters/General/Include -I/c/NXP/bstudio_nxp/sdk/JN-SW-4168/Components/ZCL/Clusters/General/Source -I/c/NXP/bstudio_nxp/sdk/JN-SW-4168/Components/ZCL/Clusters/Lighting/Include -I/c/NXP/bstudio_nxp/sdk/JN-SW-4168/Components/ZCL/Clusters/MeasurementAndSensing/Include -I/c/NXP/bstudio_nxp/sdk/JN-SW-4168/Components/ZCL/Clusters/EnergyAtHome/Include -I/c/NXP/bstudio_nxp/sdk/JN-SW-4168/Components/ZCL/Clusters/SE/Include -I/c/NXP/bstudio_nxp/sdk/JN-SW-4168/Components/ZCL/Clusters/GreenPower/Include -I/c/NXP/bstudio_nxp/sdk/JN-SW-4168/Components/ZCL/Clusters/HVAC/Include -I/c/NXP/bstudio_nxp/sdk/JN-SW-4168/Components/ZCL/Clusters/OTA/Include -I/c/NXP/bstudio_nxp/sdk/JN-SW-4168/Components/ZCL/Clusters/SmartEnergy/Include -I/c/NXP/bstudio_nxp/sdk/JN-SW-4168/Components/ZCL/Clusters/IAS/Include -I/c/NXP/bstudio_nxp/sdk/JN-SW-4168/Components/ZCL/Profiles/HA/Common/Include -I/c/NXP/bstudio_nxp/sdk/JN-SW-4168/Components/ZCL/Profiles/HA/Generic/Include -I/c/NXP/bstudio_nxp/sdk/JN-SW-4168/Components/ZCL/Clusters/LightLink/Include -I/c/NXP/bstudio_nxp/sdk/JN-SW-4168/Components/ZCL/Profiles/ZLL/Include -I/c/NXP/bstudio_nxp/sdk/JN-SW-4168/Components/ZCL/Profiles/GP/Include /c/NXP/bstudio_nxp/workspace/Custom_ZLL_Lights_someone42/Common_light/Source/DriverBulb/DriverBulb_PCA9685.c -MD -MF /c/NXP/bstudio_nxp/workspace/Custom_ZLL_Lights_someone42/MultiLight/Build/DriverBulb_PCA9685.d -MP

Linking /c/NXP/bstudio_nxp/workspace/Custom_ZLL_Lights_someone42/MultiLight/Build/MultiLight_JN5169_JN516X_RGBStandard.elf ...
/c/NXP/bstudio_nxp/sdk/Tools/ba-elf-ba2-r36379/bin/ba-elf-gcc -Wl,--gc-sections -Wl,-u_AppColdStart -Wl,-u_AppWarmStart -march=ba2 -mcpu=jn51xx -mredzone-size=4 -mbranch-cost=3 -fomit-frame-pointer -Os -fshort-enums -flto  -nostartfiles -L/c/NXP/bstudio_nxp/sdk/JN-SW-4168/Chip/JN5169/Build -L/c/NXP/bstudio_nxp/sdk/JN-SW-4168/Chip/JN5169/Library -L/c/NXP/bstudio_nxp/sdk/JN-SW-4168/Components/Library -Wl,--gc-sections -L/c/NXP/bstudio_nxp/sdk/JN-SW-4168/Components/ZCL/Build -L/c/NXP/bstudio_nxp/sdk/JN-SW-4168/Stack/ZBPro/Build -L/c/NXP/bstudio_nxp/sdk/JN-SW-4168/Stack/ZLLHA/Build -Wl,--defsym=__stack_size=4000 -Wl,--defsym,__minimum_heap_size=1000 -TAppBuildZLLHA_JN5169.ld -o /c/NXP/bstudio_nxp/workspace/Custom_ZLL_Lights_someone42/MultiLight/Build/MultiLight_JN5169_JN516X_RGBStandard.elf -Wl,--start-group /c/NXP/bstudio_nxp/workspace/Custom_ZLL_Lights_someone42/MultiLight/Build/os_gen.o /c/NXP/bstudio_nxp/workspace/Custom_ZLL_Lights_someone42/MultiLight/Build/os_irq.o /c/NXP/bstudio_nxp/workspace/Custom_ZLL_Lights_someone42/MultiLight/Build/os_irq_alignment.o /c/NXP/bstudio_nxp/workspace/Custom_ZLL_Lights_someone42/MultiLight/Build/os_irq_buserror.o /c/NXP/bstudio_nxp/workspace/Custom_ZLL_Lights_someone42/MultiLight/Build/os_irq_illegalinstruction.o /c/NXP/bstudio_nxp/workspace/Custom_ZLL_Lights_someone42/MultiLight/Build/os_irq_stackoverflowexception.o /c/NXP/bstudio_nxp/workspace/Custom_ZLL_Lights_someone42/MultiLight/Build/os_irq_unimplementedmodule.o /c/NXP/bstudio_nxp/workspace/Custom_ZLL_Lights_someone42/MultiLight/Build/pdum_gen.o /c/NXP/bstudio_nxp/workspace/Custom_ZLL_Lights_someone42/MultiLight/Build/pdum_apdu.o /c/NXP/bstudio_nxp/workspace/Custom_ZLL_Lights_someone42/MultiLight/Build/zps_gen.o /c/NXP/bstudio_nxp/workspace/Custom_ZLL_Lights_someone42/MultiLight/Build/app_timer_driver.o /c/NXP/bstudio_nxp/workspace/Custom_ZLL_Lights_someone42/MultiLight/Build/app_start_light.o /c/NXP/bstudio_nxp/workspace/Custom_ZLL_Lights_someone42/MultiLight/Build/app_scenes.o /c/NXP/bstudio_nxp/workspace/Custom_ZLL_Lights_someone42/MultiLight/Build/zpr_light_node.o /c/NXP/bstudio_nxp/workspace/Custom_ZLL_Lights_someone42/MultiLight/Build/ecb_decrypt.o /c/NXP/bstudio_nxp/workspace/Custom_ZLL_Lights_someone42/MultiLight/Build/app_zcl_light_task.o /c/NXP/bstudio_nxp/workspace/Custom_ZLL_Lights_someone42/MultiLight/Build/app_light_commission_task.o /c/NXP/bstudio_nxp/workspace/Custom_ZLL_Lights_someone42/MultiLight/Build/app_light_interpolation.o /c/NXP/bstudio_nxp/workspace/Custom_ZLL_Lights_someone42/MultiLight/Build/app_light_calibration.o /c/NXP/bstudio_nxp/workspace/Custom_ZLL_Lights_someone42/MultiLight/Build/app_temp_sensor.o /c/NXP/bstudio_nxp/workspace/Custom_ZLL_Lights_someone42/MultiLight/Build/appZpsBeaconHandler.o /c/NXP/bstudio_nxp/workspace/Custom_ZLL_Lights_someone42/MultiLight/Build/App_MultiLight.o /c/NXP/bstudio_nxp/workspace/Custom_ZLL_Lights_someone42/MultiLight/Build/DriverBulb_PCA9685.o /c/NXP/bstudio_nxp/workspace/Custom_ZLL_Lights_someone42/MultiLight/Build/Alarms.o /c/NXP/bstudio_nxp/workspace/Custom_ZLL_Lights_someone42/MultiLight/Build/AlarmsClientCommands.o /c/NXP/bstudio_nxp/workspace/Custom_ZLL_Lights_someone42/MultiLight/Build/AlarmsCommandHandler.o /c/NXP/bstudio_nxp/workspace/Custom_ZLL_Lights_someone42/MultiLight/Build/AlarmsServerCommands.o /c/NXP/bstudio_nxp/workspace/Custom_ZLL_Lights_someone42/MultiLight/Build/AlarmsTableManager.o /c/NXP/bstudio_nxp/workspace/Custom_ZLL_Lights_someone42/MultiLight/Build/AnalogInputBasic.o /c/NXP/bstudio_nxp/workspace/Custom_ZLL_Lights_someone42/MultiLight/Build/AnalogOutputBasic.o /c/NXP/bstudio_nxp/workspace/Custom_ZLL_Lights_someone42/MultiLight/Build/Basic.o /c/NXP/bstudio_nxp/workspace/Custom_ZLL_Lights_someone42/MultiLight/Build/BasicClientCommands.o /c/NXP/bstudio_nxp/workspace/Custom_ZLL_Lights_someone42/MultiLight/Build/BasicCommandHandler.o /c/NXP/bstudio_nxp/workspace/Custom_ZLL_Lights_someone42/MultiLight/Build/BinaryInputBasic.o /c/NXP/bstudio_nxp/workspace/Custom_ZLL_Lights_someone42/MultiLight/Build/BinaryOutputBasic.o /c/NXP/bstudio_nxp/workspace/Custom_ZLL_Lights_someone42/MultiLight/Build/Commissioning.o /c/NXP/bstudio_nxp/workspace/Custom_ZLL_Lights_someone42/MultiLight/Build/DeviceTemperatureConfiguration.o /c/NXP/bstudio_nxp/workspace/Custom_ZLL_Lights_someone42/MultiLight/Build/Diagnostics.o /c/NXP/bstudio_nxp/workspace/Custom_ZLL_Lights_someone42/MultiLight/Build/DoorLock.o /c/NXP/bstudio_nxp/workspace/Custom_ZLL_Lights_someone42/MultiLight/Build/DoorLockCommandHandler.o /c/NXP/bstudio_nxp/workspace/Custom_ZLL_Lights_someone42/MultiLight/Build/DoorLockCommands.o /c/NXP/bstudio_nxp/workspace/Custom_ZLL_Lights_someone42/MultiLight/Build/ElectricalMeasurement.o /c/NXP/bstudio_nxp/workspace/Custom_ZLL_Lights_someone42/MultiLight/Build/Groups.o /c/NXP/bstudio_nxp/workspace/Custom_ZLL_Lights_someone42/MultiLight/Build/GroupsClientCommands.o /c/NXP/bstudio_nxp/workspace/Custom_ZLL_Lights_someone42/MultiLight/Build/GroupsCommandHandler.o /c/NXP/bstudio_nxp/workspace/Custom_ZLL_Lights_someone42/MultiLight/Build/GroupsServerCommands.o /c/NXP/bstudio_nxp/workspace/Custom_ZLL_Lights_someone42/MultiLight/Build/GroupsTableManager.o /c/NXP/bstudio_nxp/workspace/Custom_ZLL_Lights_someone42/MultiLight/Build/Identify.o /c/NXP/bstudio_nxp/workspace/Custom_ZLL_Lights_someone42/MultiLight/Build/IdentifyClientCommands.o /c/NXP/bstudio_nxp/workspace/Custom_ZLL_Lights_someone42/MultiLight/Build/IdentifyCommandHandler.o /c/NXP/bstudio_nxp/workspace/Custom_ZLL_Lights_someone42/MultiLight/Build/IdentifyServerCommands.o /c/NXP/bstudio_nxp/workspace/Custom_ZLL_Lights_someone42/MultiLight/Build/LevelControl.o /c/NXP/bstudio_nxp/workspace/Custom_ZLL_Lights_someone42/MultiLight/Build/LevelControlClientCommands.o /c/NXP/bstudio_nxp/workspace/Custom_ZLL_Lights_someone42/MultiLight/Build/LevelControlCommandHandler.o /c/NXP/bstudio_nxp/workspace/Custom_ZLL_Lights_someone42/MultiLight/Build/MultistateInputBasic.o /c/NXP/bstudio_nxp/workspace/Custom_ZLL_Lights_someone42/MultiLight/Build/MultistateOutputBasic.o /c/NXP/bstudio_nxp/workspace/Custom_ZLL_Lights_someone42/MultiLight/Build/OOSC.o /c/NXP/bstudio_nxp/workspace/Custom_ZLL_Lights_someone42/MultiLight/Build/OnOff.o /c/NXP/bstudio_nxp/workspace/Custom_ZLL_Lights_someone42/MultiLight/Build/OnOffCommandHandler.o /c/NXP/bstudio_nxp/workspace/Custom_ZLL_Lights_someone42/MultiLight/Build/OnOffCommands.o /c/NXP/bstudio_nxp/workspace/Custom_ZLL_Lights_someone42/MultiLight/Build/PollControl.o /c/NXP/bstudio_nxp/workspace/Custom_ZLL_Lights_someone42/MultiLight/Build/PollControlClientCommands.o /c/NXP/bstudio_nxp/workspace/Custom_ZLL_Lights_someone42/MultiLight/Build/PollControlCommandHandler.o /c/NXP/bstudio_nxp/workspace/Custom_ZLL_Lights_someone42/MultiLight/Build/PollControlServerCommands.o /c/NXP/bstudio_nxp/workspace/Custom_ZLL_Lights_someone42/MultiLight/Build/PowerConfiguration.o /c/NXP/bstudio_nxp/workspace/Custom_ZLL_Lights_someone42/MultiLight/Build/Scenes.o /c/NXP/bstudio_nxp/workspace/Custom_ZLL_Lights_someone42/MultiLight/Build/ScenesClientCommands.o /c/NXP/bstudio_nxp/workspace/Custom_ZLL_Lights_someone42/MultiLight/Build/ScenesClusterManagement.o /c/NXP/bstudio_nxp/workspace/Custom_ZLL_Lights_someone42/MultiLight/Build/ScenesCommandHandler.o /c/NXP/bstudio_nxp/workspace/Custom_ZLL_Lights_someone42/MultiLight/Build/ScenesServerCommands.o /c/NXP/bstudio_nxp/workspace/Custom_ZLL_Lights_someone42/MultiLight/Build/ScenesTableManager.o /c/NXP/bstudio_nxp/workspace/Custom_ZLL_Lights_someone42/MultiLight/Build/TC.o /c/NXP/bstudio_nxp/workspace/Custom_ZLL_Lights_someone42/MultiLight/Build/Time.o /c/NXP/bstudio_nxp/workspace/Custom_ZLL_Lights_someone42/MultiLight/Build/zll_CommissionCmdHandler.o /c/NXP/bstudio_nxp/workspace/Custom_ZLL_Lights_someone42/MultiLight/Build/zll_UtilityCmdHandler.o /c/NXP/bstudio_nxp/workspace/Custom_ZLL_Lights_someone42/MultiLight/Build/zll_commission.o /c/NXP/bstudio_nxp/workspace/Custom_ZLL_Lights_someone42/MultiLight/Build/zll_utility.o /c/NXP/bstudio_nxp/workspace/Custom_ZLL_Lights_someone42/MultiLight/Build/colour_light.o /c/NXP/bstudio_nxp/workspace/Custom_ZLL_Lights_someone42/MultiLight/Build/colour_remote.o /c/NXP/bstudio_nxp/workspace/Custom_ZLL_Lights_someone42/MultiLight/Build/colour_scene_remote.o /c/NXP/bstudio_nxp/workspace/Custom_ZLL_Lights_someone42/MultiLight/Build/colour_temperature_light.o /c/NXP/bstudio_nxp/workspace/Custom_ZLL_Lights_someone42/MultiLight/Build/commission_endpoint.o /c/NXP/bstudio_nxp/workspace/Custom_ZLL_Lights_someone42/MultiLight/Build/control_bridge.o /c/NXP/bstudio_nxp/workspace/Custom_ZLL_Lights_someone42/MultiLight/Build/dimmable_light.o /c/NXP/bstudio_nxp/workspace/Custom_ZLL_Lights_someone42/MultiLight/Build/dimmable_plug.o /c/NXP/bstudio_nxp/workspace/Custom_ZLL_Lights_someone42/MultiLight/Build/extended_colour_light.o /c/NXP/bstudio_nxp/workspace/Custom_ZLL_Lights_someone42/MultiLight/Build/non_colour_remote.o /c/NXP/bstudio_nxp/workspace/Custom_ZLL_Lights_someone42/MultiLight/Build/non_colour_scene_remote.o /c/NXP/bstudio_nxp/workspace/Custom_ZLL_Lights_someone42/MultiLight/Build/on_off_light.o /c/NXP/bstudio_nxp/workspace/Custom_ZLL_Lights_someone42/MultiLight/Build/on_off_plug.o /c/NXP/bstudio_nxp/workspace/Custom_ZLL_Lights_someone42/MultiLight/Build/on_off_sensor.o /c/NXP/bstudio_nxp/workspace/Custom_ZLL_Lights_someone42/MultiLight/Build/zll.o /c/NXP/bstudio_nxp/workspace/Custom_ZLL_Lights_someone42/MultiLight/Build/BallastConfiguration.o /c/NXP/bstudio_nxp/workspace/Custom_ZLL_Lights_someone42/MultiLight/Build/ColourControl.o /c/NXP/bstudio_nxp/workspace/Custom_ZLL_Lights_someone42/MultiLight/Build/ColourControlClientCommands.o /c/NXP/bstudio_nxp/workspace/Custom_ZLL_Lights_someone42/MultiLight/Build/ColourControlCommandHandler.o /c/NXP/bstudio_nxp/workspace/Custom_ZLL_Lights_someone42/MultiLight/Build/ColourControlConversions.o /c/NXP/bstudio_nxp/workspace/Custom_ZLL_Lights_someone42/MultiLight/Build/dlist.o /c/NXP/bstudio_nxp/workspace/Custom_ZLL_Lights_someone42/MultiLight/Build/zcl.o /c/NXP/bstudio_nxp/workspace/Custom_ZLL_Lights_someone42/MultiLight/Build/zcl_CustomCommandReceive.o /c/NXP/bstudio_nxp/workspace/Custom_ZLL_Lights_someone42/MultiLight/Build/zcl_CustomCommandSend.o /c/NXP/bstudio_nxp/workspace/Custom_ZLL_Lights_someone42/MultiLight/Build/zcl_PDUbufferReadWrite.o /c/NXP/bstudio_nxp/workspace/Custom_ZLL_Lights_someone42/MultiLight/Build/zcl_PDUbufferReadWriteString.o /c/NXP/bstudio_nxp/workspace/Custom_ZLL_Lights_someone42/MultiLight/Build/zcl_WriteAttributesRequestHandle.o /c/NXP/bstudio_nxp/workspace/Custom_ZLL_Lights_someone42/MultiLight/Build/zcl_WriteAttributesRequestSend.o /c/NXP/bstudio_nxp/workspace/Custom_ZLL_Lights_someone42/MultiLight/Build/zcl_WriteAttributesResponseHandle.o /c/NXP/bstudio_nxp/workspace/Custom_ZLL_Lights_someone42/MultiLight/Build/zcl_attribute.o /c/NXP/bstudio_nxp/workspace/Custom_ZLL_Lights_someone42/MultiLight/Build/zcl_buffer.o /c/NXP/bstudio_nxp/workspace/Custom_ZLL_Lights_someone42/MultiLight/Build/zcl_clusterCommand.o /c/NXP/bstudio_nxp/workspace/Custom_ZLL_Lights_someone42/MultiLight/Build/zcl_command.o /c/NXP/bstudio_nxp/workspace/Custom_ZLL_Lights_someone42/MultiLight/Build/zcl_configureReportingCommandHandle.o /c/NXP/bstudio_nxp/workspace/Custom_ZLL_Lights_someone42/MultiLight/Build/zcl_configureReportingCommandSend.o /c/NXP/bstudio_nxp/workspace/Custom_ZLL_Lights_someone42/MultiLight/Build/zcl_configureReportingResponseHandle.o /c/NXP/bstudio_nxp/workspace/Custom_ZLL_Lights_someone42/MultiLight/Build/zcl_defaultResponse.o /c/NXP/bstudio_nxp/workspace/Custom_ZLL_Lights_someone42/MultiLight/Build/zcl_discoverAttributesExtendedRequestHandle.o /c/NXP/bstudio_nxp/workspace/Custom_ZLL_Lights_someone42/MultiLight/Build/zcl_discoverAttributesExtendedRequestSend.o /c/NXP/bstudio_nxp/workspace/Custom_ZLL_Lights_someone42/MultiLight/Build/zcl_discoverAttributesExtendedResponseHandle.o /c/NXP/bstudio_nxp/workspace/Custom_ZLL_Lights_someone42/MultiLight/Build/zcl_discoverAttributesRequestHandle.o /c/NXP/bstudio_nxp/workspace/Custom_ZLL_Lights_someone42/MultiLight/Build/zcl_discoverAttributesRequestSend.o /c/NXP/bstudio_nxp/workspace/Custom_ZLL_Lights_someone42/MultiLight/Build/zcl_discoverAttributesResponseHandle.o /c/NXP/bstudio_nxp/workspace/Custom_ZLL_Lights_someone42/MultiLight/Build/zcl_discoverCommandsRequestHandle.o /c/NXP/bstudio_nxp/workspace/Custom_ZLL_Lights_someone42/MultiLight/Build/zcl_discoverCommandsRequestSend.o /c/NXP/bstudio_nxp/workspace/Custom_ZLL_Lights_someone42/MultiLight/Build/zcl_discoverCommandsResponseHandle.o /c/NXP/bstudio_nxp/workspace/Custom_ZLL_Lights_someone42/MultiLight/Build/zcl_event.o /c/NXP/bstudio_nxp/workspace/Custom_ZLL_Lights_someone42/MultiLight/Build/zcl_heap.o /c/NXP/bstudio_nxp/workspace/Custom_ZLL_Lights_someone42/MultiLight/Build/zcl_library_options.o /c/NXP/bstudio_nxp/workspace/Custom_ZLL_Lights_someone42/MultiLight/Build/zcl_readAttributesRequestHandle.o /c/NXP/bstudio_nxp/workspace/Custom_ZLL_Lights_someone42/MultiLight/Build/zcl_readAttributesRequestSend.o /c/NXP/bstudio_nxp/workspace/Custom_ZLL_Lights_someone42/MultiLight/Build/zcl_readAttributesResponseHandle.o /c/NXP/bstudio_nxp/workspace/Custom_ZLL_Lights_someone42/MultiLight/Build/zcl_readReportingConfigurationCommandHandle.o /c/NXP/bstudio_nxp/workspace/Custom_ZLL_Lights_someone42/MultiLight/Build/zcl_readReportingConfigurationCommandSend.o /c/NXP/bstudio_nxp/workspace/Custom_ZLL_Lights_someone42/MultiLight/Build/zcl_readReportingConfigurationResponseHandle.o /c/NXP/bstudio_nxp/workspace/Custom_ZLL_Lights_someone42/MultiLight/Build/zcl_reportManager.o /c/NXP/bstudio_nxp/workspace/Custom_ZLL_Lights_someone42/MultiLight/Build/zcl_reportMaths.o /c/NXP/bstudio_nxp/workspace/Custom_ZLL_Lights_someone42/MultiLight/Build/zcl_reportScheduler.o /c/NXP/bstudio_nxp/workspace/Custom_ZLL_Lights_someone42/MultiLight/Build/zcl_reportStringHandling.o /c/NXP/bstudio_nxp/workspace/Custom_ZLL_Lights_someone42/MultiLight/Build/zcl_reportStructure.o /c/NXP/bstudio_nxp/workspace/Custom_ZLL_Lights_someone42/MultiLight/Build/zcl_search.o /c/NXP/bstudio_nxp/workspace/Custom_ZLL_Lights_someone42/MultiLight/Build/zcl_timer.o /c/NXP/bstudio_nxp/workspace/Custom_ZLL_Lights_someone42/MultiLight/Build/zcl_transmit.o -lZPSMAC_Mini_JN516x -lOS_JN516x -lPWRM_JN516x -lZPSTSV_JN516x -lAES_SW_JN516x -lPDUM_JN516x -lZPSAPL_JN516x -lRandom_JN516x -lPDM_EEPROM_JN516x -lDBG_JN516x -lZPSZLL_JN516x -lZPSNWK_JN516x -lRecal_JN516x -lMiniMac_JN5169 -lMiniMacShim_JN516x -lMMAC_JN5169 -lJPT_JN5169 -lAes_JN516x -lHardwareApi_JN5169 -lMicroSpecific_JN516x -lBoot_JN516x -lm -Wl,--end-group -Wl,-Map,/c/NXP/bstudio_nxp/workspace/Custom_ZLL_Lights_someone42/MultiLight/Build/MultiLight_JN5169_JN516X_RGBStandard.map 
/c/NXP/bstudio_nxp/sdk/Tools/ba-elf-ba2-r36379/bin/ba-elf-size /c/NXP/bstudio_nxp/workspace/Custom_ZLL_Lights_someone42/MultiLight/Build/MultiLight_JN5169_JN516X_RGBStandard.elf 
   text	   data	    bss	    dec	    hex	filename
 187129	   2496	  22957	 212582	  33e66	c:/NXP/bstudio_nxp/workspace/Custom_ZLL_Lights_someone42/MultiLight/Build/MultiLight_JN5169_JN516X_RGBStandard.elf
Generating binary ...
/c/NXP/bstudio_nxp/sdk/Tools/ba-elf-ba2-r36379/bin/ba-elf-objcopy -j .version -j .bir -j .flashheader -j .vsr_table -j .vsr_handlers  -j .rodata -j .text -j .data -j .bss -j .heap -j .stack -S -O binary /c/NXP/bstudio_nxp/workspace/Custom_ZLL_Lights_someone42/MultiLight/Build/MultiLight_JN5169_JN516X_RGBStandard.elf /c/NXP/bstudio_nxp/workspace/Custom_ZLL_Lights_someone42/MultiLight/Build/MultiLight_JN5169_JN516X_RGBStandard.bin
cp -f /c/NXP/bstudio_nxp/workspace/Custom_ZLL_Lights_someone42/MultiLight/Build/MultiLight_JN5169_JN516X_RGBStandard.bin ../../MultiLight_JN5169_JN516X_RGBStandard.bin

13:14:03 Build Finished (took 2m:36s.367ms)

