Archive member included because of file (symbol)

c:/NXP/bstudio_nxp/sdk/JN-SW-4168/Components/Library\libOS_JN516x.a(os.o)
                              c:/NXP/bstudio_nxp/workspace/JN-AN-1171-ZigBee-LightLink-Demo/Light_ColorLight/Build/os_gen.o (symbol from plugin) (os_vStart)
c:/NXP/bstudio_nxp/sdk/JN-SW-4168/Components/Library\libOS_JN516x.a(os_contirq_JN516x.o)
                              c:/NXP/bstudio_nxp/workspace/JN-AN-1171-ZigBee-LightLink-Demo/Light_ColorLight/Build/os_irq.o (os_UnclaimedException_W)
c:/NXP/bstudio_nxp/sdk/JN-SW-4168/Components/Library\libPWRM_JN516x.a(pwrm.o)
                              c:/NXP/bstudio_nxp/workspace/JN-AN-1171-ZigBee-LightLink-Demo/Light_ColorLight/Build/app_start_light.o (symbol from plugin) (PWRM_vInit)
c:/NXP/bstudio_nxp/sdk/JN-SW-4168/Components/Library\libPWRM_JN516x.a(pwrm_setjmp_JN516x.o)
                              pwrm.o (symbol from plugin) (setjmp)
c:/NXP/bstudio_nxp/sdk/JN-SW-4168/Components/Library\libPWRM_JN516x.a(pwrm_cold_start.o)
                              (AppColdStart)
c:/NXP/bstudio_nxp/sdk/JN-SW-4168/Components/Library\libPWRM_JN516x.a(pwrm_warm_start.o)
                              (AppWarmStart)
c:/NXP/bstudio_nxp/sdk/JN-SW-4168/Components/Library\libPDUM_JN516x.a(pdum_nwk.o)
                              c:/NXP/bstudio_nxp/workspace/JN-AN-1171-ZigBee-LightLink-Demo/Light_ColorLight/Build/pdum_gen.o (symbol from plugin) (pdum_vNPduInit)
c:/NXP/bstudio_nxp/sdk/JN-SW-4168/Components/Library\libPDUM_JN516x.a(pdum_apl.o)
                              c:/NXP/bstudio_nxp/workspace/JN-AN-1171-ZigBee-LightLink-Demo/Light_ColorLight/Build/zll_CommissionCmdHandler.o (symbol from plugin) (PDUM_u16APduInstanceReadNBO)
c:/NXP/bstudio_nxp/sdk/JN-SW-4168/Components/Library\libPDUM_JN516x.a(pdum.o)
                              pdum_nwk.o (symbol from plugin) (PDUM_u16SizeNBO)
c:/NXP/bstudio_nxp/sdk/JN-SW-4168/Components/Library\libZPSAPL_JN516x.a(zps_apl_af.o)
                              c:/NXP/bstudio_nxp/workspace/JN-AN-1171-ZigBee-LightLink-Demo/Light_ColorLight/Build/zpr_light_node.o (symbol from plugin) (ZPS_eAplAfInit)
c:/NXP/bstudio_nxp/sdk/JN-SW-4168/Components/Library\libZPSAPL_JN516x.a(zps_apl_af_apsde.o)
                              c:/NXP/bstudio_nxp/workspace/JN-AN-1171-ZigBee-LightLink-Demo/Light_ColorLight/Build/zps_gen.o (symbol from plugin) (zps_vHandleApsdeDataFragIndNotSupported)
c:/NXP/bstudio_nxp/sdk/JN-SW-4168/Components/Library\libZPSAPL_JN516x.a(zps_apl_task.o)
                              zps_apl_af_apsde.o (symbol from plugin) (zps_vAplAfPostEvent)
c:/NXP/bstudio_nxp/sdk/JN-SW-4168/Components/Library\libZPSAPL_JN516x.a(zps_apl_apsde.o)
                              zps_apl_task.o (symbol from plugin) (ZPS_vAplRegisterApsdeDcfmIndCallbacks)
c:/NXP/bstudio_nxp/sdk/JN-SW-4168/Components/Library\libZPSAPL_JN516x.a(zps_apl_apsme.o)
                              zps_apl_task.o (symbol from plugin) (ZPS_vAplRegisterApsmeDcfmIndCallbacks)
c:/NXP/bstudio_nxp/sdk/JN-SW-4168/Components/Library\libZPSAPL_JN516x.a(zps_apl_aps_nlde.o)
                              zps_apl_task.o (symbol from plugin) (zps_vAplApsHandleNldeDcfmInd)
c:/NXP/bstudio_nxp/sdk/JN-SW-4168/Components/Library\libZPSAPL_JN516x.a(zps_apl_sec.o)
                              zps_apl_task.o (symbol from plugin) (zps_psFindKeyDescr)
c:/NXP/bstudio_nxp/sdk/JN-SW-4168/Components/Library\libZPSAPL_JN516x.a(zps_apl_aib.o)
                              c:/NXP/bstudio_nxp/workspace/JN-AN-1171-ZigBee-LightLink-Demo/Light_ColorLight/Build/app_light_commission_task.o (symbol from plugin) (zps_psAplAibGetAib)
c:/NXP/bstudio_nxp/sdk/JN-SW-4168/Components/Library\libZPSAPL_JN516x.a(zps_apl_zdo_nwkmanager.o)
                              zps_apl_apsme.o (symbol from plugin) (zps_vAplSaveRecord)
c:/NXP/bstudio_nxp/sdk/JN-SW-4168/Components/Library\libZPSAPL_JN516x.a(zps_apl_zdo_handle_zdp_event.o)
                              zps_apl_task.o (symbol from plugin) (zps_bAplZdoHandleZdpEvent)
c:/NXP/bstudio_nxp/sdk/JN-SW-4168/Components/Library\libZPSAPL_JN516x.a(zps_apl_zdo_trust_center.o)
                              zps_apl_sec.o (symbol from plugin) (zps_eAplTrustCenterFindDevice)
c:/NXP/bstudio_nxp/sdk/JN-SW-4168/Components/Library\libZPSAPL_JN516x.a(zps_apl_zdo_common.o)
                              zps_apl_zdo_nwkmanager.o (symbol from plugin) (zps_eAplZdoNlmeleaveWrapper)
c:/NXP/bstudio_nxp/sdk/JN-SW-4168/Components/Library\libZPSAPL_JN516x.a(zps_apl_zdo_group.o)
                              c:/NXP/bstudio_nxp/workspace/JN-AN-1171-ZigBee-LightLink-Demo/Light_ColorLight/Build/GroupsTableManager.o (symbol from plugin) (zps_eAplZdoGroupEndpointAdd)
c:/NXP/bstudio_nxp/sdk/JN-SW-4168/Components/Library\libZPSAPL_JN516x.a(zps_apl_zdo_default_server.o)
                              c:/NXP/bstudio_nxp/workspace/JN-AN-1171-ZigBee-LightLink-Demo/Light_ColorLight/Build/zps_gen.o (symbol from plugin) (zps_vAplZdoDefaultServerInit)
[...]
Memory Configuration

Name             Origin             Length             Attributes
flash            0x0000000000080000 0x0000000000080000
ram              0x000000000400004c 0x0000000000007fb4
*default*        0x0000000000000000 0xffffffffffffffff

Linker script and memory map

                0x0000000000001388                __stack_size = 0x1388
                0x00000000000007d0                __minimum_heap_size = 0x7d0
START GROUP
LOAD c:/NXP/bstudio_nxp/workspace/JN-AN-1171-ZigBee-LightLink-Demo/Light_ColorLight/Build/os_gen.o
LOAD C:\DOCUME~1\g\LOCALS~1\Temp\ccdvD5CU.ltrans0.ltrans.o
LOAD C:\DOCUME~1\g\LOCALS~1\Temp\ccdvD5CU.ltrans1.ltrans.o
LOAD C:\DOCUME~1\g\LOCALS~1\Temp\ccdvD5CU.ltrans2.ltrans.o
LOAD C:\DOCUME~1\g\LOCALS~1\Temp\ccdvD5CU.ltrans3.ltrans.o
LOAD C:\DOCUME~1\g\LOCALS~1\Temp\ccdvD5CU.ltrans4.ltrans.o
LOAD C:\DOCUME~1\g\LOCALS~1\Temp\ccdvD5CU.ltrans5.ltrans.o
LOAD C:\DOCUME~1\g\LOCALS~1\Temp\ccdvD5CU.ltrans6.ltrans.o
LOAD C:\DOCUME~1\g\LOCALS~1\Temp\ccdvD5CU.ltrans7.ltrans.o
LOAD C:\DOCUME~1\g\LOCALS~1\Temp\ccdvD5CU.ltrans8.ltrans.o
LOAD C:\DOCUME~1\g\LOCALS~1\Temp\ccdvD5CU.ltrans9.ltrans.o
LOAD C:\DOCUME~1\g\LOCALS~1\Temp\ccdvD5CU.ltrans10.ltrans.o
LOAD C:\DOCUME~1\g\LOCALS~1\Temp\ccdvD5CU.ltrans11.ltrans.o
LOAD C:\DOCUME~1\g\LOCALS~1\Temp\ccdvD5CU.ltrans12.ltrans.o
LOAD C:\DOCUME~1\g\LOCALS~1\Temp\ccdvD5CU.ltrans13.ltrans.o
LOAD C:\DOCUME~1\g\LOCALS~1\Temp\ccdvD5CU.ltrans14.ltrans.o
LOAD C:\DOCUME~1\g\LOCALS~1\Temp\ccdvD5CU.ltrans15.ltrans.o
LOAD C:\DOCUME~1\g\LOCALS~1\Temp\ccdvD5CU.ltrans16.ltrans.o
LOAD C:\DOCUME~1\g\LOCALS~1\Temp\ccdvD5CU.ltrans17.ltrans.o
LOAD C:\DOCUME~1\g\LOCALS~1\Temp\ccdvD5CU.ltrans18.ltrans.o
LOAD C:\DOCUME~1\g\LOCALS~1\Temp\ccdvD5CU.ltrans19.ltrans.o
LOAD C:\DOCUME~1\g\LOCALS~1\Temp\ccdvD5CU.ltrans20.ltrans.o
LOAD C:\DOCUME~1\g\LOCALS~1\Temp\ccdvD5CU.ltrans21.ltrans.o
LOAD C:\DOCUME~1\g\LOCALS~1\Temp\ccdvD5CU.ltrans22.ltrans.o
LOAD C:\DOCUME~1\g\LOCALS~1\Temp\ccdvD5CU.ltrans23.ltrans.o
LOAD C:\DOCUME~1\g\LOCALS~1\Temp\ccdvD5CU.ltrans24.ltrans.o
LOAD C:\DOCUME~1\g\LOCALS~1\Temp\ccdvD5CU.ltrans25.ltrans.o
LOAD C:\DOCUME~1\g\LOCALS~1\Temp\ccdvD5CU.ltrans26.ltrans.o
LOAD C:\DOCUME~1\g\LOCALS~1\Temp\ccdvD5CU.ltrans27.ltrans.o
LOAD C:\DOCUME~1\g\LOCALS~1\Temp\ccdvD5CU.ltrans28.ltrans.o
LOAD C:\DOCUME~1\g\LOCALS~1\Temp\ccdvD5CU.ltrans29.ltrans.o
LOAD C:\DOCUME~1\g\LOCALS~1\Temp\ccdvD5CU.ltrans30.ltrans.o
LOAD C:\DOCUME~1\g\LOCALS~1\Temp\ccdvD5CU.ltrans31.ltrans.o
LOAD c:/nxp/bstudio_nxp/sdk/tools/ba-elf-ba2-r36379/bin/../lib/gcc/ba-elf/4.7.4/../../../../ba-elf/lib/mcpu_jn51xx_sizeopt\libc.a
LOAD c:/nxp/bstudio_nxp/sdk/tools/ba-elf-ba2-r36379/bin/../lib/gcc/ba-elf/4.7.4/mcpu_jn51xx_sizeopt\libgcc.a
LOAD c:/nxp/bstudio_nxp/sdk/tools/ba-elf-ba2-r36379/bin/../lib/gcc/ba-elf/4.7.4/../../../../ba-elf/lib/mcpu_jn51xx_sizeopt\libc.a
LOAD c:/NXP/bstudio_nxp/workspace/JN-AN-1171-ZigBee-LightLink-Demo/Light_ColorLight/Build/os_irq.o
LOAD c:/NXP/bstudio_nxp/workspace/JN-AN-1171-ZigBee-LightLink-Demo/Light_ColorLight/Build/os_irq_alignment.o
LOAD c:/NXP/bstudio_nxp/workspace/JN-AN-1171-ZigBee-LightLink-Demo/Light_ColorLight/Build/os_irq_buserror.o
LOAD c:/NXP/bstudio_nxp/workspace/JN-AN-1171-ZigBee-LightLink-Demo/Light_ColorLight/Build/os_irq_illegalinstruction.o
LOAD c:/NXP/bstudio_nxp/workspace/JN-AN-1171-ZigBee-LightLink-Demo/Light_ColorLight/Build/os_irq_stackoverflowexception.o
LOAD c:/NXP/bstudio_nxp/workspace/JN-AN-1171-ZigBee-LightLink-Demo/Light_ColorLight/Build/os_irq_unimplementedmodule.o
LOAD c:/NXP/bstudio_nxp/workspace/JN-AN-1171-ZigBee-LightLink-Demo/Light_ColorLight/Build/pdum_gen.o
LOAD c:/NXP/bstudio_nxp/workspace/JN-AN-1171-ZigBee-LightLink-Demo/Light_ColorLight/Build/pdum_apdu.o
LOAD c:/NXP/bstudio_nxp/workspace/JN-AN-1171-ZigBee-LightLink-Demo/Light_ColorLight/Build/zps_gen.o
LOAD c:/NXP/bstudio_nxp/workspace/JN-AN-1171-ZigBee-LightLink-Demo/Light_ColorLight/Build/app_timer_driver.o
LOAD c:/NXP/bstudio_nxp/workspace/JN-AN-1171-ZigBee-LightLink-Demo/Light_ColorLight/Build/app_start_light.o
LOAD c:/NXP/bstudio_nxp/workspace/JN-AN-1171-ZigBee-LightLink-Demo/Light_ColorLight/Build/app_scenes.o
LOAD c:/NXP/bstudio_nxp/workspace/JN-AN-1171-ZigBee-LightLink-Demo/Light_ColorLight/Build/app_power_on_counter.o
LOAD c:/NXP/bstudio_nxp/workspace/JN-AN-1171-ZigBee-LightLink-Demo/Light_ColorLight/Build/zpr_light_node.o
LOAD c:/NXP/bstudio_nxp/workspace/JN-AN-1171-ZigBee-LightLink-Demo/Light_ColorLight/Build/ecb_decrypt.o
LOAD c:/NXP/bstudio_nxp/workspace/JN-AN-1171-ZigBee-LightLink-Demo/Light_ColorLight/Build/app_zcl_light_task.o
LOAD c:/NXP/bstudio_nxp/workspace/JN-AN-1171-ZigBee-LightLink-Demo/Light_ColorLight/Build/app_light_commission_task.o
LOAD c:/NXP/bstudio_nxp/workspace/JN-AN-1171-ZigBee-LightLink-Demo/Light_ColorLight/Build/app_manage_temperature.o
LOAD c:/NXP/bstudio_nxp/workspace/JN-AN-1171-ZigBee-LightLink-Demo/Light_ColorLight/Build/app_light_interpolation.o
LOAD c:/NXP/bstudio_nxp/workspace/JN-AN-1171-ZigBee-LightLink-Demo/Light_ColorLight/Build/appZpsBeaconHandler.o
LOAD c:/NXP/bstudio_nxp/workspace/JN-AN-1171-ZigBee-LightLink-Demo/Light_ColorLight/Build/App_Light_ColorLight.o
LOAD c:/NXP/bstudio_nxp/workspace/JN-AN-1171-ZigBee-LightLink-Demo/Light_ColorLight/Build/DriverBulb_DR1175_GWR.o
LOAD c:/NXP/bstudio_nxp/workspace/JN-AN-1171-ZigBee-LightLink-Demo/Light_ColorLight/Build/DriverBulb_Shim.o
LOAD c:/NXP/bstudio_nxp/workspace/JN-AN-1171-ZigBee-LightLink-Demo/Light_ColorLight/Build/Alarms.o
LOAD c:/NXP/bstudio_nxp/workspace/JN-AN-1171-ZigBee-LightLink-Demo/Light_ColorLight/Build/AlarmsClientCommands.o
LOAD c:/NXP/bstudio_nxp/workspace/JN-AN-1171-ZigBee-LightLink-Demo/Light_ColorLight/Build/AlarmsCommandHandler.o
LOAD c:/NXP/bstudio_nxp/workspace/JN-AN-1171-ZigBee-LightLink-Demo/Light_ColorLight/Build/AlarmsServerCommands.o
LOAD c:/NXP/bstudio_nxp/workspace/JN-AN-1171-ZigBee-LightLink-Demo/Light_ColorLight/Build/AlarmsTableManager.o
LOAD c:/NXP/bstudio_nxp/workspace/JN-AN-1171-ZigBee-LightLink-Demo/Light_ColorLight/Build/AnalogInputBasic.o
LOAD c:/NXP/bstudio_nxp/workspace/JN-AN-1171-ZigBee-LightLink-Demo/Light_ColorLight/Build/AnalogOutputBasic.o
LOAD c:/NXP/bstudio_nxp/workspace/JN-AN-1171-ZigBee-LightLink-Demo/Light_ColorLight/Build/Basic.o
LOAD c:/NXP/bstudio_nxp/workspace/JN-AN-1171-ZigBee-LightLink-Demo/Light_ColorLight/Build/BasicClientCommands.o
LOAD c:/NXP/bstudio_nxp/workspace/JN-AN-1171-ZigBee-LightLink-Demo/Light_ColorLight/Build/BasicCommandHandler.o
LOAD c:/NXP/bstudio_nxp/workspace/JN-AN-1171-ZigBee-LightLink-Demo/Light_ColorLight/Build/BinaryInputBasic.o
LOAD c:/NXP/bstudio_nxp/workspace/JN-AN-1171-ZigBee-LightLink-Demo/Light_ColorLight/Build/BinaryOutputBasic.o
LOAD c:/NXP/bstudio_nxp/workspace/JN-AN-1171-ZigBee-LightLink-Demo/Light_ColorLight/Build/Commissioning.o
LOAD c:/NXP/bstudio_nxp/workspace/JN-AN-1171-ZigBee-LightLink-Demo/Light_ColorLight/Build/DeviceTemperatureConfiguration.o
LOAD c:/NXP/bstudio_nxp/workspace/JN-AN-1171-ZigBee-LightLink-Demo/Light_ColorLight/Build/Diagnostics.o
LOAD c:/NXP/bstudio_nxp/workspace/JN-AN-1171-ZigBee-LightLink-Demo/Light_ColorLight/Build/DoorLock.o
LOAD c:/NXP/bstudio_nxp/workspace/JN-AN-1171-ZigBee-LightLink-Demo/Light_ColorLight/Build/DoorLockCommandHandler.o
LOAD c:/NXP/bstudio_nxp/workspace/JN-AN-1171-ZigBee-LightLink-Demo/Light_ColorLight/Build/DoorLockCommands.o
LOAD c:/NXP/bstudio_nxp/workspace/JN-AN-1171-ZigBee-LightLink-Demo/Light_ColorLight/Build/ElectricalMeasurement.o
LOAD c:/NXP/bstudio_nxp/workspace/JN-AN-1171-ZigBee-LightLink-Demo/Light_ColorLight/Build/Groups.o
LOAD c:/NXP/bstudio_nxp/workspace/JN-AN-1171-ZigBee-LightLink-Demo/Light_ColorLight/Build/GroupsClientCommands.o
LOAD c:/NXP/bstudio_nxp/workspace/JN-AN-1171-ZigBee-LightLink-Demo/Light_ColorLight/Build/GroupsCommandHandler.o
LOAD c:/NXP/bstudio_nxp/workspace/JN-AN-1171-ZigBee-LightLink-Demo/Light_ColorLight/Build/GroupsServerCommands.o
LOAD c:/NXP/bstudio_nxp/workspace/JN-AN-1171-ZigBee-LightLink-Demo/Light_ColorLight/Build/GroupsTableManager.o
LOAD c:/NXP/bstudio_nxp/workspace/JN-AN-1171-ZigBee-LightLink-Demo/Light_ColorLight/Build/Identify.o
LOAD c:/NXP/bstudio_nxp/workspace/JN-AN-1171-ZigBee-LightLink-Demo/Light_ColorLight/Build/IdentifyClientCommands.o
LOAD c:/NXP/bstudio_nxp/workspace/JN-AN-1171-ZigBee-LightLink-Demo/Light_ColorLight/Build/IdentifyCommandHandler.o
LOAD c:/NXP/bstudio_nxp/workspace/JN-AN-1171-ZigBee-LightLink-Demo/Light_ColorLight/Build/IdentifyServerCommands.o
LOAD c:/NXP/bstudio_nxp/workspace/JN-AN-1171-ZigBee-LightLink-Demo/Light_ColorLight/Build/LevelControl.o
LOAD c:/NXP/bstudio_nxp/workspace/JN-AN-1171-ZigBee-LightLink-Demo/Light_ColorLight/Build/LevelControlClientCommands.o
LOAD c:/NXP/bstudio_nxp/workspace/JN-AN-1171-ZigBee-LightLink-Demo/Light_ColorLight/Build/LevelControlCommandHandler.o
LOAD c:/NXP/bstudio_nxp/workspace/JN-AN-1171-ZigBee-LightLink-Demo/Light_ColorLight/Build/MultistateInputBasic.o
LOAD c:/NXP/bstudio_nxp/workspace/JN-AN-1171-ZigBee-LightLink-Demo/Light_ColorLight/Build/MultistateOutputBasic.o
LOAD c:/NXP/bstudio_nxp/workspace/JN-AN-1171-ZigBee-LightLink-Demo/Light_ColorLight/Build/OOSC.o
LOAD c:/NXP/bstudio_nxp/workspace/JN-AN-1171-ZigBee-LightLink-Demo/Light_ColorLight/Build/OnOff.o
LOAD c:/NXP/bstudio_nxp/workspace/JN-AN-1171-ZigBee-LightLink-Demo/Light_ColorLight/Build/OnOffCommandHandler.o
LOAD c:/NXP/bstudio_nxp/workspace/JN-AN-1171-ZigBee-LightLink-Demo/Light_ColorLight/Build/OnOffCommands.o
LOAD c:/NXP/bstudio_nxp/workspace/JN-AN-1171-ZigBee-LightLink-Demo/Light_ColorLight/Build/PollControl.o
LOAD c:/NXP/bstudio_nxp/workspace/JN-AN-1171-ZigBee-LightLink-Demo/Light_ColorLight/Build/PollControlClientCommands.o
LOAD c:/NXP/bstudio_nxp/workspace/JN-AN-1171-ZigBee-LightLink-Demo/Light_ColorLight/Build/PollControlCommandHandler.o
LOAD c:/NXP/bstudio_nxp/workspace/JN-AN-1171-ZigBee-LightLink-Demo/Light_ColorLight/Build/PollControlServerCommands.o
LOAD c:/NXP/bstudio_nxp/workspace/JN-AN-1171-ZigBee-LightLink-Demo/Light_ColorLight/Build/PowerConfiguration.o
LOAD c:/NXP/bstudio_nxp/workspace/JN-AN-1171-ZigBee-LightLink-Demo/Light_ColorLight/Build/Scenes.o
LOAD c:/NXP/bstudio_nxp/workspace/JN-AN-1171-ZigBee-LightLink-Demo/Light_ColorLight/Build/ScenesClientCommands.o
LOAD c:/NXP/bstudio_nxp/workspace/JN-AN-1171-ZigBee-LightLink-Demo/Light_ColorLight/Build/ScenesClusterManagement.o
LOAD c:/NXP/bstudio_nxp/workspace/JN-AN-1171-ZigBee-LightLink-Demo/Light_ColorLight/Build/ScenesCommandHandler.o
LOAD c:/NXP/bstudio_nxp/workspace/JN-AN-1171-ZigBee-LightLink-Demo/Light_ColorLight/Build/ScenesServerCommands.o
LOAD c:/NXP/bstudio_nxp/workspace/JN-AN-1171-ZigBee-LightLink-Demo/Light_ColorLight/Build/ScenesTableManager.o
LOAD c:/NXP/bstudio_nxp/workspace/JN-AN-1171-ZigBee-LightLink-Demo/Light_ColorLight/Build/TC.o
LOAD c:/NXP/bstudio_nxp/workspace/JN-AN-1171-ZigBee-LightLink-Demo/Light_ColorLight/Build/Time.o
LOAD c:/NXP/bstudio_nxp/workspace/JN-AN-1171-ZigBee-LightLink-Demo/Light_ColorLight/Build/zll_CommissionCmdHandler.o
LOAD c:/NXP/bstudio_nxp/workspace/JN-AN-1171-ZigBee-LightLink-Demo/Light_ColorLight/Build/zll_UtilityCmdHandler.o
LOAD c:/NXP/bstudio_nxp/workspace/JN-AN-1171-ZigBee-LightLink-Demo/Light_ColorLight/Build/zll_commission.o
LOAD c:/NXP/bstudio_nxp/workspace/JN-AN-1171-ZigBee-LightLink-Demo/Light_ColorLight/Build/zll_utility.o
LOAD c:/NXP/bstudio_nxp/workspace/JN-AN-1171-ZigBee-LightLink-Demo/Light_ColorLight/Build/colour_light.o
LOAD c:/NXP/bstudio_nxp/workspace/JN-AN-1171-ZigBee-LightLink-Demo/Light_ColorLight/Build/colour_remote.o
LOAD c:/NXP/bstudio_nxp/workspace/JN-AN-1171-ZigBee-LightLink-Demo/Light_ColorLight/Build/colour_scene_remote.o
LOAD c:/NXP/bstudio_nxp/workspace/JN-AN-1171-ZigBee-LightLink-Demo/Light_ColorLight/Build/colour_temperature_light.o
LOAD c:/NXP/bstudio_nxp/workspace/JN-AN-1171-ZigBee-LightLink-Demo/Light_ColorLight/Build/commission_endpoint.o
LOAD c:/NXP/bstudio_nxp/workspace/JN-AN-1171-ZigBee-LightLink-Demo/Light_ColorLight/Build/control_bridge.o
LOAD c:/NXP/bstudio_nxp/workspace/JN-AN-1171-ZigBee-LightLink-Demo/Light_ColorLight/Build/dimmable_light.o
LOAD c:/NXP/bstudio_nxp/workspace/JN-AN-1171-ZigBee-LightLink-Demo/Light_ColorLight/Build/dimmable_plug.o
LOAD c:/NXP/bstudio_nxp/workspace/JN-AN-1171-ZigBee-LightLink-Demo/Light_ColorLight/Build/extended_colour_light.o
LOAD c:/NXP/bstudio_nxp/workspace/JN-AN-1171-ZigBee-LightLink-Demo/Light_ColorLight/Build/non_colour_remote.o
LOAD c:/NXP/bstudio_nxp/workspace/JN-AN-1171-ZigBee-LightLink-Demo/Light_ColorLight/Build/non_colour_scene_remote.o
LOAD c:/NXP/bstudio_nxp/workspace/JN-AN-1171-ZigBee-LightLink-Demo/Light_ColorLight/Build/on_off_light.o
LOAD c:/NXP/bstudio_nxp/workspace/JN-AN-1171-ZigBee-LightLink-Demo/Light_ColorLight/Build/on_off_plug.o
LOAD c:/NXP/bstudio_nxp/workspace/JN-AN-1171-ZigBee-LightLink-Demo/Light_ColorLight/Build/on_off_sensor.o
LOAD c:/NXP/bstudio_nxp/workspace/JN-AN-1171-ZigBee-LightLink-Demo/Light_ColorLight/Build/zll.o
LOAD c:/NXP/bstudio_nxp/workspace/JN-AN-1171-ZigBee-LightLink-Demo/Light_ColorLight/Build/BallastConfiguration.o
LOAD c:/NXP/bstudio_nxp/workspace/JN-AN-1171-ZigBee-LightLink-Demo/Light_ColorLight/Build/ColourControl.o
LOAD c:/NXP/bstudio_nxp/workspace/JN-AN-1171-ZigBee-LightLink-Demo/Light_ColorLight/Build/ColourControlClientCommands.o
LOAD c:/NXP/bstudio_nxp/workspace/JN-AN-1171-ZigBee-LightLink-Demo/Light_ColorLight/Build/ColourControlCommandHandler.o
LOAD c:/NXP/bstudio_nxp/workspace/JN-AN-1171-ZigBee-LightLink-Demo/Light_ColorLight/Build/ColourControlConversions.o
LOAD c:/NXP/bstudio_nxp/workspace/JN-AN-1171-ZigBee-LightLink-Demo/Light_ColorLight/Build/dlist.o
LOAD c:/NXP/bstudio_nxp/workspace/JN-AN-1171-ZigBee-LightLink-Demo/Light_ColorLight/Build/zcl.o
LOAD c:/NXP/bstudio_nxp/workspace/JN-AN-1171-ZigBee-LightLink-Demo/Light_ColorLight/Build/zcl_CustomCommandReceive.o
LOAD c:/NXP/bstudio_nxp/workspace/JN-AN-1171-ZigBee-LightLink-Demo/Light_ColorLight/Build/zcl_CustomCommandSend.o
LOAD c:/NXP/bstudio_nxp/workspace/JN-AN-1171-ZigBee-LightLink-Demo/Light_ColorLight/Build/zcl_PDUbufferReadWrite.o
LOAD c:/NXP/bstudio_nxp/workspace/JN-AN-1171-ZigBee-LightLink-Demo/Light_ColorLight/Build/zcl_PDUbufferReadWriteString.o
LOAD c:/NXP/bstudio_nxp/workspace/JN-AN-1171-ZigBee-LightLink-Demo/Light_ColorLight/Build/zcl_WriteAttributesRequestHandle.o
LOAD c:/NXP/bstudio_nxp/workspace/JN-AN-1171-ZigBee-LightLink-Demo/Light_ColorLight/Build/zcl_WriteAttributesRequestSend.o
LOAD c:/NXP/bstudio_nxp/workspace/JN-AN-1171-ZigBee-LightLink-Demo/Light_ColorLight/Build/zcl_WriteAttributesResponseHandle.o
LOAD c:/NXP/bstudio_nxp/workspace/JN-AN-1171-ZigBee-LightLink-Demo/Light_ColorLight/Build/zcl_attribute.o
LOAD c:/NXP/bstudio_nxp/workspace/JN-AN-1171-ZigBee-LightLink-Demo/Light_ColorLight/Build/zcl_buffer.o
LOAD c:/NXP/bstudio_nxp/workspace/JN-AN-1171-ZigBee-LightLink-Demo/Light_ColorLight/Build/zcl_clusterCommand.o
LOAD c:/NXP/bstudio_nxp/workspace/JN-AN-1171-ZigBee-LightLink-Demo/Light_ColorLight/Build/zcl_command.o
LOAD c:/NXP/bstudio_nxp/workspace/JN-AN-1171-ZigBee-LightLink-Demo/Light_ColorLight/Build/zcl_configureReportingCommandHandle.o
LOAD c:/NXP/bstudio_nxp/workspace/JN-AN-1171-ZigBee-LightLink-Demo/Light_ColorLight/Build/zcl_configureReportingCommandSend.o
LOAD c:/NXP/bstudio_nxp/workspace/JN-AN-1171-ZigBee-LightLink-Demo/Light_ColorLight/Build/zcl_configureReportingResponseHandle.o
LOAD c:/NXP/bstudio_nxp/workspace/JN-AN-1171-ZigBee-LightLink-Demo/Light_ColorLight/Build/zcl_defaultResponse.o
LOAD c:/NXP/bstudio_nxp/workspace/JN-AN-1171-ZigBee-LightLink-Demo/Light_ColorLight/Build/zcl_discoverAttributesExtendedRequestHandle.o
LOAD c:/NXP/bstudio_nxp/workspace/JN-AN-1171-ZigBee-LightLink-Demo/Light_ColorLight/Build/zcl_discoverAttributesExtendedRequestSend.o
LOAD c:/NXP/bstudio_nxp/workspace/JN-AN-1171-ZigBee-LightLink-Demo/Light_ColorLight/Build/zcl_discoverAttributesExtendedResponseHandle.o
LOAD c:/NXP/bstudio_nxp/workspace/JN-AN-1171-ZigBee-LightLink-Demo/Light_ColorLight/Build/zcl_discoverAttributesRequestHandle.o
LOAD c:/NXP/bstudio_nxp/workspace/JN-AN-1171-ZigBee-LightLink-Demo/Light_ColorLight/Build/zcl_discoverAttributesRequestSend.o
LOAD c:/NXP/bstudio_nxp/workspace/JN-AN-1171-ZigBee-LightLink-Demo/Light_ColorLight/Build/zcl_discoverAttributesResponseHandle.o
LOAD c:/NXP/bstudio_nxp/workspace/JN-AN-1171-ZigBee-LightLink-Demo/Light_ColorLight/Build/zcl_discoverCommandsRequestHandle.o
LOAD c:/NXP/bstudio_nxp/workspace/JN-AN-1171-ZigBee-LightLink-Demo/Light_ColorLight/Build/zcl_discoverCommandsRequestSend.o
LOAD c:/NXP/bstudio_nxp/workspace/JN-AN-1171-ZigBee-LightLink-Demo/Light_ColorLight/Build/zcl_discoverCommandsResponseHandle.o
LOAD c:/NXP/bstudio_nxp/workspace/JN-AN-1171-ZigBee-LightLink-Demo/Light_ColorLight/Build/zcl_event.o
LOAD c:/NXP/bstudio_nxp/workspace/JN-AN-1171-ZigBee-LightLink-Demo/Light_ColorLight/Build/zcl_heap.o
LOAD c:/NXP/bstudio_nxp/workspace/JN-AN-1171-ZigBee-LightLink-Demo/Light_ColorLight/Build/zcl_library_options.o
LOAD c:/NXP/bstudio_nxp/workspace/JN-AN-1171-ZigBee-LightLink-Demo/Light_ColorLight/Build/zcl_readAttributesRequestHandle.o
LOAD c:/NXP/bstudio_nxp/workspace/JN-AN-1171-ZigBee-LightLink-Demo/Light_ColorLight/Build/zcl_readAttributesRequestSend.o
LOAD c:/NXP/bstudio_nxp/workspace/JN-AN-1171-ZigBee-LightLink-Demo/Light_ColorLight/Build/zcl_readAttributesResponseHandle.o
LOAD c:/NXP/bstudio_nxp/workspace/JN-AN-1171-ZigBee-LightLink-Demo/Light_ColorLight/Build/zcl_readReportingConfigurationCommandHandle.o
LOAD c:/NXP/bstudio_nxp/workspace/JN-AN-1171-ZigBee-LightLink-Demo/Light_ColorLight/Build/zcl_readReportingConfigurationCommandSend.o
LOAD c:/NXP/bstudio_nxp/workspace/JN-AN-1171-ZigBee-LightLink-Demo/Light_ColorLight/Build/zcl_readReportingConfigurationResponseHandle.o
LOAD c:/NXP/bstudio_nxp/workspace/JN-AN-1171-ZigBee-LightLink-Demo/Light_ColorLight/Build/zcl_reportManager.o
LOAD c:/NXP/bstudio_nxp/workspace/JN-AN-1171-ZigBee-LightLink-Demo/Light_ColorLight/Build/zcl_reportMaths.o
LOAD c:/NXP/bstudio_nxp/workspace/JN-AN-1171-ZigBee-LightLink-Demo/Light_ColorLight/Build/zcl_reportScheduler.o
LOAD c:/NXP/bstudio_nxp/workspace/JN-AN-1171-ZigBee-LightLink-Demo/Light_ColorLight/Build/zcl_reportStringHandling.o
LOAD c:/NXP/bstudio_nxp/workspace/JN-AN-1171-ZigBee-LightLink-Demo/Light_ColorLight/Build/zcl_reportStructure.o
LOAD c:/NXP/bstudio_nxp/workspace/JN-AN-1171-ZigBee-LightLink-Demo/Light_ColorLight/Build/zcl_search.o
LOAD c:/NXP/bstudio_nxp/workspace/JN-AN-1171-ZigBee-LightLink-Demo/Light_ColorLight/Build/zcl_timer.o
LOAD c:/NXP/bstudio_nxp/workspace/JN-AN-1171-ZigBee-LightLink-Demo/Light_ColorLight/Build/zcl_transmit.o
LOAD c:/NXP/bstudio_nxp/sdk/JN-SW-4168/Components/Library\libZPSMAC_Mini_JN516x.a
LOAD c:/NXP/bstudio_nxp/sdk/JN-SW-4168/Components/Library\libOS_JN516x.a
LOAD c:/NXP/bstudio_nxp/sdk/JN-SW-4168/Components/Library\libPWRM_JN516x.a
LOAD c:/NXP/bstudio_nxp/sdk/JN-SW-4168/Components/Library\libZPSTSV_JN516x.a
LOAD c:/NXP/bstudio_nxp/sdk/JN-SW-4168/Components/Library\libAES_SW_JN516x.a
LOAD c:/NXP/bstudio_nxp/sdk/JN-SW-4168/Components/Library\libPDUM_JN516x.a
LOAD c:/NXP/bstudio_nxp/sdk/JN-SW-4168/Components/Library\libZPSAPL_JN516x.a
LOAD c:/NXP/bstudio_nxp/sdk/JN-SW-4168/Components/Library\libRandom_JN516x.a
LOAD c:/NXP/bstudio_nxp/sdk/JN-SW-4168/Components/Library\libPDM_EEPROM_JN516x.a
LOAD c:/NXP/bstudio_nxp/sdk/JN-SW-4168/Components/Library\libDBG_JN516x.a
LOAD c:/NXP/bstudio_nxp/sdk/JN-SW-4168/Components/Library\libZPSZLL_JN516x.a
LOAD c:/NXP/bstudio_nxp/sdk/JN-SW-4168/Components/Library\libZPSNWK_JN516x.a
LOAD c:/NXP/bstudio_nxp/sdk/JN-SW-4168/Components/Library\libRecal_JN516x.a
LOAD c:/NXP/bstudio_nxp/sdk/JN-SW-4168/Components/Library\libMiniMac_JN5169.a
LOAD c:/NXP/bstudio_nxp/sdk/JN-SW-4168/Components/Library\libMiniMacShim_JN516x.a
LOAD c:/NXP/bstudio_nxp/sdk/JN-SW-4168/Components/Library\libMMAC_JN5169.a
LOAD c:/NXP/bstudio_nxp/sdk/JN-SW-4168/Components/Library\libJPT_JN5169.a
LOAD c:/NXP/bstudio_nxp/sdk/JN-SW-4168/Components/Library\libAes_JN516x.a
LOAD c:/NXP/bstudio_nxp/sdk/JN-SW-4168/Components/Library\libHardwareApi_JN5169.a
LOAD c:/NXP/bstudio_nxp/sdk/JN-SW-4168/Components/Library\libMicroSpecific_JN516x.a
LOAD c:/NXP/bstudio_nxp/sdk/JN-SW-4168/Components/Library\libBoot_JN516x.a
LOAD c:/nxp/bstudio_nxp/sdk/tools/ba-elf-ba2-r36379/bin/../lib/gcc/ba-elf/4.7.4/../../../../ba-elf/lib/mcpu_jn51xx_sizeopt\libm.a
END GROUP
LOAD c:/nxp/bstudio_nxp/sdk/tools/ba-elf-ba2-r36379/bin/../lib/gcc/ba-elf/4.7.4/../../../../ba-elf/lib/mcpu_jn51xx_sizeopt\libc.a
LOAD c:/nxp/bstudio_nxp/sdk/tools/ba-elf-ba2-r36379/bin/../lib/gcc/ba-elf/4.7.4/mcpu_jn51xx_sizeopt\libgcc.a
LOAD c:/nxp/bstudio_nxp/sdk/tools/ba-elf-ba2-r36379/bin/../lib/gcc/ba-elf/4.7.4/../../../../ba-elf/lib/mcpu_jn51xx_sizeopt\libc.a
                0x0000000000080038                exception_vsr_table = 0x80038
                0x0000000004000000                pSPIflashFncTable = 0x4000000
                0x0000000000000044                restore_state = 0x44
                0x000000000000004a                bZSPIWaitWIPClear = 0x4a
                0x0000000000000050                u16ZSPIflashRDID = 0x50
                0x0000000000000056                u8SelectFlashChipType = 0x56
                0x000000000000005c                memcpy = 0x5c
                0x0000000000000066                vBootFlashProg = 0x66
                [0x00000000000007d0]                __minimum_heap_size = DEFINED (__minimum_heap_size)?__minimum_heap_size:0xd16
                [0x0000000000001388]                __stack_size = DEFINED (__stack_size)?__stack_size:0x800
                0x0000000000000000                _SwConfig = (DEFINED (g_bSWConf_Debug) | (DEFINED (g_bSWConf_AltDebugPort) << 0x1))

.version        0x000000000007fffc        0x4
                0x000000000007fffc        0x4 LONG 0xf03000b

.bir            0x0000000000080000       0x10
                0x0000000000080000                _flash_start = ABSOLUTE (.)
                0x0000000000080000                _flash_beg = ABSOLUTE (.)
                0x0000000000080000        0x4 LONG 0x12345678
                0x0000000000080004        0x4 LONG 0x11223344
                0x0000000000080008        0x4 LONG 0x55667788
                0x000000000008000c        0x1 BYTE 0x8
                0x000000000008000d        0x1 BYTE 0x1
                0x000000000008000e        0x2 SHORT 0x0

.flashheader    0x0000000000080010       0x28
                0x0000000000080010        0x4 LONG 0x0
                0x0000000000080014        0x4 LONG 0x0
                0x0000000000080018        0x4 LONG 0x0
                0x000000000008001c        0x2 SHORT 0x0
                0x000000000008001e        0x2 SHORT 0x0 ABSOLUTE (_SwConfig)
                0x0000000000080020                _enc_start = ABSOLUTE (.)
                0x0000000000080020        0x4 LONG 0x2b624 ABSOLUTE (_image_len)
                0x0000000000080024        0x4 LONG 0xaac90 ABSOLUTE (_flash_data_start)
                0x0000000000080028        0x2 SHORT 0x13 ((ABSOLUTE (_ram_data_start) / 0x4) & 0xffff)
                0x000000000008002a        0x2 SHORT 0x265 ((ABSOLUTE (_ram_data_len) / 0x4) & 0xffff)
                0x000000000008002c        0x2 SHORT 0x278 ((ABSOLUTE (_bss_start) / 0x4) & 0xffff)
                0x000000000008002e        0x2 SHORT 0xf65 ((ABSOLUTE (_bss_len) / 0x4) & 0xffff)
                0x0000000000080030        0x4 LONG 0xa6900 ABSOLUTE (AppWarmStart)
                0x0000000000080034        0x4 LONG 0xa691a ABSOLUTE (AppColdStart)
                0x0000000000000000                _enc_offset = (_enc_start & 0xf)

.ro_mac_address
                0x0000000000080040        0x0
                0x0000000000080040                _FlsMACAddress = ABSOLUTE (.)
 *(.ro_mac_address)
                0x0000000000080040                . = ALIGN (0x10)

.ro_ota_header  0x0000000000080040        0x0
                0x0000000000080040                _FlsOtaHeader = ABSOLUTE (.)
 *(.ro_ota_header)
                0x0000000000080040                . = ALIGN (0x10)

.ro_se_lnkKey   0x0000000000080040        0x0
                0x0000000000080040                _FlsLinkKey = ABSOLUTE (.)
 *(.ro_se_lnkKey)
                0x0000000000080040                . = ALIGN (0x10)

.rodata         0x0000000000080038     0x3281
 *(.rodata*)
 .rodata.str1.1
                0x0000000000080038      0x17b C:\DOCUME~1\g\LOCALS~1\Temp\ccdvD5CU.ltrans0.ltrans.o
 *fill*         0x00000000000801b3        0x1 00
 .rodata        0x00000000000801b4      0x164 C:\DOCUME~1\g\LOCALS~1\Temp\ccdvD5CU.ltrans0.ltrans.o
                0x00000000000801b4                gMAC_u8MaxBuffers
                0x00000000000801b8                g_u32ApsFcSaveCountBitShift
                0x00000000000801bc                u8MaxZpsConfigEp
                0x00000000000801bd                au8EpMapPresent
                0x00000000000801c0                s_groupPdmTable
 .rodata        0x0000000000080318       0xbc C:\DOCUME~1\g\LOCALS~1\Temp\ccdvD5CU.ltrans2.ltrans.o
 .rodata.str1.1
                0x0000000000000000      0x17b C:\DOCUME~1\g\LOCALS~1\Temp\ccdvD5CU.ltrans2.ltrans.o
                                          0x8 (size before relaxing)
 .rodata.str1.1
                0x0000000000000000      0x17b C:\DOCUME~1\g\LOCALS~1\Temp\ccdvD5CU.ltrans3.ltrans.o
                                          0x7 (size before relaxing)
 .rodata        0x00000000000803d4        0x6 C:\DOCUME~1\g\LOCALS~1\Temp\ccdvD5CU.ltrans3.ltrans.o
 .rodata.str1.1
                0x00000000000803da      0x293 C:\DOCUME~1\g\LOCALS~1\Temp\ccdvD5CU.ltrans4.ltrans.o
                                        0x2e0 (size before relaxing)
 .rodata.str1.1
                0x0000000000000000      0x293 C:\DOCUME~1\g\LOCALS~1\Temp\ccdvD5CU.ltrans5.ltrans.o
                                          0x3 (size before relaxing)
 *fill*         0x000000000008066d        0x3 00
 .rodata        0x0000000000080670       0x20 C:\DOCUME~1\g\LOCALS~1\Temp\ccdvD5CU.ltrans6.ltrans.o
                0x0000000000080678                au32UartAddrOffset
 .rodata.str1.1
                0x0000000000080690        0x3 C:\DOCUME~1\g\LOCALS~1\Temp\ccdvD5CU.ltrans6.ltrans.o
 .rodata.str1.1
                0x0000000000080693       0x11 C:\DOCUME~1\g\LOCALS~1\Temp\ccdvD5CU.ltrans7.ltrans.o
                                         0x20 (size before relaxing)
 .rodata        0x00000000000806a4       0x18 C:\DOCUME~1\g\LOCALS~1\Temp\ccdvD5CU.ltrans8.ltrans.o
                0x00000000000806a4                au32NwkPdmRecordOffsets
 .rodata.str1.1
                0x00000000000806bc       0x84 C:\DOCUME~1\g\LOCALS~1\Temp\ccdvD5CU.ltrans9.ltrans.o
                                         0x87 (size before relaxing)
 .rodata.str1.1
                0x0000000000080740      0x475 C:\DOCUME~1\g\LOCALS~1\Temp\ccdvD5CU.ltrans10.ltrans.o
                                        0x498 (size before relaxing)
 .rodata.str1.1
                0x0000000000000000      0x475 C:\DOCUME~1\g\LOCALS~1\Temp\ccdvD5CU.ltrans11.ltrans.o
                                          0x4 (size before relaxing)
 *fill*         0x0000000000080bb5        0x3 00
 .rodata        0x0000000000080bb8       0x3c C:\DOCUME~1\g\LOCALS~1\Temp\ccdvD5CU.ltrans11.ltrans.o
                0x0000000000080bb8                s_aprIdleStHandleCme.139955
                0x0000000000080bcc                s_aprActvStHandleCme.136087
                0x0000000000080bf0                bDisableSourceRouting
                0x0000000000080bf1                bRxOnOptimisationTurnedOff
 .rodata.str1.1
                0x0000000000080bf4       0x21 C:\DOCUME~1\g\LOCALS~1\Temp\ccdvD5CU.ltrans12.ltrans.o
                                         0x39 (size before relaxing)
 .rodata.str1.1
                0x0000000000080c15      0x432 C:\DOCUME~1\g\LOCALS~1\Temp\ccdvD5CU.ltrans13.ltrans.o
                                        0x462 (size before relaxing)
 .rodata.str1.1
                0x0000000000081047       0x18 C:\DOCUME~1\g\LOCALS~1\Temp\ccdvD5CU.ltrans14.ltrans.o
                                         0x38 (size before relaxing)
 .rodata.str1.1
                0x000000000008105f      0x45f C:\DOCUME~1\g\LOCALS~1\Temp\ccdvD5CU.ltrans16.ltrans.o
                                        0x46a (size before relaxing)
 .rodata.str1.1
                0x00000000000814be      0x10c C:\DOCUME~1\g\LOCALS~1\Temp\ccdvD5CU.ltrans17.ltrans.o
                                        0x110 (size before relaxing)
 .rodata        0x00000000000815ca       0x10 C:\DOCUME~1\g\LOCALS~1\Temp\ccdvD5CU.ltrans17.ltrans.o
 .rodata.str1.1
                0x0000000000000000      0x10c C:\DOCUME~1\g\LOCALS~1\Temp\ccdvD5CU.ltrans18.ltrans.o
                                          0x6 (size before relaxing)
 *fill*         0x00000000000815da        0x2 00
 .rodata        0x00000000000815dc       0x4c C:\DOCUME~1\g\LOCALS~1\Temp\ccdvD5CU.ltrans18.ltrans.o
                0x00000000000815dc                g_u32NwkFcSaveCountBitShift
 .rodata.str1.1
                0x0000000000081628       0x14 C:\DOCUME~1\g\LOCALS~1\Temp\ccdvD5CU.ltrans19.ltrans.o
                                         0x22 (size before relaxing)
 .rodata        0x000000000008163c      0x1d0 C:\DOCUME~1\g\LOCALS~1\Temp\ccdvD5CU.ltrans19.ltrans.o
                0x000000000008163c                zps_pacNwkFrmStdByteFmt
                0x0000000000081640                zps_pacNwkFrmStdLongFmt
                0x0000000000081644                zps_pacNwkFrmStdHalfFmt
 .rodata.str1.1
                0x000000000008180c       0xbf C:\DOCUME~1\g\LOCALS~1\Temp\ccdvD5CU.ltrans20.ltrans.o
 .rodata.str1.1
                0x0000000000000000        0x4 C:\DOCUME~1\g\LOCALS~1\Temp\ccdvD5CU.ltrans21.ltrans.o
 .rodata.str1.1
                0x00000000000818cb        0x6 C:\DOCUME~1\g\LOCALS~1\Temp\ccdvD5CU.ltrans22.ltrans.o
 *fill*         0x00000000000818d1        0x3 00
 .rodata        0x00000000000818d4      0x318 C:\DOCUME~1\g\LOCALS~1\Temp\ccdvD5CU.ltrans23.ltrans.o
                0x0000000000081ad4                gu32ZCLVersion
                0x0000000000081ad8                OS_g_u32Version
                0x0000000000081adc                PDUM_g_u32Version
                0x0000000000081ae0                ZPS_g_u32MacVersion
                0x0000000000081ae4                ZPS_g_u32TsvVersion
 .rodata.str1.1
                0x0000000000081bec      0x56f C:\DOCUME~1\g\LOCALS~1\Temp\ccdvD5CU.ltrans24.ltrans.o
                                        0x5bf (size before relaxing)
 .rodata        0x000000000008215b        0x8 C:\DOCUME~1\g\LOCALS~1\Temp\ccdvD5CU.ltrans24.ltrans.o
 .rodata.str1.1
                0x0000000000082163      0x172 C:\DOCUME~1\g\LOCALS~1\Temp\ccdvD5CU.ltrans25.ltrans.o
                                        0x178 (size before relaxing)
 .rodata.str1.1
                0x00000000000822d5      0x278 C:\DOCUME~1\g\LOCALS~1\Temp\ccdvD5CU.ltrans26.ltrans.o
                                        0x291 (size before relaxing)
 .rodata        0x000000000008254d      0x107 C:\DOCUME~1\g\LOCALS~1\Temp\ccdvD5CU.ltrans26.ltrans.o
                0x000000000008254d                au8ZLLChannelSet
 .rodata.str1.1
                0x0000000000082654      0x3c9 C:\DOCUME~1\g\LOCALS~1\Temp\ccdvD5CU.ltrans27.ltrans.o
                                        0x3d4 (size before relaxing)
 .rodata.str1.1
                0x0000000000082a1d       0x27 C:\DOCUME~1\g\LOCALS~1\Temp\ccdvD5CU.ltrans28.ltrans.o
                                         0x4a (size before relaxing)
 .rodata.str1.1
                0x0000000000082a44      0x26d C:\DOCUME~1\g\LOCALS~1\Temp\ccdvD5CU.ltrans29.ltrans.o
                                        0x279 (size before relaxing)
 .rodata.str1.1
                0x0000000000082cb1       0xfc C:\DOCUME~1\g\LOCALS~1\Temp\ccdvD5CU.ltrans30.ltrans.o
 *fill*         0x0000000000082dad        0x3 00
 .rodata        0x0000000000082db0      0x3ec C:\DOCUME~1\g\LOCALS~1\Temp\ccdvD5CU.ltrans30.ltrans.o
                0x0000000000082db0                zps_g_pvApl
                0x0000000000082db4                au32TimerBaseAddress
                0x0000000000082dc8                pwrm_psWakeupCallbacks
 .rodata.str1.1
                0x000000000008319c      0x11d C:\DOCUME~1\g\LOCALS~1\Temp\ccdvD5CU.ltrans31.ltrans.o
                                        0x157 (size before relaxing)

.text           0x00000000000832c0    0x279d0
 *(.text*)
 .text          0x00000000000832c0     0x1e74 C:\DOCUME~1\g\LOCALS~1\Temp\ccdvD5CU.ltrans0.ltrans.o
                0x00000000000832c0                APP_TIMER_Version_1v0
                0x00000000000832c0                vInitialiseApp.3312
 .text          0x0000000000085134     0x1509 C:\DOCUME~1\g\LOCALS~1\Temp\ccdvD5CU.ltrans1.ltrans.o
                0x0000000000085134                DBG_vUartFlush
                0x0000000000085161                DBG_vUartPutch
                0x00000000000851a7                os_u32APP_cbGetTickTimer
                0x00000000000851b0                os_bAPP_cbSetTickTimerCompare
                0x00000000000852af                boIdValueSearchMatch.122532
                0x0000000000085309                vRadioToOff
                0x0000000000085326                vStartReceive
                0x0000000000085342                vMiniMac_NextTransaction
                0x00000000000853ac                eTransmit
                0x00000000000854c6                vMiniMac_TxComplete
                0x00000000000856ff                vTimerFired
                0x00000000000857b7                vDispatch.61072
                0x0000000000085889                OS_eStartSWTimer.constprop.148
                0x00000000000859a8                OS_eStopSWTimer
                0x0000000000085acb                OS_ePostMessage
                0x0000000000085c31                os_vAPP_CommissionTimerTask
                0x0000000000085c47                OS_eExitCriticalSection
                0x0000000000085d2c                OS_eActivateTask
                0x0000000000085dc7                vPostMlmeDcfmInd.80207
                0x0000000000085e6a                u16ZCL_APduInstanceWriteNBO
                0x0000000000085ebe                u16ZCL_WriteCommandHeader
                0x0000000000085f36                u16ZCL_APduInstanceWriteStringNBO
                0x0000000000085ffd                u16ZCL_APduInstanceReadStringNBO
                0x00000000000860d2                eZCL_GetAttributeTypeSizeFromBuffer
                0x0000000000086149                iPDM_ReadUserDataFromEEPROMsegment
                0x00000000000861c3                iPDM_ReCalculateWearCountAndChecksumAndWriteFileSystemHeader
                0x000000000008620d                vPDM_SetEEPROMandFileSystemValidState
                0x0000000000086234                iPDM_ReadUserDataFromFileSystemRecord
                0x0000000000086254                vPDM_WriteFileSystemRecordAndSegmentDataIntoEEPROMsegment
                0x000000000008628f                iPDM_ReadSegmentHeaderDataFromEEPROMsegment
                0x00000000000862e8                PWRM_vWakeInterruptCallback
                0x000000000008636f                u16ZCL_ReadTypeNBO
                0x0000000000086424                u16ZCL_APduInstanceReadNBO
                0x0000000000086475                u16ZCL_ReadCommandHeader.part.0.45341
                0x00000000000864ec                eCLD_BasicCommandHandler
                0x0000000000086518                ZPS_vNwkNibClearTables
 .text          0x000000000008663d     0x18b5 C:\DOCUME~1\g\LOCALS~1\Temp\ccdvD5CU.ltrans2.ltrans.o
                0x000000000008663d                vZdoServersInit.3037
                0x00000000000866d9                DBG_iUartGetChar
                0x0000000000086729                vMMAC_IntHandlerBbc
                0x0000000000086743                eBasicTxCompleteHandler
                0x0000000000086748                vTxRxTimeout.146165
                0x00000000000867a5                eSmeAcScBeaconInd.138050
                0x0000000000086801                eSmeASFlBeaconInd.137885
                0x0000000000086823                eSmeUDNTScanDcfm.137335
                0x00000000000868ab                zps_eNwkHandleSmePollDcfm
                0x00000000000868d5                eLeaveDataDcfmRemoteLeave.142632
                0x000000000008691e                eSmeGenlScanDcfm.137877
                0x000000000008697c                eSmeEdScScanDcfm.137873
                0x0000000000086b23                eSmeAcScBeaconInd.137893
                0x0000000000086c2b                eSmeUDNTBeaconInd.137869
                0x0000000000086c4e                iPDM_FilterDuplicateAppendedSegmentsOnList.123785
                0x0000000000086c92                eCLD_ScenesFindActiveScene
                0x0000000000086cc7                ZPS_bIsMacAddressUsedInApsTable
                0x0000000000086d7d                eCLD_GroupsCheckGroupExists
                0x0000000000086dea                ZPS_eTsvOpen
                0x0000000000086e04                zps_vNwkBttMgrInit
                0x0000000000086e32                vMiniMac_MLME_SetReq_PanId
                0x0000000000086e6f                vMiniMac_MLME_SetReq_ShortAddr
                0x0000000000086e7d                vZCL_InitializeClusterInstance.constprop.143
                0x0000000000086e8e                psDLISTsearchFromHead
                0x0000000000086eb7                pvZCL_HeapAlloc.part.0.52702.constprop.126
                0x0000000000086ef1                vMicroIntEnableOnly.constprop.111
                0x0000000000086f1d                vAHI_TimerEnable.part.1.148766.constprop.72
                0x0000000000086f7c                vStartTimer.part.0.148754.constprop.68
                0x0000000000086fa6                zps_eNwkRtDiscMatch.constprop.54
                0x0000000000086ff9                eCLD_ColourControl_xyY2HSV.constprop.36
                0x00000000000871bf                vMiniMac_ReturnTxBufferCallback
                0x00000000000871d1                vEnableReceive.146169
                0x000000000008720b                pvHeap_Alloc
                0x000000000008720e                vMicroIntRestoreState
                0x000000000008721a                vSetChannelAndPower
                0x00000000000873ba                vMiniMac_PLME_SetReq_Power
                0x00000000000873ce                vMiniMac_PLME_SetReq_Channel
                0x00000000000873d6                TSV_eStart
                0x0000000000087426                bAHI_WriteEEPROMfixSegmentData
                0x0000000000087484                bAHI_InitialiseEEPROM
                0x00000000000874cc                vAHI_ReadDataFromEEPROMregister
                0x00000000000874f9                vAHI_WriteDataIntoEEPROMregister
                0x0000000000087529                iAHI_WriteDataIntoEEPROMsegment.constprop.117
                0x0000000000087577                iPDM_WriteSegmentHeaderDataIntoEEPROMsegment
                0x00000000000875a6                u8AHI_WakeTimerFiredStatus
                0x00000000000875ba                vAHI_WakeTimerStop.part.3.149231
                0x00000000000875da                vAHI_UartReset.part.4.148985
                0x0000000000087612                vAHI_ClockXtalPull
                0x000000000008762f                vAHI_OptimiseWaitStates
                0x000000000008767b                bAHI_GetClkSource
                0x0000000000087688                bAHI_SetClockRate.part.0.148655.constprop.81
                0x0000000000087703                vAHI_SwReset
                0x0000000000087734                bIssueACIcommand
                0x00000000000877ca                vACI_CmdWaitBusy
                0x00000000000877d7                bACI_ECBencodeBuffer.part.0.148354.constprop.52
                0x000000000008788e                vACI_OptimisedCcmStar.constprop.57
                0x0000000000087a79                psSearchForFrameToSend
                0x0000000000087ad0                eMiniMac_FrameInProgress
                0x0000000000087afb                vRemoveFromTxQueue
                0x0000000000087b37                vAddToTxQueue
                0x0000000000087b6d                u8GetHeaderSize
                0x0000000000087b95                vMiniMac_PLME_SetReq_CcaMode
                0x0000000000087ba9                vMiniMac_MLME_SetReq_MaxCsmaBackoffs
                0x0000000000087bc9                vMiniMac_MLME_SetReq_MaxBe
                0x0000000000087bec                vMiniMac_MLME_SetReq_MinBe
                0x0000000000087c0f                zps_vSendJoinInd
                0x0000000000087c80                zps_psFormatCmdFrameGeneral
                0x0000000000087d0c                zps_eNwkFormStInit
                0x0000000000087d21                vSendDcfm.138571
                0x0000000000087d46                bCheckMatchingEntry.138045
                0x0000000000087d6c                zps_psNwkSlistRemoveFromHead
                0x0000000000087d83                zps_psNwkSlistRemove
                0x0000000000087dbb                zps_bNwkMcpsMgrRemoveDescrFromLists
                0x0000000000087df9                zps_vNwkSlistAddToTail
                0x0000000000087e13                zps_vNwkSecClearMatSet
                0x0000000000087e3d                ZPS_vNwkSecResetDevice
                0x0000000000087e82                ZPS_bNwkSecHaveNetworkKey
                0x0000000000087eb6                ZPS_bNwkSecFindMatSet
 .text.unlikely
                0x0000000000087ef2       0x43 C:\DOCUME~1\g\LOCALS~1\Temp\ccdvD5CU.ltrans2.ltrans.o
                0x0000000000087ef2                vAHI_MemoryHold.148663
 .text          0x0000000000087f35     0x18b4 C:\DOCUME~1\g\LOCALS~1\Temp\ccdvD5CU.ltrans3.ltrans.o
                0x0000000000087f35                zps_eNwkHandleSceNwkUpdate
                0x0000000000087f59                PDUM_eNPduAllocate
                0x0000000000087fc8                PDUM_eNPduClone
                0x0000000000088014                PDUM_eNPduFree
                0x0000000000088081                vPostVsMcpsDcfmInd.80214
                0x000000000008816a                ZPS_vInterceptMcpsDataCallback
                0x00000000000881cc                zps_vNwkMcpsMgrFreeReqDescr
                0x00000000000881fe                zps_psAllocateAndFormatMacHdr
                0x00000000000884e7                zps_vNwkRemoveConflictedBroadcast
                0x0000000000088539                zps_vNwkMcpsMgrTidyBtrReqDescr
                0x000000000008857d                vNwkBttTimerExpiry.136135
                0x000000000008869b                MAC_vHandleMcpsVsReqRsp
                0x000000000008881c                PDUM_hAPduAllocateAPduInstance
                0x0000000000088890                hZCL_AllocateAPduInstance
                0x00000000000888cc                zps_eAplZdoSendZdpResponse
                0x0000000000088915                bSendResponse.97046
                0x0000000000088958                PDUM_eAPduFreeAPduInstance
                0x0000000000088c97                zps_bAplZdoMatchDescServer
                0x0000000000088cab                zps_bAplZdoNodeDescServer
                0x0000000000088e17                zps_bAplZdoSimpleDescServer
                0x0000000000089078                zps_bAplZdoPowerDescServer
                0x0000000000089195                zps_bAplZdoActiveEpServer
                0x000000000008927e                zps_bAplZdoSystemServerDiscoveryServer
                0x0000000000089307                zps_bAplZdoMgmtLqiServer
                0x0000000000089533                zps_bAplZdoMgmtRtgServer
                0x0000000000089679                PDM_eReadDataFromRecord.part.0.121852
                0x00000000000896fc                vLoadNwkRecord.130671
                0x000000000008973a                vLoadAplRecord.73396
                0x000000000008976e                zps_eAplZdoBdrmRequestSend
 *fill*         0x00000000000897e9        0x3 00
 .text          0x00000000000897ec     0x14a0 C:\DOCUME~1\g\LOCALS~1\Temp\ccdvD5CU.ltrans4.ltrans.o
                0x0000000000089996                zps_bAplZdoNwkAddrServer
                0x0000000000089b17                zps_bAplZdoIeeeAddrServer
                0x0000000000089c6d                eBeaconReqSent.146941
                0x0000000000089c94                APP_ZCL_cbEndpointCallback.6035
                0x000000000008a1c7                vAHI_Sleep
                0x000000000008a28c                vTransformKey.isra.0.69855
                0x000000000008a2bc                u8PDM_CalculateFileSystemCapacity
                0x000000000008a2da                u8PDM_GetFileSystemOccupancy
                0x000000000008a2f2                vPdmEventHandlerCallback.3308
                0x000000000008a390                vFreePendingReqDescr
                0x000000000008a3fa                vHandleRouteDiscoveryExpiry.133618
                0x000000000008a458                zps_vSendJoinDcfm
                0x000000000008a49e                vGiveUp.141197
                0x000000000008a4d6                vMiniMac_McpsCallback
                0x000000000008a702                eMcpsTxCompleteHandler.145794
                0x000000000008a730                ZPS_bSecEncrypt
                0x000000000008a8e6                eZCL_TransmitInterPanRequest.constprop.32
                0x000000000008a951                eCLD_ZllCommissionCommandNetworkJoinRouterRspCommandSend.constprop.27
                0x000000000008a97b                eSendScanResponse.7009.constprop.30
                0x000000000008aad9                zps_psNwkInitCmdFrame
                0x000000000008ab58                eSendLinkStatusDataDcfm.part.1.127764
 .text          0x000000000008ac8c     0x18d5 C:\DOCUME~1\g\LOCALS~1\Temp\ccdvD5CU.ltrans5.ltrans.o
                0x000000000008ac8c                vPermitJoinHandleExpiry.132886
                0x000000000008ac95                vNwkMcpsTimerCallback
                0x000000000008acaf                zps_eSceGenlIllegal
                0x000000000008acb6                zps_eSmeGenlIllegal
                0x000000000008acbd                DBG_vUartFailedAssert
                0x000000000008acc1                zps_bAplZdoBindRequestServer
                0x000000000008adfc                psGetVsMcpsBuf.80211
                0x000000000008ae05                psGetMlmeBuf.80204
                0x000000000008ae4c                psGetNlmeBuf.64303
                0x000000000008ae56                psGetNldeBuf.64324
                0x000000000008ae60                psGetApsmeBuf.64310
                0x000000000008ae69                psGetApsdeBuf.64317
                0x000000000008af82                vLoopbackTimerCallback
                0x000000000008afb1                zps_eNwkRctMatchNwkAddr
                0x000000000008b01b                ZPS_u8NwkCalcNldeReqOverhead
                0x000000000008b056                zps_vRemoveNextHop
                0x000000000008b10b                zps_vRemoveRoute
                0x000000000008b1a2                zps_psNwkRtMatchNwkAddr
                0x000000000008b218                zps_vNwkFreeMcpsHandle
                0x000000000008b242                zps_psNwkMcpsMgrFindPendingByNwkDstAddr
                0x000000000008b258                ZPS_u64NwkNibGetMappedIeeeAddr
                0x000000000008b27a                ZPS_bNwkNibNtActvMatch
                0x000000000008b332                bCheckNwkAddr
                0x000000000008b380                ZPS_vSetExtendedStatus
                0x000000000008b392                zps_eNwkRtMatch
                0x000000000008b4ab                zps_psApsApsAllocateDcfmRecord
                0x000000000008b519                zps_u8CalcLinkCost
                0x000000000008b555                ZPS_u8NwkNibNtDiscMatch
                0x000000000008b639                zps_u64NwkLibFromPayload
                0x000000000008b678                zps_vNwkLibU64ToPayload
                0x000000000008b6a5                zps_vInitBeaconPayload
                0x000000000008b721                zps_eNwkDcfmIndPost
                0x000000000008b744                zps_psNwkDcfmIndGetBuf
                0x000000000008b766                eRouteRequestDataDcfm.134058
                0x000000000008b7ba                eNldeDataDcfm.131893
                0x000000000008b7ea                zps_vSendNwkStatusInd
                0x000000000008b81a                DBG_vInit
                0x000000000008b85c                vPDM_ReadBitmapHeader.123389
                0x000000000008b87b                psSLISTsearch
                0x000000000008b8bb                psSLISTremove
                0x000000000008b939                vSLISTaddToTail
                0x000000000008b958                psSLISTgetNext
                0x000000000008b97c                u8PDM_CalculateLargestDataRecordStored
                0x000000000008b9ad                bPDM_ImageBitmapRepairCheck
                0x000000000008b9d5                u8PDM_ReadSequenceNumber
                0x000000000008b9f8                boSegmentNumberDeleteSearchMatch.122959
                0x000000000008ba13                u8PDM_ReadSegmentDataSize
                0x000000000008ba27                u32PDM_ReadFileSystemHeaderWearCount
                0x000000000008ba3d                boSearchForWearCountSubstitute.123275
                0x000000000008ba63                boSearchForWearCountInsertPoint.122528
                0x000000000008ba81                vPDM_WriteFileSystemHeaderWearCount
                0x000000000008ba93                RND_u32GetRand256
                0x000000000008bab0                RND_u32GetRand
                0x000000000008bad7                u16CalculateFailedTxCount.98235
                0x000000000008bb01                vZdoIeeeAddrServerSendExtendResponse.part.0.84032
                0x000000000008bb62                vZdoNwkAddrServerSendExtendResponse.part.0.82852
                0x000000000008bbc3                zps_bAplZdoServerHandleConfirmAcks
                0x000000000008bc0d                zps_bPerformLeaveActionDecider
                0x000000000008bc12                vHandleUpdateDeviceIndication.73369
                0x000000000008bc3c                bDuplicateCheck.69736
                0x000000000008bd49                eHandleRemoveNonBroadcastEndpointsFromGroup.68364
                0x000000000008bdc1                eHandleAddEntryToGroupTable.68327
                0x000000000008be1d                zps_vAplApsFillAndPostApsAck
                0x000000000008be87                zps_u8AplApsFreeMsgHandle
                0x000000000008bef1                vFillDataIndStruct.64170
                0x000000000008bf4f                vFillApduErrorEvent.64163
                0x000000000008bf92                bCheckProfile.64158
                0x000000000008bfd9                ZPS_bIsGroupPresent
                0x000000000008c011                pdum_u16ReadNBO
                0x000000000008c172                PDUM_u16SizeNBO
                0x000000000008c1d0                PDUM_u16APduInstanceWriteStrNBO
                0x000000000008c34f                PDUM_eNPduReadHeaderNBO
                0x000000000008c3a2                PDUM_u16APduInstanceReadNBO
                0x000000000008c3ed                PDUM_eNPduPrependHeaderNBO
                0x000000000008c448                zps_vInitAPSMECmdHdr
                0x000000000008c47f                PDUM_eNPduAppendDataNBO
                0x000000000008c4dc                PDUM_u16APduInstanceWriteNBO
                0x000000000008c546                PDUM_thAPduInstanceGetApdu
 .text.unlikely
                0x000000000008c561       0xd0 C:\DOCUME~1\g\LOCALS~1\Temp\ccdvD5CU.ltrans5.ltrans.o
                0x000000000008c561                bIsBindTableMatch.68304
                0x000000000008c5b2                eRemoveEntryInBindingTable.68332
 *fill*         0x000000000008c631        0x3 00
 .text          0x000000000008c634     0x1574 C:\DOCUME~1\g\LOCALS~1\Temp\ccdvD5CU.ltrans6.ltrans.o
                0x000000000008c66a                os_vAPP_cbDisableTickTimer
                0x000000000008c6ae                os_vAPP_cbEnableTickTimer
                0x000000000008c72e                vRetryCcaFailure
                0x000000000008c782                eOrphanNotificationSent.146937
                0x000000000008c7cb                DBG_vUartInitHardware
                0x000000000008c908                dbg_vPrintfImplNoneVerbose
                0x000000000008cd8f                eZCL_SearchForClusterEntry
                0x000000000008ce2d                eZCL_FindCluster.constprop.64
                0x000000000008ce7a                eCLD_OnOffGetState
                0x000000000008cea9                eCLD_LevelControlClusterIsPresent
                0x000000000008cec0                eCLD_GroupsSetIdentifying
                0x000000000008cee3                eCLD_ColourControl_HSV2xyY.constprop.35
                0x000000000008d1b4                eZCL_CustomCommandReceiveScenes.isra.0.part.1.23119.constprop.18
                0x000000000008d2a8                eZCL_BuildTransmitAddressStructure
                0x000000000008d315                eCLD_ScenesCountScenes
                0x000000000008d32f                ZPS_bSecDecrypt
                0x000000000008d441                boPDM_IsBitmapSaturated.123424
                0x000000000008d48a                MAC_u64GetExtAddr
                0x000000000008d4a5                ZPS_u64NwkNibFindExtAddr
                0x000000000008d550                eCLD_ScenesSetLastConfiguredBy.isra.2.23135
                0x000000000008d587                ZPS_u16NwkNibFindNwkAddr
                0x000000000008d62d                iPDM_SearchForBufferIdInList
                0x000000000008d662                iPDM_SearchForBufferIdInFileSystem
                0x000000000008d675                iPDM_ReadUserDataFromSegmentWithId
                0x000000000008d6aa                iPDM_SearchForSpecificSegmentInList
                0x000000000008d6dc                psGetTxFrameBuffer
                0x000000000008d71b                psGetAndBuildCoordRealignment
                0x000000000008d773                eBuildAndSend.146945
                0x000000000008d7e8                MAC_vPibSetRxOnWhenIdle.constprop.102
                0x000000000008d7f2                vMiniMac_Init
 .text          0x000000000008dba8     0x175d C:\DOCUME~1\g\LOCALS~1\Temp\ccdvD5CU.ltrans7.ltrans.o
                0x000000000008dcba                vSendNetworkReport.128799
                0x000000000008dd94                zps_eNwkHandleSceRouteRequest
                0x000000000008e1c3                zps_eNwkHandleSceRouteReply
                0x000000000008e49a                zps_psNwkInitiateRouteDiscovery
                0x000000000008e7d2                zps_psSendFrm
                0x000000000008eaee                zps_psSendBroadcastFrm
                0x000000000008eb84                ZPS_vNwkHandleNldeReqRsp
                0x000000000008ed64                zps_eNwkHandleSceRouteRecord
                0x000000000008ee38                zps_psNwkSendRejoinReqCmd.constprop.8
                0x000000000008eea8                zps_u8NwkHandleRejoinReq
                0x000000000008ef71                vContinueRejoin.140427
                0x000000000008f018                zps_psSendNetworkStatusCmd
                0x000000000008f085                zps_vProcessLocalAddrConflict
                0x000000000008f130                zps_eDefaultDataDcfm
 .text          0x000000000008f305     0x1004 C:\DOCUME~1\g\LOCALS~1\Temp\ccdvD5CU.ltrans8.ltrans.o
                0x000000000008f305                vPDM_AddFileSystemElementToListInAscendingWearCountOrder
                0x000000000008f413                vPDM_MoveAllDataFromListToList
                0x000000000008f451                vPDM_MoveAllDataWithBufferIdAndStateFromListToList
                0x000000000008f4dc                vPDM_MoveAllDataToDeAllocList
                0x000000000008f504                vPDM_MoveAllDataWithBufferIdFromListToList
                0x000000000008f589                vPDM_DeleteAllSegmentsWithIdFromFileSystemList.constprop.115
                0x000000000008f5cb                vPDM_MoveFileRecordFromListToList
                0x000000000008f5ee                vPDM_MoveRecordToDeAllocList
                0x000000000008f60e                vPDM_DeleteAppendedSequence
                0x000000000008f6b3                iPDM_WriteSegmentHeaderAndData
                0x000000000008f8af                iPDM_SegmentCopyAndAppendData.constprop.147
                0x000000000008f90c                iPDM_ReconstructReplacedDataTable
                0x000000000008fb8b                PDM_eSaveRecordData
                0x000000000008ffc0                ZPS_vNwkSaveRecord
                0x000000000008ffec                vPDM_ImageBitmapRepair.122447
                0x000000000009004d                zps_u8AplApsConstructAndPostLoopBackDataInd.66914
                0x0000000000090186                u8PostUnicastMsgToNHLE.66922
                0x00000000000901bf                PWRM_vManagePower
 .text.unlikely
                0x0000000000090309       0xaa C:\DOCUME~1\g\LOCALS~1\Temp\ccdvD5CU.ltrans8.ltrans.o
                0x0000000000090309                eMakeEntryInBindingTable.68350
 .text          0x00000000000903b3     0x149e C:\DOCUME~1\g\LOCALS~1\Temp\ccdvD5CU.ltrans9.ltrans.o
                0x000000000009049f                zps_eNwkHandleSceLinkStatus
                0x00000000000905d3                vIncrementFrameCounterInPdm.isra.0.131105
                0x00000000000907b2                vProcessListsForSubmission.129815
                0x0000000000090a6c                zps_vNwkMcpsMgrPost
                0x0000000000090b20                zps_vNwkHandleCmeLeaveReq
                0x0000000000090bee                zps_eNwkHandleSceLeave
                0x0000000000090db0                iPDM_VerifyDataSequenceWithBufferId
                0x0000000000090e52                vSaveScenesNVM
                0x0000000000090ef5                eCLD_GroupsRemoveAllGroups
                0x0000000000090fc7                vRemoveAllGroupsAndScenes
                0x0000000000090fd9                vManagePowerOnCountInit
                0x0000000000091023                os_vAPP_vManagePowerOnCount
                0x000000000009107b                vPickChannel.4594
                0x00000000000910f6                zps_eAplZdoGroupEndpointRemove
                0x000000000009118e                zps_psFindKeyDescr
                0x00000000000912c2                zps_eAplSecEncryptPacket
                0x00000000000913b1                ZPS_bNwkNibAddrMapAddEntry
                0x0000000000091578                zps_vAgeRouter
                0x00000000000915b7                zps_eNwkHandleSdeActvDcfmData
                0x0000000000091741                vMcpsMgrTimeoutExpiry
                0x00000000000917b0                zps_vLinkStatusHandleExpiry
 .text.unlikely
                0x0000000000091851       0x5f C:\DOCUME~1\g\LOCALS~1\Temp\ccdvD5CU.ltrans9.ltrans.o
                0x0000000000091851                vInitUnknownNeighbor.129711
 .text          0x00000000000918b0     0x1548 C:\DOCUME~1\g\LOCALS~1\Temp\ccdvD5CU.ltrans10.ltrans.o
                0x00000000000918b0                OS_eEnterCriticalSection
                0x0000000000091978                ZPS_eTsvStart
                0x00000000000919d3                vProcessTimedList.129727
                0x0000000000091a19                zps_vNwkMcpsMgrPostTimed
                0x0000000000091a2c                vNwkMcpsSendTimedDfcm
                0x0000000000091a70                zps_vAplAfPostTimerEvent
                0x0000000000091aed                zps_vExpireOldRoutes
                0x0000000000091b75                zps_vNwkJoinStStartResponseTimer
                0x0000000000091baf                ZPS_eTsvStop
                0x0000000000091c03                zps_vNwkHandleCmePermitJoinReq
                0x0000000000091c6b                zps_eNwkBtrMatch
                0x0000000000091d68                zps_vAplApsStopPollTimer.part.2.66803
                0x0000000000091def                eHandleRemoveBroadcastEndpointsFromGroup.68323
                0x0000000000091e49                eZCL_SetReceiveEventAddressStructure
                0x0000000000091ec8                eCLD_ColourControl_GetRGB.constprop.60
                0x0000000000091f9b                APP_vHandleIdentify
                0x0000000000092019                vCLD_ScenesUpdateSceneValid
                0x00000000000920d0                eCLD_OnOffSceneEventHandler.19239
                0x00000000000921a2                eCLD_LevelControlUpdate
                0x00000000000924fc                eCLD_LevelControlStopTransition
                0x0000000000092544                eCLD_LevelControlSetOnOffState
                0x00000000000926d6                eCLD_ColourControlUpdate
                0x0000000000092d94                eCLD_ColourControlSceneEventHandler.38241
 .text          0x0000000000092df8     0x1298 C:\DOCUME~1\g\LOCALS~1\Temp\ccdvD5CU.ltrans11.ltrans.o
                0x0000000000092df8                vBbcIntHandler.145593
                0x00000000000930c1                eAssocRespSent.146502
                0x00000000000930e0                zps_vNwkHandleCmeSyncReq
                0x0000000000093162                zps_vNwkHandleCmeIdleNwkFormReq
                0x000000000009320a                zps_vNwkHandleCmeNwkDiscReq
                0x0000000000093284                zps_vNwkHandleCmeEdScanReq
                0x0000000000093421                zps_eNwkHandleSmeBeaconNotifyInd
                0x0000000000093483                zps_eNwkHandleSceNwkReport
                0x0000000000093501                zps_vNwkHandleCmeNwkJoinReq
                0x00000000000937bd                zps_vNwkHandleCmeNwkActvJoinReq
                0x00000000000937c9                eSmeEdScScanDcfm.138580
                0x0000000000093995                vHandleRejoinExpiry.141193
                0x00000000000939f3                zps_eRejoinDataDcfm
                0x0000000000093a37                eSmeAsocAssocDcfm.141804
                0x0000000000093abb                eSmeRjPCPollDcfm.141800
                0x0000000000093afc                eSceRjRsRejoinRsp.141768
                0x0000000000093bbd                zps_eProcessAddrConflict
                0x0000000000093d6a                ZPS_vNwkNibCheckAndUpdateAddresses
                0x0000000000093e01                zps_bAplZdoDeviceAnnceServer
 .text          0x0000000000094090     0x14b4 C:\DOCUME~1\g\LOCALS~1\Temp\ccdvD5CU.ltrans12.ltrans.o
                0x00000000000942de                vHandleZllDeviceJoin
                0x000000000009460a                vPostNldeDcfmInd.64327
                0x0000000000095151                eUnfragmentedUnicastTransmission.66897
                0x0000000000095400                zps_eAplApsmeUpdateDeviceReqRsp.part.4.68461
 .text          0x0000000000095544     0x1260 C:\DOCUME~1\g\LOCALS~1\Temp\ccdvD5CU.ltrans13.ltrans.o
                0x0000000000095544                eCLD_ScenesCommandHandler
 *fill*         0x00000000000967a4        0x0 00
 .text          0x00000000000967a4     0x11d4 C:\DOCUME~1\g\LOCALS~1\Temp\ccdvD5CU.ltrans14.ltrans.o
                0x0000000000096a7d                zps_eZdpNwkAddrResponse
                0x0000000000096b60                zps_eZdpIeeeAddrResponse
                0x0000000000096c43                zps_eZdpNodeDescResponse
                0x0000000000096ceb                zps_eZdpPowerDescResponse
                0x0000000000096d88                zps_eZdpSimpleDescResponse
                0x0000000000096e95                zps_eZdpActiveEpResponse
                0x0000000000096f2b                zps_eZdpMatchDescResponse
                0x0000000000096fc1                zps_eZdpSystemServerDiscoveryResponse
                0x0000000000097030                zps_bAplZdoMgmtNWKUpdateServer
                0x00000000000973a0                eZCL_TransmitDataRequest
                0x0000000000097709                eZCL_SendDefaultResponse
                0x0000000000097808                eZCL_CustomCommandReceive
 .text          0x0000000000097978     0x1374 C:\DOCUME~1\g\LOCALS~1\Temp\ccdvD5CU.ltrans15.ltrans.o
                0x0000000000097978                vMcpsMgrExpiry.129699
                0x00000000000979d7                zps_vNwkHandleCmeRouteDiscoveryReq
                0x0000000000097a5d                vAckTimeOutHandler
                0x0000000000097b08                vMiniMac_MlmeCallback
                0x0000000000097df3                vSendMlmeCommStatusFromTxFrame
                0x0000000000097e49                MAC_vHandleMlmeVsReqRsp.constprop.103
                0x0000000000098678                vScanBeaconReceived
                0x00000000000986b7                vPostDcfm.146956
                0x0000000000098720                vScanNextChannel.146962
                0x0000000000098938                vRunningRxCallback
                0x0000000000098c95                ZPS_vNwkResetOutgoingFrameCounter
 .text          0x0000000000098cec     0x11b3 C:\DOCUME~1\g\LOCALS~1\Temp\ccdvD5CU.ltrans16.ltrans.o
                0x0000000000098cec                eCLD_ColourControlCommandHandler
                0x0000000000099e96                eCLD_OnOffCommandReceive
 *fill*         0x0000000000099e9f        0x1 00
 .text          0x0000000000099ea0     0x1214 C:\DOCUME~1\g\LOCALS~1\Temp\ccdvD5CU.ltrans17.ltrans.o
                0x0000000000099f4f                zps_eNwkHandleSmeOrphanInd
                0x000000000009a2bb                zps_eNwkHandleSmeAssocInd
                0x000000000009a2dd                zps_eNwkHandleSceRejnRequest
                0x000000000009a35d                vStartScanTimerExpiry.98231
                0x000000000009a399                zps_vAplApsPollTimer
                0x000000000009a565                vPostNlmeDcfmInd.64306
                0x000000000009ac76                zps_vProcessChildAddrConflict
                0x000000000009ad39                zps_eNwkHandleSceNwkStatus
                0x000000000009aef7                vDiscoverNetworks.4597
                0x000000000009af8b                vTryNwkJoin.4599
 .text          0x000000000009b0b4     0x110d C:\DOCUME~1\g\LOCALS~1\Temp\ccdvD5CU.ltrans18.ltrans.o
                0x000000000009b11c                zps_vNwkHandleCmeActvStartRouterReq
                0x000000000009b258                vHandleNwkLocalUpdateAfterBcast.128816
                0x000000000009b2ac                vHandleNwkRemoteUpdateAfterBcast.128807
                0x000000000009b300                eSmeAcScScanDcfm.138575
                0x000000000009b5ce                ZPS_pvNwkCtor.constprop.100
                0x000000000009bb51                ZPS_vNwkHandleNlmeReqRsp
                0x000000000009bbce                zps_vAplAfPostEvent
                0x000000000009bdbb                zps_eAplZdoLeaveNetwork.constprop.62
                0x000000000009bde6                zps_bAplZdoMgmtLeaveServer
                0x000000000009bf66                zps_eAplZdoNlmePermitJoiningWrapper
                0x000000000009bf8e                zps_bAplZdoPermitJoiningServer
                0x000000000009c028                vChangeChannelTimerExpiry.98227
                0x000000000009c08b                eLeaveReset.142627
                0x000000000009c0f6                eLeaveDataDcfmLocalLeave.142637
                0x000000000009c170                zps_eAplZdoZllStartRouter
 .text          0x000000000009c1c1     0x103d C:\DOCUME~1\g\LOCALS~1\Temp\ccdvD5CU.ltrans19.ltrans.o
                0x000000000009ce44                os_vzps_taskZPS
                0x000000000009d06d                os_vzps_isrMAC
                0x000000000009d0ac                vSetKeys
                0x000000000009d13b                vResetDataStructures
 *fill*         0x000000000009d1fe        0x2 00
 .text          0x000000000009d200      0xf74 C:\DOCUME~1\g\LOCALS~1\Temp\ccdvD5CU.ltrans20.ltrans.o
                0x000000000009db65                os_vTick_Task
                0x000000000009e0e8                os_vZCL_Task
 .text          0x000000000009e174      0xfb0 C:\DOCUME~1\g\LOCALS~1\Temp\ccdvD5CU.ltrans21.ltrans.o
                0x000000000009e174                vAplSecAuthPollTimerExpiry.73346
                0x000000000009e1cc                vAplSecAuthTimerExpiry.73350
                0x000000000009e29c                vHandleApsInterPanDcfmData
                0x000000000009e6ca                vPostApsdeDcfmInd.64320
                0x000000000009e8d3                zps_vHandleApsdeDataFragIndNotSupported
                0x000000000009e93c                vApsInterPanMcpsDataInd
                0x000000000009eae3                eDiscoverNetworks.73416
                0x000000000009eb3f                zps_eAplZdoDiscoverNetworks
                0x000000000009eb68                eStartNetworkDiscovery.73423
                0x000000000009ebf5                eStartRouter.73433
                0x000000000009ecc4                vPostApsmeDcfmInd.64313
 .text          0x000000000009f124     0x11f4 C:\DOCUME~1\g\LOCALS~1\Temp\ccdvD5CU.ltrans22.ltrans.o
                0x000000000009f16d                zps_vAplSaveRecord
                0x000000000009f29e                zps_bNwkFindAddIeeeAddr
                0x000000000009f41c                eCheckAddrConflict.isra.4.129036
                0x000000000009f4b2                vAplSecRemoveLinkKey.73462
                0x000000000009f52f                ZPS_vNwkSaveAllRecords
                0x000000000009f546                zps_vSaveAllZpsRecords
                0x000000000009f565                ZPS_vNwkNibSetNwkAddr
                0x000000000009f584                zps_eNwkHandleSceRejnResponse
                0x000000000009f5e1                ZPS_vNwkNibSetExtPanId
                0x000000000009f606                ZPS_vNwkNibSetKeySeqNum
                0x000000000009f61b                ZPS_vNwkNibSetDepth
                0x000000000009f644                ZPS_vNwkNibSetUpdateId
                0x000000000009f654                vSendNetworkUpdate.128803
                0x000000000009f784                ZPS_vNwkNibSetPanId
                0x000000000009f7a3                ZPS_vNwkNibSetCapabilityInfo
                0x000000000009f7d1                ZPS_vNwkNibSetChannel
                0x000000000009f7ea                ZPS_vNwkSaveNt
                0x000000000009f905                ZPS_vNtSetUsedStatus
                0x000000000009f9ac                zps_vJoinInitNtParent
                0x000000000009fb02                zps_vBuildSortedActvNTList
                0x000000000009fbc0                zps_sNwkNibNtCheckJoin
                0x000000000009fe69                zps_vNwkHandleCmeDirectJoinReq
                0x000000000009fee8                zps_vCheckActvNtForDuplicate
                0x000000000009ff85                vFinish.141634
                0x000000000009ffdb                eSmeOrphScanDcfm.141644
                0x00000000000a0053                zps_vCleanUnAuthenHandleExpiry
                0x00000000000a0155                eUnsolicitedRejoinRspDataDcfm.128811
                0x00000000000a0180                eRejoinRspDataDcfm.140431
                0x00000000000a024f                zps_eNwkHandleSmeCommStatusInd
                0x00000000000a0303                ZPS_vNwkSaveSecMat
 .text          0x00000000000a0318     0x1352 C:\DOCUME~1\g\LOCALS~1\Temp\ccdvD5CU.ltrans23.ltrans.o
                0x00000000000a0318                os_bDummyMemberCheck.61082
                0x00000000000a031d                os_vDefaultErrorHook.61078
                0x00000000000a0320                vOverideProfileId.8652
                0x00000000000a035a                os_bStrictCheck.1358
                0x00000000000a069f                PDUM_eAPduInstanceSetPayloadSize
                0x00000000000a06c7                PDUM_eNPduWriteDataFromBuffer
                0x00000000000a0721                PDUM_eNPduWriteDataToBuffer
                0x00000000000a077f                PDUM_eNPduWriteFromBuffer
                0x00000000000a07a8                PDUM_eNPduDescend
                0x00000000000a07ce                PDUM_eNPduAscend
                0x00000000000a07f4                PDUM_eNPduClaimData
                0x00000000000a0861                PDUM_eNPduClaimHeader
                0x00000000000a0884                PDUM_eNPduInitDescending
                0x00000000000a089f                eExpireSWTimer.61091
                0x00000000000a090a                vEnterErrorHook.61074
                0x00000000000a0931                OS_eCollectMessage
                0x00000000000a09f6                eZCL_BuildClientTransmitAddressStructure
                0x00000000000a0a27                eZCL_GetAttributeTypeSize
                0x00000000000a0a46                vZCL_MarkAttributeInvalid
                0x00000000000a0b15                eZCL_CheckEPstructureIntegrity.41094
                0x00000000000a0cfd                u8ZCL_GetAttributeAllignToFourBytesBoundary
                0x00000000000a0d12                pvZCL_GetAttributePointer
                0x00000000000a0d88                u16ZCL_WriteTypeNBO.part.0.42448
                0x00000000000a0dfd                u16ZCL_GetStringStructureSize
                0x00000000000a0e3a                u16ZCL_GetStringAttributeTypeSizeFromBuffer
                0x00000000000a0eab                u16ZCL_GetStringSizeAndBufferFromStructure
                0x00000000000a0f3a                bZCL_SendCommandResponse
                0x00000000000a0f56                vZCL_GetInternalMutex
                0x00000000000a0f7f                eZCL_GetMutex
                0x00000000000a0fb7                u8ZCL_GetEPIdFromIndex
                0x00000000000a0fd9                vZCL_ReleaseInternalMutex
                0x00000000000a0ff3                eZCL_SearchForAttributeEntry
                0x00000000000a10b3                vCLD_ScenesGenerateIndividualAttributeCallback
                0x00000000000a110d                eZCL_SearchForEPentry
                0x00000000000a1168                eZCL_SearchForEPentryAndCheckManufacturerId
                0x00000000000a11a6                vZCL_PassEventToUser
                0x00000000000a11d3                eZCL_ReleaseMutex
                0x00000000000a1202                eZCL_Register.part.1.41103
                0x00000000000a1230                boDLISTisEmpty
                0x00000000000a1248                vDLISTaddToTail
                0x00000000000a1276                psDLISTremoveFromHead
                0x00000000000a129f                psDLISTremove
                0x00000000000a12f7                bCLD_ColourControl_NumberIsValid.39740
                0x00000000000a1316                eCLD_ColourControl_xyY2XYZ.39744
                0x00000000000a1398                vCLD_ColourControl_XYZ2RGB.39731
                0x00000000000a14b8                vWriteU64ToPayLoad.26079
                0x00000000000a14e5                vWriteU32ToPayLoad.26075
                0x00000000000a14fd                vLI_InitVar.7480
                0x00000000000a152e                InvShiftRows
                0x00000000000a15c1                InvSubBytes
                0x00000000000a1607                AddRoundKey
                0x00000000000a1648                getSBoxValue.5387
 *fill*         0x00000000000a166a        0x2 00
 .text          0x00000000000a166c     0x1140 C:\DOCUME~1\g\LOCALS~1\Temp\ccdvD5CU.ltrans24.ltrans.o
                0x00000000000a166c                vfExtendedStatusCallBack
                0x00000000000a1678                APP_ZCL_cbGeneralCallback.6038
                0x00000000000a1709                eCLD_LevelControlSceneEventHandler.17789
                0x00000000000a1895                bCLD_ScenesSearchForScene.23746
                0x00000000000a18e2                vUnclaimedInterrupt.3314
                0x00000000000a18f5                vOSError.3316
                0x00000000000a193e                os_vAPP_RadioRecal
                0x00000000000a19ef                os_vAPP_DiscoveryTimerTask
                0x00000000000a1a3f                bCLD_GroupsSearchForGroup.15100
                0x00000000000a1a6d                vCLD_IdentifyTimerClickCallback.16166
                0x00000000000a1b00                eCLD_ScenesSaveClusters.constprop.37
                0x00000000000a1dc0                eCLD_OnOffSetGlobalSceneControl.constprop.22
                0x00000000000a1e10                DriverBulb_vOutput.8909
                0x00000000000a1f0a                vLI_UpdateDriver
                0x00000000000a1f74                vRGBLight_SetLevels
                0x00000000000a2004                eCLD_ScenesUpdate
                0x00000000000a23a0                eCLD_ScenesAddScene
                0x00000000000a24ac                eCLD_ScenesFindScene
                0x00000000000a2511                eCLD_ScenesStoreScene
                0x00000000000a25fb                eCLD_ScenesRemoveAllScenes
                0x00000000000a26b7                eCLD_ColourControlHandleColourModeChange
                0x00000000000a2768                DBG_vDumpStack
 .text          0x00000000000a27ac      0xf64 C:\DOCUME~1\g\LOCALS~1\Temp\ccdvD5CU.ltrans25.ltrans.o
                0x00000000000a2c22                eCLD_ZllCommissionCommandHandler
                0x00000000000a2e59                eCLD_LevelControlCommandHandler
                0x00000000000a327a                vZCL_HandleAttributesWriteRequest
 .text          0x00000000000a3710     0x10d8 C:\DOCUME~1\g\LOCALS~1\Temp\ccdvD5CU.ltrans26.ltrans.o
                0x00000000000a3789                zps_eAplZdpDeviceAnnceRequest.part.0.102067
                0x00000000000a37d0                os_vAPP_Commission_Task
 .text          0x00000000000a47e8      0xd84 C:\DOCUME~1\g\LOCALS~1\Temp\ccdvD5CU.ltrans27.ltrans.o
                0x00000000000a47e8                eZCL_CustomCommandSend.constprop.23
                0x00000000000a4a4a                eCLD_IdentifyCommandHandler
                0x00000000000a4f52                eCLD_GroupsCommandHandler
 .text          0x00000000000a556c      0xd47 C:\DOCUME~1\g\LOCALS~1\Temp\ccdvD5CU.ltrans28.ltrans.o
                0x00000000000a556c                ZPS_vAplHandleApsdeReqRsp
                0x00000000000a598c                zps_eAplZdpApsdeReqInternal
                0x00000000000a5b03                zps_bAplZdoZdoClient
                0x00000000000a5f73                zps_bAplZdoDefaultServer
                0x00000000000a622f                zps_eZdpMgmtLeaveResponse
                0x00000000000a6250                zps_eZdpMgmtPermitJoiningResponse
 *fill*         0x00000000000a62b3        0x1 00
 .text          0x00000000000a62b4      0x64c C:\DOCUME~1\g\LOCALS~1\Temp\ccdvD5CU.ltrans29.ltrans.o
                0x00000000000a62b4                zps_eAplZdpMgmtLqiResponse
                0x00000000000a639c                zps_eAplZdpMgmtRtgResponse
                0x00000000000a6463                os_vAPP_ZPR_Light_Task
 .text          0x00000000000a6900      0x536 C:\DOCUME~1\g\LOCALS~1\Temp\ccdvD5CU.ltrans30.ltrans.o
                0x00000000000a6900                AppWarmStart
                0x00000000000a691a                AppColdStart
                0x00000000000a6c2f                os_vUnclaimedInterrupt
                0x00000000000a6c41                os_vControlledIntCheck
                0x00000000000a6c86                os_vControlledInterrupt
                0x00000000000a6cbf                os_vvISR_Timer4
                0x00000000000a6cce                os_vvISR_Timer3
                0x00000000000a6cdd                os_vAPP_isrIllegalInstruction
                0x00000000000a6cf3                os_vAPP_isrAlignmentException
                0x00000000000a6d09                os_vAPP_isrBusErrorException
                0x00000000000a6d1f                os_vAPP_isrUnimplementedModuleException
                0x00000000000a6d32                os_vAPP_isrStackOverflowException
                0x00000000000a6d45                os_vAPP_isrTickTimer
 .text          0x00000000000a6e36      0x4ac C:\DOCUME~1\g\LOCALS~1\Temp\ccdvD5CU.ltrans31.ltrans.o
                0x00000000000a6e36                eCLD_OnOffCommandHandler
 .text          0x00000000000a72e2       0x25 c:/nxp/bstudio_nxp/sdk/tools/ba-elf-ba2-r36379/bin/../lib/gcc/ba-elf/4.7.4/../../../../ba-elf/lib/mcpu_jn51xx_sizeopt\libc.a(lib_a-memcmp.o)
                0x00000000000a72e2                memcmp
 .text          0x00000000000a7307       0x19 c:/nxp/bstudio_nxp/sdk/tools/ba-elf-ba2-r36379/bin/../lib/gcc/ba-elf/4.7.4/../../../../ba-elf/lib/mcpu_jn51xx_sizeopt\libc.a(lib_a-memcpy.o)
 .text          0x00000000000a7320       0x12 c:/nxp/bstudio_nxp/sdk/tools/ba-elf-ba2-r36379/bin/../lib/gcc/ba-elf/4.7.4/../../../../ba-elf/lib/mcpu_jn51xx_sizeopt\libc.a(lib_a-memset.o)
                0x00000000000a7320                memset
 .text          0x00000000000a7332       0x12 c:/nxp/bstudio_nxp/sdk/tools/ba-elf-ba2-r36379/bin/../lib/gcc/ba-elf/4.7.4/../../../../ba-elf/lib/mcpu_jn51xx_sizeopt\libc.a(lib_a-strlen.o)
                0x00000000000a7332                strlen
 .text          0x00000000000a7344       0x2b c:/nxp/bstudio_nxp/sdk/tools/ba-elf-ba2-r36379/bin/../lib/gcc/ba-elf/4.7.4/../../../../ba-elf/lib/mcpu_jn51xx_sizeopt\libc.a(lib_a-strncpy.o)
                0x00000000000a7344                strncpy
 *fill*         0x00000000000a736f        0x1 00
 .text          0x00000000000a7370      0x204 c:/nxp/bstudio_nxp/sdk/tools/ba-elf-ba2-r36379/bin/../lib/gcc/ba-elf/4.7.4/mcpu_jn51xx_sizeopt\libgcc.a(__udivsi3.o)
                0x00000000000a7370                __udivsi3
 .text          0x00000000000a7574       0x30 c:/nxp/bstudio_nxp/sdk/tools/ba-elf-ba2-r36379/bin/../lib/gcc/ba-elf/4.7.4/mcpu_jn51xx_sizeopt\libgcc.a(__divsi3.o)
                0x00000000000a7574                __divsi3
 .text          0x00000000000a75a4      0x1b0 c:/nxp/bstudio_nxp/sdk/tools/ba-elf-ba2-r36379/bin/../lib/gcc/ba-elf/4.7.4/mcpu_jn51xx_sizeopt\libgcc.a(__umodsi3.o)
                0x00000000000a75a4                __umodsi3
 .text          0x00000000000a7754       0x24 c:/nxp/bstudio_nxp/sdk/tools/ba-elf-ba2-r36379/bin/../lib/gcc/ba-elf/4.7.4/mcpu_jn51xx_sizeopt\libgcc.a(__modsi3.o)
                0x00000000000a7754                __modsi3
 .text          0x00000000000a7778       0x39 c:/nxp/bstudio_nxp/sdk/tools/ba-elf-ba2-r36379/bin/../lib/gcc/ba-elf/4.7.4/mcpu_jn51xx_sizeopt\libgcc.a(_fixunsdfsi.o)
                0x00000000000a7778                __fixunsdfsi
 .text          0x00000000000a77b1      0x3bd c:/nxp/bstudio_nxp/sdk/tools/ba-elf-ba2-r36379/bin/../lib/gcc/ba-elf/4.7.4/mcpu_jn51xx_sizeopt\libgcc.a(_divdi3.o)
                0x00000000000a77b1                __divdi3
 .text          0x00000000000a7b6e      0x350 c:/nxp/bstudio_nxp/sdk/tools/ba-elf-ba2-r36379/bin/../lib/gcc/ba-elf/4.7.4/mcpu_jn51xx_sizeopt\libgcc.a(_udivdi3.o)
                0x00000000000a7b6e                __udivdi3
 .text          0x00000000000a7ebe      0x384 c:/nxp/bstudio_nxp/sdk/tools/ba-elf-ba2-r36379/bin/../lib/gcc/ba-elf/4.7.4/mcpu_jn51xx_sizeopt\libgcc.a(addsf3.o)
                0x00000000000a7ebe                __addsf3
 *fill*         0x00000000000a8242        0x2 00
 .text          0x00000000000a8244      0x218 c:/nxp/bstudio_nxp/sdk/tools/ba-elf-ba2-r36379/bin/../lib/gcc/ba-elf/4.7.4/mcpu_jn51xx_sizeopt\libgcc.a(divsf3.o)
                0x00000000000a8244                __divsf3
 .text          0x00000000000a845c       0x81 c:/nxp/bstudio_nxp/sdk/tools/ba-elf-ba2-r36379/bin/../lib/gcc/ba-elf/4.7.4/mcpu_jn51xx_sizeopt\libgcc.a(eqsf2.o)
                0x00000000000a845c                __eqsf2
                0x00000000000a845c                __nesf2
 .text          0x00000000000a84dd       0xac c:/nxp/bstudio_nxp/sdk/tools/ba-elf-ba2-r36379/bin/../lib/gcc/ba-elf/4.7.4/mcpu_jn51xx_sizeopt\libgcc.a(gesf2.o)
                0x00000000000a84dd                __gesf2
                0x00000000000a84dd                __gtsf2
 .text          0x00000000000a8589       0xac c:/nxp/bstudio_nxp/sdk/tools/ba-elf-ba2-r36379/bin/../lib/gcc/ba-elf/4.7.4/mcpu_jn51xx_sizeopt\libgcc.a(lesf2.o)
                0x00000000000a8589                __ltsf2
                0x00000000000a8589                __lesf2
 *fill*         0x00000000000a8635        0x3 00
 .text          0x00000000000a8638      0x24c c:/nxp/bstudio_nxp/sdk/tools/ba-elf-ba2-r36379/bin/../lib/gcc/ba-elf/4.7.4/mcpu_jn51xx_sizeopt\libgcc.a(mulsf3.o)
                0x00000000000a8638                __mulsf3
 .text          0x00000000000a8884      0x3a2 c:/nxp/bstudio_nxp/sdk/tools/ba-elf-ba2-r36379/bin/../lib/gcc/ba-elf/4.7.4/mcpu_jn51xx_sizeopt\libgcc.a(subsf3.o)
                0x00000000000a8884                __subsf3
 .text          0x00000000000a8c26       0x53 c:/nxp/bstudio_nxp/sdk/tools/ba-elf-ba2-r36379/bin/../lib/gcc/ba-elf/4.7.4/mcpu_jn51xx_sizeopt\libgcc.a(fixsfsi.o)
                0x00000000000a8c26                __fixsfsi
 .text          0x00000000000a8c79       0xad c:/nxp/bstudio_nxp/sdk/tools/ba-elf-ba2-r36379/bin/../lib/gcc/ba-elf/4.7.4/mcpu_jn51xx_sizeopt\libgcc.a(floatunsisf.o)
                0x00000000000a8c79                __floatunsisf
 .text          0x00000000000a8d26      0x682 c:/nxp/bstudio_nxp/sdk/tools/ba-elf-ba2-r36379/bin/../lib/gcc/ba-elf/4.7.4/mcpu_jn51xx_sizeopt\libgcc.a(adddf3.o)
                0x00000000000a8d26                __adddf3
 .text          0x00000000000a93a8      0x5c8 c:/nxp/bstudio_nxp/sdk/tools/ba-elf-ba2-r36379/bin/../lib/gcc/ba-elf/4.7.4/mcpu_jn51xx_sizeopt\libgcc.a(divdf3.o)
                0x00000000000a93a8                __divdf3
 .text          0x00000000000a9970       0xca c:/nxp/bstudio_nxp/sdk/tools/ba-elf-ba2-r36379/bin/../lib/gcc/ba-elf/4.7.4/mcpu_jn51xx_sizeopt\libgcc.a(gedf2.o)
                0x00000000000a9970                __gedf2
                0x00000000000a9970                __gtdf2
 *fill*         0x00000000000a9a3a        0x2 00
 .text          0x00000000000a9a3c      0x488 c:/nxp/bstudio_nxp/sdk/tools/ba-elf-ba2-r36379/bin/../lib/gcc/ba-elf/4.7.4/mcpu_jn51xx_sizeopt\libgcc.a(muldf3.o)
                0x00000000000a9a3c                __muldf3
 .text          0x00000000000a9ec4      0x693 c:/nxp/bstudio_nxp/sdk/tools/ba-elf-ba2-r36379/bin/../lib/gcc/ba-elf/4.7.4/mcpu_jn51xx_sizeopt\libgcc.a(subdf3.o)
                0x00000000000a9ec4                __subdf3
 .text          0x00000000000aa557       0x64 c:/nxp/bstudio_nxp/sdk/tools/ba-elf-ba2-r36379/bin/../lib/gcc/ba-elf/4.7.4/mcpu_jn51xx_sizeopt\libgcc.a(fixdfsi.o)
                0x00000000000aa557                __fixdfsi
 .text          0x00000000000aa5bb       0x8f c:/nxp/bstudio_nxp/sdk/tools/ba-elf-ba2-r36379/bin/../lib/gcc/ba-elf/4.7.4/mcpu_jn51xx_sizeopt\libgcc.a(extendsfdf2.o)
                0x00000000000aa5bb                __extendsfdf2
 .text          0x00000000000aa64a      0x13e c:/nxp/bstudio_nxp/sdk/tools/ba-elf-ba2-r36379/bin/../lib/gcc/ba-elf/4.7.4/mcpu_jn51xx_sizeopt\libgcc.a(truncdfsf2.o)
                0x00000000000aa64a                __truncdfsf2
 *fill*         0x00000000000aa788        0x0 00
 .text          0x00000000000aa788      0x1c8 c:/NXP/bstudio_nxp/workspace/JN-AN-1171-ZigBee-LightLink-Demo/Light_ColorLight/Build/os_irq.o
                0x00000000000aa788                os_ExternalException_W
                0x00000000000aa7cc                os_PIC_ChannelPriorities
                0x00000000000aa7dc                os_OSMIUM_HwVectTable
                0x00000000000aa818                os_PIC_SwVectTable
 .text          0x00000000000aa950       0x29 c:/NXP/bstudio_nxp/workspace/JN-AN-1171-ZigBee-LightLink-Demo/Light_ColorLight/Build/os_irq_alignment.o
                0x00000000000aa950                IRQ_Alignment
 .text          0x00000000000aa979       0x29 c:/NXP/bstudio_nxp/workspace/JN-AN-1171-ZigBee-LightLink-Demo/Light_ColorLight/Build/os_irq_buserror.o
                0x00000000000aa979                IRQ_BusError
 .text          0x00000000000aa9a2       0x29 c:/NXP/bstudio_nxp/workspace/JN-AN-1171-ZigBee-LightLink-Demo/Light_ColorLight/Build/os_irq_illegalinstruction.o
                0x00000000000aa9a2                IRQ_IllegalInstruction
 .text          0x00000000000aa9cb       0x29 c:/NXP/bstudio_nxp/workspace/JN-AN-1171-ZigBee-LightLink-Demo/Light_ColorLight/Build/os_irq_stackoverflowexception.o
                0x00000000000aa9cb                IRQ_StackOverflowException
 .text          0x00000000000aa9f4       0x29 c:/NXP/bstudio_nxp/workspace/JN-AN-1171-ZigBee-LightLink-Demo/Light_ColorLight/Build/os_irq_unimplementedmodule.o
                0x00000000000aa9f4                IRQ_UnimplementedModule
 *fill*         0x00000000000aaa1d        0x3 00
 .text          0x00000000000aaa20       0xc0 c:/NXP/bstudio_nxp/sdk/JN-SW-4168/Components/Library\libOS_JN516x.a(os_contirq_JN516x.o)
                0x00000000000aaa20                os_ExternalException_R
                0x00000000000aaa50                os_CFunc_W
                0x00000000000aaaa0                os_UnclaimedException_W
                0x00000000000aaac0                os_UnclaimedInterrupt_W
 .text          0x00000000000aaae0       0x48 c:/NXP/bstudio_nxp/sdk/JN-SW-4168/Components/Library\libPWRM_JN516x.a(pwrm_setjmp_JN516x.o)
                0x00000000000aaae0                setjmp
                0x00000000000aab04                PWRM_longjmp
 .text          0x00000000000aab28       0x27 c:/NXP/bstudio_nxp/sdk/JN-SW-4168/Components/Library\libHardwareApi_JN5169.a(AHI_Interrupt.o)
                0x00000000000aab28                vAHI_InterruptSetPriority
                0x00000000000aab46                vAHI_InterruptSetActivePriorityLevel
 .text.vMicroSyscall
                0x00000000000aab4f       0x17 c:/NXP/bstudio_nxp/sdk/JN-SW-4168/Components/Library\libMicroSpecific_JN516x.a(MicroSyscall_ba.o)
                0x00000000000aab4f                vMicroSyscall
 .text          0x00000000000aab66        0x0 c:/NXP/bstudio_nxp/sdk/JN-SW-4168/Components/Library\libOS_JN516x.a(os_version_lc.o)
                0x00000000000aab66                OS_Version_1v2
 .text          0x00000000000aab66        0x0 c:/NXP/bstudio_nxp/sdk/JN-SW-4168/Components/Library\libZPSAPL_JN516x.a(zps_apl_version_lc.o)
                0x00000000000aab66                ZPS_APL_Version_2v0
 .text          0x00000000000aab66        0x0 c:/NXP/bstudio_nxp/sdk/JN-SW-4168/Components/Library\libZPSNWK_JN516x.a(zps_nwk_version_lc.o)
                0x00000000000aab66                ZPS_NWK_Version_2v0
 .text          0x00000000000aab66      0x12a c:/nxp/bstudio_nxp/sdk/tools/ba-elf-ba2-r36379/bin/../lib/gcc/ba-elf/4.7.4/../../../../ba-elf/lib/mcpu_jn51xx_sizeopt\libm.a(lib_a-s_floor.o)
                0x00000000000aab66                floor
                0x00000000000aac90                _flash_end = ABSOLUTE (.)

.rela.dyn       0x00000000000aac90        0x0
 .rela.text     0x0000000000000000        0x0 c:/NXP/bstudio_nxp/workspace/JN-AN-1171-ZigBee-LightLink-Demo/Light_ColorLight/Build/os_irq.o
 .rela.data     0x0000000000000000        0x0 c:/NXP/bstudio_nxp/workspace/JN-AN-1171-ZigBee-LightLink-Demo/Light_ColorLight/Build/os_irq.o
 .rela.rodata   0x0000000000000000        0x0 c:/NXP/bstudio_nxp/workspace/JN-AN-1171-ZigBee-LightLink-Demo/Light_ColorLight/Build/os_irq.o
                0x000000000400004c                . = ORIGIN (ram)

.data           0x000000000400004c      0x994 load address 0x00000000000aac90
                0x000000000400004c                _ram_data_start = ABSOLUTE (.)
 *(.data*)
 .data          0x000000000400004c       0xe8 C:\DOCUME~1\g\LOCALS~1\Temp\ccdvD5CU.ltrans0.ltrans.o
                0x000000000400004c                u8MiniMacConfig_MaxConcurrentAssocResponses
                0x0000000004000050                psShadowRxBuffer
 .data          0x0000000004000134        0x4 C:\DOCUME~1\g\LOCALS~1\Temp\ccdvD5CU.ltrans2.ltrans.o
                0x0000000004000134                u32HeapStart
 .data          0x0000000004000138        0x6 C:\DOCUME~1\g\LOCALS~1\Temp\ccdvD5CU.ltrans4.ltrans.o
 .data          0x000000000400013e        0x2 C:\DOCUME~1\g\LOCALS~1\Temp\ccdvD5CU.ltrans6.ltrans.o
 .data          0x0000000004000140        0x4 C:\DOCUME~1\g\LOCALS~1\Temp\ccdvD5CU.ltrans8.ltrans.o
                0x0000000004000140                bCanLoopback.67143
 .data          0x0000000004000144      0x144 C:\DOCUME~1\g\LOCALS~1\Temp\ccdvD5CU.ltrans10.ltrans.o
 .data          0x0000000004000288        0x1 C:\DOCUME~1\g\LOCALS~1\Temp\ccdvD5CU.ltrans19.ltrans.o
 *fill*         0x0000000004000289        0x3 00
 .data          0x000000000400028c        0xc C:\DOCUME~1\g\LOCALS~1\Temp\ccdvD5CU.ltrans20.ltrans.o
 .data          0x0000000004000298       0xa4 C:\DOCUME~1\g\LOCALS~1\Temp\ccdvD5CU.ltrans23.ltrans.o
                0x0000000004000298                s_asapduZCLInstances