Archive member included because of file (symbol)

c:/NXP/bstudio_nxp/sdk/JN-SW-4168/Components/Library\libOS_JN516x.a(os.o)
                              c:/NXP/bstudio_nxp/workspace/JN-AN-1171-ZigBee-LightLink-Demo/Controller_ColorSceneController/Build/os_gen.o (symbol from plugin) (os_vStart)
c:/NXP/bstudio_nxp/sdk/JN-SW-4168/Components/Library\libOS_JN516x.a(os_contirq_JN516x.o)
                              c:/NXP/bstudio_nxp/workspace/JN-AN-1171-ZigBee-LightLink-Demo/Controller_ColorSceneController/Build/os_irq.o (os_UnclaimedException_W)
c:/NXP/bstudio_nxp/sdk/JN-SW-4168/Components/Library\libPWRM_JN516x.a(pwrm.o)
                              c:/NXP/bstudio_nxp/workspace/JN-AN-1171-ZigBee-LightLink-Demo/Controller_ColorSceneController/Build/app_start_remote.o (symbol from plugin) (PWRM_vInit)
c:/NXP/bstudio_nxp/sdk/JN-SW-4168/Components/Library\libPWRM_JN516x.a(pwrm_setjmp_JN516x.o)
                              pwrm.o (symbol from plugin) (setjmp)
c:/NXP/bstudio_nxp/sdk/JN-SW-4168/Components/Library\libPWRM_JN516x.a(pwrm_cold_start.o)
                              (AppColdStart)
c:/NXP/bstudio_nxp/sdk/JN-SW-4168/Components/Library\libPWRM_JN516x.a(pwrm_warm_start.o)
                              (AppWarmStart)
c:/NXP/bstudio_nxp/sdk/JN-SW-4168/Components/Library\libPDUM_JN516x.a(pdum_nwk.o)
                              c:/NXP/bstudio_nxp/workspace/JN-AN-1171-ZigBee-LightLink-Demo/Controller_ColorSceneController/Build/pdum_gen.o (symbol from plugin) (pdum_vNPduInit)
c:/NXP/bstudio_nxp/sdk/JN-SW-4168/Components/Library\libPDUM_JN516x.a(pdum_apl.o)
                              c:/NXP/bstudio_nxp/workspace/JN-AN-1171-ZigBee-LightLink-Demo/Controller_ColorSceneController/Build/zll_CommissionCmdHandler.o (symbol from plugin) (PDUM_u16APduInstanceReadNBO)
c:/NXP/bstudio_nxp/sdk/JN-SW-4168/Components/Library\libPDUM_JN516x.a(pdum.o)
                              pdum_nwk.o (symbol from plugin) (PDUM_u16SizeNBO)
c:/NXP/bstudio_nxp/sdk/JN-SW-4168/Components/Library\libZPSAPL_JN516x.a(zps_apl_af.o)
                              c:/NXP/bstudio_nxp/workspace/JN-AN-1171-ZigBee-LightLink-Demo/Controller_ColorSceneController/Build/zll_remote_node.o (symbol from plugin) (ZPS_eAplAfInit)
c:/NXP/bstudio_nxp/sdk/JN-SW-4168/Components/Library\libZPSAPL_JN516x.a(zps_apl_af_apsde.o)
                              c:/NXP/bstudio_nxp/workspace/JN-AN-1171-ZigBee-LightLink-Demo/Controller_ColorSceneController/Build/zps_gen.o (symbol from plugin) (zps_vHandleApsdeDataFragIndNotSupported)
c:/NXP/bstudio_nxp/sdk/JN-SW-4168/Components/Library\libZPSAPL_JN516x.a(zps_apl_task.o)
                              zps_apl_af_apsde.o (symbol from plugin) (zps_vAplAfPostEvent)
c:/NXP/bstudio_nxp/sdk/JN-SW-4168/Components/Library\libZPSAPL_JN516x.a(zps_apl_apsde.o)
                              zps_apl_task.o (symbol from plugin) (ZPS_vAplRegisterApsdeDcfmIndCallbacks)
c:/NXP/bstudio_nxp/sdk/JN-SW-4168/Components/Library\libZPSAPL_JN516x.a(zps_apl_apsme.o)
                              zps_apl_task.o (symbol from plugin) (ZPS_vAplRegisterApsmeDcfmIndCallbacks)
c:/NXP/bstudio_nxp/sdk/JN-SW-4168/Components/Library\libZPSAPL_JN516x.a(zps_apl_aps_nlde.o)
                              zps_apl_task.o (symbol from plugin) (zps_vAplApsHandleNldeDcfmInd)
c:/NXP/bstudio_nxp/sdk/JN-SW-4168/Components/Library\libZPSAPL_JN516x.a(zps_apl_sec.o)
                              zps_apl_task.o (symbol from plugin) (zps_psFindKeyDescr)
c:/NXP/bstudio_nxp/sdk/JN-SW-4168/Components/Library\libZPSAPL_JN516x.a(zps_apl_aib.o)
                              c:/NXP/bstudio_nxp/workspace/JN-AN-1171-ZigBee-LightLink-Demo/Controller_ColorSceneController/Build/zll_remote_node.o (symbol from plugin) (zps_psAplAibGetAib)
c:/NXP/bstudio_nxp/sdk/JN-SW-4168/Components/Library\libZPSAPL_JN516x.a(zps_apl_zdo_nwkmanager.o)
                              zps_apl_apsme.o (symbol from plugin) (zps_vAplSaveRecord)
c:/NXP/bstudio_nxp/sdk/JN-SW-4168/Components/Library\libZPSAPL_JN516x.a(zps_apl_zdo_handle_zdp_event.o)
                              zps_apl_task.o (symbol from plugin) (zps_bAplZdoHandleZdpEvent)
c:/NXP/bstudio_nxp/sdk/JN-SW-4168/Components/Library\libZPSAPL_JN516x.a(zps_apl_zdo_trust_center.o)
                              zps_apl_sec.o (symbol from plugin) (zps_eAplTrustCenterFindDevice)
c:/NXP/bstudio_nxp/sdk/JN-SW-4168/Components/Library\libZPSAPL_JN516x.a(zps_apl_zdo_common.o)
                              zps_apl_zdo_nwkmanager.o (symbol from plugin) (zps_eAplZdoNlmeleaveWrapper)
c:/NXP/bstudio_nxp/sdk/JN-SW-4168/Components/Library\libZPSAPL_JN516x.a(zps_apl_zdo_group.o)
                              c:/NXP/bstudio_nxp/workspace/JN-AN-1171-ZigBee-LightLink-Demo/Controller_ColorSceneController/Build/GroupsTableManager.o (symbol from plugin) (zps_eAplZdoGroupEndpointAdd)
c:/NXP/bstudio_nxp/sdk/JN-SW-4168/Components/Library\libZPSAPL_JN516x.a(zps_apl_zdo_default_server.o)
[...]
Memory Configuration

Name             Origin             Length             Attributes
flash            0x0000000000080000 0x0000000000040000
ram              0x000000000400004c 0x0000000000007fb4
*default*        0x0000000000000000 0xffffffffffffffff

Linker script and memory map

                0x0000000000001388                __stack_size = 0x1388
                0x00000000000007d0                __minimum_heap_size = 0x7d0
START GROUP
LOAD c:/NXP/bstudio_nxp/workspace/JN-AN-1171-ZigBee-LightLink-Demo/Controller_ColorSceneController/Build/os_gen.o
LOAD C:\DOCUME~1\g\LOCALS~1\Temp\ccE0dlPK.ltrans0.ltrans.o
LOAD C:\DOCUME~1\g\LOCALS~1\Temp\ccE0dlPK.ltrans1.ltrans.o
LOAD C:\DOCUME~1\g\LOCALS~1\Temp\ccE0dlPK.ltrans2.ltrans.o
LOAD C:\DOCUME~1\g\LOCALS~1\Temp\ccE0dlPK.ltrans3.ltrans.o
LOAD C:\DOCUME~1\g\LOCALS~1\Temp\ccE0dlPK.ltrans4.ltrans.o
LOAD C:\DOCUME~1\g\LOCALS~1\Temp\ccE0dlPK.ltrans5.ltrans.o
LOAD C:\DOCUME~1\g\LOCALS~1\Temp\ccE0dlPK.ltrans6.ltrans.o
LOAD C:\DOCUME~1\g\LOCALS~1\Temp\ccE0dlPK.ltrans7.ltrans.o
LOAD C:\DOCUME~1\g\LOCALS~1\Temp\ccE0dlPK.ltrans8.ltrans.o
LOAD C:\DOCUME~1\g\LOCALS~1\Temp\ccE0dlPK.ltrans9.ltrans.o
LOAD C:\DOCUME~1\g\LOCALS~1\Temp\ccE0dlPK.ltrans10.ltrans.o
LOAD C:\DOCUME~1\g\LOCALS~1\Temp\ccE0dlPK.ltrans11.ltrans.o
LOAD C:\DOCUME~1\g\LOCALS~1\Temp\ccE0dlPK.ltrans12.ltrans.o
LOAD C:\DOCUME~1\g\LOCALS~1\Temp\ccE0dlPK.ltrans13.ltrans.o
LOAD C:\DOCUME~1\g\LOCALS~1\Temp\ccE0dlPK.ltrans14.ltrans.o
LOAD C:\DOCUME~1\g\LOCALS~1\Temp\ccE0dlPK.ltrans15.ltrans.o
LOAD C:\DOCUME~1\g\LOCALS~1\Temp\ccE0dlPK.ltrans16.ltrans.o
LOAD C:\DOCUME~1\g\LOCALS~1\Temp\ccE0dlPK.ltrans17.ltrans.o
LOAD C:\DOCUME~1\g\LOCALS~1\Temp\ccE0dlPK.ltrans18.ltrans.o
LOAD C:\DOCUME~1\g\LOCALS~1\Temp\ccE0dlPK.ltrans19.ltrans.o
LOAD C:\DOCUME~1\g\LOCALS~1\Temp\ccE0dlPK.ltrans20.ltrans.o
LOAD C:\DOCUME~1\g\LOCALS~1\Temp\ccE0dlPK.ltrans21.ltrans.o
LOAD C:\DOCUME~1\g\LOCALS~1\Temp\ccE0dlPK.ltrans22.ltrans.o
LOAD C:\DOCUME~1\g\LOCALS~1\Temp\ccE0dlPK.ltrans23.ltrans.o
LOAD C:\DOCUME~1\g\LOCALS~1\Temp\ccE0dlPK.ltrans24.ltrans.o
LOAD C:\DOCUME~1\g\LOCALS~1\Temp\ccE0dlPK.ltrans25.ltrans.o
LOAD C:\DOCUME~1\g\LOCALS~1\Temp\ccE0dlPK.ltrans26.ltrans.o
LOAD C:\DOCUME~1\g\LOCALS~1\Temp\ccE0dlPK.ltrans27.ltrans.o
LOAD C:\DOCUME~1\g\LOCALS~1\Temp\ccE0dlPK.ltrans28.ltrans.o
LOAD C:\DOCUME~1\g\LOCALS~1\Temp\ccE0dlPK.ltrans29.ltrans.o
LOAD C:\DOCUME~1\g\LOCALS~1\Temp\ccE0dlPK.ltrans30.ltrans.o
LOAD C:\DOCUME~1\g\LOCALS~1\Temp\ccE0dlPK.ltrans31.ltrans.o
LOAD c:/nxp/bstudio_nxp/sdk/tools/ba-elf-ba2-r36379/bin/../lib/gcc/ba-elf/4.7.4/../../../../ba-elf/lib/mcpu_jn51xx_sizeopt\libc.a
LOAD c:/nxp/bstudio_nxp/sdk/tools/ba-elf-ba2-r36379/bin/../lib/gcc/ba-elf/4.7.4/mcpu_jn51xx_sizeopt\libgcc.a
LOAD c:/nxp/bstudio_nxp/sdk/tools/ba-elf-ba2-r36379/bin/../lib/gcc/ba-elf/4.7.4/../../../../ba-elf/lib/mcpu_jn51xx_sizeopt\libc.a
LOAD c:/NXP/bstudio_nxp/workspace/JN-AN-1171-ZigBee-LightLink-Demo/Controller_ColorSceneController/Build/os_irq.o
LOAD c:/NXP/bstudio_nxp/workspace/JN-AN-1171-ZigBee-LightLink-Demo/Controller_ColorSceneController/Build/os_irq_alignment.o
LOAD c:/NXP/bstudio_nxp/workspace/JN-AN-1171-ZigBee-LightLink-Demo/Controller_ColorSceneController/Build/os_irq_buserror.o
LOAD c:/NXP/bstudio_nxp/workspace/JN-AN-1171-ZigBee-LightLink-Demo/Controller_ColorSceneController/Build/os_irq_illegalinstruction.o
LOAD c:/NXP/bstudio_nxp/workspace/JN-AN-1171-ZigBee-LightLink-Demo/Controller_ColorSceneController/Build/os_irq_stackoverflowexception.o
LOAD c:/NXP/bstudio_nxp/workspace/JN-AN-1171-ZigBee-LightLink-Demo/Controller_ColorSceneController/Build/os_irq_unimplementedmodule.o
LOAD c:/NXP/bstudio_nxp/workspace/JN-AN-1171-ZigBee-LightLink-Demo/Controller_ColorSceneController/Build/pdum_gen.o
LOAD c:/NXP/bstudio_nxp/workspace/JN-AN-1171-ZigBee-LightLink-Demo/Controller_ColorSceneController/Build/pdum_apdu.o
LOAD c:/NXP/bstudio_nxp/workspace/JN-AN-1171-ZigBee-LightLink-Demo/Controller_ColorSceneController/Build/zps_gen.o
LOAD c:/NXP/bstudio_nxp/workspace/JN-AN-1171-ZigBee-LightLink-Demo/Controller_ColorSceneController/Build/app_timer_driver.o
LOAD c:/NXP/bstudio_nxp/workspace/JN-AN-1171-ZigBee-LightLink-Demo/Controller_ColorSceneController/Build/app_led_control.o
LOAD c:/NXP/bstudio_nxp/workspace/JN-AN-1171-ZigBee-LightLink-Demo/Controller_ColorSceneController/Build/app_start_remote.o
LOAD c:/NXP/bstudio_nxp/workspace/JN-AN-1171-ZigBee-LightLink-Demo/Controller_ColorSceneController/Build/app_captouch_buttons.o
LOAD c:/NXP/bstudio_nxp/workspace/JN-AN-1171-ZigBee-LightLink-Demo/Controller_ColorSceneController/Build/DriverCapTouch.o
LOAD c:/NXP/bstudio_nxp/workspace/JN-AN-1171-ZigBee-LightLink-Demo/Controller_ColorSceneController/Build/App_Controller_ColorSceneController.o
LOAD c:/NXP/bstudio_nxp/workspace/JN-AN-1171-ZigBee-LightLink-Demo/Controller_ColorSceneController/Build/zll_remote_node.o
LOAD c:/NXP/bstudio_nxp/workspace/JN-AN-1171-ZigBee-LightLink-Demo/Controller_ColorSceneController/Build/ecb_decrypt.o
LOAD c:/NXP/bstudio_nxp/workspace/JN-AN-1171-ZigBee-LightLink-Demo/Controller_ColorSceneController/Build/app_zcl_remote_task.o
LOAD c:/NXP/bstudio_nxp/workspace/JN-AN-1171-ZigBee-LightLink-Demo/Controller_ColorSceneController/Build/app_remote_commission_task.o
LOAD c:/NXP/bstudio_nxp/workspace/JN-AN-1171-ZigBee-LightLink-Demo/Controller_ColorSceneController/Build/low_bat_indicator.o
LOAD c:/NXP/bstudio_nxp/workspace/JN-AN-1171-ZigBee-LightLink-Demo/Controller_ColorSceneController/Build/appZpsBeaconHandler.o
LOAD c:/NXP/bstudio_nxp/workspace/JN-AN-1171-ZigBee-LightLink-Demo/Controller_ColorSceneController/Build/Alarms.o
LOAD c:/NXP/bstudio_nxp/workspace/JN-AN-1171-ZigBee-LightLink-Demo/Controller_ColorSceneController/Build/AlarmsClientCommands.o
LOAD c:/NXP/bstudio_nxp/workspace/JN-AN-1171-ZigBee-LightLink-Demo/Controller_ColorSceneController/Build/AlarmsCommandHandler.o
LOAD c:/NXP/bstudio_nxp/workspace/JN-AN-1171-ZigBee-LightLink-Demo/Controller_ColorSceneController/Build/AlarmsServerCommands.o
LOAD c:/NXP/bstudio_nxp/workspace/JN-AN-1171-ZigBee-LightLink-Demo/Controller_ColorSceneController/Build/AlarmsTableManager.o
LOAD c:/NXP/bstudio_nxp/workspace/JN-AN-1171-ZigBee-LightLink-Demo/Controller_ColorSceneController/Build/AnalogInputBasic.o
LOAD c:/NXP/bstudio_nxp/workspace/JN-AN-1171-ZigBee-LightLink-Demo/Controller_ColorSceneController/Build/AnalogOutputBasic.o
LOAD c:/NXP/bstudio_nxp/workspace/JN-AN-1171-ZigBee-LightLink-Demo/Controller_ColorSceneController/Build/Basic.o
LOAD c:/NXP/bstudio_nxp/workspace/JN-AN-1171-ZigBee-LightLink-Demo/Controller_ColorSceneController/Build/BasicClientCommands.o
LOAD c:/NXP/bstudio_nxp/workspace/JN-AN-1171-ZigBee-LightLink-Demo/Controller_ColorSceneController/Build/BasicCommandHandler.o
LOAD c:/NXP/bstudio_nxp/workspace/JN-AN-1171-ZigBee-LightLink-Demo/Controller_ColorSceneController/Build/BinaryInputBasic.o
LOAD c:/NXP/bstudio_nxp/workspace/JN-AN-1171-ZigBee-LightLink-Demo/Controller_ColorSceneController/Build/BinaryOutputBasic.o
LOAD c:/NXP/bstudio_nxp/workspace/JN-AN-1171-ZigBee-LightLink-Demo/Controller_ColorSceneController/Build/Commissioning.o
LOAD c:/NXP/bstudio_nxp/workspace/JN-AN-1171-ZigBee-LightLink-Demo/Controller_ColorSceneController/Build/DeviceTemperatureConfiguration.o
LOAD c:/NXP/bstudio_nxp/workspace/JN-AN-1171-ZigBee-LightLink-Demo/Controller_ColorSceneController/Build/Diagnostics.o
LOAD c:/NXP/bstudio_nxp/workspace/JN-AN-1171-ZigBee-LightLink-Demo/Controller_ColorSceneController/Build/DoorLock.o
LOAD c:/NXP/bstudio_nxp/workspace/JN-AN-1171-ZigBee-LightLink-Demo/Controller_ColorSceneController/Build/DoorLockCommandHandler.o
LOAD c:/NXP/bstudio_nxp/workspace/JN-AN-1171-ZigBee-LightLink-Demo/Controller_ColorSceneController/Build/DoorLockCommands.o
LOAD c:/NXP/bstudio_nxp/workspace/JN-AN-1171-ZigBee-LightLink-Demo/Controller_ColorSceneController/Build/ElectricalMeasurement.o
LOAD c:/NXP/bstudio_nxp/workspace/JN-AN-1171-ZigBee-LightLink-Demo/Controller_ColorSceneController/Build/Groups.o
LOAD c:/NXP/bstudio_nxp/workspace/JN-AN-1171-ZigBee-LightLink-Demo/Controller_ColorSceneController/Build/GroupsClientCommands.o
LOAD c:/NXP/bstudio_nxp/workspace/JN-AN-1171-ZigBee-LightLink-Demo/Controller_ColorSceneController/Build/GroupsCommandHandler.o
LOAD c:/NXP/bstudio_nxp/workspace/JN-AN-1171-ZigBee-LightLink-Demo/Controller_ColorSceneController/Build/GroupsServerCommands.o
LOAD c:/NXP/bstudio_nxp/workspace/JN-AN-1171-ZigBee-LightLink-Demo/Controller_ColorSceneController/Build/GroupsTableManager.o
LOAD c:/NXP/bstudio_nxp/workspace/JN-AN-1171-ZigBee-LightLink-Demo/Controller_ColorSceneController/Build/Identify.o
LOAD c:/NXP/bstudio_nxp/workspace/JN-AN-1171-ZigBee-LightLink-Demo/Controller_ColorSceneController/Build/IdentifyClientCommands.o
LOAD c:/NXP/bstudio_nxp/workspace/JN-AN-1171-ZigBee-LightLink-Demo/Controller_ColorSceneController/Build/IdentifyCommandHandler.o
LOAD c:/NXP/bstudio_nxp/workspace/JN-AN-1171-ZigBee-LightLink-Demo/Controller_ColorSceneController/Build/IdentifyServerCommands.o
LOAD c:/NXP/bstudio_nxp/workspace/JN-AN-1171-ZigBee-LightLink-Demo/Controller_ColorSceneController/Build/LevelControl.o
LOAD c:/NXP/bstudio_nxp/workspace/JN-AN-1171-ZigBee-LightLink-Demo/Controller_ColorSceneController/Build/LevelControlClientCommands.o
LOAD c:/NXP/bstudio_nxp/workspace/JN-AN-1171-ZigBee-LightLink-Demo/Controller_ColorSceneController/Build/LevelControlCommandHandler.o
LOAD c:/NXP/bstudio_nxp/workspace/JN-AN-1171-ZigBee-LightLink-Demo/Controller_ColorSceneController/Build/MultistateInputBasic.o
LOAD c:/NXP/bstudio_nxp/workspace/JN-AN-1171-ZigBee-LightLink-Demo/Controller_ColorSceneController/Build/MultistateOutputBasic.o
LOAD c:/NXP/bstudio_nxp/workspace/JN-AN-1171-ZigBee-LightLink-Demo/Controller_ColorSceneController/Build/OOSC.o
LOAD c:/NXP/bstudio_nxp/workspace/JN-AN-1171-ZigBee-LightLink-Demo/Controller_ColorSceneController/Build/OnOff.o
LOAD c:/NXP/bstudio_nxp/workspace/JN-AN-1171-ZigBee-LightLink-Demo/Controller_ColorSceneController/Build/OnOffCommandHandler.o
LOAD c:/NXP/bstudio_nxp/workspace/JN-AN-1171-ZigBee-LightLink-Demo/Controller_ColorSceneController/Build/OnOffCommands.o
LOAD c:/NXP/bstudio_nxp/workspace/JN-AN-1171-ZigBee-LightLink-Demo/Controller_ColorSceneController/Build/PollControl.o
LOAD c:/NXP/bstudio_nxp/workspace/JN-AN-1171-ZigBee-LightLink-Demo/Controller_ColorSceneController/Build/PollControlClientCommands.o
LOAD c:/NXP/bstudio_nxp/workspace/JN-AN-1171-ZigBee-LightLink-Demo/Controller_ColorSceneController/Build/PollControlCommandHandler.o
LOAD c:/NXP/bstudio_nxp/workspace/JN-AN-1171-ZigBee-LightLink-Demo/Controller_ColorSceneController/Build/PollControlServerCommands.o
LOAD c:/NXP/bstudio_nxp/workspace/JN-AN-1171-ZigBee-LightLink-Demo/Controller_ColorSceneController/Build/PowerConfiguration.o
LOAD c:/NXP/bstudio_nxp/workspace/JN-AN-1171-ZigBee-LightLink-Demo/Controller_ColorSceneController/Build/Scenes.o
LOAD c:/NXP/bstudio_nxp/workspace/JN-AN-1171-ZigBee-LightLink-Demo/Controller_ColorSceneController/Build/ScenesClientCommands.o
LOAD c:/NXP/bstudio_nxp/workspace/JN-AN-1171-ZigBee-LightLink-Demo/Controller_ColorSceneController/Build/ScenesClusterManagement.o
LOAD c:/NXP/bstudio_nxp/workspace/JN-AN-1171-ZigBee-LightLink-Demo/Controller_ColorSceneController/Build/ScenesCommandHandler.o
LOAD c:/NXP/bstudio_nxp/workspace/JN-AN-1171-ZigBee-LightLink-Demo/Controller_ColorSceneController/Build/ScenesServerCommands.o
LOAD c:/NXP/bstudio_nxp/workspace/JN-AN-1171-ZigBee-LightLink-Demo/Controller_ColorSceneController/Build/ScenesTableManager.o
LOAD c:/NXP/bstudio_nxp/workspace/JN-AN-1171-ZigBee-LightLink-Demo/Controller_ColorSceneController/Build/TC.o
LOAD c:/NXP/bstudio_nxp/workspace/JN-AN-1171-ZigBee-LightLink-Demo/Controller_ColorSceneController/Build/Time.o
LOAD c:/NXP/bstudio_nxp/workspace/JN-AN-1171-ZigBee-LightLink-Demo/Controller_ColorSceneController/Build/zll_CommissionCmdHandler.o
LOAD c:/NXP/bstudio_nxp/workspace/JN-AN-1171-ZigBee-LightLink-Demo/Controller_ColorSceneController/Build/zll_UtilityCmdHandler.o
LOAD c:/NXP/bstudio_nxp/workspace/JN-AN-1171-ZigBee-LightLink-Demo/Controller_ColorSceneController/Build/zll_commission.o
LOAD c:/NXP/bstudio_nxp/workspace/JN-AN-1171-ZigBee-LightLink-Demo/Controller_ColorSceneController/Build/zll_utility.o
LOAD c:/NXP/bstudio_nxp/workspace/JN-AN-1171-ZigBee-LightLink-Demo/Controller_ColorSceneController/Build/colour_light.o
LOAD c:/NXP/bstudio_nxp/workspace/JN-AN-1171-ZigBee-LightLink-Demo/Controller_ColorSceneController/Build/colour_remote.o
LOAD c:/NXP/bstudio_nxp/workspace/JN-AN-1171-ZigBee-LightLink-Demo/Controller_ColorSceneController/Build/colour_scene_remote.o
LOAD c:/NXP/bstudio_nxp/workspace/JN-AN-1171-ZigBee-LightLink-Demo/Controller_ColorSceneController/Build/colour_temperature_light.o
LOAD c:/NXP/bstudio_nxp/workspace/JN-AN-1171-ZigBee-LightLink-Demo/Controller_ColorSceneController/Build/commission_endpoint.o
LOAD c:/NXP/bstudio_nxp/workspace/JN-AN-1171-ZigBee-LightLink-Demo/Controller_ColorSceneController/Build/control_bridge.o
LOAD c:/NXP/bstudio_nxp/workspace/JN-AN-1171-ZigBee-LightLink-Demo/Controller_ColorSceneController/Build/dimmable_light.o
LOAD c:/NXP/bstudio_nxp/workspace/JN-AN-1171-ZigBee-LightLink-Demo/Controller_ColorSceneController/Build/dimmable_plug.o
LOAD c:/NXP/bstudio_nxp/workspace/JN-AN-1171-ZigBee-LightLink-Demo/Controller_ColorSceneController/Build/extended_colour_light.o
LOAD c:/NXP/bstudio_nxp/workspace/JN-AN-1171-ZigBee-LightLink-Demo/Controller_ColorSceneController/Build/non_colour_remote.o
LOAD c:/NXP/bstudio_nxp/workspace/JN-AN-1171-ZigBee-LightLink-Demo/Controller_ColorSceneController/Build/non_colour_scene_remote.o
LOAD c:/NXP/bstudio_nxp/workspace/JN-AN-1171-ZigBee-LightLink-Demo/Controller_ColorSceneController/Build/on_off_light.o
LOAD c:/NXP/bstudio_nxp/workspace/JN-AN-1171-ZigBee-LightLink-Demo/Controller_ColorSceneController/Build/on_off_plug.o
LOAD c:/NXP/bstudio_nxp/workspace/JN-AN-1171-ZigBee-LightLink-Demo/Controller_ColorSceneController/Build/on_off_sensor.o
LOAD c:/NXP/bstudio_nxp/workspace/JN-AN-1171-ZigBee-LightLink-Demo/Controller_ColorSceneController/Build/zll.o
LOAD c:/NXP/bstudio_nxp/workspace/JN-AN-1171-ZigBee-LightLink-Demo/Controller_ColorSceneController/Build/BallastConfiguration.o
LOAD c:/NXP/bstudio_nxp/workspace/JN-AN-1171-ZigBee-LightLink-Demo/Controller_ColorSceneController/Build/ColourControl.o
LOAD c:/NXP/bstudio_nxp/workspace/JN-AN-1171-ZigBee-LightLink-Demo/Controller_ColorSceneController/Build/ColourControlClientCommands.o
LOAD c:/NXP/bstudio_nxp/workspace/JN-AN-1171-ZigBee-LightLink-Demo/Controller_ColorSceneController/Build/ColourControlCommandHandler.o
LOAD c:/NXP/bstudio_nxp/workspace/JN-AN-1171-ZigBee-LightLink-Demo/Controller_ColorSceneController/Build/ColourControlConversions.o
LOAD c:/NXP/bstudio_nxp/workspace/JN-AN-1171-ZigBee-LightLink-Demo/Controller_ColorSceneController/Build/dlist.o
LOAD c:/NXP/bstudio_nxp/workspace/JN-AN-1171-ZigBee-LightLink-Demo/Controller_ColorSceneController/Build/zcl.o
LOAD c:/NXP/bstudio_nxp/workspace/JN-AN-1171-ZigBee-LightLink-Demo/Controller_ColorSceneController/Build/zcl_CustomCommandReceive.o
LOAD c:/NXP/bstudio_nxp/workspace/JN-AN-1171-ZigBee-LightLink-Demo/Controller_ColorSceneController/Build/zcl_CustomCommandSend.o
LOAD c:/NXP/bstudio_nxp/workspace/JN-AN-1171-ZigBee-LightLink-Demo/Controller_ColorSceneController/Build/zcl_PDUbufferReadWrite.o
LOAD c:/NXP/bstudio_nxp/workspace/JN-AN-1171-ZigBee-LightLink-Demo/Controller_ColorSceneController/Build/zcl_PDUbufferReadWriteString.o
LOAD c:/NXP/bstudio_nxp/workspace/JN-AN-1171-ZigBee-LightLink-Demo/Controller_ColorSceneController/Build/zcl_WriteAttributesRequestHandle.o
LOAD c:/NXP/bstudio_nxp/workspace/JN-AN-1171-ZigBee-LightLink-Demo/Controller_ColorSceneController/Build/zcl_WriteAttributesRequestSend.o
LOAD c:/NXP/bstudio_nxp/workspace/JN-AN-1171-ZigBee-LightLink-Demo/Controller_ColorSceneController/Build/zcl_WriteAttributesResponseHandle.o
LOAD c:/NXP/bstudio_nxp/workspace/JN-AN-1171-ZigBee-LightLink-Demo/Controller_ColorSceneController/Build/zcl_attribute.o
LOAD c:/NXP/bstudio_nxp/workspace/JN-AN-1171-ZigBee-LightLink-Demo/Controller_ColorSceneController/Build/zcl_buffer.o
LOAD c:/NXP/bstudio_nxp/workspace/JN-AN-1171-ZigBee-LightLink-Demo/Controller_ColorSceneController/Build/zcl_clusterCommand.o
LOAD c:/NXP/bstudio_nxp/workspace/JN-AN-1171-ZigBee-LightLink-Demo/Controller_ColorSceneController/Build/zcl_command.o
LOAD c:/NXP/bstudio_nxp/workspace/JN-AN-1171-ZigBee-LightLink-Demo/Controller_ColorSceneController/Build/zcl_configureReportingCommandHandle.o
LOAD c:/NXP/bstudio_nxp/workspace/JN-AN-1171-ZigBee-LightLink-Demo/Controller_ColorSceneController/Build/zcl_configureReportingCommandSend.o
LOAD c:/NXP/bstudio_nxp/workspace/JN-AN-1171-ZigBee-LightLink-Demo/Controller_ColorSceneController/Build/zcl_configureReportingResponseHandle.o
LOAD c:/NXP/bstudio_nxp/workspace/JN-AN-1171-ZigBee-LightLink-Demo/Controller_ColorSceneController/Build/zcl_defaultResponse.o
LOAD c:/NXP/bstudio_nxp/workspace/JN-AN-1171-ZigBee-LightLink-Demo/Controller_ColorSceneController/Build/zcl_discoverAttributesExtendedRequestHandle.o
LOAD c:/NXP/bstudio_nxp/workspace/JN-AN-1171-ZigBee-LightLink-Demo/Controller_ColorSceneController/Build/zcl_discoverAttributesExtendedRequestSend.o
LOAD c:/NXP/bstudio_nxp/workspace/JN-AN-1171-ZigBee-LightLink-Demo/Controller_ColorSceneController/Build/zcl_discoverAttributesExtendedResponseHandle.o
LOAD c:/NXP/bstudio_nxp/workspace/JN-AN-1171-ZigBee-LightLink-Demo/Controller_ColorSceneController/Build/zcl_discoverAttributesRequestHandle.o
LOAD c:/NXP/bstudio_nxp/workspace/JN-AN-1171-ZigBee-LightLink-Demo/Controller_ColorSceneController/Build/zcl_discoverAttributesRequestSend.o
LOAD c:/NXP/bstudio_nxp/workspace/JN-AN-1171-ZigBee-LightLink-Demo/Controller_ColorSceneController/Build/zcl_discoverAttributesResponseHandle.o
LOAD c:/NXP/bstudio_nxp/workspace/JN-AN-1171-ZigBee-LightLink-Demo/Controller_ColorSceneController/Build/zcl_discoverCommandsRequestHandle.o
LOAD c:/NXP/bstudio_nxp/workspace/JN-AN-1171-ZigBee-LightLink-Demo/Controller_ColorSceneController/Build/zcl_discoverCommandsRequestSend.o
LOAD c:/NXP/bstudio_nxp/workspace/JN-AN-1171-ZigBee-LightLink-Demo/Controller_ColorSceneController/Build/zcl_discoverCommandsResponseHandle.o
LOAD c:/NXP/bstudio_nxp/workspace/JN-AN-1171-ZigBee-LightLink-Demo/Controller_ColorSceneController/Build/zcl_event.o
LOAD c:/NXP/bstudio_nxp/workspace/JN-AN-1171-ZigBee-LightLink-Demo/Controller_ColorSceneController/Build/zcl_heap.o
LOAD c:/NXP/bstudio_nxp/workspace/JN-AN-1171-ZigBee-LightLink-Demo/Controller_ColorSceneController/Build/zcl_library_options.o
LOAD c:/NXP/bstudio_nxp/workspace/JN-AN-1171-ZigBee-LightLink-Demo/Controller_ColorSceneController/Build/zcl_readAttributesRequestHandle.o
LOAD c:/NXP/bstudio_nxp/workspace/JN-AN-1171-ZigBee-LightLink-Demo/Controller_ColorSceneController/Build/zcl_readAttributesRequestSend.o
LOAD c:/NXP/bstudio_nxp/workspace/JN-AN-1171-ZigBee-LightLink-Demo/Controller_ColorSceneController/Build/zcl_readAttributesResponseHandle.o
LOAD c:/NXP/bstudio_nxp/workspace/JN-AN-1171-ZigBee-LightLink-Demo/Controller_ColorSceneController/Build/zcl_readReportingConfigurationCommandHandle.o
LOAD c:/NXP/bstudio_nxp/workspace/JN-AN-1171-ZigBee-LightLink-Demo/Controller_ColorSceneController/Build/zcl_readReportingConfigurationCommandSend.o
LOAD c:/NXP/bstudio_nxp/workspace/JN-AN-1171-ZigBee-LightLink-Demo/Controller_ColorSceneController/Build/zcl_readReportingConfigurationResponseHandle.o
LOAD c:/NXP/bstudio_nxp/workspace/JN-AN-1171-ZigBee-LightLink-Demo/Controller_ColorSceneController/Build/zcl_reportManager.o
LOAD c:/NXP/bstudio_nxp/workspace/JN-AN-1171-ZigBee-LightLink-Demo/Controller_ColorSceneController/Build/zcl_reportMaths.o
LOAD c:/NXP/bstudio_nxp/workspace/JN-AN-1171-ZigBee-LightLink-Demo/Controller_ColorSceneController/Build/zcl_reportScheduler.o
LOAD c:/NXP/bstudio_nxp/workspace/JN-AN-1171-ZigBee-LightLink-Demo/Controller_ColorSceneController/Build/zcl_reportStringHandling.o
LOAD c:/NXP/bstudio_nxp/workspace/JN-AN-1171-ZigBee-LightLink-Demo/Controller_ColorSceneController/Build/zcl_reportStructure.o
LOAD c:/NXP/bstudio_nxp/workspace/JN-AN-1171-ZigBee-LightLink-Demo/Controller_ColorSceneController/Build/zcl_search.o
LOAD c:/NXP/bstudio_nxp/workspace/JN-AN-1171-ZigBee-LightLink-Demo/Controller_ColorSceneController/Build/zcl_timer.o
LOAD c:/NXP/bstudio_nxp/workspace/JN-AN-1171-ZigBee-LightLink-Demo/Controller_ColorSceneController/Build/zcl_transmit.o
LOAD c:/NXP/bstudio_nxp/sdk/JN-SW-4168/Components/Library\libZPSMAC_Mini_JN516x.a
LOAD c:/NXP/bstudio_nxp/sdk/JN-SW-4168/Components/Library\libOS_JN516x.a
LOAD c:/NXP/bstudio_nxp/sdk/JN-SW-4168/Components/Library\libPWRM_JN516x.a
LOAD c:/NXP/bstudio_nxp/sdk/JN-SW-4168/Components/Library\libZPSTSV_JN516x.a
LOAD c:/NXP/bstudio_nxp/sdk/JN-SW-4168/Components/Library\libAES_SW_JN516x.a
LOAD c:/NXP/bstudio_nxp/sdk/JN-SW-4168/Components/Library\libPDUM_JN516x.a
LOAD c:/NXP/bstudio_nxp/sdk/JN-SW-4168/Components/Library\libZPSAPL_JN516x.a
LOAD c:/NXP/bstudio_nxp/sdk/JN-SW-4168/Components/Library\libRandom_JN516x.a
LOAD c:/NXP/bstudio_nxp/sdk/JN-SW-4168/Components/Library\libPDM_EEPROM_JN516x.a
LOAD c:/NXP/bstudio_nxp/sdk/JN-SW-4168/Components/Library\libDBG_JN516x.a
LOAD c:/NXP/bstudio_nxp/sdk/JN-SW-4168/Components/Library\libZPSZLL_ZED_JN516x.a
LOAD c:/NXP/bstudio_nxp/sdk/JN-SW-4168/Components/Library\libZPSNWK_ZED_JN516x.a
LOAD c:/NXP/bstudio_nxp/sdk/JN-SW-4168/Components/Library\libMiniMac_JN516x.a
LOAD c:/NXP/bstudio_nxp/sdk/JN-SW-4168/Components/Library\libMiniMacShim_JN516x.a
LOAD c:/NXP/bstudio_nxp/sdk/JN-SW-4168/Components/Library\libMMAC_JN516x.a
LOAD c:/NXP/bstudio_nxp/sdk/JN-SW-4168/Components/Library\libAes_JN516x.a
LOAD c:/NXP/bstudio_nxp/sdk/JN-SW-4168/Components/Library\libHardwareApi_JN516x.a
LOAD c:/NXP/bstudio_nxp/sdk/JN-SW-4168/Components/Library\libMicroSpecific_JN516x.a
LOAD c:/NXP/bstudio_nxp/sdk/JN-SW-4168/Components/Library\libBoot_JN516x.a
LOAD c:/NXP/bstudio_nxp/sdk/JN-SW-4168/Platform/DK2/Library\libBoardLib_JN516x.a
LOAD c:/nxp/bstudio_nxp/sdk/tools/ba-elf-ba2-r36379/bin/../lib/gcc/ba-elf/4.7.4/../../../../ba-elf/lib/mcpu_jn51xx_sizeopt\libm.a
END GROUP
LOAD c:/nxp/bstudio_nxp/sdk/tools/ba-elf-ba2-r36379/bin/../lib/gcc/ba-elf/4.7.4/../../../../ba-elf/lib/mcpu_jn51xx_sizeopt\libc.a
LOAD c:/nxp/bstudio_nxp/sdk/tools/ba-elf-ba2-r36379/bin/../lib/gcc/ba-elf/4.7.4/mcpu_jn51xx_sizeopt\libgcc.a
LOAD c:/nxp/bstudio_nxp/sdk/tools/ba-elf-ba2-r36379/bin/../lib/gcc/ba-elf/4.7.4/../../../../ba-elf/lib/mcpu_jn51xx_sizeopt\libc.a
                0x0000000000080038                _exception_vsr_table = 0x80038
                0x0000000004000000                pSPIflashFncTable = 0x4000000
                0x0000000000000044                restore_state = 0x44
                0x000000000000004a                bZSPIWaitWIPClear = 0x4a
                0x0000000000000050                u16ZSPIflashRDID = 0x50
                0x0000000000000056                u8SelectFlashChipType = 0x56
                0x000000000000005c                memcpy = 0x5c
                0x0000000000000066                vBootFlashProg = 0x66
                [0x00000000000007d0]                __minimum_heap_size = DEFINED (__minimum_heap_size)?__minimum_heap_size:0xd16
                [0x0000000000001388]                __stack_size = DEFINED (__stack_size)?__stack_size:0x800
                0x0000000000000000                _SwConfig = (DEFINED (g_bSWConf_Debug) | (DEFINED (g_bSWConf_AltDebugPort) << 0x1))

.version        0x000000000007fffc        0x4
                0x000000000007fffc        0x4 LONG 0x7030008

.bir            0x0000000000080000       0x10
                0x0000000000080000                _flash_start = ABSOLUTE (.)
                0x0000000000080000                _flash_beg = ABSOLUTE (.)
                0x0000000000080000        0x4 LONG 0x12345678
                0x0000000000080004        0x4 LONG 0x11223344
                0x0000000000080008        0x4 LONG 0x55667788
                0x000000000008000c        0x1 BYTE 0x8
                0x000000000008000d        0x1 BYTE 0x1
                0x000000000008000e        0x2 SHORT 0x0

.flashheader    0x0000000000080010       0x28
                0x0000000000080010        0x4 LONG 0x0
                0x0000000000080014        0x4 LONG 0x0
                0x0000000000080018        0x4 LONG 0x0
                0x000000000008001c        0x2 SHORT 0x0
                0x000000000008001e        0x2 SHORT 0x0 ABSOLUTE (_SwConfig)
                0x0000000000080020                _enc_start = ABSOLUTE (.)
                0x0000000000080020        0x4 LONG 0x1f1c4 ABSOLUTE (_image_len)
                0x0000000000080024        0x4 LONG 0x9ea48 ABSOLUTE (_flash_data_start)
                0x0000000000080028        0x2 SHORT 0x13 ((ABSOLUTE (_ram_data_start) / 0x4) & 0xffff)
                0x000000000008002a        0x2 SHORT 0x1df ((ABSOLUTE (_ram_data_len) / 0x4) & 0xffff)
                0x000000000008002c        0x2 SHORT 0x1f2 ((ABSOLUTE (_bss_start) / 0x4) & 0xffff)
                0x000000000008002e        0x2 SHORT 0xe27 ((ABSOLUTE (_bss_len) / 0x4) & 0xffff)
                0x0000000000080030        0x4 LONG 0x9d327 ABSOLUTE (AppWarmStart)
                0x0000000000080034        0x4 LONG 0x9d341 ABSOLUTE (AppColdStart)
                0x0000000000000000                _enc_offset = (_enc_start & 0xf)

.ro_mac_address
                0x0000000000080040        0x0
                0x0000000000080040                _FlsMACAddress = ABSOLUTE (.)
 *(.ro_mac_address)
                0x0000000000080040                . = ALIGN (0x10)

.ro_ota_header  0x0000000000080040        0x0
                0x0000000000080040                _FlsOtaHeader = ABSOLUTE (.)
 *(.ro_ota_header)
                0x0000000000080040                . = ALIGN (0x10)

.ro_se_lnkKey   0x0000000000080040        0x0
                0x0000000000080040                _FlsLinkKey = ABSOLUTE (.)
 *(.ro_se_lnkKey)
                0x0000000000080040                . = ALIGN (0x10)

.rodata         0x0000000000080038      0xcec
 *(.rodata*)
 .rodata        0x0000000000080038       0x7c C:\DOCUME~1\g\LOCALS~1\Temp\ccE0dlPK.ltrans0.ltrans.o
                0x0000000000080038                gMAC_u8MaxBuffers
                0x000000000008003c                g_u32ApsFcSaveCountBitShift
                0x0000000000080040                u8MaxZpsConfigEp
                0x0000000000080041                au8EpMapPresent
                0x0000000000080044                s_groupPdmTable
 .rodata        0x00000000000800b4       0xff C:\DOCUME~1\g\LOCALS~1\Temp\ccE0dlPK.ltrans1.ltrans.o
 *fill*         0x00000000000801b3        0x1 00
 .rodata        0x00000000000801b4       0x54 C:\DOCUME~1\g\LOCALS~1\Temp\ccE0dlPK.ltrans2.ltrans.o
 .rodata.str1.1
                0x0000000000000000        0x0 C:\DOCUME~1\g\LOCALS~1\Temp\ccE0dlPK.ltrans3.ltrans.o
                                          0x3 (size before relaxing)
 .rodata.str1.1
                0x0000000000080208        0x5 C:\DOCUME~1\g\LOCALS~1\Temp\ccE0dlPK.ltrans4.ltrans.o
                                          0x8 (size before relaxing)
 .rodata.str1.1
                0x0000000000000000        0x5 C:\DOCUME~1\g\LOCALS~1\Temp\ccE0dlPK.ltrans5.ltrans.o
                                         0x17 (size before relaxing)
 .rodata        0x000000000008020d        0x6 C:\DOCUME~1\g\LOCALS~1\Temp\ccE0dlPK.ltrans5.ltrans.o
 .rodata.str1.1
                0x0000000000000000        0x5 C:\DOCUME~1\g\LOCALS~1\Temp\ccE0dlPK.ltrans6.ltrans.o
                                          0x8 (size before relaxing)
 .rodata.str1.1
                0x0000000000080213        0x4 C:\DOCUME~1\g\LOCALS~1\Temp\ccE0dlPK.ltrans7.ltrans.o
                                         0x13 (size before relaxing)
 *fill*         0x0000000000080217        0x1 00
 .rodata        0x0000000000080218       0x10 C:\DOCUME~1\g\LOCALS~1\Temp\ccE0dlPK.ltrans8.ltrans.o
 .rodata        0x0000000000080228       0x10 C:\DOCUME~1\g\LOCALS~1\Temp\ccE0dlPK.ltrans9.ltrans.o
                0x0000000000080230                au32UartAddrOffset
 .rodata.str1.1
                0x0000000000080238        0x3 C:\DOCUME~1\g\LOCALS~1\Temp\ccE0dlPK.ltrans9.ltrans.o
 *fill*         0x000000000008023b        0x1 00
 .rodata        0x000000000008023c       0x18 C:\DOCUME~1\g\LOCALS~1\Temp\ccE0dlPK.ltrans11.ltrans.o
                0x000000000008023c                au32NwkPdmRecordOffsets
 .rodata.str1.1
                0x0000000000080254       0xd8 C:\DOCUME~1\g\LOCALS~1\Temp\ccE0dlPK.ltrans12.ltrans.o
                                         0xdb (size before relaxing)
 .rodata        0x000000000008032c       0x1c C:\DOCUME~1\g\LOCALS~1\Temp\ccE0dlPK.ltrans12.ltrans.o
                0x000000000008032c                CSWTCH.49.139291.139291
                0x0000000000080334                au32TimerBaseAddress
 .rodata.str1.1
                0x0000000000080348       0x21 C:\DOCUME~1\g\LOCALS~1\Temp\ccE0dlPK.ltrans13.ltrans.o
                                         0x39 (size before relaxing)
 .rodata.str1.1
                0x0000000000080369       0x32 C:\DOCUME~1\g\LOCALS~1\Temp\ccE0dlPK.ltrans14.ltrans.o
                                         0x50 (size before relaxing)
 .rodata.str1.1
                0x000000000008039b        0x5 C:\DOCUME~1\g\LOCALS~1\Temp\ccE0dlPK.ltrans15.ltrans.o
                                         0x17 (size before relaxing)
 .rodata        0x00000000000803a0      0x178 C:\DOCUME~1\g\LOCALS~1\Temp\ccE0dlPK.ltrans18.ltrans.o
                0x00000000000803a0                s_apsStSceTbl.123208
                0x00000000000803b4                s_aprIdleStHandleCme.131225
                0x00000000000803c4                s_aprActvStHandleCme.128111
                0x00000000000803f0                zps_sJoinSceTbl
                0x00000000000803fc                zps_sActvSceTbl
 .rodata.str1.1
                0x0000000000080518        0x4 C:\DOCUME~1\g\LOCALS~1\Temp\ccE0dlPK.ltrans19.ltrans.o
                                          0x8 (size before relaxing)
 .rodata        0x000000000008051c        0x8 C:\DOCUME~1\g\LOCALS~1\Temp\ccE0dlPK.ltrans19.ltrans.o
                0x000000000008051c                au8ZLLChannelSet
 .rodata.str1.1
                0x0000000000000000        0x4 C:\DOCUME~1\g\LOCALS~1\Temp\ccE0dlPK.ltrans20.ltrans.o
                                          0x8 (size before relaxing)
 .rodata        0x0000000000080524      0x328 C:\DOCUME~1\g\LOCALS~1\Temp\ccE0dlPK.ltrans22.ltrans.o
                0x0000000000080734                gu32ZCLVersion
                0x0000000000080738                OS_g_u32Version
                0x000000000008073c                PDUM_g_u32Version
                0x0000000000080740                ZPS_g_u32MacVersion
                0x0000000000080744                ZPS_g_u32TsvVersion
 .rodata        0x000000000008084c       0x10 C:\DOCUME~1\g\LOCALS~1\Temp\ccE0dlPK.ltrans23.ltrans.o
 .rodata.str1.1
                0x0000000000000000        0x7 C:\DOCUME~1\g\LOCALS~1\Temp\ccE0dlPK.ltrans25.ltrans.o
 .rodata        0x000000000008085c       0x4c C:\DOCUME~1\g\LOCALS~1\Temp\ccE0dlPK.ltrans25.ltrans.o
                0x000000000008085c                g_u32NwkFcSaveCountBitShift
 .rodata.str1.1
                0x0000000000000000        0x4 C:\DOCUME~1\g\LOCALS~1\Temp\ccE0dlPK.ltrans26.ltrans.o
                                          0x1 (size before relaxing)
 .rodata.str1.1
                0x0000000000000000        0xf C:\DOCUME~1\g\LOCALS~1\Temp\ccE0dlPK.ltrans27.ltrans.o
 .rodata.str1.1
                0x00000000000808a8       0x22 C:\DOCUME~1\g\LOCALS~1\Temp\ccE0dlPK.ltrans28.ltrans.o
                                         0x39 (size before relaxing)
 .rodata.str1.1
                0x00000000000808ca       0x8e C:\DOCUME~1\g\LOCALS~1\Temp\ccE0dlPK.ltrans29.ltrans.o
 .rodata        0x0000000000080958      0x3cc C:\DOCUME~1\g\LOCALS~1\Temp\ccE0dlPK.ltrans29.ltrans.o
                0x0000000000080958                zps_g_pvApl
 .rodata.str1.1
                0x0000000000000000       0x8e C:\DOCUME~1\g\LOCALS~1\Temp\ccE0dlPK.ltrans31.ltrans.o
                                          0x4 (size before relaxing)

.text           0x0000000000080d28    0x1dd1e
 *(.text*)
 .text          0x0000000000080d28     0x1b7c C:\DOCUME~1\g\LOCALS~1\Temp\ccE0dlPK.ltrans0.ltrans.o
                0x0000000000080d28                vInitialiseApp.3336
                0x0000000000080d28                APP_TIMER_Version_1v0
 .text          0x00000000000828a4     0x17d8 C:\DOCUME~1\g\LOCALS~1\Temp\ccE0dlPK.ltrans1.ltrans.o
                0x00000000000828a4                os_vAPP_Commission_Task
 .text          0x000000000008407c     0x1359 C:\DOCUME~1\g\LOCALS~1\Temp\ccE0dlPK.ltrans2.ltrans.o
                0x000000000008407c                vZdoServersInit.3020
                0x00000000000840fd                DBG_iUartGetChar
                0x00000000000841b1                vMMAC_IntHandlerBbc
                0x00000000000841cb                eBasicTxCompleteHandler
                0x00000000000841d0                vTxRxTimeout.136664
                0x000000000008422d                zps_eNwkHandleSmeOrphanInd
                0x0000000000084234                eSmeASFlBeaconInd.129875
                0x0000000000084256                eSmeUDNTScanDcfm.129330
                0x00000000000842dd                zps_eNwkHandleSmePollDcfm
                0x0000000000084307                eSmeGenlScanDcfm.129867
                0x0000000000084365                eSmeEdScScanDcfm.129863
                0x000000000008450c                eSmeAcScBeaconInd.129883
                0x0000000000084614                eSmeUDNTBeaconInd.129859
                0x0000000000084637                vMicroIntEnableOnly.constprop.155
                0x0000000000084663                vMiniMac_MLME_SetReq_PanId
                0x00000000000846a0                vMiniMac_MLME_SetReq_ShortAddr
                0x00000000000846ae                vAHI_TimerEnable.part.1.139156.constprop.135
                0x0000000000084710                vCbSystemController.constprop.130
                0x0000000000084748                vLowBatIndicationInit.constprop.129
                0x0000000000084793                pvZCL_HeapAlloc.part.0.49605.constprop.105
                0x00000000000847cc                vAHI_WakeTimerStart.part.1.139609.constprop.78
                0x000000000008480d                vACI_OptimisedCcmStar.constprop.69
                0x00000000000849f8                vMiniMac_ReturnTxBufferCallback
                0x0000000000084a0a                vEnableReceive.136668
                0x0000000000084a44                pvHeap_Alloc
                0x0000000000084a47                vMicroIntRestoreState
                0x0000000000084a53                TSV_eStart
                0x0000000000084aa3                bAHI_WriteEEPROMfixSegmentData
                0x0000000000084b01                bAHI_InitialiseEEPROM
                0x0000000000084b49                vAHI_ReadDataFromEEPROMregister
                0x0000000000084b76                vAHI_WriteDataIntoEEPROMregister
                0x0000000000084ba6                iAHI_WriteDataIntoEEPROMsegment.constprop.139
                0x0000000000084bf4                iPDM_WriteSegmentHeaderDataIntoEEPROMsegment
                0x0000000000084c23                u8AHI_WakeTimerFiredStatus
                0x0000000000084c37                vAHI_WakeTimerStop.part.3.139621
                0x0000000000084c57                vAHI_UartReset.part.4.139375
                0x0000000000084c8f                vAHI_OptimiseWaitStates
                0x0000000000084cdb                bAHI_GetClkSource
                0x0000000000084ce8                vAHI_CpuDoze
                0x0000000000084cfb                vAHI_SwReset
                0x0000000000084d2b                u32AHI_DioWakeStatus
                0x0000000000084d3c                vAHI_DioSetPullup
                0x0000000000084d5c                vAppSetLedState.part.0.3268
                0x0000000000084d8c                vAHI_DioSetOutput
                0x0000000000084da0                vAHI_DioSetDirection
                0x0000000000084db4                vAHI_Sleep
                0x0000000000084e5c                bIssueACIcommand
                0x0000000000084ef2                bACI_ECBencodeStripe.constprop.61
                0x00000000000850f7                vTransformKey.isra.0.66754
                0x0000000000085127                psSearchForFrameToSend
                0x000000000008517e                eMiniMac_FrameInProgress
                0x00000000000851a9                vRemoveFromTxQueue
                0x00000000000851e5                vAddToTxQueue
                0x000000000008521b                u8GetHeaderSize
                0x0000000000085243                vMiniMac_PLME_SetReq_CcaMode
                0x0000000000085257                vMiniMac_MLME_SetReq_MaxCsmaBackoffs
                0x0000000000085277                vMiniMac_MLME_SetReq_MaxBe
                0x000000000008529a                vMiniMac_MLME_SetReq_MinBe
                0x00000000000852bd                zps_vSendJoinInd
                0x000000000008532e                zps_psNwkSlistRemoveFromHead
                0x0000000000085345                zps_psNwkSlistRemove
                0x000000000008537d                zps_bNwkMcpsMgrRemoveDescrFromLists
                0x00000000000853bb                zps_vNwkSlistAddToTail
 .text.unlikely
                0x00000000000853d5      0x150 C:\DOCUME~1\g\LOCALS~1\Temp\ccE0dlPK.ltrans2.ltrans.o
                0x000000000008549d                eEncryptKey.7466
 .text          0x0000000000085525     0x1589 C:\DOCUME~1\g\LOCALS~1\Temp\ccE0dlPK.ltrans3.ltrans.o
                0x0000000000085525                vNwkMcpsTimerCallback
                0x000000000008553f                zps_eSceGenlIllegal
                0x0000000000085546                zps_eSmeGenlIllegal
                0x000000000008554d                DBG_vUartFailedAssert
                0x0000000000085551                zps_bAplZdoBindRequestServer
                0x000000000008568c                psGetVsMcpsBuf.77110
                0x0000000000085695                psGetMlmeBuf.77103
                0x00000000000856dc                psGetNlmeBuf.61202
                0x00000000000856e6                psGetNldeBuf.61223
                0x00000000000856f0                psGetApsmeBuf.61209
                0x00000000000856f9                psGetApsdeBuf.61216
                0x0000000000085812                vLoopbackTimerCallback
                0x0000000000085841                zps_vNwkSecClearMatSet
                0x000000000008586b                ZPS_bNwkSecHaveNetworkKey
                0x000000000008589f                ZPS_bNwkSecFindMatSet
                0x00000000000858db                zps_vNwkFreeMcpsHandle
                0x0000000000085905                ZPS_u64NwkNibGetMappedIeeeAddr
                0x0000000000085927                ZPS_vNwkSecResetDevice
                0x000000000008596c                ZPS_bNwkNibNtActvMatch
                0x0000000000085a24                bCheckNwkAddr
                0x0000000000085a72                ZPS_vSetExtendedStatus
                0x0000000000085a75                zps_psApsApsAllocateDcfmRecord
                0x0000000000085ada                zps_u8CalcLinkCost
                0x0000000000085b16                ZPS_u8NwkNibNtDiscMatch
                0x0000000000085bfa                zps_u64NwkLibFromPayload
                0x0000000000085c39                zps_vNwkLibU64ToPayload
                0x0000000000085c66                zps_vInitBeaconPayload
                0x0000000000085ce2                zps_eNwkDcfmIndPost
                0x0000000000085d04                zps_psNwkDcfmIndGetBuf
                0x0000000000085d26                eNldeDataDcfm.125101
                0x0000000000085d56                zps_vSendNwkStatusInd
                0x0000000000085d86                DBG_vInit
                0x0000000000085dc8                vPDM_ReadBitmapHeader.116809
                0x0000000000085de7                psSLISTsearch
                0x0000000000085e27                psSLISTremove
                0x0000000000085ea5                vSLISTaddToTail
                0x0000000000085ec4                psSLISTgetNext
                0x0000000000085ee8                u8PDM_CalculateLargestDataRecordStored
                0x0000000000085f19                bPDM_ImageBitmapRepairCheck
                0x0000000000085f41                u8PDM_ReadSequenceNumber
                0x0000000000085f64                boSegmentNumberDeleteSearchMatch.116379
                0x0000000000085f7f                u8PDM_ReadSegmentDataSize
                0x0000000000085f93                u32PDM_ReadFileSystemHeaderWearCount
                0x0000000000085fa9                boSearchForWearCountSubstitute.116695
                0x0000000000085fcf                boSearchForWearCountInsertPoint.115948
                0x0000000000085fed                vPDM_WriteFileSystemHeaderWearCount
                0x0000000000085fff                RND_u32GetRand256
                0x000000000008601c                RND_u32GetRand
                0x0000000000086043                u16CalculateFailedTxCount.92811
                0x000000000008606d                vZdoIeeeAddrServerSendExtendResponse.part.0.80931
                0x00000000000860ce                vZdoNwkAddrServerSendExtendResponse.part.0.79751
                0x000000000008612f                zps_bAplZdoServerHandleConfirmAcks
                0x0000000000086179                zps_bPerformLeaveActionDecider
                0x000000000008617e                vHandleUpdateDeviceIndication.70268
                0x00000000000861a8                bDuplicateCheck.66635
                0x00000000000862b5                bIsBindTableMatch.65203
                0x0000000000086306                eRemoveEntryInBindingTable.65231
                0x0000000000086385                zps_vAplApsFillAndPostApsAck
                0x00000000000863ef                zps_u8AplApsFreeMsgHandle
                0x0000000000086459                vFillDataIndStruct.61069
                0x00000000000864b7                vFillApduErrorEvent.61062
                0x00000000000864fa                bCheckProfile.61057
                0x0000000000086541                ZPS_bIsGroupPresent
                0x0000000000086579                pdum_u16ReadNBO
                0x00000000000866da                PDUM_u16SizeNBO
                0x0000000000086738                PDUM_u16APduInstanceWriteStrNBO
                0x00000000000868b7                PDUM_eNPduReadHeaderNBO
                0x000000000008690a                PDUM_u16APduInstanceReadNBO
                0x0000000000086955                PDUM_eNPduPrependHeaderNBO
                0x00000000000869b0                zps_vInitAPSMECmdHdr
                0x00000000000869e7                PDUM_eNPduAppendDataNBO
                0x0000000000086a44                PDUM_u16APduInstanceWriteNBO
 .text          0x0000000000086aae      0xf82 C:\DOCUME~1\g\LOCALS~1\Temp\ccE0dlPK.ltrans4.ltrans.o
                0x0000000000086aae                os_u32APP_cbGetTickTimer
                0x0000000000086ab7                os_bAPP_cbSetTickTimerCompare
                0x0000000000086bb6                boIdValueSearchMatch.115952
                0x0000000000086c10                u16ZCL_APduInstanceReadStringNBO
                0x0000000000086ce5                u16ZCL_APduInstanceWriteNBO
                0x0000000000086d8f                u16ZCL_WriteCommandHeader
                0x0000000000086e07                u16ZCL_APduInstanceReadNBO
                0x0000000000086eec                u16ZCL_ReadCommandHeader.part.0.42244
                0x0000000000086f63                u16ZCL_APduInstanceWriteStringNBO
                0x000000000008702a                iPDM_ReadSegmentHeaderDataFromEEPROMsegment
                0x0000000000087083                iPDM_ReadUserDataFromEEPROMsegment
                0x00000000000870fd                iPDM_ReCalculateWearCountAndChecksumAndWriteFileSystemHeader
                0x0000000000087147                vPDM_SetEEPROMandFileSystemValidState
                0x000000000008716e                iPDM_ReadUserDataFromFileSystemRecord
                0x000000000008718e                u32TouchReadCapacitance.3581
                0x0000000000087304                eZCL_GetAttributeTypeSizeFromBuffer
                0x000000000008737b                vPDM_WriteFileSystemRecordAndSegmentDataIntoEEPROMsegment
                0x00000000000873b6                u8ZdoBindUnbindServerUnpackApdu
                0x0000000000087405                PWRM_vWakeInterruptCallback
                0x0000000000087451                PWRM_vManagePower
                0x00000000000875ba                PWRM_vInit
                0x000000000008764c                vSetRejoinFilter
                0x0000000000087695                zps_vSendJoinDcfm
                0x00000000000876db                vGiveUp.132446
                0x0000000000087713                vSetChannelAndPower
                0x00000000000877b1                vMiniMac_PLME_SetReq_Power
                0x00000000000877c5                vMiniMac_PLME_SetReq_Channel
                0x00000000000877cd                iPDM_FilterDuplicateAppendedSegmentsOnList.117221
                0x0000000000087811                ZPS_bIsMacAddressUsedInApsTable
                0x00000000000878c7                ZPS_eTsvOpen
                0x00000000000878e1                zps_vNwkBttMgrInit
                0x000000000008790f                ZPS_vNwkNibClearTables
 .text          0x0000000000087a30     0x10f6 C:\DOCUME~1\g\LOCALS~1\Temp\ccE0dlPK.ltrans5.ltrans.o
                0x0000000000087cec                zps_bAplZdoMatchDescServer
                0x0000000000087d00                zps_bAplZdoNodeDescServer
                0x0000000000087e6c                PDUM_eNPduAllocate
                0x0000000000087edb                zps_u8AplApsConstructAndPostLoopBackDataInd.63813
                0x0000000000088014                u8PostUnicastMsgToNHLE.63821
                0x000000000008804d                PDUM_eNPduClone
                0x0000000000088099                PDUM_eNPduFree
                0x0000000000088106                vPostVsMcpsDcfmInd.77113
                0x00000000000881ef                ZPS_vInterceptMcpsDataCallback
                0x0000000000088251                zps_vNwkMcpsMgrFreeReqDescr
                0x0000000000088283                zps_psAllocateAndFormatMacHdr
                0x00000000000883d6                zps_psNwkInitCmdFrame
                0x00000000000884a3                zps_vNwkRemoveConflictedBroadcast
                0x00000000000884f5                zps_vNwkMcpsMgrTidyBtrReqDescr
                0x0000000000088539                vNwkBttTimerExpiry.128159
                0x00000000000885bb                MAC_vHandleMcpsVsReqRsp
                0x00000000000888cc                hZCL_AllocateAPduInstance
                0x0000000000088908                eZCL_TransmitInterPanRequest.constprop.34
                0x00000000000889c3                vSendScanResponse.7696.constprop.30
 .text.unlikely
                0x0000000000088b26      0x10f C:\DOCUME~1\g\LOCALS~1\Temp\ccE0dlPK.ltrans5.ltrans.o
                0x0000000000088b26                vHandleDeviceInfoRequest.7715
 .text          0x0000000000088c35      0xdaf C:\DOCUME~1\g\LOCALS~1\Temp\ccE0dlPK.ltrans6.ltrans.o
                0x0000000000088c35                eBeaconReqSent.137440
                0x0000000000088c5c                zps_bAplZdoIeeeAddrServer
                0x0000000000088db2                zps_bAplZdoNwkAddrServer
                0x0000000000088f33                vPDM_AddFileSystemElementToListInAscendingWearCountOrder
                0x0000000000089041                vPDM_MoveAllDataFromListToList
                0x000000000008907f                vPDM_MoveAllDataToDeAllocList
                0x00000000000890a7                vPDM_MoveAllDataWithBufferIdFromListToList
                0x000000000008912c                vPDM_DeleteAllSegmentsWithIdFromFileSystemList.constprop.97
                0x000000000008916e                vPDM_MoveFileRecordFromListToList
                0x0000000000089191                vPDM_MoveRecordToDeAllocList
                0x00000000000891b1                vPDM_DeleteAppendedSequence
                0x0000000000089256                iPDM_WriteSegmentHeaderAndData
                0x0000000000089452                iPDM_SegmentCopyAndAppendData.constprop.121
                0x00000000000894af                eMakeEntryInBindingTable.65249
                0x0000000000089559                vMiniMac_McpsCallback
                0x0000000000089785                eMcpsTxCompleteHandler.136293
                0x00000000000897b3                ZPS_bSecEncrypt
                0x0000000000089969                vSendIdentifyRequest.isra.2.7869
                0x00000000000899aa                vSendDeviceInfoReq.7461
 .text.unlikely
                0x00000000000899e4      0x1e0 C:\DOCUME~1\g\LOCALS~1\Temp\ccE0dlPK.ltrans6.ltrans.o
                0x00000000000899e4                vSendRouterJoinRequest.isra.5.7881.constprop.19
 .text          0x0000000000089bc4     0x122a C:\DOCUME~1\g\LOCALS~1\Temp\ccE0dlPK.ltrans7.ltrans.o
                0x0000000000089bc4                vIncrementFrameCounterInPdm.isra.0.124325
                0x0000000000089da3                vProcessListsForSubmission.123075
                0x000000000008a096                zps_vNwkMcpsMgrPost
                0x000000000008a0ba                zps_psSendFrm.constprop.67
                0x000000000008a2bf                ZPS_vNwkHandleNldeReqRsp
                0x000000000008a4b1                zps_psNwkSendRejoinReqCmd.constprop.9
                0x000000000008a513                zps_u8NwkHandleRejoinReq
                0x000000000008a5dc                zps_vProcessLocalAddrConflict.part.0.122134
                0x000000000008a616                vContinueRejoin.131692
                0x000000000008a739                zps_vNwkHandleCmeLeaveReq
                0x000000000008a7a1                zps_eNwkHandleSceLeave
                0x000000000008a927                zps_psSendNetworkStatusCmd
                0x000000000008a99f                zps_eDefaultDataDcfm
                0x000000000008ab41                vSendNetworkReport.122121
                0x000000000008ac1b                zps_eNwkHandleSdeActvDcfmData
                0x000000000008ad02                vMcpsMgrTimeoutExpiry
                0x000000000008ad71                PDM_vDeleteAllDataRecords
 .text          0x000000000008adee     0x1329 C:\DOCUME~1\g\LOCALS~1\Temp\ccE0dlPK.ltrans8.ltrans.o
                0x000000000008adee                DBG_vUartFlush
                0x000000000008ae1b                DBG_vUartPutch
                0x000000000008ae61                psGetTxFrameBuffer
                0x000000000008aea0                vRadioToOff
                0x000000000008aebd                vStartReceive
                0x000000000008aed9                vMiniMac_NextTransaction
                0x000000000008af43                eTransmit
                0x000000000008b05d                vMiniMac_TxComplete
                0x000000000008b296                vTimerFired
                0x000000000008b34e                vMiniMac_Init
                0x000000000008b6af                vDispatch.57971
                0x000000000008b781                OS_eContinueSWTimer.constprop.41
                0x000000000008b87a                OS_eStopSWTimer
                0x000000000008b99d                vStopAllTimers
                0x000000000008b9cf                OS_eStartSWTimer
                0x000000000008baf0                vStartPolling
                0x000000000008bb5f                vEndCommissioning.isra.0.7856
                0x000000000008bbcc                OS_ePostMessage
                0x000000000008bd79                eTouchProcess
                0x000000000008bed0                os_vAPP_isrKeyScan
                0x000000000008bede                os_vAPP_CommissionTimerTask
                0x000000000008bef4                OS_eExitCriticalSection
                0x000000000008bfd9                OS_eActivateTask
                0x000000000008c074                vPostMlmeDcfmInd.77106
 .text          0x000000000008c117      0xefc C:\DOCUME~1\g\LOCALS~1\Temp\ccE0dlPK.ltrans9.ltrans.o
                0x000000000008c14d                os_vAPP_cbDisableTickTimer
                0x000000000008c191                os_vAPP_cbEnableTickTimer
                0x000000000008c211                vRetryCcaFailure
                0x000000000008c265                eOrphanNotificationSent.137436
                0x000000000008c2ae                DBG_vUartInitHardware
                0x000000000008c3eb                eCLD_OnOffCommandHandler
                0x000000000008c408                eCLD_BasicCommandHandler
                0x000000000008c434                dbg_vPrintfImplNoneVerbose
                0x000000000008c8bb                eZCL_SearchForClusterEntry
                0x000000000008c959                eZCL_BuildTransmitAddressStructure
                0x000000000008c9cb                APP_vSetLeds
                0x000000000008ca1c                pwrm_PreSleep.3348
                0x000000000008cada                vHandleIdentifyRequest
                0x000000000008cb16                os_vAPP_ID_Task
                0x000000000008cb60                os_vApp_cbBlinkLed
                0x000000000008cb65                ZPS_bSecDecrypt
                0x000000000008cc77                boPDM_IsBitmapSaturated.116844
                0x000000000008ccc0                vTouchInitHardware.3596
                0x000000000008cd2b                MAC_u64GetExtAddr
                0x000000000008cd46                ZPS_u64NwkNibFindExtAddr
                0x000000000008cdf1                ZPS_u16NwkNibFindNwkAddr
                0x000000000008ce97                iPDM_SearchForBufferIdInList
                0x000000000008cecc                iPDM_SearchForBufferIdInFileSystem
                0x000000000008cedf                iPDM_ReadUserDataFromSegmentWithId
                0x000000000008cf14                iPDM_SearchForSpecificSegmentInList
                0x000000000008cf46                psGetAndBuildCoordRealignment
                0x000000000008cf9e                eBuildAndSend.137444
 .text          0x000000000008d013     0x12b9 C:\DOCUME~1\g\LOCALS~1\Temp\ccE0dlPK.ltrans10.ltrans.o
                0x000000000008d187                iPDM_VerifyDataSequenceWithBufferId
                0x000000000008d229                vSetGroupAddress.constprop.43
                0x000000000008d277                bAplZdoBindUnbindServerProcessApdu
                0x000000000008d586                zps_eAplAibSetApsUseExtendedPanId
                0x000000000008d59c                zps_eAplAibSetApsChannelMask
                0x000000000008d5af                zps_bNwkFindAddIeeeAddr
                0x000000000008d72d                zps_psFindKeyDescr
                0x000000000008d861                zps_eAplSecEncryptPacket
                0x000000000008d950                ZPS_bNwkNibAddrMapAddEntry
                0x000000000008db17                zps_sNwkNibNtCheckJoin
                0x000000000008dd9d                zps_vNwkHandleCmeDirectJoinReq
                0x000000000008de17                zps_vJoinInitNtParent
                0x000000000008df6d                zps_vCheckActvNtForDuplicate
                0x000000000008e005                eSmeOrphScanDcfm.132888
                0x000000000008e07d                eCheckAddrConflict.isra.3.122331
                0x000000000008e113                zps_vSaveAllZpsRecords
                0x000000000008e133                vFactoryResetRecords
                0x000000000008e24f                vAplSecRemoveLinkKey.70361
 .text          0x000000000008e2cc      0xeed C:\DOCUME~1\g\LOCALS~1\Temp\ccE0dlPK.ltrans11.ltrans.o
                0x000000000008e2cc                vPDM_MoveAllDataWithBufferIdAndStateFromListToList
                0x000000000008e357                iPDM_ReconstructReplacedDataTable
                0x000000000008e5d6                PDM_eSaveRecordData
                0x000000000008ea0b                zps_vAplSaveRecord
                0x000000000008eabb                ZPS_vNwkSaveRecord
                0x000000000008eae7                ZPS_vRemoveEntryFromAddressMap
                0x000000000008eb30                ZPS_vNwkSaveAllRecords
                0x000000000008eb47                ZPS_vNwkNibSetNwkAddr
                0x000000000008eb64                zps_eNwkHandleSceRejnResponse
                0x000000000008ebc1                ZPS_vNwkNibSetExtPanId
                0x000000000008ebe6                vFinish.132878
                0x000000000008ec2e                ZPS_vNwkNibSetKeySeqNum
                0x000000000008ec41                ZPS_vNwkNibSetDepth
                0x000000000008ec6a                ZPS_vNwkNibSetUpdateId
                0x000000000008ec78                ZPS_vNwkNibSetPanId
                0x000000000008ec95                vHandleNwkRemoteUpdateAfterBcast.122125
                0x000000000008ed04                ZPS_vNwkNibSetCapabilityInfo
                0x000000000008ed31                ZPS_vNwkNibSetChannel
                0x000000000008ed49                ZPS_vNwkSaveNt
                0x000000000008ed5d                ZPS_vNwkPurgeMacAddressAndRelatedEntries
                0x000000000008ee63                ZPS_vNtSetUsedStatus
                0x000000000008ef0a                zps_eNwkHandleSmeCommStatusInd
                0x000000000008f04a                eUnsolicitedRejoinRspDataDcfm.122129
                0x000000000008f075                eRejoinRspDataDcfm.131696
                0x000000000008f144                ZPS_vNwkSaveSecMat
                0x000000000008f158                vPDM_ImageBitmapRepair.115867
 .text          0x000000000008f1b9     0x1254 C:\DOCUME~1\g\LOCALS~1\Temp\ccE0dlPK.ltrans12.ltrans.o
                0x000000000008f1b9                vPdmEventHandlerCallback.3332
                0x000000000008f1c8                vOSError.3340
                0x000000000008f21f                OS_eEnterCriticalSection
                0x000000000008f2e7                PDUM_hAPduAllocateAPduInstance
                0x000000000008f35b                zps_eAplZdoSendZdpResponse
                0x000000000008f3a4                bSendResponse.91622
                0x000000000008f3e7                PDUM_eAPduFreeAPduInstance
                0x000000000008f46a                zps_bAplZdoSimpleDescServer
                0x000000000008f6cb                zps_bAplZdoPowerDescServer
                0x000000000008f7e8                zps_bAplZdoActiveEpServer
                0x000000000008f8d1                zps_bAplZdoSystemServerDiscoveryServer
                0x000000000008f95a                zps_bAplZdoMgmtLqiServer
                0x000000000008fb86                PDM_eReadDataFromRecord
                0x000000000008fc08                vLoadAplRecord.70295
                0x000000000008fc6e                ZPS_pvNwkCtor.part.0.121167
                0x000000000008ff3a                ZPS_eTsvStart
                0x000000000008ff95                zps_eAplZdoBdrmRequestSend
                0x0000000000090010                zps_eNwkHandleSceNwkUpdate
                0x0000000000090034                vProcessTimedList.122989
                0x000000000009007a                zps_vAplAfPostTimerEvent
                0x00000000000900c9                zps_vNwkJoinStStartResponseTimer
                0x0000000000090102                ZPS_eTsvStop
                0x0000000000090156                zps_eNwkBtrMatch
                0x00000000000901e3                zps_vAplApsStopPollTimer.part.2.63702
                0x000000000009026a                vConfigureScanTimer
                0x00000000000902b6                vWakeCallBack.4925
                0x00000000000902d8                eZCL_SetReceiveEventAddressStructure
                0x0000000000090357                eCLD_ColourControlCommandHandler
                0x00000000000903b5                DBG_vDumpStack
                0x00000000000903f7                vUnclaimedInterrupt.3338
 *fill*         0x000000000009040d        0x3 00
 .text          0x0000000000090410     0x10bc C:\DOCUME~1\g\LOCALS~1\Temp\ccE0dlPK.ltrans13.ltrans.o
                0x0000000000090517                zps_eAplSendApsmeCmdFrame
                0x0000000000090867                vPostNldeDcfmInd.61226
                0x0000000000091387                zps_eAplApsmeUpdateDeviceReqRsp.part.4.65360
 .text          0x00000000000914cc      0xf1f C:\DOCUME~1\g\LOCALS~1\Temp\ccE0dlPK.ltrans14.ltrans.o
                0x00000000000914cc                zps_bAplZdoBindUnbindServer
                0x00000000000915d8                zps_eZdpSimpleDescResponse
                0x00000000000916e5                zps_eZdpNodeDescResponse
                0x000000000009178d                zps_eZdpActiveEpResponse
                0x0000000000091823                zps_eZdpMatchDescResponse
                0x00000000000918b9                zps_eZdpSystemServerDiscoveryResponse
                0x0000000000091928                zps_eAplZdpMgmtLqiResponse
                0x0000000000091a10                zps_eZdpPowerDescResponse
                0x0000000000091b5f                zps_eZdpNwkAddrResponse
                0x0000000000091c42                zps_eZdpIeeeAddrResponse
                0x0000000000091d25                zps_bAplZdoMgmtNWKUpdateServer
                0x0000000000092195                zps_bAplZdoZdoClient
                0x00000000000922a5                zps_eAplAfBoundDataReqNonBlocking
 .text          0x00000000000923eb      0xfe9 C:\DOCUME~1\g\LOCALS~1\Temp\ccE0dlPK.ltrans15.ltrans.o
                0x00000000000923eb                zps_eNwkHandleSmeAssocInd
                0x00000000000926fe                zps_eNwkHandleSceNwkStatus
                0x0000000000092817                eTryNextParent
                0x0000000000092953                vCheckSleepingSendPoll.part.1.132990
                0x00000000000929bd                vSdeHandleMcpsDataInd.123055
                0x00000000000930ce                ZPS_vNwkNibCheckAndUpdateAddresses
                0x000000000009316a                zps_bAplZdoDeviceAnnceServer
 .text          0x00000000000933d4      0xda8 C:\DOCUME~1\g\LOCALS~1\Temp\ccE0dlPK.ltrans16.ltrans.o
                0x00000000000933d4                vAplSecAuthPollTimerExpiry.70245
                0x000000000009342c                vAplSecAuthTimerExpiry.70249
                0x00000000000934fc                vHandleApsInterPanDcfmData
                0x00000000000936de                vPostApsdeDcfmInd.61219
                0x00000000000938e7                zps_vHandleApsdeDataFragIndNotSupported
                0x0000000000093950                eDiscoverNetworks.70315
                0x00000000000939ac                eStartNetworkDiscovery.70322
                0x0000000000093a39                eStartRouter.70332
                0x0000000000093b08                vPostApsmeDcfmInd.61212
                0x0000000000093f67                zps_eAplZdoPoll
                0x0000000000093fd3                pwrm_Wakeup.3344
 .text          0x000000000009417c      0xbac C:\DOCUME~1\g\LOCALS~1\Temp\ccE0dlPK.ltrans17.ltrans.o
                0x000000000009417c                os_vZCL_Task
 .text          0x0000000000094d28      0xcc4 C:\DOCUME~1\g\LOCALS~1\Temp\ccE0dlPK.ltrans18.ltrans.o
                0x0000000000094d28                os_vzps_taskZPS
                0x0000000000094f51                vBbcIntHandler.136091
                0x0000000000095209                os_vzps_isrMAC
                0x0000000000095248                eAssocRespSent.137001
                0x0000000000095267                zps_vNwkHandleCmeSyncReq
                0x00000000000952e9                zps_vNwkHandleCmeNwkDiscReq
                0x0000000000095363                zps_vNwkHandleCmeEdScanReq
                0x00000000000954f8                zps_vNwkHandleCmeNwkJoinReq
                0x00000000000957b5                zps_vNwkHandleCmeNwkActvJoinReq
                0x00000000000957c1                vHandleRejoinExpiry.132442
                0x000000000009581f                zps_eRejoinDataDcfm
 .text          0x00000000000959ec      0xd84 C:\DOCUME~1\g\LOCALS~1\Temp\ccE0dlPK.ltrans19.ltrans.o
                0x0000000000095b13                os_vAPP_ZLL_Remote_Task
 .text          0x0000000000096770      0xe68 C:\DOCUME~1\g\LOCALS~1\Temp\ccE0dlPK.ltrans20.ltrans.o
                0x0000000000096d47                eCLD_ZllCommissionCommandHandler
                0x0000000000097144                vZCL_HandleAttributesWriteRequest
 .text          0x00000000000975d8      0xabc C:\DOCUME~1\g\LOCALS~1\Temp\ccE0dlPK.ltrans21.ltrans.o
                0x00000000000976b9                eZCL_TransmitDataRequest
                0x0000000000097a39                eZCL_SendDefaultResponse
                0x0000000000097b38                eZCL_CustomCommandReceive
                0x0000000000097ca6                eCLD_GroupsCommandHandler
                0x0000000000097dd6                eCLD_IdentifyCommandHandler
                0x0000000000097e6f                eCLD_ScenesCommandHandler
 .text          0x0000000000098094      0xfa4 C:\DOCUME~1\g\LOCALS~1\Temp\ccE0dlPK.ltrans22.ltrans.o
                0x0000000000098094                os_bDummyMemberCheck.57981
                0x0000000000098099                os_vDefaultErrorHook.57977
                0x000000000009809c                eCLD_LevelControlCommandHandler
                0x00000000000980a1                APP_ZCL_cbGeneralCallback.7070
                0x00000000000980a4                bAllowInterPanEp.4619
                0x00000000000980b4                vOverideProfileId.4622
                0x00000000000980c1                os_bStrictCheck.1358
                0x00000000000983db                PDUM_thAPduInstanceGetApdu
                0x00000000000983f6                PDUM_eAPduInstanceSetPayloadSize
                0x000000000009841e                PDUM_eNPduWriteDataFromBuffer
                0x0000000000098478                PDUM_eNPduWriteDataToBuffer
                0x00000000000984d6                PDUM_eNPduWriteFromBuffer
                0x00000000000984ff                PDUM_eNPduDescend
                0x0000000000098525                PDUM_eNPduAscend
                0x000000000009854b                PDUM_eNPduClaimData
                0x00000000000985b8                PDUM_eNPduClaimHeader
                0x00000000000985db                PDUM_eNPduInitDescending
                0x00000000000985f6                eExpireSWTimer.57990
                0x0000000000098661                vEnterErrorHook.57973
                0x0000000000098688                OS_eCollectMessage
                0x000000000009874d                eZCL_GetAttributeTypeSize
                0x000000000009876c                vZCL_MarkAttributeInvalid
                0x000000000009883b                eZCL_CheckEPstructureIntegrity.37997
                0x0000000000098a23                u8ZCL_GetAttributeAllignToFourBytesBoundary
                0x0000000000098a38                pvZCL_GetAttributePointer
                0x0000000000098aae                u16ZCL_GetStringStructureSize
                0x0000000000098aeb                u16ZCL_GetStringAttributeTypeSizeFromBuffer
                0x0000000000098b5c                u16ZCL_GetStringSizeAndBufferFromStructure
                0x0000000000098beb                vZCL_GetInternalMutex
                0x0000000000098c14                eZCL_GetMutex
                0x0000000000098c4c                vZCL_InitializeClusterInstance
                0x0000000000098c61                vZCL_ReleaseInternalMutex
                0x0000000000098c7b                eZCL_SearchForAttributeEntry
                0x0000000000098d3b                eZCL_SearchForEPentry
                0x0000000000098d96                eZCL_SearchForEPentryAndCheckManufacturerId
                0x0000000000098dd4                vZCL_PassEventToUser
                0x0000000000098e01                u8GetTransactionSequenceNumber
                0x0000000000098e22                eZCL_ReleaseMutex
                0x0000000000098e51                eZCL_Register.part.1.38006
                0x0000000000098e7f                boDLISTisEmpty
                0x0000000000098e97                vWriteU64ToPayLoad.23686
                0x0000000000098ec4                vWriteU32ToPayLoad.23682
                0x0000000000098edc                vRecoverTempAddresses.7459
                0x0000000000098f0f                bAddToEndpointTable
                0x0000000000098fac                vSetAddress.5010
                0x0000000000098ff7                vResetSleepAndJoinCounters.4931
                0x0000000000099018                eGetKeyCode.3450
 .text.unlikely
                0x0000000000099038      0x16f C:\DOCUME~1\g\LOCALS~1\Temp\ccE0dlPK.ltrans22.ltrans.o
                0x0000000000099038                vSaveTempAddresses.7457
                0x000000000009906b                InvShiftRows
                0x00000000000990fe                InvSubBytes
                0x0000000000099144                AddRoundKey
                0x0000000000099185                getSBoxValue.6426
 *fill*         0x00000000000991a7        0x1 00
 .text          0x00000000000991a8      0xc7c C:\DOCUME~1\g\LOCALS~1\Temp\ccE0dlPK.ltrans23.ltrans.o
                0x000000000009931a                vPostNlmeDcfmInd.61205
                0x0000000000099a32                zps_eAplZdoRejoinNetwork
                0x0000000000099aad                os_vAPP_SleepAndPollTask
                0x0000000000099cc7                vDiscoverNetworks.5034
                0x0000000000099dab                vTryNwkJoin.5039
 .text          0x0000000000099e24      0xdd8 C:\DOCUME~1\g\LOCALS~1\Temp\ccE0dlPK.ltrans24.ltrans.o
                0x0000000000099fdc                vPollTimeout.137646
                0x000000000009a128                vSendMlmeCommStatusFromTxFrame
                0x000000000009a17e                MAC_vHandleMlmeVsReqRsp.constprop.148
                0x000000000009a6b7                vScanBeaconReceived
                0x000000000009a6f7                vRunningRxCallback
                0x000000000009a9f7                vPostDcfm.137455
                0x000000000009aa60                vScanNextChannel.137461
 .text          0x000000000009abfc      0xb21 C:\DOCUME~1\g\LOCALS~1\Temp\ccE0dlPK.ltrans25.ltrans.o
                0x000000000009aded                ZPS_vNwkHandleNlmeReqRsp
                0x000000000009ae67                zps_vAplAfPostEvent
                0x000000000009b230                vApsInterPanMcpsDataInd
                0x000000000009b3d7                zps_eAplZdoNlmeleaveWrapper
                0x000000000009b455                zps_bAplZdoMgmtLeaveServer
                0x000000000009b5d5                vChangeChannelTimerExpiry.92803
                0x000000000009b638                eLeaveReset.133865
                0x000000000009b6a3                eLeaveDataDcfmLocalLeave.133870
 *fill*         0x000000000009b71d        0x3 00
 .text          0x000000000009b720      0xb80 C:\DOCUME~1\g\LOCALS~1\Temp\ccE0dlPK.ltrans26.ltrans.o
                0x000000000009b911                eCLD_ZllUtilityCommandHandler
                0x000000000009bb4f                APP_ZCL_cbEndpointCallback.7067
                0x000000000009bcce                os_vAPP_AddGroupTask
                0x000000000009bd92                vAppGotoHueAndSat
                0x000000000009bea0                vAppEnhancedMoveHue
                0x000000000009bf10                vAppMoveSaturation
                0x000000000009bf7f                vAppRecallSceneById
                0x000000000009bfec                vAppStoreSceneById
                0x000000000009c059                vAppOnOff
                0x000000000009c17f                vAppLevelStop
                0x000000000009c1be                vAppLevelMove
                0x000000000009c237                vAppIdentifyEffect
 .text          0x000000000009c2a0      0x8d0 C:\DOCUME~1\g\LOCALS~1\Temp\ccE0dlPK.ltrans27.ltrans.o
                0x000000000009c2a0                vMcpsMgrExpiry.122977
                0x000000000009c2c9                vHandleZllDeviceJoin
                0x000000000009c416                vMiniMac_MlmeCallback
                0x000000000009c71a                vMiniMacPoll_CheckPollResponse
                0x000000000009c775                ePollReqSent.137648
                0x000000000009c7c0                ZPS_vNwkResetOutgoingFrameCounter
                0x000000000009c814                eUnfragmentedUnicastTransmission.63796
 .text          0x000000000009cb70      0x7b7 C:\DOCUME~1\g\LOCALS~1\Temp\ccE0dlPK.ltrans28.ltrans.o
                0x000000000009cb70                ZPS_vAplHandleApsdeReqRsp
                0x000000000009cf99                zps_eAplZdpApsdeReqInternal
                0x000000000009d008                zps_bAplZdoDefaultServer
                0x000000000009d2c4                zps_eAplZdpBindResponse
                0x000000000009d2e5                zps_eZdpUnbindResponse
                0x000000000009d306                zps_eZdpMgmtLeaveResponse
 .text          0x000000000009d327      0x4e8 C:\DOCUME~1\g\LOCALS~1\Temp\ccE0dlPK.ltrans29.ltrans.o
                0x000000000009d327                AppWarmStart
                0x000000000009d341                AppColdStart
                0x000000000009d5e9                os_vUnclaimedInterrupt
                0x000000000009d5fb                os_vControlledIntCheck
                0x000000000009d640                os_vControlledInterrupt
                0x000000000009d679                os_vAPP_isrSystemController
                0x000000000009d6ba                os_vAPP_isrIllegalInstruction
                0x000000000009d6cd                os_vAPP_isrAlignmentException
                0x000000000009d6e0                os_vAPP_isrBusErrorException
                0x000000000009d6f6                os_vAPP_isrUnimplementedModuleException
                0x000000000009d70c                os_vAPP_isrStackOverflowException
                0x000000000009d71f                os_vAPP_isrTickTimer
 .text          0x000000000009d80f      0x41d C:\DOCUME~1\g\LOCALS~1\Temp\ccE0dlPK.ltrans30.ltrans.o
                0x000000000009d80f                eZCL_CustomCommandSend.constprop.56
                0x000000000009da8b                vSelectLight
 .text          0x000000000009dc2c      0x2f3 C:\DOCUME~1\g\LOCALS~1\Temp\ccE0dlPK.ltrans31.ltrans.o
                0x000000000009dc2c                vStartScanTimerExpiry.92807
                0x000000000009dc68                zps_vAplApsPollTimer
                0x000000000009dcca                zps_eNwkSendJoinResponse
                0x000000000009de5c                zps_vProcessChildAddrConflict
 .text          0x000000000009df1f       0x25 c:/nxp/bstudio_nxp/sdk/tools/ba-elf-ba2-r36379/bin/../lib/gcc/ba-elf/4.7.4/../../../../ba-elf/lib/mcpu_jn51xx_sizeopt\libc.a(lib_a-memcmp.o)
                0x000000000009df1f                memcmp
 .text          0x000000000009df44       0x19 c:/nxp/bstudio_nxp/sdk/tools/ba-elf-ba2-r36379/bin/../lib/gcc/ba-elf/4.7.4/../../../../ba-elf/lib/mcpu_jn51xx_sizeopt\libc.a(lib_a-memcpy.o)
 .text          0x000000000009df5d       0x12 c:/nxp/bstudio_nxp/sdk/tools/ba-elf-ba2-r36379/bin/../lib/gcc/ba-elf/4.7.4/../../../../ba-elf/lib/mcpu_jn51xx_sizeopt\libc.a(lib_a-memset.o)
                0x000000000009df5d                memset
 *fill*         0x000000000009df6f        0x1 00
 .text          0x000000000009df70      0x204 c:/nxp/bstudio_nxp/sdk/tools/ba-elf-ba2-r36379/bin/../lib/gcc/ba-elf/4.7.4/mcpu_jn51xx_sizeopt\libgcc.a(__udivsi3.o)
                0x000000000009df70                __udivsi3
 .text          0x000000000009e174      0x1b0 c:/nxp/bstudio_nxp/sdk/tools/ba-elf-ba2-r36379/bin/../lib/gcc/ba-elf/4.7.4/mcpu_jn51xx_sizeopt\libgcc.a(__umodsi3.o)
                0x000000000009e174                __umodsi3
 .text          0x000000000009e324       0x24 c:/nxp/bstudio_nxp/sdk/tools/ba-elf-ba2-r36379/bin/../lib/gcc/ba-elf/4.7.4/mcpu_jn51xx_sizeopt\libgcc.a(__modsi3.o)
                0x000000000009e324                __modsi3
 .text          0x000000000009e348      0x350 c:/nxp/bstudio_nxp/sdk/tools/ba-elf-ba2-r36379/bin/../lib/gcc/ba-elf/4.7.4/mcpu_jn51xx_sizeopt\libgcc.a(_udivdi3.o)
                0x000000000009e348                __udivdi3
 *fill*         0x000000000009e698        0x0 00
 .text          0x000000000009e698      0x198 c:/NXP/bstudio_nxp/workspace/JN-AN-1171-ZigBee-LightLink-Demo/Controller_ColorSceneController/Build/os_irq.o
                0x000000000009e698                os_ExternalException_W
                0x000000000009e6dc                os_PIC_ChannelPriorities
                0x000000000009e6ec                os_OSMIUM_HwVectTable
                0x000000000009e728                os_PIC_SwVectTable
 .text          0x000000000009e830       0x29 c:/NXP/bstudio_nxp/workspace/JN-AN-1171-ZigBee-LightLink-Demo/Controller_ColorSceneController/Build/os_irq_alignment.o
                0x000000000009e830                IRQ_Alignment
 .text          0x000000000009e859       0x29 c:/NXP/bstudio_nxp/workspace/JN-AN-1171-ZigBee-LightLink-Demo/Controller_ColorSceneController/Build/os_irq_buserror.o
                0x000000000009e859                IRQ_BusError
 .text          0x000000000009e882       0x29 c:/NXP/bstudio_nxp/workspace/JN-AN-1171-ZigBee-LightLink-Demo/Controller_ColorSceneController/Build/os_irq_illegalinstruction.o
                0x000000000009e882                IRQ_IllegalInstruction
 .text          0x000000000009e8ab       0x29 c:/NXP/bstudio_nxp/workspace/JN-AN-1171-ZigBee-LightLink-Demo/Controller_ColorSceneController/Build/os_irq_stackoverflowexception.o
                0x000000000009e8ab                IRQ_StackOverflowException
 .text          0x000000000009e8d4       0x29 c:/NXP/bstudio_nxp/workspace/JN-AN-1171-ZigBee-LightLink-Demo/Controller_ColorSceneController/Build/os_irq_unimplementedmodule.o
                0x000000000009e8d4                IRQ_UnimplementedModule
 *fill*         0x000000000009e8fd        0x3 00
 .text          0x000000000009e900       0xc0 c:/NXP/bstudio_nxp/sdk/JN-SW-4168/Components/Library\libOS_JN516x.a(os_contirq_JN516x.o)
                0x000000000009e900                os_ExternalException_R
                0x000000000009e930                os_CFunc_W
                0x000000000009e980                os_UnclaimedException_W
                0x000000000009e9a0                os_UnclaimedInterrupt_W
 .text          0x000000000009e9c0       0x48 c:/NXP/bstudio_nxp/sdk/JN-SW-4168/Components/Library\libPWRM_JN516x.a(pwrm_setjmp_JN516x.o)
                0x000000000009e9c0                setjmp
                0x000000000009e9e4                PWRM_longjmp
 .text          0x000000000009ea08       0x27 c:/NXP/bstudio_nxp/sdk/JN-SW-4168/Components/Library\libHardwareApi_JN516x.a(AHI_Interrupt.o)
                0x000000000009ea08                vAHI_InterruptSetPriority
                0x000000000009ea26                vAHI_InterruptSetActivePriorityLevel
 .text.vMicroSyscall
                0x000000000009ea2f       0x17 c:/NXP/bstudio_nxp/sdk/JN-SW-4168/Components/Library\libMicroSpecific_JN516x.a(MicroSyscall_ba.o)
                0x000000000009ea2f                vMicroSyscall
 .text          0x000000000009ea46        0x0 c:/NXP/bstudio_nxp/sdk/JN-SW-4168/Components/Library\libOS_JN516x.a(os_version_lc.o)
                0x000000000009ea46                OS_Version_1v2
 .text          0x000000000009ea46        0x0 c:/NXP/bstudio_nxp/sdk/JN-SW-4168/Components/Library\libZPSAPL_JN516x.a(zps_apl_version_lc.o)
                0x000000000009ea46                ZPS_APL_Version_2v0
 .text          0x000000000009ea46        0x0 c:/NXP/bstudio_nxp/sdk/JN-SW-4168/Components/Library\libZPSNWK_ZED_JN516x.a(zps_nwk_version_lc.o)
                0x000000000009ea46                ZPS_NWK_Version_2v0
                0x000000000009ea46                _flash_end = ABSOLUTE (.)

.rela.dyn       0x000000000009ea48        0x0
 .rela.text     0x0000000000000000        0x0 c:/NXP/bstudio_nxp/workspace/JN-AN-1171-ZigBee-LightLink-Demo/Controller_ColorSceneController/Build/os_irq.o
 .rela.data     0x0000000000000000        0x0 c:/NXP/bstudio_nxp/workspace/JN-AN-1171-ZigBee-LightLink-Demo/Controller_ColorSceneController/Build/os_irq.o
 .rela.rodata   0x0000000000000000        0x0 c:/NXP/bstudio_nxp/workspace/JN-AN-1171-ZigBee-LightLink-Demo/Controller_ColorSceneController/Build/os_irq.o
 .rela.text.unlikely
                0x0000000000000000        0x0 c:/NXP/bstudio_nxp/workspace/JN-AN-1171-ZigBee-LightLink-Demo/Controller_ColorSceneController/Build/os_irq.o
                0x000000000400004c                . = ORIGIN (ram)

.data           0x000000000400004c      0x77c load address 0x000000000009ea48
                0x000000000400004c                _ram_data_start = ABSOLUTE (.)
 *(.data*)
 .data          0x000000000400004c       0x98 C:\DOCUME~1\g\LOCALS~1\Temp\ccE0dlPK.ltrans0.ltrans.o
                0x000000000400004c                u8MiniMacConfig_MaxConcurrentAssocResponses
                0x0000000004000050                psShadowRxBuffer
 .data          0x00000000040000e4       0x20 C:\DOCUME~1\g\LOCALS~1\Temp\ccE0dlPK.ltrans1.ltrans.o
                0x00000000040000e4                sCertKey.8025
                0x00000000040000f4                sMasterKey.8026
 .data          0x0000000004000104        0x4 C:\DOCUME~1\g\LOCALS~1\Temp\ccE0dlPK.ltrans2.ltrans.o
                0x0000000004000104                u32HeapStart
 .data          0x0000000004000108        0x4 C:\DOCUME~1\g\LOCALS~1\Temp\ccE0dlPK.ltrans5.ltrans.o
                0x0000000004000108                bCanLoopback.64042
 .data          0x000000000400010c        0x6 C:\DOCUME~1\g\LOCALS~1\Temp\ccE0dlPK.ltrans6.ltrans.o
 .data          0x0000000004000112        0x1 C:\DOCUME~1\g\LOCALS~1\Temp\ccE0dlPK.ltrans9.ltrans.o
 .data          0x0000000004000113        0x1 C:\DOCUME~1\g\LOCALS~1\Temp\ccE0dlPK.ltrans18.ltrans.o
 *fill*         0x0000000004000114        0x4 00
 .data          0x0000000004000118       0x30 C:\DOCUME~1\g\LOCALS~1\Temp\ccE0dlPK.ltrans19.ltrans.o
                0x0000000004000118                sDeviceTable
                0x0000000004000130                bAddrMode.6110
                0x0000000004000131                u8DeepSleepTime.6107
                0x0000000004000132                u8RejoinAttemptsRemaining.6109
                0x0000000004000133                u8KeepAliveTime.6106
                0x0000000004000134                sZllState
 .data          0x0000000004000148       0xc8 C:\DOCUME~1\g\LOCALS~1\Temp\ccE0dlPK.ltrans22.ltrans.o
                0x0000000004000148                s_asapduZCLInstances
                0x00000000040001a8                s_asapduZDPInstances
 .data          0x0000000004000210      0x5a0 C:\DOCUME~1\g\LOCALS~1\Temp\ccE0dlPK.ltrans29.ltrans.o
                0x0000000004000210                s_keyPairTableStorage.3107
                0x0000000004000270                os_SWTimer_APP_cntrTickTimer_APP_LedBlinkTimer
                0x000000000400028c                os_Mutex_mutexMAC
                0x0000000004000294                os_Mutex_mutexZPS
                0x000000000400029c                s_sApl.3064
                0x00000000040003ec                os_SWTimer_APP_cntrTickTimer_APP_AddGroupTimer
                0x0000000004000408                os_SWTimer_APP_cntrTickTimer_APP_IdTimer
                0x0000000004000424                os_Message_APP_msgZpsEvents_ZCL
                0x0000000004000448                os_SWTimer_APP_cntrTickTimer_APP_CommissionTimer
                0x0000000004000464                os_Message_APP_msgZpsEvents
                0x0000000004000488                os_Message_APP_msgEvents
                0x00000000040004ac                os_Message_APP_CommissionEvents
                0x00000000040004d0                os_Message_zps_msgMlmeDcfmInd
                0x00000000040004f4                os_Message_zps_msgTimeEvents
                0x0000000004000518                os_Message_zps_msgMcpsDcfmInd
                0x000000000400053c                os_Message_zps_msgMcpsDcfm
                0x0000000004000560                os_SWTimer_APP_cntrTickTimer_APP_PollTimer
                0x000000000400057c                os_Task_APP_AddGroupTask
                0x0000000004000588                os_Task_ZCL_Task
                0x0000000004000594                os_Task_APP_CommissionTimerTask
                0x00000000040005a0                os_Task_APP_ZLL_Remote_Task
                0x00000000040005ac                os_Task_APP_Commission_Task
                0x00000000040005b8                os_Task_zps_taskZPS
                0x00000000040005c4                os_Task_APP_SleepAndPollTask
                0x00000000040005d0                u8AhiBaudRate.117407
                0x00000000040005d4                s_prbMemberCheck.58097
                0x00000000040005d8                s_prvErrorHook.58095
 .data.s_asAPduPool
                0x00000000040007b0       0x18 c:/NXP/bstudio_nxp/workspace/JN-AN-1171-ZigBee-LightLink-Demo/Controller_ColorSceneController/Build/pdum_apdu.o
                0x00000000040007b0                pdum_apduZDP
                0x00000000040007b0                s_asAPduPool
                0x00000000040007bc                pdum_apduZCL
 *(.data.*)
                0x00000000040007c8                . = ALIGN (0x4)
                0x00000000040007c8                _ram_data_end = ABSOLUTE (.)

.bss            0x00000000040007c8     0x389c load address 0x000000000009f1c4
                0x00000000040007c8                _bss_start = ABSOLUTE (.)
 *(.bss*)
 .bss           0x00000000040007c8     0x1120 C:\DOCUME~1\g\LOCALS~1\Temp\ccE0dlPK.ltrans0.ltrans.o
                0x00000000040007c8                gu16NumberOfSegments.139981
                0x00000000040007cc                psPDM_Common
                0x00000000040007d0                u8MaxNpdu.58378
                0x00000000040007d1                u8Count.58377
                0x00000000040007d4                s_psNPduPoolEnd.58380
                0x00000000040007d8                s_psNPduPoolStart.58379
                0x00000000040007dc                s_psFreeListHead.58376
                0x00000000040007e0                s_hMutex.58375
                0x00000000040007e4                s_hMutex.58495
                0x00000000040007e8                s_asAPduPool.58494
                0x00000000040007ec                au32BaseCapacitances.3617
                0x000000000400082c                u32BaseMeasureSamples.3625
                0x0000000004000830                psAplDefaultZLLAPSLinkKey
                0x0000000004000834                s_u32x.115061
                0x0000000004000838                pfOptionsFilterCallback
                0x000000000400083c                pfnHandleZllDeviceJoin
                0x0000000004000840                s_prExpireFn.140975
                0x0000000004000844                s_hMutex.140974
                0x0000000004000848                pvRxStore
                0x000000000400084c                pvTxStore
                0x0000000004000850                g_pvAplHandle
                0x0000000004000854                s_hMacMutex
                0x0000000004000858                s_sDcfmIndMgr.140739
                0x0000000004000860                prAppMlmeGetBuffer
                0x0000000004000864                prAppMlmeCallback
                0x0000000004000868                psFreeMsgListHead
                0x000000000400086c                psActiveMsgListHead
                0x0000000004000870                u8MiniMac_RunTimeOptions
                0x0000000004000871                gZpsSetByProfile.61183
                0x0000000004000874                pfAllowInterPanToEp
                0x0000000004000878                sReversedMacAddr.138327
                0x0000000004000880                sThisDeviceMacAddr
                0x0000000004000888                sCommission
 .bss           0x00000000040018e8      0x1e8 C:\DOCUME~1\g\LOCALS~1\Temp\ccE0dlPK.ltrans1.ltrans.o
                0x00000000040018e8                state
                0x00000000040018f8                RoundKey
                0x00000000040019e8                sTarget
                0x00000000040019f8                sDstAddr
                0x0000000004001a08                sScanTarget
 .bss           0x0000000004001ad0        0x8 C:\DOCUME~1\g\LOCALS~1\Temp\ccE0dlPK.ltrans2.ltrans.o
 .bss           0x0000000004001ad8       0x40 C:\DOCUME~1\g\LOCALS~1\Temp\ccE0dlPK.ltrans3.ltrans.o
 .bss           0x0000000004001b18      0x290 C:\DOCUME~1\g\LOCALS~1\Temp\ccE0dlPK.ltrans4.ltrans.o
 .bss           0x0000000004001da8       0x34 C:\DOCUME~1\g\LOCALS~1\Temp\ccE0dlPK.ltrans5.ltrans.o
 .bss           0x0000000004001ddc        0x3 C:\DOCUME~1\g\LOCALS~1\Temp\ccE0dlPK.ltrans6.ltrans.o
                0x0000000004001ddc                bIgnoreBroadcast
 *fill*         0x0000000004001ddf        0x1 00
 .bss           0x0000000004001de0       0x20 C:\DOCUME~1\g\LOCALS~1\Temp\ccE0dlPK.ltrans8.ltrans.o
                0x0000000004001de0                eMMacModuleType
                0x0000000004001de4                prIntHandler.138694
                0x0000000004001de8                psTimerServerList
 .bss.initinboot
                0x0000000004001e00        0x1 C:\DOCUME~1\g\LOCALS~1\Temp\ccE0dlPK.ltrans8.ltrans.o
 *fill*         0x0000000004001e01        0x3 00
 .bss           0x0000000004001e04       0x18 C:\DOCUME~1\g\LOCALS~1\Temp\ccE0dlPK.ltrans9.ltrans.o
                0x0000000004001e04                sStoredMacData.136223
                0x0000000004001e08                vFlushFn.117351
                0x0000000004001e0c                vPutchFn.117346
 .bss           0x0000000004001e1c        0x1 C:\DOCUME~1\g\LOCALS~1\Temp\ccE0dlPK.ltrans10.ltrans.o
 *fill*         0x0000000004001e1d        0x3 00
 .bss           0x0000000004001e20       0x30 C:\DOCUME~1\g\LOCALS~1\Temp\ccE0dlPK.ltrans11.ltrans.o
                0x0000000004001e20                a16NwkPdmRecordSizes
                0x0000000004001e2c                apvAplPdmRecordsAddress
                0x0000000004001e44                au16AplPdmRecordsSize
 .bss           0x0000000004001e50       0x14 C:\DOCUME~1\g\LOCALS~1\Temp\ccE0dlPK.ltrans12.ltrans.o
                0x0000000004001e50                au16TimerSettings.139290
                0x0000000004001e5c                s_psCurrentTask.58091
 *fill*         0x0000000004001e64        0x4 00
 .bss           0x0000000004001e68       0x48 C:\DOCUME~1\g\LOCALS~1\Temp\ccE0dlPK.ltrans13.ltrans.o
 .bss           0x0000000004001eb0        0xc C:\DOCUME~1\g\LOCALS~1\Temp\ccE0dlPK.ltrans14.ltrans.o
                0x0000000004001eb0                bDefaultServerIgnoreHandleMgmtUpdate
                0x0000000004001eb4                bBindLookup
 .bss           0x0000000004001ebc        0x4 C:\DOCUME~1\g\LOCALS~1\Temp\ccE0dlPK.ltrans15.ltrans.o
 .bss           0x0000000004001ec0       0x18 C:\DOCUME~1\g\LOCALS~1\Temp\ccE0dlPK.ltrans17.ltrans.o
                0x0000000004001ec0                zps_psNwk
 .bss           0x0000000004001ed8       0xa0 C:\DOCUME~1\g\LOCALS~1\Temp\ccE0dlPK.ltrans18.ltrans.o
                0x0000000004001ed8                sMiniMacPhyPib
                0x0000000004001edc                aprTimerCallback
                0x0000000004001efc                au32TimerCounter
                0x0000000004001f1c                sMiniMacInternal
                0x0000000004001f48                s_psVsMcpsDcfmInd.78412
                0x0000000004001f4c                s_psMacDcfmInd.78411
                0x0000000004001f50                u32DataQueueCount
 .bss           0x0000000004001f78      0x188 C:\DOCUME~1\g\LOCALS~1\Temp\ccE0dlPK.ltrans19.ltrans.o
                0x0000000004001f78                sMiniMacPib
                0x0000000004002014                u8ChanIdx
                0x0000000004002015                bAddGroupToAll
                0x0000000004002016                u8AddGroupToIndex
                0x0000000004002018                sEndpointTable
                0x00000000040020d0                psNwkDescTbl
                0x00000000040020d4                u8NwkCount
                0x00000000040020d5                u8NwkIdx
                0x00000000040020d8                u32OldFrameCtr
                0x00000000040020dc                u8GroupId.6126
                0x00000000040020e0                sGroupTable