Archive member included because of file (symbol)

c:/NXP/bstudio_nxp/sdk/JN-SW-4168/Components/Library\libOS_JN516x.a(os.o)
                              c:/NXP/bstudio_nxp/workspace/JN-AN-1171-ZigBee-LightLink-Demo/Light_OnOffLight/Build/os_gen.o (symbol from plugin) (os_vStart)
c:/NXP/bstudio_nxp/sdk/JN-SW-4168/Components/Library\libOS_JN516x.a(os_contirq_JN516x.o)
                              c:/NXP/bstudio_nxp/workspace/JN-AN-1171-ZigBee-LightLink-Demo/Light_OnOffLight/Build/os_irq.o (os_UnclaimedException_W)
c:/NXP/bstudio_nxp/sdk/JN-SW-4168/Components/Library\libPWRM_JN516x.a(pwrm.o)
                              c:/NXP/bstudio_nxp/workspace/JN-AN-1171-ZigBee-LightLink-Demo/Light_OnOffLight/Build/app_start_light.o (symbol from plugin) (PWRM_vInit)
c:/NXP/bstudio_nxp/sdk/JN-SW-4168/Components/Library\libPWRM_JN516x.a(pwrm_setjmp_JN516x.o)
                              pwrm.o (symbol from plugin) (setjmp)
c:/NXP/bstudio_nxp/sdk/JN-SW-4168/Components/Library\libPWRM_JN516x.a(pwrm_cold_start.o)
                              (AppColdStart)
c:/NXP/bstudio_nxp/sdk/JN-SW-4168/Components/Library\libPWRM_JN516x.a(pwrm_warm_start.o)
                              (AppWarmStart)
c:/NXP/bstudio_nxp/sdk/JN-SW-4168/Components/Library\libPDUM_JN516x.a(pdum_nwk.o)
                              c:/NXP/bstudio_nxp/workspace/JN-AN-1171-ZigBee-LightLink-Demo/Light_OnOffLight/Build/pdum_gen.o (symbol from plugin) (pdum_vNPduInit)
c:/NXP/bstudio_nxp/sdk/JN-SW-4168/Components/Library\libPDUM_JN516x.a(pdum_apl.o)
                              c:/NXP/bstudio_nxp/workspace/JN-AN-1171-ZigBee-LightLink-Demo/Light_OnOffLight/Build/zll_CommissionCmdHandler.o (symbol from plugin) (PDUM_u16APduInstanceReadNBO)
c:/NXP/bstudio_nxp/sdk/JN-SW-4168/Components/Library\libPDUM_JN516x.a(pdum.o)
                              pdum_nwk.o (symbol from plugin) (PDUM_u16SizeNBO)
c:/NXP/bstudio_nxp/sdk/JN-SW-4168/Components/Library\libZPSAPL_JN516x.a(zps_apl_af.o)
                              c:/NXP/bstudio_nxp/workspace/JN-AN-1171-ZigBee-LightLink-Demo/Light_OnOffLight/Build/zpr_light_node.o (symbol from plugin) (ZPS_eAplAfInit)
c:/NXP/bstudio_nxp/sdk/JN-SW-4168/Components/Library\libZPSAPL_JN516x.a(zps_apl_af_apsde.o)
                              c:/NXP/bstudio_nxp/workspace/JN-AN-1171-ZigBee-LightLink-Demo/Light_OnOffLight/Build/zps_gen.o (symbol from plugin) (zps_vHandleApsdeDataFragIndNotSupported)
c:/NXP/bstudio_nxp/sdk/JN-SW-4168/Components/Library\libZPSAPL_JN516x.a(zps_apl_task.o)
                              zps_apl_af_apsde.o (symbol from plugin) (zps_vAplAfPostEvent)
c:/NXP/bstudio_nxp/sdk/JN-SW-4168/Components/Library\libZPSAPL_JN516x.a(zps_apl_apsde.o)
                              zps_apl_task.o (symbol from plugin) (ZPS_vAplRegisterApsdeDcfmIndCallbacks)
c:/NXP/bstudio_nxp/sdk/JN-SW-4168/Components/Library\libZPSAPL_JN516x.a(zps_apl_apsme.o)
                              zps_apl_task.o (symbol from plugin) (ZPS_vAplRegisterApsmeDcfmIndCallbacks)
c:/NXP/bstudio_nxp/sdk/JN-SW-4168/Components/Library\libZPSAPL_JN516x.a(zps_apl_aps_nlde.o)
                              zps_apl_task.o (symbol from plugin) (zps_vAplApsHandleNldeDcfmInd)
c:/NXP/bstudio_nxp/sdk/JN-SW-4168/Components/Library\libZPSAPL_JN516x.a(zps_apl_sec.o)
                              zps_apl_task.o (symbol from plugin) (zps_psFindKeyDescr)
c:/NXP/bstudio_nxp/sdk/JN-SW-4168/Components/Library\libZPSAPL_JN516x.a(zps_apl_aib.o)
                              c:/NXP/bstudio_nxp/workspace/JN-AN-1171-ZigBee-LightLink-Demo/Light_OnOffLight/Build/app_light_commission_task.o (symbol from plugin) (zps_psAplAibGetAib)
c:/NXP/bstudio_nxp/sdk/JN-SW-4168/Components/Library\libZPSAPL_JN516x.a(zps_apl_zdo_nwkmanager.o)
                              zps_apl_apsme.o (symbol from plugin) (zps_vAplSaveRecord)
c:/NXP/bstudio_nxp/sdk/JN-SW-4168/Components/Library\libZPSAPL_JN516x.a(zps_apl_zdo_handle_zdp_event.o)
                              zps_apl_task.o (symbol from plugin) (zps_bAplZdoHandleZdpEvent)
c:/NXP/bstudio_nxp/sdk/JN-SW-4168/Components/Library\libZPSAPL_JN516x.a(zps_apl_zdo_trust_center.o)
                              zps_apl_sec.o (symbol from plugin) (zps_eAplTrustCenterFindDevice)
c:/NXP/bstudio_nxp/sdk/JN-SW-4168/Components/Library\libZPSAPL_JN516x.a(zps_apl_zdo_common.o)
                              zps_apl_zdo_nwkmanager.o (symbol from plugin) (zps_eAplZdoNlmeleaveWrapper)
c:/NXP/bstudio_nxp/sdk/JN-SW-4168/Components/Library\libZPSAPL_JN516x.a(zps_apl_zdo_group.o)
                              c:/NXP/bstudio_nxp/workspace/JN-AN-1171-ZigBee-LightLink-Demo/Light_OnOffLight/Build/GroupsTableManager.o (symbol from plugin) (zps_eAplZdoGroupEndpointAdd)
c:/NXP/bstudio_nxp/sdk/JN-SW-4168/Components/Library\libZPSAPL_JN516x.a(zps_apl_zdo_default_server.o)
                              c:/NXP/bstudio_nxp/workspace/JN-AN-1171-ZigBee-LightLink-Demo/Light_OnOffLight/Build/zps_gen.o (symbol from plugin) (zps_vAplZdoDefaultServerInit)
[...]
Memory Configuration

Name             Origin             Length             Attributes
flash            0x0000000000080000 0x0000000000080000
ram              0x000000000400004c 0x0000000000007fb4
*default*        0x0000000000000000 0xffffffffffffffff

Linker script and memory map

                0x0000000000001388                __stack_size = 0x1388
                0x00000000000007d0                __minimum_heap_size = 0x7d0
START GROUP
LOAD c:/NXP/bstudio_nxp/workspace/JN-AN-1171-ZigBee-LightLink-Demo/Light_OnOffLight/Build/os_gen.o
LOAD C:\DOCUME~1\g\LOCALS~1\Temp\ccgUJPsj.ltrans0.ltrans.o
LOAD C:\DOCUME~1\g\LOCALS~1\Temp\ccgUJPsj.ltrans1.ltrans.o
LOAD C:\DOCUME~1\g\LOCALS~1\Temp\ccgUJPsj.ltrans2.ltrans.o
LOAD C:\DOCUME~1\g\LOCALS~1\Temp\ccgUJPsj.ltrans3.ltrans.o
LOAD C:\DOCUME~1\g\LOCALS~1\Temp\ccgUJPsj.ltrans4.ltrans.o
LOAD C:\DOCUME~1\g\LOCALS~1\Temp\ccgUJPsj.ltrans5.ltrans.o
LOAD C:\DOCUME~1\g\LOCALS~1\Temp\ccgUJPsj.ltrans6.ltrans.o
LOAD C:\DOCUME~1\g\LOCALS~1\Temp\ccgUJPsj.ltrans7.ltrans.o
LOAD C:\DOCUME~1\g\LOCALS~1\Temp\ccgUJPsj.ltrans8.ltrans.o
LOAD C:\DOCUME~1\g\LOCALS~1\Temp\ccgUJPsj.ltrans9.ltrans.o
LOAD C:\DOCUME~1\g\LOCALS~1\Temp\ccgUJPsj.ltrans10.ltrans.o
LOAD C:\DOCUME~1\g\LOCALS~1\Temp\ccgUJPsj.ltrans11.ltrans.o
LOAD C:\DOCUME~1\g\LOCALS~1\Temp\ccgUJPsj.ltrans12.ltrans.o
LOAD C:\DOCUME~1\g\LOCALS~1\Temp\ccgUJPsj.ltrans13.ltrans.o
LOAD C:\DOCUME~1\g\LOCALS~1\Temp\ccgUJPsj.ltrans14.ltrans.o
LOAD C:\DOCUME~1\g\LOCALS~1\Temp\ccgUJPsj.ltrans15.ltrans.o
LOAD C:\DOCUME~1\g\LOCALS~1\Temp\ccgUJPsj.ltrans16.ltrans.o
LOAD C:\DOCUME~1\g\LOCALS~1\Temp\ccgUJPsj.ltrans17.ltrans.o
LOAD C:\DOCUME~1\g\LOCALS~1\Temp\ccgUJPsj.ltrans18.ltrans.o
LOAD C:\DOCUME~1\g\LOCALS~1\Temp\ccgUJPsj.ltrans19.ltrans.o
LOAD C:\DOCUME~1\g\LOCALS~1\Temp\ccgUJPsj.ltrans20.ltrans.o
LOAD C:\DOCUME~1\g\LOCALS~1\Temp\ccgUJPsj.ltrans21.ltrans.o
LOAD C:\DOCUME~1\g\LOCALS~1\Temp\ccgUJPsj.ltrans22.ltrans.o
LOAD C:\DOCUME~1\g\LOCALS~1\Temp\ccgUJPsj.ltrans23.ltrans.o
LOAD C:\DOCUME~1\g\LOCALS~1\Temp\ccgUJPsj.ltrans24.ltrans.o
LOAD C:\DOCUME~1\g\LOCALS~1\Temp\ccgUJPsj.ltrans25.ltrans.o
LOAD C:\DOCUME~1\g\LOCALS~1\Temp\ccgUJPsj.ltrans26.ltrans.o
LOAD C:\DOCUME~1\g\LOCALS~1\Temp\ccgUJPsj.ltrans27.ltrans.o
LOAD C:\DOCUME~1\g\LOCALS~1\Temp\ccgUJPsj.ltrans28.ltrans.o
LOAD C:\DOCUME~1\g\LOCALS~1\Temp\ccgUJPsj.ltrans29.ltrans.o
LOAD C:\DOCUME~1\g\LOCALS~1\Temp\ccgUJPsj.ltrans30.ltrans.o
LOAD C:\DOCUME~1\g\LOCALS~1\Temp\ccgUJPsj.ltrans31.ltrans.o
LOAD c:/nxp/bstudio_nxp/sdk/tools/ba-elf-ba2-r36379/bin/../lib/gcc/ba-elf/4.7.4/../../../../ba-elf/lib/mcpu_jn51xx_sizeopt\libc.a
LOAD c:/nxp/bstudio_nxp/sdk/tools/ba-elf-ba2-r36379/bin/../lib/gcc/ba-elf/4.7.4/mcpu_jn51xx_sizeopt\libgcc.a
LOAD c:/nxp/bstudio_nxp/sdk/tools/ba-elf-ba2-r36379/bin/../lib/gcc/ba-elf/4.7.4/../../../../ba-elf/lib/mcpu_jn51xx_sizeopt\libc.a
LOAD c:/NXP/bstudio_nxp/workspace/JN-AN-1171-ZigBee-LightLink-Demo/Light_OnOffLight/Build/os_irq.o
LOAD c:/NXP/bstudio_nxp/workspace/JN-AN-1171-ZigBee-LightLink-Demo/Light_OnOffLight/Build/os_irq_alignment.o
LOAD c:/NXP/bstudio_nxp/workspace/JN-AN-1171-ZigBee-LightLink-Demo/Light_OnOffLight/Build/os_irq_buserror.o
LOAD c:/NXP/bstudio_nxp/workspace/JN-AN-1171-ZigBee-LightLink-Demo/Light_OnOffLight/Build/os_irq_illegalinstruction.o
LOAD c:/NXP/bstudio_nxp/workspace/JN-AN-1171-ZigBee-LightLink-Demo/Light_OnOffLight/Build/os_irq_stackoverflowexception.o
LOAD c:/NXP/bstudio_nxp/workspace/JN-AN-1171-ZigBee-LightLink-Demo/Light_OnOffLight/Build/os_irq_unimplementedmodule.o
LOAD c:/NXP/bstudio_nxp/workspace/JN-AN-1171-ZigBee-LightLink-Demo/Light_OnOffLight/Build/pdum_gen.o
LOAD c:/NXP/bstudio_nxp/workspace/JN-AN-1171-ZigBee-LightLink-Demo/Light_OnOffLight/Build/pdum_apdu.o
LOAD c:/NXP/bstudio_nxp/workspace/JN-AN-1171-ZigBee-LightLink-Demo/Light_OnOffLight/Build/zps_gen.o
LOAD c:/NXP/bstudio_nxp/workspace/JN-AN-1171-ZigBee-LightLink-Demo/Light_OnOffLight/Build/app_timer_driver.o
LOAD c:/NXP/bstudio_nxp/workspace/JN-AN-1171-ZigBee-LightLink-Demo/Light_OnOffLight/Build/app_start_light.o
LOAD c:/NXP/bstudio_nxp/workspace/JN-AN-1171-ZigBee-LightLink-Demo/Light_OnOffLight/Build/app_scenes.o
LOAD c:/NXP/bstudio_nxp/workspace/JN-AN-1171-ZigBee-LightLink-Demo/Light_OnOffLight/Build/app_power_on_counter.o
LOAD c:/NXP/bstudio_nxp/workspace/JN-AN-1171-ZigBee-LightLink-Demo/Light_OnOffLight/Build/zpr_light_node.o
LOAD c:/NXP/bstudio_nxp/workspace/JN-AN-1171-ZigBee-LightLink-Demo/Light_OnOffLight/Build/ecb_decrypt.o
LOAD c:/NXP/bstudio_nxp/workspace/JN-AN-1171-ZigBee-LightLink-Demo/Light_OnOffLight/Build/app_zcl_light_task.o
LOAD c:/NXP/bstudio_nxp/workspace/JN-AN-1171-ZigBee-LightLink-Demo/Light_OnOffLight/Build/app_light_commission_task.o
LOAD c:/NXP/bstudio_nxp/workspace/JN-AN-1171-ZigBee-LightLink-Demo/Light_OnOffLight/Build/app_manage_temperature.o
LOAD c:/NXP/bstudio_nxp/workspace/JN-AN-1171-ZigBee-LightLink-Demo/Light_OnOffLight/Build/app_light_interpolation.o
LOAD c:/NXP/bstudio_nxp/workspace/JN-AN-1171-ZigBee-LightLink-Demo/Light_OnOffLight/Build/appZpsBeaconHandler.o
LOAD c:/NXP/bstudio_nxp/workspace/JN-AN-1171-ZigBee-LightLink-Demo/Light_OnOffLight/Build/App_Light_OnOffLight.o
LOAD c:/NXP/bstudio_nxp/workspace/JN-AN-1171-ZigBee-LightLink-Demo/Light_OnOffLight/Build/DriverBulb_DR1175.o
LOAD c:/NXP/bstudio_nxp/workspace/JN-AN-1171-ZigBee-LightLink-Demo/Light_OnOffLight/Build/DriverBulb_Shim.o
LOAD c:/NXP/bstudio_nxp/workspace/JN-AN-1171-ZigBee-LightLink-Demo/Light_OnOffLight/Build/app_buttons.o
LOAD c:/NXP/bstudio_nxp/workspace/JN-AN-1171-ZigBee-LightLink-Demo/Light_OnOffLight/Build/Alarms.o
LOAD c:/NXP/bstudio_nxp/workspace/JN-AN-1171-ZigBee-LightLink-Demo/Light_OnOffLight/Build/AlarmsClientCommands.o
LOAD c:/NXP/bstudio_nxp/workspace/JN-AN-1171-ZigBee-LightLink-Demo/Light_OnOffLight/Build/AlarmsCommandHandler.o
LOAD c:/NXP/bstudio_nxp/workspace/JN-AN-1171-ZigBee-LightLink-Demo/Light_OnOffLight/Build/AlarmsServerCommands.o
LOAD c:/NXP/bstudio_nxp/workspace/JN-AN-1171-ZigBee-LightLink-Demo/Light_OnOffLight/Build/AlarmsTableManager.o
LOAD c:/NXP/bstudio_nxp/workspace/JN-AN-1171-ZigBee-LightLink-Demo/Light_OnOffLight/Build/AnalogInputBasic.o
LOAD c:/NXP/bstudio_nxp/workspace/JN-AN-1171-ZigBee-LightLink-Demo/Light_OnOffLight/Build/AnalogOutputBasic.o
LOAD c:/NXP/bstudio_nxp/workspace/JN-AN-1171-ZigBee-LightLink-Demo/Light_OnOffLight/Build/Basic.o
LOAD c:/NXP/bstudio_nxp/workspace/JN-AN-1171-ZigBee-LightLink-Demo/Light_OnOffLight/Build/BasicClientCommands.o
LOAD c:/NXP/bstudio_nxp/workspace/JN-AN-1171-ZigBee-LightLink-Demo/Light_OnOffLight/Build/BasicCommandHandler.o
LOAD c:/NXP/bstudio_nxp/workspace/JN-AN-1171-ZigBee-LightLink-Demo/Light_OnOffLight/Build/BinaryInputBasic.o
LOAD c:/NXP/bstudio_nxp/workspace/JN-AN-1171-ZigBee-LightLink-Demo/Light_OnOffLight/Build/BinaryOutputBasic.o
LOAD c:/NXP/bstudio_nxp/workspace/JN-AN-1171-ZigBee-LightLink-Demo/Light_OnOffLight/Build/Commissioning.o
LOAD c:/NXP/bstudio_nxp/workspace/JN-AN-1171-ZigBee-LightLink-Demo/Light_OnOffLight/Build/DeviceTemperatureConfiguration.o
LOAD c:/NXP/bstudio_nxp/workspace/JN-AN-1171-ZigBee-LightLink-Demo/Light_OnOffLight/Build/Diagnostics.o
LOAD c:/NXP/bstudio_nxp/workspace/JN-AN-1171-ZigBee-LightLink-Demo/Light_OnOffLight/Build/DoorLock.o
LOAD c:/NXP/bstudio_nxp/workspace/JN-AN-1171-ZigBee-LightLink-Demo/Light_OnOffLight/Build/DoorLockCommandHandler.o
LOAD c:/NXP/bstudio_nxp/workspace/JN-AN-1171-ZigBee-LightLink-Demo/Light_OnOffLight/Build/DoorLockCommands.o
LOAD c:/NXP/bstudio_nxp/workspace/JN-AN-1171-ZigBee-LightLink-Demo/Light_OnOffLight/Build/ElectricalMeasurement.o
LOAD c:/NXP/bstudio_nxp/workspace/JN-AN-1171-ZigBee-LightLink-Demo/Light_OnOffLight/Build/Groups.o
LOAD c:/NXP/bstudio_nxp/workspace/JN-AN-1171-ZigBee-LightLink-Demo/Light_OnOffLight/Build/GroupsClientCommands.o
LOAD c:/NXP/bstudio_nxp/workspace/JN-AN-1171-ZigBee-LightLink-Demo/Light_OnOffLight/Build/GroupsCommandHandler.o
LOAD c:/NXP/bstudio_nxp/workspace/JN-AN-1171-ZigBee-LightLink-Demo/Light_OnOffLight/Build/GroupsServerCommands.o
LOAD c:/NXP/bstudio_nxp/workspace/JN-AN-1171-ZigBee-LightLink-Demo/Light_OnOffLight/Build/GroupsTableManager.o
LOAD c:/NXP/bstudio_nxp/workspace/JN-AN-1171-ZigBee-LightLink-Demo/Light_OnOffLight/Build/Identify.o
LOAD c:/NXP/bstudio_nxp/workspace/JN-AN-1171-ZigBee-LightLink-Demo/Light_OnOffLight/Build/IdentifyClientCommands.o
LOAD c:/NXP/bstudio_nxp/workspace/JN-AN-1171-ZigBee-LightLink-Demo/Light_OnOffLight/Build/IdentifyCommandHandler.o
LOAD c:/NXP/bstudio_nxp/workspace/JN-AN-1171-ZigBee-LightLink-Demo/Light_OnOffLight/Build/IdentifyServerCommands.o
LOAD c:/NXP/bstudio_nxp/workspace/JN-AN-1171-ZigBee-LightLink-Demo/Light_OnOffLight/Build/LevelControl.o
LOAD c:/NXP/bstudio_nxp/workspace/JN-AN-1171-ZigBee-LightLink-Demo/Light_OnOffLight/Build/LevelControlClientCommands.o
LOAD c:/NXP/bstudio_nxp/workspace/JN-AN-1171-ZigBee-LightLink-Demo/Light_OnOffLight/Build/LevelControlCommandHandler.o
LOAD c:/NXP/bstudio_nxp/workspace/JN-AN-1171-ZigBee-LightLink-Demo/Light_OnOffLight/Build/MultistateInputBasic.o
LOAD c:/NXP/bstudio_nxp/workspace/JN-AN-1171-ZigBee-LightLink-Demo/Light_OnOffLight/Build/MultistateOutputBasic.o
LOAD c:/NXP/bstudio_nxp/workspace/JN-AN-1171-ZigBee-LightLink-Demo/Light_OnOffLight/Build/OOSC.o
LOAD c:/NXP/bstudio_nxp/workspace/JN-AN-1171-ZigBee-LightLink-Demo/Light_OnOffLight/Build/OnOff.o
LOAD c:/NXP/bstudio_nxp/workspace/JN-AN-1171-ZigBee-LightLink-Demo/Light_OnOffLight/Build/OnOffCommandHandler.o
LOAD c:/NXP/bstudio_nxp/workspace/JN-AN-1171-ZigBee-LightLink-Demo/Light_OnOffLight/Build/OnOffCommands.o
LOAD c:/NXP/bstudio_nxp/workspace/JN-AN-1171-ZigBee-LightLink-Demo/Light_OnOffLight/Build/PollControl.o
LOAD c:/NXP/bstudio_nxp/workspace/JN-AN-1171-ZigBee-LightLink-Demo/Light_OnOffLight/Build/PollControlClientCommands.o
LOAD c:/NXP/bstudio_nxp/workspace/JN-AN-1171-ZigBee-LightLink-Demo/Light_OnOffLight/Build/PollControlCommandHandler.o
LOAD c:/NXP/bstudio_nxp/workspace/JN-AN-1171-ZigBee-LightLink-Demo/Light_OnOffLight/Build/PollControlServerCommands.o
LOAD c:/NXP/bstudio_nxp/workspace/JN-AN-1171-ZigBee-LightLink-Demo/Light_OnOffLight/Build/PowerConfiguration.o
LOAD c:/NXP/bstudio_nxp/workspace/JN-AN-1171-ZigBee-LightLink-Demo/Light_OnOffLight/Build/Scenes.o
LOAD c:/NXP/bstudio_nxp/workspace/JN-AN-1171-ZigBee-LightLink-Demo/Light_OnOffLight/Build/ScenesClientCommands.o
LOAD c:/NXP/bstudio_nxp/workspace/JN-AN-1171-ZigBee-LightLink-Demo/Light_OnOffLight/Build/ScenesClusterManagement.o
LOAD c:/NXP/bstudio_nxp/workspace/JN-AN-1171-ZigBee-LightLink-Demo/Light_OnOffLight/Build/ScenesCommandHandler.o
LOAD c:/NXP/bstudio_nxp/workspace/JN-AN-1171-ZigBee-LightLink-Demo/Light_OnOffLight/Build/ScenesServerCommands.o
LOAD c:/NXP/bstudio_nxp/workspace/JN-AN-1171-ZigBee-LightLink-Demo/Light_OnOffLight/Build/ScenesTableManager.o
LOAD c:/NXP/bstudio_nxp/workspace/JN-AN-1171-ZigBee-LightLink-Demo/Light_OnOffLight/Build/TC.o
LOAD c:/NXP/bstudio_nxp/workspace/JN-AN-1171-ZigBee-LightLink-Demo/Light_OnOffLight/Build/Time.o
LOAD c:/NXP/bstudio_nxp/workspace/JN-AN-1171-ZigBee-LightLink-Demo/Light_OnOffLight/Build/zll_CommissionCmdHandler.o
LOAD c:/NXP/bstudio_nxp/workspace/JN-AN-1171-ZigBee-LightLink-Demo/Light_OnOffLight/Build/zll_UtilityCmdHandler.o
LOAD c:/NXP/bstudio_nxp/workspace/JN-AN-1171-ZigBee-LightLink-Demo/Light_OnOffLight/Build/zll_commission.o
LOAD c:/NXP/bstudio_nxp/workspace/JN-AN-1171-ZigBee-LightLink-Demo/Light_OnOffLight/Build/zll_utility.o
LOAD c:/NXP/bstudio_nxp/workspace/JN-AN-1171-ZigBee-LightLink-Demo/Light_OnOffLight/Build/colour_light.o
LOAD c:/NXP/bstudio_nxp/workspace/JN-AN-1171-ZigBee-LightLink-Demo/Light_OnOffLight/Build/colour_remote.o
LOAD c:/NXP/bstudio_nxp/workspace/JN-AN-1171-ZigBee-LightLink-Demo/Light_OnOffLight/Build/colour_scene_remote.o
LOAD c:/NXP/bstudio_nxp/workspace/JN-AN-1171-ZigBee-LightLink-Demo/Light_OnOffLight/Build/colour_temperature_light.o
LOAD c:/NXP/bstudio_nxp/workspace/JN-AN-1171-ZigBee-LightLink-Demo/Light_OnOffLight/Build/commission_endpoint.o
LOAD c:/NXP/bstudio_nxp/workspace/JN-AN-1171-ZigBee-LightLink-Demo/Light_OnOffLight/Build/control_bridge.o
LOAD c:/NXP/bstudio_nxp/workspace/JN-AN-1171-ZigBee-LightLink-Demo/Light_OnOffLight/Build/dimmable_light.o
LOAD c:/NXP/bstudio_nxp/workspace/JN-AN-1171-ZigBee-LightLink-Demo/Light_OnOffLight/Build/dimmable_plug.o
LOAD c:/NXP/bstudio_nxp/workspace/JN-AN-1171-ZigBee-LightLink-Demo/Light_OnOffLight/Build/extended_colour_light.o
LOAD c:/NXP/bstudio_nxp/workspace/JN-AN-1171-ZigBee-LightLink-Demo/Light_OnOffLight/Build/non_colour_remote.o
LOAD c:/NXP/bstudio_nxp/workspace/JN-AN-1171-ZigBee-LightLink-Demo/Light_OnOffLight/Build/non_colour_scene_remote.o
LOAD c:/NXP/bstudio_nxp/workspace/JN-AN-1171-ZigBee-LightLink-Demo/Light_OnOffLight/Build/on_off_light.o
LOAD c:/NXP/bstudio_nxp/workspace/JN-AN-1171-ZigBee-LightLink-Demo/Light_OnOffLight/Build/on_off_plug.o
LOAD c:/NXP/bstudio_nxp/workspace/JN-AN-1171-ZigBee-LightLink-Demo/Light_OnOffLight/Build/on_off_sensor.o
LOAD c:/NXP/bstudio_nxp/workspace/JN-AN-1171-ZigBee-LightLink-Demo/Light_OnOffLight/Build/zll.o
LOAD c:/NXP/bstudio_nxp/workspace/JN-AN-1171-ZigBee-LightLink-Demo/Light_OnOffLight/Build/BallastConfiguration.o
LOAD c:/NXP/bstudio_nxp/workspace/JN-AN-1171-ZigBee-LightLink-Demo/Light_OnOffLight/Build/ColourControl.o
LOAD c:/NXP/bstudio_nxp/workspace/JN-AN-1171-ZigBee-LightLink-Demo/Light_OnOffLight/Build/ColourControlClientCommands.o
LOAD c:/NXP/bstudio_nxp/workspace/JN-AN-1171-ZigBee-LightLink-Demo/Light_OnOffLight/Build/ColourControlCommandHandler.o
LOAD c:/NXP/bstudio_nxp/workspace/JN-AN-1171-ZigBee-LightLink-Demo/Light_OnOffLight/Build/ColourControlConversions.o
LOAD c:/NXP/bstudio_nxp/workspace/JN-AN-1171-ZigBee-LightLink-Demo/Light_OnOffLight/Build/dlist.o
LOAD c:/NXP/bstudio_nxp/workspace/JN-AN-1171-ZigBee-LightLink-Demo/Light_OnOffLight/Build/zcl.o
LOAD c:/NXP/bstudio_nxp/workspace/JN-AN-1171-ZigBee-LightLink-Demo/Light_OnOffLight/Build/zcl_CustomCommandReceive.o
LOAD c:/NXP/bstudio_nxp/workspace/JN-AN-1171-ZigBee-LightLink-Demo/Light_OnOffLight/Build/zcl_CustomCommandSend.o
LOAD c:/NXP/bstudio_nxp/workspace/JN-AN-1171-ZigBee-LightLink-Demo/Light_OnOffLight/Build/zcl_PDUbufferReadWrite.o
LOAD c:/NXP/bstudio_nxp/workspace/JN-AN-1171-ZigBee-LightLink-Demo/Light_OnOffLight/Build/zcl_PDUbufferReadWriteString.o
LOAD c:/NXP/bstudio_nxp/workspace/JN-AN-1171-ZigBee-LightLink-Demo/Light_OnOffLight/Build/zcl_WriteAttributesRequestHandle.o
LOAD c:/NXP/bstudio_nxp/workspace/JN-AN-1171-ZigBee-LightLink-Demo/Light_OnOffLight/Build/zcl_WriteAttributesRequestSend.o
LOAD c:/NXP/bstudio_nxp/workspace/JN-AN-1171-ZigBee-LightLink-Demo/Light_OnOffLight/Build/zcl_WriteAttributesResponseHandle.o
LOAD c:/NXP/bstudio_nxp/workspace/JN-AN-1171-ZigBee-LightLink-Demo/Light_OnOffLight/Build/zcl_attribute.o
LOAD c:/NXP/bstudio_nxp/workspace/JN-AN-1171-ZigBee-LightLink-Demo/Light_OnOffLight/Build/zcl_buffer.o
LOAD c:/NXP/bstudio_nxp/workspace/JN-AN-1171-ZigBee-LightLink-Demo/Light_OnOffLight/Build/zcl_clusterCommand.o
LOAD c:/NXP/bstudio_nxp/workspace/JN-AN-1171-ZigBee-LightLink-Demo/Light_OnOffLight/Build/zcl_command.o
LOAD c:/NXP/bstudio_nxp/workspace/JN-AN-1171-ZigBee-LightLink-Demo/Light_OnOffLight/Build/zcl_configureReportingCommandHandle.o
LOAD c:/NXP/bstudio_nxp/workspace/JN-AN-1171-ZigBee-LightLink-Demo/Light_OnOffLight/Build/zcl_configureReportingCommandSend.o
LOAD c:/NXP/bstudio_nxp/workspace/JN-AN-1171-ZigBee-LightLink-Demo/Light_OnOffLight/Build/zcl_configureReportingResponseHandle.o
LOAD c:/NXP/bstudio_nxp/workspace/JN-AN-1171-ZigBee-LightLink-Demo/Light_OnOffLight/Build/zcl_defaultResponse.o
LOAD c:/NXP/bstudio_nxp/workspace/JN-AN-1171-ZigBee-LightLink-Demo/Light_OnOffLight/Build/zcl_discoverAttributesExtendedRequestHandle.o
LOAD c:/NXP/bstudio_nxp/workspace/JN-AN-1171-ZigBee-LightLink-Demo/Light_OnOffLight/Build/zcl_discoverAttributesExtendedRequestSend.o
LOAD c:/NXP/bstudio_nxp/workspace/JN-AN-1171-ZigBee-LightLink-Demo/Light_OnOffLight/Build/zcl_discoverAttributesExtendedResponseHandle.o
LOAD c:/NXP/bstudio_nxp/workspace/JN-AN-1171-ZigBee-LightLink-Demo/Light_OnOffLight/Build/zcl_discoverAttributesRequestHandle.o
LOAD c:/NXP/bstudio_nxp/workspace/JN-AN-1171-ZigBee-LightLink-Demo/Light_OnOffLight/Build/zcl_discoverAttributesRequestSend.o
LOAD c:/NXP/bstudio_nxp/workspace/JN-AN-1171-ZigBee-LightLink-Demo/Light_OnOffLight/Build/zcl_discoverAttributesResponseHandle.o
LOAD c:/NXP/bstudio_nxp/workspace/JN-AN-1171-ZigBee-LightLink-Demo/Light_OnOffLight/Build/zcl_discoverCommandsRequestHandle.o
LOAD c:/NXP/bstudio_nxp/workspace/JN-AN-1171-ZigBee-LightLink-Demo/Light_OnOffLight/Build/zcl_discoverCommandsRequestSend.o
LOAD c:/NXP/bstudio_nxp/workspace/JN-AN-1171-ZigBee-LightLink-Demo/Light_OnOffLight/Build/zcl_discoverCommandsResponseHandle.o
LOAD c:/NXP/bstudio_nxp/workspace/JN-AN-1171-ZigBee-LightLink-Demo/Light_OnOffLight/Build/zcl_event.o
LOAD c:/NXP/bstudio_nxp/workspace/JN-AN-1171-ZigBee-LightLink-Demo/Light_OnOffLight/Build/zcl_heap.o
LOAD c:/NXP/bstudio_nxp/workspace/JN-AN-1171-ZigBee-LightLink-Demo/Light_OnOffLight/Build/zcl_library_options.o
LOAD c:/NXP/bstudio_nxp/workspace/JN-AN-1171-ZigBee-LightLink-Demo/Light_OnOffLight/Build/zcl_readAttributesRequestHandle.o
LOAD c:/NXP/bstudio_nxp/workspace/JN-AN-1171-ZigBee-LightLink-Demo/Light_OnOffLight/Build/zcl_readAttributesRequestSend.o
LOAD c:/NXP/bstudio_nxp/workspace/JN-AN-1171-ZigBee-LightLink-Demo/Light_OnOffLight/Build/zcl_readAttributesResponseHandle.o
LOAD c:/NXP/bstudio_nxp/workspace/JN-AN-1171-ZigBee-LightLink-Demo/Light_OnOffLight/Build/zcl_readReportingConfigurationCommandHandle.o
LOAD c:/NXP/bstudio_nxp/workspace/JN-AN-1171-ZigBee-LightLink-Demo/Light_OnOffLight/Build/zcl_readReportingConfigurationCommandSend.o
LOAD c:/NXP/bstudio_nxp/workspace/JN-AN-1171-ZigBee-LightLink-Demo/Light_OnOffLight/Build/zcl_readReportingConfigurationResponseHandle.o
LOAD c:/NXP/bstudio_nxp/workspace/JN-AN-1171-ZigBee-LightLink-Demo/Light_OnOffLight/Build/zcl_reportManager.o
LOAD c:/NXP/bstudio_nxp/workspace/JN-AN-1171-ZigBee-LightLink-Demo/Light_OnOffLight/Build/zcl_reportMaths.o
LOAD c:/NXP/bstudio_nxp/workspace/JN-AN-1171-ZigBee-LightLink-Demo/Light_OnOffLight/Build/zcl_reportScheduler.o
LOAD c:/NXP/bstudio_nxp/workspace/JN-AN-1171-ZigBee-LightLink-Demo/Light_OnOffLight/Build/zcl_reportStringHandling.o
LOAD c:/NXP/bstudio_nxp/workspace/JN-AN-1171-ZigBee-LightLink-Demo/Light_OnOffLight/Build/zcl_reportStructure.o
LOAD c:/NXP/bstudio_nxp/workspace/JN-AN-1171-ZigBee-LightLink-Demo/Light_OnOffLight/Build/zcl_search.o
LOAD c:/NXP/bstudio_nxp/workspace/JN-AN-1171-ZigBee-LightLink-Demo/Light_OnOffLight/Build/zcl_timer.o
LOAD c:/NXP/bstudio_nxp/workspace/JN-AN-1171-ZigBee-LightLink-Demo/Light_OnOffLight/Build/zcl_transmit.o
LOAD c:/NXP/bstudio_nxp/sdk/JN-SW-4168/Components/Library\libZPSMAC_Mini_JN516x.a
LOAD c:/NXP/bstudio_nxp/sdk/JN-SW-4168/Components/Library\libOS_JN516x.a
LOAD c:/NXP/bstudio_nxp/sdk/JN-SW-4168/Components/Library\libPWRM_JN516x.a
LOAD c:/NXP/bstudio_nxp/sdk/JN-SW-4168/Components/Library\libZPSTSV_JN516x.a
LOAD c:/NXP/bstudio_nxp/sdk/JN-SW-4168/Components/Library\libAES_SW_JN516x.a
LOAD c:/NXP/bstudio_nxp/sdk/JN-SW-4168/Components/Library\libPDUM_JN516x.a
LOAD c:/NXP/bstudio_nxp/sdk/JN-SW-4168/Components/Library\libZPSAPL_JN516x.a
LOAD c:/NXP/bstudio_nxp/sdk/JN-SW-4168/Components/Library\libRandom_JN516x.a
LOAD c:/NXP/bstudio_nxp/sdk/JN-SW-4168/Components/Library\libPDM_EEPROM_JN516x.a
LOAD c:/NXP/bstudio_nxp/sdk/JN-SW-4168/Components/Library\libDBG_JN516x.a
LOAD c:/NXP/bstudio_nxp/sdk/JN-SW-4168/Components/Library\libZPSZLL_JN516x.a
LOAD c:/NXP/bstudio_nxp/sdk/JN-SW-4168/Components/Library\libZPSNWK_JN516x.a
LOAD c:/NXP/bstudio_nxp/sdk/JN-SW-4168/Components/Library\libRecal_JN516x.a
LOAD c:/NXP/bstudio_nxp/sdk/JN-SW-4168/Components/Library\libMiniMac_JN5169.a
LOAD c:/NXP/bstudio_nxp/sdk/JN-SW-4168/Components/Library\libMiniMacShim_JN516x.a
LOAD c:/NXP/bstudio_nxp/sdk/JN-SW-4168/Components/Library\libMMAC_JN5169.a
LOAD c:/NXP/bstudio_nxp/sdk/JN-SW-4168/Components/Library\libJPT_JN5169.a
LOAD c:/NXP/bstudio_nxp/sdk/JN-SW-4168/Components/Library\libAes_JN516x.a
LOAD c:/NXP/bstudio_nxp/sdk/JN-SW-4168/Components/Library\libHardwareApi_JN5169.a
LOAD c:/NXP/bstudio_nxp/sdk/JN-SW-4168/Components/Library\libMicroSpecific_JN516x.a
LOAD c:/NXP/bstudio_nxp/sdk/JN-SW-4168/Components/Library\libBoot_JN516x.a
LOAD c:/NXP/bstudio_nxp/sdk/JN-SW-4168/Platform/DK4/Library\libBoardLib_JN516x.a
LOAD c:/nxp/bstudio_nxp/sdk/tools/ba-elf-ba2-r36379/bin/../lib/gcc/ba-elf/4.7.4/../../../../ba-elf/lib/mcpu_jn51xx_sizeopt\libm.a
END GROUP
LOAD c:/nxp/bstudio_nxp/sdk/tools/ba-elf-ba2-r36379/bin/../lib/gcc/ba-elf/4.7.4/../../../../ba-elf/lib/mcpu_jn51xx_sizeopt\libc.a
LOAD c:/nxp/bstudio_nxp/sdk/tools/ba-elf-ba2-r36379/bin/../lib/gcc/ba-elf/4.7.4/mcpu_jn51xx_sizeopt\libgcc.a
LOAD c:/nxp/bstudio_nxp/sdk/tools/ba-elf-ba2-r36379/bin/../lib/gcc/ba-elf/4.7.4/../../../../ba-elf/lib/mcpu_jn51xx_sizeopt\libc.a
                0x0000000000080038                exception_vsr_table = 0x80038
                0x0000000004000000                pSPIflashFncTable = 0x4000000
                0x0000000000000044                restore_state = 0x44
                0x000000000000004a                bZSPIWaitWIPClear = 0x4a
                0x0000000000000050                u16ZSPIflashRDID = 0x50
                0x0000000000000056                u8SelectFlashChipType = 0x56
                0x000000000000005c                memcpy = 0x5c
                0x0000000000000066                vBootFlashProg = 0x66
                [0x00000000000007d0]                __minimum_heap_size = DEFINED (__minimum_heap_size)?__minimum_heap_size:0xd16
                [0x0000000000001388]                __stack_size = DEFINED (__stack_size)?__stack_size:0x800
                0x0000000000000000                _SwConfig = (DEFINED (g_bSWConf_Debug) | (DEFINED (g_bSWConf_AltDebugPort) << 0x1))

.version        0x000000000007fffc        0x4
                0x000000000007fffc        0x4 LONG 0xf03000b

.bir            0x0000000000080000       0x10
                0x0000000000080000                _flash_start = ABSOLUTE (.)
                0x0000000000080000                _flash_beg = ABSOLUTE (.)
                0x0000000000080000        0x4 LONG 0x12345678
                0x0000000000080004        0x4 LONG 0x11223344
                0x0000000000080008        0x4 LONG 0x55667788
                0x000000000008000c        0x1 BYTE 0x8
                0x000000000008000d        0x1 BYTE 0x1
                0x000000000008000e        0x2 SHORT 0x0

.flashheader    0x0000000000080010       0x28
                0x0000000000080010        0x4 LONG 0x0
                0x0000000000080014        0x4 LONG 0x0
                0x0000000000080018        0x4 LONG 0x0
                0x000000000008001c        0x2 SHORT 0x0
                0x000000000008001e        0x2 SHORT 0x0 ABSOLUTE (_SwConfig)
                0x0000000000080020                _enc_start = ABSOLUTE (.)
                0x0000000000080020        0x4 LONG 0x25ae4 ABSOLUTE (_image_len)
                0x0000000000080024        0x4 LONG 0xa52e8 ABSOLUTE (_flash_data_start)
                0x0000000000080028        0x2 SHORT 0x13 ((ABSOLUTE (_ram_data_start) / 0x4) & 0xffff)
                0x000000000008002a        0x2 SHORT 0x1ff ((ABSOLUTE (_ram_data_len) / 0x4) & 0xffff)
                0x000000000008002c        0x2 SHORT 0x212 ((ABSOLUTE (_bss_start) / 0x4) & 0xffff)
                0x000000000008002e        0x2 SHORT 0xf0e ((ABSOLUTE (_bss_len) / 0x4) & 0xffff)
                0x0000000000080030        0x4 LONG 0xa3ead ABSOLUTE (AppWarmStart)
                0x0000000000080034        0x4 LONG 0xa3ec7 ABSOLUTE (AppColdStart)
                0x0000000000000000                _enc_offset = (_enc_start & 0xf)

.ro_mac_address
                0x0000000000080040        0x0
                0x0000000000080040                _FlsMACAddress = ABSOLUTE (.)
 *(.ro_mac_address)
                0x0000000000080040                . = ALIGN (0x10)

.ro_ota_header  0x0000000000080040        0x0
                0x0000000000080040                _FlsOtaHeader = ABSOLUTE (.)
 *(.ro_ota_header)
                0x0000000000080040                . = ALIGN (0x10)

.ro_se_lnkKey   0x0000000000080040        0x0
                0x0000000000080040                _FlsLinkKey = ABSOLUTE (.)
 *(.ro_se_lnkKey)
                0x0000000000080040                . = ALIGN (0x10)

.rodata         0x0000000000080038     0x2990
 *(.rodata*)
 .rodata.str1.1
                0x0000000000080038      0x193 C:\DOCUME~1\g\LOCALS~1\Temp\ccgUJPsj.ltrans0.ltrans.o
 *fill*         0x00000000000801cb        0x1 00
 .rodata        0x00000000000801cc       0x9c C:\DOCUME~1\g\LOCALS~1\Temp\ccgUJPsj.ltrans0.ltrans.o
                0x00000000000801cc                gMAC_u8MaxBuffers
                0x00000000000801d0                g_u32ApsFcSaveCountBitShift
                0x00000000000801d4                u8MaxZpsConfigEp
                0x00000000000801d5                au8EpMapPresent
                0x00000000000801d8                s_groupPdmTable
 .rodata        0x0000000000080268       0xa8 C:\DOCUME~1\g\LOCALS~1\Temp\ccgUJPsj.ltrans1.ltrans.o
 .rodata.str1.1
                0x0000000000000000      0x193 C:\DOCUME~1\g\LOCALS~1\Temp\ccgUJPsj.ltrans1.ltrans.o
                                          0x8 (size before relaxing)
 .rodata.str1.1
                0x0000000000000000      0x193 C:\DOCUME~1\g\LOCALS~1\Temp\ccgUJPsj.ltrans3.ltrans.o
                                          0x3 (size before relaxing)
 .rodata.str1.1
                0x0000000000080310      0x836 C:\DOCUME~1\g\LOCALS~1\Temp\ccgUJPsj.ltrans4.ltrans.o
                                        0x862 (size before relaxing)
 .rodata        0x0000000000080b46        0x8 C:\DOCUME~1\g\LOCALS~1\Temp\ccgUJPsj.ltrans4.ltrans.o
 .rodata.str1.1
                0x0000000000080b4e        0x6 C:\DOCUME~1\g\LOCALS~1\Temp\ccgUJPsj.ltrans5.ltrans.o
 .rodata.str1.1
                0x0000000000080b54        0x5 C:\DOCUME~1\g\LOCALS~1\Temp\ccgUJPsj.ltrans6.ltrans.o
                                         0x17 (size before relaxing)
 .rodata.str1.1
                0x0000000000080b59        0xf C:\DOCUME~1\g\LOCALS~1\Temp\ccgUJPsj.ltrans8.ltrans.o
 .rodata        0x0000000000080b68      0x200 C:\DOCUME~1\g\LOCALS~1\Temp\ccgUJPsj.ltrans8.ltrans.o
                0x0000000000080b68                s_apsStSceTbl.127886
                0x0000000000080b7c                s_apsStSmeTbl.127949
                0x0000000000080b90                s_aprIdleStHandleCme.137867
                0x0000000000080ba4                s_aprActvStHandleCme.133999
                0x0000000000080bc8                bRxOnOptimisationTurnedOff
                0x0000000000080bec                zps_sJoinSceTbl
                0x0000000000080bf8                zps_sActvSceTbl
                0x0000000000080c04                zps_sDiscSmeTbl
                0x0000000000080c10                zps_sFormSmeTbl
                0x0000000000080c1c                zps_sJoinSmeTbl
                0x0000000000080c28                zps_sActvSmeTbl
 .rodata.str1.1
                0x0000000000080d68       0xa0 C:\DOCUME~1\g\LOCALS~1\Temp\ccgUJPsj.ltrans9.ltrans.o
                                         0xb8 (size before relaxing)
 .rodata        0x0000000000080e08       0x18 C:\DOCUME~1\g\LOCALS~1\Temp\ccgUJPsj.ltrans10.ltrans.o
                0x0000000000080e08                au32NwkPdmRecordOffsets
 .rodata.str1.1
                0x0000000000080e20      0x130 C:\DOCUME~1\g\LOCALS~1\Temp\ccgUJPsj.ltrans11.ltrans.o
 .rodata.str1.1
                0x0000000000080f50       0x11 C:\DOCUME~1\g\LOCALS~1\Temp\ccgUJPsj.ltrans12.ltrans.o
                                         0x20 (size before relaxing)
 .rodata.str1.1
                0x0000000000000000       0x11 C:\DOCUME~1\g\LOCALS~1\Temp\ccgUJPsj.ltrans13.ltrans.o
                                          0x7 (size before relaxing)
 .rodata.str1.1
                0x0000000000080f61      0x10c C:\DOCUME~1\g\LOCALS~1\Temp\ccgUJPsj.ltrans14.ltrans.o
                                        0x110 (size before relaxing)
 .rodata        0x000000000008106d       0x10 C:\DOCUME~1\g\LOCALS~1\Temp\ccgUJPsj.ltrans14.ltrans.o
 .rodata.str1.1
                0x0000000000000000      0x10c C:\DOCUME~1\g\LOCALS~1\Temp\ccgUJPsj.ltrans15.ltrans.o
                                          0x6 (size before relaxing)
 *fill*         0x000000000008107d        0x3 00
 .rodata        0x0000000000081080       0x4c C:\DOCUME~1\g\LOCALS~1\Temp\ccgUJPsj.ltrans15.ltrans.o
                0x0000000000081080                g_u32NwkFcSaveCountBitShift
 .rodata.str1.1
                0x00000000000810cc      0x151 C:\DOCUME~1\g\LOCALS~1\Temp\ccgUJPsj.ltrans16.ltrans.o
                                        0x161 (size before relaxing)
 .rodata.str1.1
                0x000000000008121d        0x4 C:\DOCUME~1\g\LOCALS~1\Temp\ccgUJPsj.ltrans17.ltrans.o
                                          0x8 (size before relaxing)
 .rodata.str1.1
                0x0000000000081221      0x38c C:\DOCUME~1\g\LOCALS~1\Temp\ccgUJPsj.ltrans18.ltrans.o
                                        0x42e (size before relaxing)
 .rodata.str1.1
                0x00000000000815ad        0x5 C:\DOCUME~1\g\LOCALS~1\Temp\ccgUJPsj.ltrans19.ltrans.o
                                          0xc (size before relaxing)
 .rodata.str1.1
                0x0000000000000000        0x5 C:\DOCUME~1\g\LOCALS~1\Temp\ccgUJPsj.ltrans20.ltrans.o
                                         0x24 (size before relaxing)
 .rodata        0x00000000000815b2        0x7 C:\DOCUME~1\g\LOCALS~1\Temp\ccgUJPsj.ltrans20.ltrans.o
                0x00000000000815b2                u8MacNwkTriesTimeout
 .rodata.str1.1
                0x0000000000000000        0x4 C:\DOCUME~1\g\LOCALS~1\Temp\ccgUJPsj.ltrans21.ltrans.o
 *fill*         0x00000000000815b9        0x3 00
 .rodata        0x00000000000815bc      0x318 C:\DOCUME~1\g\LOCALS~1\Temp\ccgUJPsj.ltrans22.ltrans.o
                0x00000000000817bc                gu32ZCLVersion
                0x00000000000817c0                OS_g_u32Version
                0x00000000000817c4                PDUM_g_u32Version
                0x00000000000817c8                ZPS_g_u32MacVersion
                0x00000000000817cc                ZPS_g_u32TsvVersion
 .rodata.str1.1
                0x00000000000818d4       0x97 C:\DOCUME~1\g\LOCALS~1\Temp\ccgUJPsj.ltrans23.ltrans.o
 .rodata.str1.1
                0x000000000008196b      0x172 C:\DOCUME~1\g\LOCALS~1\Temp\ccgUJPsj.ltrans24.ltrans.o
                                        0x178 (size before relaxing)
 .rodata.str1.1
                0x0000000000081add      0x3c9 C:\DOCUME~1\g\LOCALS~1\Temp\ccgUJPsj.ltrans25.ltrans.o
                                        0x3d4 (size before relaxing)
 .rodata.str1.1
                0x0000000000081ea6      0x278 C:\DOCUME~1\g\LOCALS~1\Temp\ccgUJPsj.ltrans26.ltrans.o
                                        0x291 (size before relaxing)
 .rodata        0x000000000008211e      0x107 C:\DOCUME~1\g\LOCALS~1\Temp\ccgUJPsj.ltrans26.ltrans.o
                0x000000000008211e                au8ZLLChannelSet
 .rodata.str1.1
                0x0000000000082225      0x27b C:\DOCUME~1\g\LOCALS~1\Temp\ccgUJPsj.ltrans27.ltrans.o
                                        0x297 (size before relaxing)
 .rodata        0x00000000000824a0       0x20 C:\DOCUME~1\g\LOCALS~1\Temp\ccgUJPsj.ltrans28.ltrans.o
                0x00000000000824a8                au32UartAddrOffset
 .rodata.str1.1
                0x00000000000824c0       0x20 C:\DOCUME~1\g\LOCALS~1\Temp\ccgUJPsj.ltrans29.ltrans.o
                                         0x4c (size before relaxing)
 .rodata.str1.1
                0x00000000000824e0        0x7 C:\DOCUME~1\g\LOCALS~1\Temp\ccgUJPsj.ltrans30.ltrans.o
                                         0x11 (size before relaxing)
 .rodata.str1.1
                0x00000000000824e7       0xfc C:\DOCUME~1\g\LOCALS~1\Temp\ccgUJPsj.ltrans31.ltrans.o
 *fill*         0x00000000000825e3        0x1 00
 .rodata        0x00000000000825e4      0x3e4 C:\DOCUME~1\g\LOCALS~1\Temp\ccgUJPsj.ltrans31.ltrans.o
                0x00000000000825e4                zps_g_pvApl
                0x00000000000825e8                au32TimerBaseAddress
                0x00000000000825fc                pwrm_psWakeupCallbacks

.text           0x00000000000829c8    0x2291e
 *(.text*)
 .text          0x00000000000829c8     0x1cf0 C:\DOCUME~1\g\LOCALS~1\Temp\ccgUJPsj.ltrans0.ltrans.o
                0x00000000000829c8                APP_TIMER_Version_1v0
                0x00000000000829c8                vInitialiseApp.3312
 .text          0x00000000000846b8     0x171a C:\DOCUME~1\g\LOCALS~1\Temp\ccgUJPsj.ltrans1.ltrans.o
                0x00000000000846b8                vZdoServersInit.3037
                0x0000000000084754                DBG_iUartGetChar
                0x00000000000847a4                vMMAC_IntHandlerBbc
                0x00000000000847be                eBasicTxCompleteHandler
                0x00000000000847c3                vTxRxTimeout.144077
                0x0000000000084820                eSmeAcScBeaconInd.135962
                0x000000000008487c                eSmeASFlBeaconInd.135797
                0x000000000008489e                eSmeUDNTScanDcfm.135247
                0x0000000000084925                zps_eNwkHandleSmePollDcfm
                0x000000000008494f                eSmeGenlScanDcfm.135789
                0x00000000000849ad                eLeaveDataDcfmRemoteLeave.140544
                0x00000000000849f6                eSmeEdScScanDcfm.135785
                0x0000000000084b9d                eSmeAcScBeaconInd.135805
                0x0000000000084ca5                eSmeUDNTBeaconInd.135781
                0x0000000000084cc8                eCLD_GroupsCheckGroupExists
                0x0000000000084d35                ZPS_eTsvOpen
                0x0000000000084d4f                zps_vNwkBttMgrInit
                0x0000000000084d7d                vStartTimer.part.0.146704.constprop.135
                0x0000000000084da4                bWhite_LED_Off
                0x0000000000084db8                vMiniMac_MLME_SetReq_PanId
                0x0000000000084df5                vMiniMac_MLME_SetReq_ShortAddr
                0x0000000000084e03                psDLISTsearchFromHead
                0x0000000000084e2c                vZCL_InitializeClusterInstance.constprop.115
                0x0000000000084e3d                pvZCL_HeapAlloc.part.0.50614.constprop.100
                0x0000000000084e76                vMicroIntEnableOnly.constprop.91
                0x0000000000084ea2                zps_eNwkRtDiscMatch.constprop.50
                0x0000000000084ef5                vMiniMac_ReturnTxBufferCallback
                0x0000000000084f07                vEnableReceive.144081
                0x0000000000084f41                pvHeap_Alloc
                0x0000000000084f44                vMicroIntRestoreState
                0x0000000000084f50                vSetChannelAndPower
                0x00000000000850f0                vMiniMac_PLME_SetReq_Power
                0x0000000000085104                vMiniMac_PLME_SetReq_Channel
                0x000000000008510c                TSV_eStart
                0x000000000008515c                bAHI_WriteEEPROMfixSegmentData
                0x00000000000851ba                bAHI_InitialiseEEPROM
                0x0000000000085202                vAHI_ReadDataFromEEPROMregister
                0x000000000008522f                vAHI_WriteDataIntoEEPROMregister
                0x000000000008525f                iAHI_WriteDataIntoEEPROMsegment.constprop.121
                0x00000000000852ad                iPDM_WriteSegmentHeaderDataIntoEEPROMsegment
                0x00000000000852dc                u8AHI_WakeTimerFiredStatus
                0x00000000000852f0                vAHI_WakeTimerStop.part.3.147181
                0x0000000000085310                vAHI_UartReset.part.4.146935
                0x0000000000085348                vAHI_ClockXtalPull
                0x0000000000085365                vAHI_OptimiseWaitStates
                0x00000000000853b1                bAHI_GetClkSource
                0x00000000000853be                bAHI_SetClockRate.part.0.146605.constprop.63
                0x0000000000085439                vAHI_SwReset
                0x0000000000085469                vAHI_DioSetDirection
                0x000000000008547d                bAHI_APRegulatorEnabled
                0x000000000008548a                vAHI_ApConfigure.part.0.146376.constprop.130
                0x00000000000854c0                bIssueACIcommand
                0x0000000000085556                vACI_CmdWaitBusy
                0x0000000000085563                bACI_ECBencodeBuffer.part.0.146266.constprop.48
                0x000000000008561a                vACI_OptimisedCcmStar.constprop.53
                0x0000000000085805                psSearchForFrameToSend
                0x000000000008585c                eMiniMac_FrameInProgress
                0x0000000000085887                vRemoveFromTxQueue
                0x00000000000858c3                vAddToTxQueue
                0x00000000000858f9                u8GetHeaderSize
                0x0000000000085921                vMiniMac_PLME_SetReq_CcaMode
                0x0000000000085935                vMiniMac_MLME_SetReq_MaxCsmaBackoffs
                0x0000000000085955                vMiniMac_MLME_SetReq_MaxBe
                0x0000000000085978                vMiniMac_MLME_SetReq_MinBe
                0x000000000008599b                zps_vSendJoinInd
                0x0000000000085a0c                zps_psFormatCmdFrameGeneral
                0x0000000000085a98                zps_eNwkFormStInit
                0x0000000000085aad                vSendDcfm.136483
                0x0000000000085ad2                bCheckMatchingEntry.135957
                0x0000000000085af8                zps_psNwkSlistRemoveFromHead
                0x0000000000085b0f                zps_psNwkSlistRemove
                0x0000000000085b47                zps_bNwkMcpsMgrRemoveDescrFromLists
                0x0000000000085b85                zps_vNwkSlistAddToTail
                0x0000000000085b9f                zps_vNwkSecClearMatSet
                0x0000000000085bc9                ZPS_vNwkSecResetDevice
                0x0000000000085c0e                ZPS_bNwkSecHaveNetworkKey
                0x0000000000085c42                ZPS_bNwkSecFindMatSet
                0x0000000000085c7e                zps_eNwkRtMatch
                0x0000000000085d97                ZPS_u8NwkCalcNldeReqOverhead
 .text.unlikely
                0x0000000000085dd2       0x43 C:\DOCUME~1\g\LOCALS~1\Temp\ccgUJPsj.ltrans1.ltrans.o
                0x0000000000085dd2                vAHI_MemoryHold.146613
 .text          0x0000000000085e15     0x1347 C:\DOCUME~1\g\LOCALS~1\Temp\ccgUJPsj.ltrans2.ltrans.o
                0x0000000000085e15                DBG_vUartFlush
                0x0000000000085e42                DBG_vUartPutch
                0x0000000000085e88                os_u32APP_cbGetTickTimer
                0x0000000000085e91                os_bAPP_cbSetTickTimerCompare
                0x0000000000085eed                boIdValueSearchMatch.120525
                0x0000000000085fea                vRadioToOff
                0x0000000000086007                vStartReceive
                0x0000000000086023                vMiniMac_NextTransaction
                0x000000000008608d                vPostTxActions.144125
                0x00000000000860ca                vDispatch.58984
                0x000000000008619c                OS_eStartSWTimer.constprop.132
                0x00000000000862bb                OS_eContinueSWTimer.constprop.34
                0x000000000008639c                OS_eStopSWTimer
                0x00000000000864bf                OS_ePostMessage
                0x0000000000086625                os_vAPP_CommissionTimerTask
                0x000000000008663b                OS_eExitCriticalSection
                0x0000000000086720                OS_eActivateTask
                0x00000000000867bb                vPostMlmeDcfmInd.78119
                0x000000000008685e                PWRM_vWakeInterruptCallback
                0x00000000000868e5                iPDM_ReadUserDataFromEEPROMsegment
                0x000000000008695f                iPDM_ReCalculateWearCountAndChecksumAndWriteFileSystemHeader
                0x00000000000869a9                vPDM_SetEEPROMandFileSystemValidState
                0x00000000000869d0                iPDM_ReadUserDataFromFileSystemRecord
                0x00000000000869f0                vPDM_WriteFileSystemRecordAndSegmentDataIntoEEPROMsegment
                0x0000000000086a2b                u16ZCL_APduInstanceWriteNBO
                0x0000000000086a7f                u16ZCL_WriteCommandHeader
                0x0000000000086af7                u16ZCL_APduInstanceWriteStringNBO
                0x0000000000086bbe                u16ZCL_APduInstanceReadStringNBO
                0x0000000000086c93                eZCL_GetAttributeTypeSizeFromBuffer
                0x0000000000086d0a                u16ZCL_ReadTypeNBO
                0x0000000000086dbf                u16ZCL_APduInstanceReadNBO
                0x0000000000086e10                u16ZCL_ReadCommandHeader.part.0.43253
                0x0000000000086e87                eCLD_BasicCommandHandler
                0x0000000000086eb3                iPDM_ReadSegmentHeaderDataFromEEPROMsegment
                0x0000000000086f0c                ZPS_vNwkNibClearTables
                0x000000000008702d                iPDM_FilterDuplicateAppendedSegmentsOnList.121697
                0x0000000000087071                eCLD_ScenesFindActiveScene
                0x00000000000870a6                ZPS_bIsMacAddressUsedInApsTable
 .text          0x000000000008715c     0x162a C:\DOCUME~1\g\LOCALS~1\Temp\ccgUJPsj.ltrans3.ltrans.o
                0x000000000008715c                vPermitJoinHandleExpiry.130798
                0x0000000000087165                vNwkMcpsTimerCallback
                0x000000000008717f                zps_eSceGenlIllegal
                0x0000000000087186                zps_eSmeGenlIllegal
                0x000000000008718d                DBG_vUartFailedAssert
                0x0000000000087191                zps_bAplZdoBindRequestServer
                0x00000000000872cc                psGetVsMcpsBuf.78123
                0x00000000000872d5                psGetMlmeBuf.78116
                0x000000000008731c                psGetNlmeBuf.62215
                0x0000000000087326                psGetNldeBuf.62236
                0x0000000000087330                psGetApsmeBuf.62222
                0x0000000000087339                psGetApsdeBuf.62229
                0x000000000008733f                vLoopbackTimerCallback
                0x000000000008736e                zps_eNwkRctMatchNwkAddr
                0x00000000000873d8                zps_vRemoveNextHop
                0x000000000008748d                zps_vRemoveRoute
                0x0000000000087524                zps_psNwkRtMatchNwkAddr
                0x000000000008759a                zps_vNwkFreeMcpsHandle
                0x00000000000875c4                zps_psNwkMcpsMgrFindPendingByNwkDstAddr
                0x00000000000875da                ZPS_u64NwkNibGetMappedIeeeAddr
                0x00000000000875fc                ZPS_bNwkNibNtActvMatch
                0x00000000000876b4                bCheckNwkAddr
                0x0000000000087702                ZPS_vSetExtendedStatus
                0x0000000000087714                zps_psApsApsAllocateDcfmRecord
                0x0000000000087782                zps_u8CalcLinkCost
                0x00000000000877be                ZPS_u8NwkNibNtDiscMatch
                0x00000000000878a2                zps_u64NwkLibFromPayload
                0x00000000000878e1                zps_vNwkLibU64ToPayload
                0x000000000008790e                zps_vInitBeaconPayload
                0x000000000008798a                zps_eNwkDcfmIndPost
                0x00000000000879ad                zps_psNwkDcfmIndGetBuf
                0x00000000000879cf                eRouteRequestDataDcfm.131970
                0x0000000000087a23                eNldeDataDcfm.129805
                0x0000000000087a53                zps_vSendNwkStatusInd
                0x0000000000087a83                DBG_vInit
                0x0000000000087ac5                vPDM_ReadBitmapHeader.121382
                0x0000000000087ae4                psSLISTsearch
                0x0000000000087b24                psSLISTremove
                0x0000000000087ba2                vSLISTaddToTail
                0x0000000000087bc1                psSLISTgetNext
                0x0000000000087be5                u8PDM_CalculateFileSystemCapacity
                0x0000000000087c03                u8PDM_GetFileSystemOccupancy
                0x0000000000087c1b                u8PDM_CalculateLargestDataRecordStored
                0x0000000000087c4c                bPDM_ImageBitmapRepairCheck
                0x0000000000087c74                u8PDM_ReadSequenceNumber
                0x0000000000087c97                boSegmentNumberDeleteSearchMatch.120952
                0x0000000000087cb2                u8PDM_ReadSegmentDataSize
                0x0000000000087cc6                u32PDM_ReadFileSystemHeaderWearCount
                0x0000000000087cdc                boSearchForWearCountSubstitute.121268
                0x0000000000087d02                boSearchForWearCountInsertPoint.120521
                0x0000000000087d20                vPDM_WriteFileSystemHeaderWearCount
                0x0000000000087d32                RND_u32GetRand256
                0x0000000000087d4f                RND_u32GetRand
                0x0000000000087d76                u16CalculateFailedTxCount.96147
                0x0000000000087da0                vZdoIeeeAddrServerSendExtendResponse.part.0.81944
                0x0000000000087e01                vZdoNwkAddrServerSendExtendResponse.part.0.80764
                0x0000000000087e62                zps_bAplZdoServerHandleConfirmAcks
                0x0000000000087eac                zps_bPerformLeaveActionDecider
                0x0000000000087eb1                vHandleUpdateDeviceIndication.71281
                0x0000000000087edb                bDuplicateCheck.67648
                0x0000000000087fe8                eHandleRemoveNonBroadcastEndpointsFromGroup.66276
                0x0000000000088060                eHandleAddEntryToGroupTable.66239
                0x00000000000880bc                zps_vAplApsFillAndPostApsAck
                0x0000000000088126                zps_u8AplApsFreeMsgHandle
                0x0000000000088190                vFillDataIndStruct.62082
                0x00000000000881ee                vFillApduErrorEvent.62075
                0x0000000000088231                bCheckProfile.62070
                0x0000000000088278                ZPS_bIsGroupPresent
                0x00000000000882b0                PDUM_u16APduInstanceWriteStrNBO
                0x000000000008842f                pdum_u16ReadNBO
                0x0000000000088590                PDUM_eNPduReadHeaderNBO
                0x00000000000885e3                PDUM_u16APduInstanceReadNBO
                0x000000000008862d                PDUM_eNPduPrependHeaderNBO
                0x0000000000088688                zps_vInitAPSMECmdHdr
                0x00000000000886bf                PDUM_eNPduAppendDataNBO
                0x000000000008871c                PDUM_u16APduInstanceWriteNBO
 .text.unlikely
                0x0000000000088786       0xd0 C:\DOCUME~1\g\LOCALS~1\Temp\ccgUJPsj.ltrans3.ltrans.o
                0x0000000000088786                bIsBindTableMatch.66216
                0x00000000000887d7                eRemoveEntryInBindingTable.66244
 *fill*         0x0000000000088856        0x2 00
 .text          0x0000000000088858     0x154c C:\DOCUME~1\g\LOCALS~1\Temp\ccgUJPsj.ltrans4.ltrans.o
                0x0000000000088858                vfExtendedStatusCallBack
                0x0000000000088864                APP_ZCL_cbGeneralCallback.5858
                0x00000000000888f5                eCLD_LevelControlSceneEventHandler.17283
                0x0000000000088a81                vUnclaimedInterrupt.3314
                0x0000000000088a93                vPdmEventHandlerCallback.3308
                0x0000000000088b36                vOSError.3316
                0x0000000000088b7f                os_vAPP_RadioRecal
                0x0000000000088c30                os_vAPP_DiscoveryTimerTask
                0x0000000000088c80                bCLD_GroupsSearchForGroup.14594
                0x0000000000088cae                vCLD_IdentifyTimerClickCallback.15660
                0x0000000000088d41                DriverBulb_vOff
                0x0000000000088d5f                vSetBulbState.part.0.8100
                0x0000000000088da7                vSetBulbState
                0x0000000000088dcd                APP_vHandleIdentify
                0x0000000000088e1c                APP_ZCL_cbEndpointCallback.5855
                0x00000000000890f1                eCLD_ScenesSaveClusters.constprop.35
                0x0000000000089331                vCLD_ScenesUpdateSceneValid
                0x00000000000893e8                eCLD_OnOffSceneEventHandler.18730
                0x00000000000894ba                eCLD_LevelControlUpdate
                0x00000000000897df                eCLD_LevelControlStopTransition
                0x0000000000089827                eCLD_LevelControlSetOnOffState
                0x00000000000899b6                eCLD_OnOffSetGlobalSceneControl.constprop.22
                0x0000000000089a06                eCLD_ScenesUpdate
 .text          0x0000000000089da4     0x1366 C:\DOCUME~1\g\LOCALS~1\Temp\ccgUJPsj.ltrans5.ltrans.o
                0x0000000000089ded                zps_vAplSaveRecord
                0x0000000000089f1d                zps_bNwkFindAddIeeeAddr
                0x000000000008a09b                eCheckAddrConflict.isra.4.126948
                0x000000000008a131                vAplSecRemoveLinkKey.71374
                0x000000000008a1ae                ZPS_vNwkSaveAllRecords
                0x000000000008a1c5                zps_vSaveAllZpsRecords
                0x000000000008a1e4                ZPS_vNwkNibSetNwkAddr
                0x000000000008a202                zps_eNwkHandleSceRejnResponse
                0x000000000008a25f                ZPS_vNwkNibSetExtPanId
                0x000000000008a283                ZPS_vNwkNibSetKeySeqNum
                0x000000000008a297                ZPS_vNwkNibSetDepth
                0x000000000008a2c0                ZPS_vNwkNibSetUpdateId
                0x000000000008a2cf                vSendNetworkUpdate.126715
                0x000000000008a3ff                ZPS_vNwkNibSetPanId
                0x000000000008a41d                ZPS_vNwkNibSetCapabilityInfo
                0x000000000008a44a                ZPS_vNwkNibSetChannel
                0x000000000008a462                zps_u8NwkHandleRejoinReq
                0x000000000008a52b                zps_vProcessLocalAddrConflict
                0x000000000008a5d6                ZPS_vNtSetUsedStatus
                0x000000000008a67d                zps_vJoinInitNtParent
                0x000000000008a7d3                vContinueRejoin.138339
                0x000000000008a87a                zps_vBuildSortedActvNTList
                0x000000000008a938                zps_sNwkNibNtCheckJoin
                0x000000000008abe1                zps_vCheckActvNtForDuplicate
                0x000000000008ac7e                vFinish.139546
                0x000000000008acd4                eSmeOrphScanDcfm.139556
                0x000000000008ad4c                zps_eNwkHandleSceLeave
                0x000000000008af0e                zps_vCleanUnAuthenHandleExpiry
                0x000000000008b010                eUnsolicitedRejoinRspDataDcfm.126723
                0x000000000008b03b                eRejoinRspDataDcfm.138343
 .text          0x000000000008b10a     0x137c C:\DOCUME~1\g\LOCALS~1\Temp\ccgUJPsj.ltrans6.ltrans.o
                0x000000000008bf3a                os_vzps_taskZPS
                0x000000000008c163                ZPS_vNwkNibCheckAndUpdateAddresses
                0x000000000008c1fa                zps_bAplZdoDeviceAnnceServer
 *fill*         0x000000000008c486        0x2 00
 .text          0x000000000008c488     0x132c C:\DOCUME~1\g\LOCALS~1\Temp\ccgUJPsj.ltrans7.ltrans.o
                0x000000000008c574                vMiniMac_MlmeCallback
                0x000000000008c85f                vSendMlmeCommStatusFromTxFrame
                0x000000000008c8b5                MAC_vHandleMlmeVsReqRsp.constprop.83
                0x000000000008d0e1                vScanBeaconReceived
                0x000000000008d120                vPostDcfm.144868
                0x000000000008d189                vScanNextChannel.144874
                0x000000000008d3a0                vRunningRxCallback
                0x000000000008d6fc                iPDM_VerifyDataSequenceWithBufferId
                0x000000000008d79e                vRemoveAllGroupsAndScenes
 .text          0x000000000008d7b4      0xf58 C:\DOCUME~1\g\LOCALS~1\Temp\ccgUJPsj.ltrans8.ltrans.o
                0x000000000008d7b4                vBbcIntHandler.143505
                0x000000000008da7d                os_vzps_isrMAC
                0x000000000008dabc                eAssocRespSent.144414
                0x000000000008dadb                zps_vNwkHandleCmeSyncReq
                0x000000000008db5d                zps_vNwkHandleCmeIdleNwkFormReq
                0x000000000008dc05                zps_vNwkHandleCmeNwkDiscReq
                0x000000000008dc7f                zps_vNwkHandleCmeEdScanReq
                0x000000000008defc                zps_vNwkHandleCmeNwkJoinReq
                0x000000000008e1b9                zps_vNwkHandleCmeNwkActvJoinReq
                0x000000000008e391                vHandleRejoinExpiry.139105
                0x000000000008e3ef                zps_eRejoinDataDcfm
                0x000000000008e5b9                vSetKeys
                0x000000000008e647                vResetDataStructures
 .text          0x000000000008e70c     0x128c C:\DOCUME~1\g\LOCALS~1\Temp\ccgUJPsj.ltrans9.ltrans.o
                0x000000000008e70c                vHandleZllDeviceJoin
                0x000000000008ea38                vPostNldeDcfmInd.62239
                0x000000000008f528                vSaveScenesNVM
                0x000000000008f5cb                eCLD_GroupsRemoveAllGroups
                0x000000000008f69d                vManagePowerOnCountInit
                0x000000000008f6e7                os_vAPP_vManagePowerOnCount
                0x000000000008f73f                vPickChannel.4411
                0x000000000008f7ba                zps_eAplZdoGroupEndpointRemove
                0x000000000008f852                zps_eAplApsmeUpdateDeviceReqRsp.part.4.66373
 .text          0x000000000008f998     0x1041 C:\DOCUME~1\g\LOCALS~1\Temp\ccgUJPsj.ltrans10.ltrans.o
                0x000000000008f998                vMcpsMgrExpiry.127611
                0x000000000008f9f7                zps_vNwkHandleCmeRouteDiscoveryReq
                0x000000000008fa7d                vPDM_MoveAllDataFromListToList
                0x000000000008fabb                vPDM_MoveAllDataWithBufferIdAndStateFromListToList
                0x000000000008fb46                vPDM_MoveAllDataToDeAllocList
                0x000000000008fb6e                iPDM_ReconstructReplacedDataTable
                0x000000000008fded                vPDM_ImageBitmapRepair.120440
                0x000000000008fe4e                vPDM_MoveAllDataWithBufferIdFromListToList
                0x000000000008fed3                vPDM_DeleteAppendedSequence
                0x000000000008ff78                PDM_eSaveRecordData
                0x00000000000903ad                ZPS_vNwkSaveRecord
                0x00000000000903d9                ZPS_vNwkSaveNt
                0x00000000000903ec                ZPS_vNwkPurgeMacAddressAndRelatedEntries
                0x00000000000904f2                zps_eNwkHandleSmeCommStatusInd
                0x00000000000905a6                ZPS_vNwkSaveSecMat
                0x00000000000905f6                vPDM_DeleteSegmentsWithIdFromFileSystem
                0x0000000000090617                ZPS_vNwkResetOutgoingFrameCounter
                0x000000000009065c                zps_psSendBroadcastFrm
                0x00000000000906f2                ZPS_vNwkHandleNldeReqRsp
                0x00000000000908d2                zps_eAplApsmeCmdMgrSendCommand
                0x00000000000909af                zps_vAplApsmeCmdMgrRetryTimeout.66208
 .text          0x00000000000909d9      0xfe6 C:\DOCUME~1\g\LOCALS~1\Temp\ccgUJPsj.ltrans11.ltrans.o
                0x0000000000090a0f                os_vAPP_cbEnableTickTimer
                0x0000000000090a8f                os_vAPP_cbDisableTickTimer
                0x0000000000090ad3                vRetryCcaFailure
                0x0000000000090b28                os_vAPP_ButtonsScanTask
                0x0000000000090bce                eOrphanNotificationSent.144849
                0x0000000000090c17                eCLD_ScenesCountScenes
                0x0000000000090c31                dbg_vPrintfImplNoneVerbose
                0x00000000000910b8                bCLD_ScenesSearchForScene.23204
                0x0000000000091105                eCLD_ScenesAddScene
                0x0000000000091211                eCLD_ScenesFindScene
                0x0000000000091276                eCLD_ScenesStoreScene
                0x0000000000091360                DBG_vDumpStack
                0x00000000000913a2                eZCL_SearchForClusterEntry
                0x0000000000091440                eZCL_FindCluster.constprop.123
                0x000000000009148d                eCLD_ScenesRemoveAllScenes
                0x0000000000091549                eCLD_OnOffGetState
                0x0000000000091578                eCLD_LevelControlClusterIsPresent
                0x000000000009158f                eCLD_GroupsSetIdentifying
                0x00000000000915b2                eZCL_CustomCommandReceiveScenes.isra.0.part.1.22580.constprop.18
                0x00000000000916a6                eZCL_BuildTransmitAddressStructure
                0x0000000000091713                DriverBulb_vInit.part.0.8343
                0x0000000000091807                ZPS_bSecDecrypt
                0x0000000000091919                boPDM_IsBitmapSaturated.121417
                0x0000000000091962                APP_bButtonInitialise
                0x00000000000919a8                bWhite_LED_On
 .text          0x00000000000919bf     0x1383 C:\DOCUME~1\g\LOCALS~1\Temp\ccgUJPsj.ltrans12.ltrans.o
                0x00000000000919bf                vPDM_MoveFileRecordFromListToList
                0x00000000000919e2                vPDM_MoveRecordToDeAllocList
                0x0000000000091a02                vIncrementFrameCounterInPdm.isra.0.129017
                0x0000000000091be1                vProcessListsForSubmission.127727
                0x0000000000091e9b                zps_vNwkMcpsMgrPost
                0x0000000000091ebf                zps_psNwkInitiateRouteDiscovery
                0x00000000000921f7                zps_psSendFrm
                0x0000000000092513                zps_eNwkHandleSceRouteRecord
                0x00000000000925e7                zps_psNwkSendRejoinReqCmd.constprop.8
                0x0000000000092657                zps_psSendNetworkStatusCmd
                0x00000000000926c4                vSendNetworkReport.126711
                0x000000000009279e                psSendRouteReplyCmd.131952
                0x00000000000928b0                zps_eNwkHandleSceRouteReply
                0x0000000000092bef                zps_psNwkPropagateLocalLeave
                0x0000000000092c17                zps_vNwkHandleCmeLeaveReq
                0x0000000000092ce5                iPDM_SegmentCopyAndAppendData.constprop.131
 .text          0x0000000000092d42     0x15ba C:\DOCUME~1\g\LOCALS~1\Temp\ccgUJPsj.ltrans13.ltrans.o
                0x0000000000092d42                OS_eEnterCriticalSection
                0x0000000000092e0a                PDUM_hAPduAllocateAPduInstance
                0x0000000000092e7e                zps_eAplZdoSendZdpResponse
                0x0000000000092ec7                bSendResponse.94958
                0x0000000000092f0a                PDUM_eAPduFreeAPduInstance
                0x0000000000092f8d                zps_bAplZdoMatchDescServer.part.0.83141
                0x0000000000093249                zps_bAplZdoNodeDescServer
                0x00000000000933b5                zps_bAplZdoSimpleDescServer
                0x0000000000093616                zps_bAplZdoPowerDescServer
                0x0000000000093733                zps_bAplZdoActiveEpServer
                0x000000000009381c                zps_bAplZdoSystemServerDiscoveryServer
                0x00000000000938a5                zps_bAplZdoMgmtLqiServer
                0x0000000000093ad1                zps_bAplZdoMgmtRtgServer
                0x0000000000093c17                PDM_eReadDataFromRecord.part.0.119764
                0x0000000000093c9a                vLoadNwkRecord.128583
                0x0000000000093cd8                vLoadAplRecord.71308
                0x0000000000093d0c                ZPS_eTsvStart
                0x0000000000093d67                zps_eAplZdoBdrmRequestSend
                0x0000000000093de2                zps_eNwkHandleSceNwkUpdate
                0x0000000000093e06                vProcessTimedList.127639
                0x0000000000093e4c                zps_vNwkMcpsMgrPostTimed
                0x0000000000093e5f                vNwkMcpsSendTimedDfcm
                0x0000000000093ea3                zps_vAplAfPostTimerEvent
                0x0000000000093f20                zps_vExpireOldRoutes
                0x0000000000093fa9                zps_vNwkJoinStStartResponseTimer
                0x0000000000093fe3                ZPS_eTsvStop
                0x0000000000094037                zps_vNwkHandleCmePermitJoinReq
                0x000000000009409f                zps_eNwkBtrMatch
                0x000000000009419c                zps_vAplApsStopPollTimer.part.2.64715
                0x0000000000094223                eHandleRemoveBroadcastEndpointsFromGroup.66235
                0x000000000009427d                eZCL_SetReceiveEventAddressStructure
 *fill*         0x00000000000942fc        0x0 00
 .text          0x00000000000942fc     0x1210 C:\DOCUME~1\g\LOCALS~1\Temp\ccgUJPsj.ltrans14.ltrans.o
                0x00000000000943ab                zps_eNwkHandleSmeOrphanInd
                0x0000000000094717                zps_eNwkHandleSmeAssocInd
                0x0000000000094739                zps_eNwkHandleSceRejnRequest
                0x00000000000947b9                vStartScanTimerExpiry.96143
                0x00000000000947f5                zps_vAplApsPollTimer
                0x00000000000949c1                vPostNlmeDcfmInd.62218
                0x00000000000950d2                zps_vProcessChildAddrConflict
                0x0000000000095195                zps_eNwkHandleSceNwkStatus
                0x0000000000095353                vDiscoverNetworks.4414
                0x00000000000953e6                vTryNwkJoin.4416
 .text          0x000000000009550c     0x110b C:\DOCUME~1\g\LOCALS~1\Temp\ccgUJPsj.ltrans15.ltrans.o
                0x0000000000095574                zps_vNwkHandleCmeActvStartRouterReq
                0x00000000000956af                vHandleNwkLocalUpdateAfterBcast.126728
                0x0000000000095703                vHandleNwkRemoteUpdateAfterBcast.126719
                0x0000000000095756                eSmeAcScScanDcfm.136487
                0x0000000000095a24                ZPS_pvNwkCtor.constprop.80
                0x0000000000095fa7                ZPS_vNwkHandleNlmeReqRsp
                0x0000000000096024                zps_vAplAfPostEvent
                0x0000000000096211                zps_eAplZdoLeaveNetwork.constprop.57
                0x000000000009623c                zps_bAplZdoMgmtLeaveServer
                0x00000000000963bc                zps_eAplZdoNlmePermitJoiningWrapper
                0x00000000000963e4                zps_bAplZdoPermitJoiningServer
                0x000000000009647e                vChangeChannelTimerExpiry.96139
                0x00000000000964e1                eLeaveReset.140539
                0x000000000009654c                eLeaveDataDcfmLocalLeave.140549
                0x00000000000965c6                zps_eAplZdoZllStartRouter
 *fill*         0x0000000000096617        0x1 00
 .text          0x0000000000096618     0x1020 C:\DOCUME~1\g\LOCALS~1\Temp\ccgUJPsj.ltrans16.ltrans.o
                0x000000000009683f                zps_bAplZdoMgmtNWKUpdateServer
                0x0000000000096baf                eZCL_TransmitDataRequest
                0x0000000000096f19                eZCL_SendDefaultResponse
                0x0000000000097018                eZCL_CustomCommandReceive
                0x000000000009718e                eCLD_OnOffCommandHandler
 .text          0x0000000000097638      0xe88 C:\DOCUME~1\g\LOCALS~1\Temp\ccgUJPsj.ltrans17.ltrans.o
                0x00000000000977e2                eBeaconReqSent.144853
                0x0000000000097809                zps_bAplZdoIeeeAddrServer
                0x000000000009795f                zps_bAplZdoNwkAddrServer
                0x0000000000097b9e                eMcpsTxCompleteHandler.143706
                0x0000000000097bcc                vPDM_AddFileSystemElementToListInAscendingWearCountOrder
                0x0000000000097cda                iPDM_WriteSegmentHeaderAndData
                0x0000000000097ed6                vTransformKey.isra.0.67767
                0x0000000000097f06                zps_u8AplApsConstructAndPostLoopBackDataInd.64826
                0x000000000009803f                u8PostUnicastMsgToNHLE.64834
                0x0000000000098078                PWRM_vManagePower
                0x00000000000981c2                vFreePendingReqDescr
                0x000000000009822d                vHandleRouteDiscoveryExpiry.131530
                0x000000000009828b                zps_vSendJoinDcfm
                0x00000000000982d2                vGiveUp.139109
                0x000000000009830a                ZPS_bSecEncrypt
 .text.unlikely
                0x00000000000984c0       0xaa C:\DOCUME~1\g\LOCALS~1\Temp\ccgUJPsj.ltrans17.ltrans.o
                0x00000000000984c0                eMakeEntryInBindingTable.66262
 .text          0x000000000009856a     0x101d C:\DOCUME~1\g\LOCALS~1\Temp\ccgUJPsj.ltrans18.ltrans.o
                0x000000000009856a                eCLD_ScenesCommandHandler
 .text          0x0000000000099587     0x1374 C:\DOCUME~1\g\LOCALS~1\Temp\ccgUJPsj.ltrans19.ltrans.o
                0x0000000000099587                zps_eNwkHandleSceLinkStatus
                0x00000000000996bb                zps_vNwkHandleCmeDirectJoinReq
                0x000000000009973a                zps_psFindKeyDescr
                0x000000000009986e                zps_eAplSecEncryptPacket
                0x000000000009995d                eUnfragmentedUnicastTransmission.64809
                0x0000000000099cb7                zps_eAplSendApsmeCmdFrame
                0x0000000000099e28                vApsmeResendTimeOutHandler
                0x0000000000099e57                ZPS_bNwkNibAddrMapAddEntry
                0x000000000009a01e                zps_vAgeRouter
                0x000000000009a05d                zps_eNwkHandleSdeActvDcfmData
                0x000000000009a1e7                vMcpsMgrTimeoutExpiry
                0x000000000009a256                zps_eDefaultDataDcfm
                0x000000000009a42b                zps_vLinkStatusHandleExpiry
                0x000000000009a4cc                zps_eNwkHandleSceRouteRequest
 .text.unlikely
                0x000000000009a8fb       0x5f C:\DOCUME~1\g\LOCALS~1\Temp\ccgUJPsj.ltrans19.ltrans.o
                0x000000000009a8fb                vInitUnknownNeighbor.127623
 .text          0x000000000009a95a     0x1085 C:\DOCUME~1\g\LOCALS~1\Temp\ccgUJPsj.ltrans20.ltrans.o
                0x000000000009a95a                zps_bAplZdoMatchDescServer
                0x000000000009a96e                PDUM_eNPduAllocate
                0x000000000009a9dd                vMiniMac_McpsCallback
                0x000000000009ac09                PDUM_eNPduClone
                0x000000000009ac55                PDUM_eNPduFree
                0x000000000009acc2                vPostVsMcpsDcfmInd.78126
                0x000000000009adac                ZPS_vInterceptMcpsDataCallback
                0x000000000009ae0e                zps_vNwkMcpsMgrFreeReqDescr
                0x000000000009ae40                zps_psAllocateAndFormatMacHdr
                0x000000000009b129                zps_psNwkInitCmdFrame
                0x000000000009b1a8                eSendLinkStatusDataDcfm.part.1.125676
                0x000000000009b2da                zps_vNwkRemoveConflictedBroadcast
                0x000000000009b32c                zps_vNwkMcpsMgrTidyBtrReqDescr
                0x000000000009b370                vNwkBttTimerExpiry.134047
                0x000000000009b48d                MAC_vHandleMcpsVsReqRsp
                0x000000000009b7b0                hZCL_AllocateAPduInstance
                0x000000000009b7ec                eZCL_TransmitInterPanRequest.constprop.32
                0x000000000009b857                eCLD_ZllCommissionCommandNetworkJoinRouterRspCommandSend.constprop.27
                0x000000000009b881                eSendScanResponse.6645.constprop.30
 *fill*         0x000000000009b9df        0x1 00
 .text          0x000000000009b9e0      0xfac C:\DOCUME~1\g\LOCALS~1\Temp\ccgUJPsj.ltrans21.ltrans.o
                0x000000000009b9e0                vAplSecAuthPollTimerExpiry.71258
                0x000000000009ba38                vAplSecAuthTimerExpiry.71262
                0x000000000009bb08                vHandleApsInterPanDcfmData
                0x000000000009bf36                vPostApsdeDcfmInd.62232
                0x000000000009c13e                zps_vHandleApsdeDataFragIndNotSupported
                0x000000000009c1a6                vApsInterPanMcpsDataInd
                0x000000000009c34d                eDiscoverNetworks.71328
                0x000000000009c3a9                zps_eAplZdoDiscoverNetworks
                0x000000000009c3d2                eStartNetworkDiscovery.71335
                0x000000000009c45f                eStartRouter.71345
                0x000000000009c52e                vPostApsmeDcfmInd.62225
 .text          0x000000000009c98c     0x12bf C:\DOCUME~1\g\LOCALS~1\Temp\ccgUJPsj.ltrans22.ltrans.o
                0x000000000009c98c                os_bDummyMemberCheck.58994
                0x000000000009c991                os_vDefaultErrorHook.58990
                0x000000000009c994                vOverideProfileId.8096
                0x000000000009c9a1                os_bStrictCheck.1358
                0x000000000009cce6                pdum_u16WriteNBO
                0x000000000009cdf9                PDUM_u16SizeNBO
                0x000000000009ce57                PDUM_thAPduInstanceGetApdu
                0x000000000009ce72                PDUM_eAPduInstanceSetPayloadSize
                0x000000000009ce9a                PDUM_eNPduWriteDataFromBuffer
                0x000000000009cef4                PDUM_eNPduWriteDataToBuffer
                0x000000000009cf52                PDUM_eNPduWriteFromBuffer
                0x000000000009cf7b                PDUM_eNPduDescend
                0x000000000009cfa1                PDUM_eNPduAscend
                0x000000000009cfc7                PDUM_eNPduClaimData
                0x000000000009d034                PDUM_eNPduClaimHeader
                0x000000000009d057                PDUM_eNPduInitDescending
                0x000000000009d072                eExpireSWTimer.59003
                0x000000000009d0dd                vEnterErrorHook.58986
                0x000000000009d104                OS_eCollectMessage
                0x000000000009d1c9                eZCL_BuildClientTransmitAddressStructure
                0x000000000009d1fa                eZCL_GetAttributeTypeSize
                0x000000000009d219                vZCL_MarkAttributeInvalid
                0x000000000009d2e8                eZCL_CheckEPstructureIntegrity.39006
                0x000000000009d4d0                u8ZCL_GetAttributeAllignToFourBytesBoundary
                0x000000000009d4e5                pvZCL_GetAttributePointer
                0x000000000009d55b                u16ZCL_WriteTypeNBO.part.0.40360
                0x000000000009d5d0                u16ZCL_GetStringStructureSize
                0x000000000009d60d                u16ZCL_GetStringAttributeTypeSizeFromBuffer
                0x000000000009d67e                u16ZCL_GetStringSizeAndBufferFromStructure
                0x000000000009d70d                bZCL_SendCommandResponse
                0x000000000009d729                vZCL_GetInternalMutex
                0x000000000009d752                eZCL_GetMutex
                0x000000000009d78a                u8ZCL_GetEPIdFromIndex
                0x000000000009d7ac                vZCL_ReleaseInternalMutex
                0x000000000009d7c6                eZCL_SearchForAttributeEntry
                0x000000000009d886                vCLD_ScenesGenerateIndividualAttributeCallback
                0x000000000009d8e0                eZCL_SearchForEPentry
                0x000000000009d93b                eZCL_SearchForEPentryAndCheckManufacturerId
                0x000000000009d979                vZCL_PassEventToUser
                0x000000000009d9a6                eZCL_ReleaseMutex
                0x000000000009d9d5                eZCL_Register.part.1.39015
                0x000000000009da03                boDLISTisEmpty
                0x000000000009da1b                vDLISTaddToTail
                0x000000000009da49                psDLISTremoveFromHead
                0x000000000009da72                psDLISTremove
                0x000000000009daca                vWriteU64ToPayLoad.25537
                0x000000000009daf7                vWriteU32ToPayLoad.25533
                0x000000000009db0f                InvShiftRows
                0x000000000009dba2                InvSubBytes
                0x000000000009dbe8                AddRoundKey
                0x000000000009dc29                getSBoxValue.5207
 *fill*         0x000000000009dc4b        0x1 00
 .text          0x000000000009dc4c      0xdd8 C:\DOCUME~1\g\LOCALS~1\Temp\ccgUJPsj.ltrans23.ltrans.o
                0x000000000009e5b1                os_vTick_Task
                0x000000000009e996                os_vZCL_Task
 .text          0x000000000009ea24      0xf5c C:\DOCUME~1\g\LOCALS~1\Temp\ccgUJPsj.ltrans24.ltrans.o
                0x000000000009ee9a                eCLD_ZllCommissionCommandHandler
                0x000000000009f0d1                eCLD_LevelControlCommandHandler
                0x000000000009f4ec                vZCL_HandleAttributesWriteRequest
 .text          0x000000000009f980      0xd84 C:\DOCUME~1\g\LOCALS~1\Temp\ccgUJPsj.ltrans25.ltrans.o
                0x000000000009f980                eZCL_CustomCommandSend.constprop.23
                0x000000000009fbe2                eCLD_IdentifyCommandHandler
                0x00000000000a00ea                eCLD_GroupsCommandHandler
 .text          0x00000000000a0704     0x1018 C:\DOCUME~1\g\LOCALS~1\Temp\ccgUJPsj.ltrans26.ltrans.o
                0x00000000000a0704                os_vAPP_Commission_Task
 .text          0x00000000000a171c      0xdb0 C:\DOCUME~1\g\LOCALS~1\Temp\ccgUJPsj.ltrans27.ltrans.o
                0x00000000000a1795                zps_bAplZdoDefaultServer
                0x00000000000a1afe                zps_bAplZdoZdoClient
                0x00000000000a1f6e                zps_eZdpMgmtLeaveResponse
                0x00000000000a1f8f                zps_eZdpMgmtPermitJoiningResponse
                0x00000000000a1ff2                zps_eAplZdpDeviceAnnceRequest.part.0.99979
                0x00000000000a2039                os_vAPP_ZPR_Light_Task
 .text          0x00000000000a24cc      0xce3 C:\DOCUME~1\g\LOCALS~1\Temp\ccgUJPsj.ltrans28.ltrans.o
                0x00000000000a2506                DBG_vUartInitHardware
                0x00000000000a2643                bPCA9634_WriteRegister
                0x00000000000a26c1                MAC_u64GetExtAddr
                0x00000000000a26dc                ZPS_u64NwkNibFindExtAddr
                0x00000000000a2787                eCLD_ScenesSetLastConfiguredBy.isra.2.22596
                0x00000000000a27be                ZPS_u16NwkNibFindNwkAddr
                0x00000000000a2864                iPDM_SearchForBufferIdInList
                0x00000000000a2899                iPDM_SearchForBufferIdInFileSystem
                0x00000000000a28ac                iPDM_ReadUserDataFromSegmentWithId
                0x00000000000a28e1                iPDM_SearchForSpecificSegmentInList
                0x00000000000a2913                psGetTxFrameBuffer
                0x00000000000a2952                psGetAndBuildCoordRealignment
                0x00000000000a29aa                MAC_vPibSetRxOnWhenIdle.constprop.82
                0x00000000000a29b4                eTransmit
                0x00000000000a2a91                eBuildAndSend.144857
                0x00000000000a2b06                vMiniMac_TxComplete
                0x00000000000a2bef                vStartTransmit.144132
                0x00000000000a2d44                vTimerFired
                0x00000000000a2dfc                vMiniMac_Init
 .text          0x00000000000a31af      0x814 C:\DOCUME~1\g\LOCALS~1\Temp\ccgUJPsj.ltrans29.ltrans.o
                0x00000000000a31af                zps_eZdpNwkAddrResponse
                0x00000000000a3292                zps_eZdpIeeeAddrResponse
                0x00000000000a3375                zps_eAplZdpMgmtRtgResponse
                0x00000000000a343c                zps_eZdpMgmtNwkUpdateNotifyResponse
                0x00000000000a34ee                zps_eZdpNodeDescResponse
                0x00000000000a3596                zps_eZdpPowerDescResponse
                0x00000000000a3633                zps_eZdpSimpleDescResponse
                0x00000000000a3740                zps_eZdpActiveEpResponse
                0x00000000000a37d6                zps_eZdpMatchDescResponse
                0x00000000000a386c                zps_eZdpSystemServerDiscoveryResponse
                0x00000000000a38db                zps_eAplZdpMgmtLqiResponse
 .text          0x00000000000a39c3      0x4ea C:\DOCUME~1\g\LOCALS~1\Temp\ccgUJPsj.ltrans30.ltrans.o
                0x00000000000a39c3                ZPS_vAplHandleApsdeReqRsp
                0x00000000000a3de3                zps_eAplZdpApsdeReqInternal
                0x00000000000a3e52                zps_eAplZdpGenStatusOnlyResponse
 .text          0x00000000000a3ead      0x4a8 C:\DOCUME~1\g\LOCALS~1\Temp\ccgUJPsj.ltrans31.ltrans.o
                0x00000000000a3ead                AppWarmStart
                0x00000000000a3ec7                AppColdStart
                0x00000000000a4123                os_vUnclaimedInterrupt
                0x00000000000a4135                os_vControlledIntCheck
                0x00000000000a417a                os_vControlledInterrupt
                0x00000000000a41b3                os_vvISR_SystemController
                0x00000000000a41df                os_vvISR_Timer4
                0x00000000000a41ee                os_vvISR_Timer3
                0x00000000000a41fd                os_vAPP_isrIllegalInstruction
                0x00000000000a4213                os_vAPP_isrAlignmentException
                0x00000000000a4229                os_vAPP_isrBusErrorException
                0x00000000000a423f                os_vAPP_isrUnimplementedModuleException
                0x00000000000a4252                os_vAPP_isrStackOverflowException
                0x00000000000a4265                os_vAPP_isrTickTimer
 .text          0x00000000000a4355       0x25 c:/nxp/bstudio_nxp/sdk/tools/ba-elf-ba2-r36379/bin/../lib/gcc/ba-elf/4.7.4/../../../../ba-elf/lib/mcpu_jn51xx_sizeopt\libc.a(lib_a-memcmp.o)
                0x00000000000a4355                memcmp
 .text          0x00000000000a437a       0x19 c:/nxp/bstudio_nxp/sdk/tools/ba-elf-ba2-r36379/bin/../lib/gcc/ba-elf/4.7.4/../../../../ba-elf/lib/mcpu_jn51xx_sizeopt\libc.a(lib_a-memcpy.o)
 .text          0x00000000000a4393       0x12 c:/nxp/bstudio_nxp/sdk/tools/ba-elf-ba2-r36379/bin/../lib/gcc/ba-elf/4.7.4/../../../../ba-elf/lib/mcpu_jn51xx_sizeopt\libc.a(lib_a-memset.o)
                0x00000000000a4393                memset
 .text          0x00000000000a43a5       0x12 c:/nxp/bstudio_nxp/sdk/tools/ba-elf-ba2-r36379/bin/../lib/gcc/ba-elf/4.7.4/../../../../ba-elf/lib/mcpu_jn51xx_sizeopt\libc.a(lib_a-strlen.o)
                0x00000000000a43a5                strlen
 .text          0x00000000000a43b7       0x2b c:/nxp/bstudio_nxp/sdk/tools/ba-elf-ba2-r36379/bin/../lib/gcc/ba-elf/4.7.4/../../../../ba-elf/lib/mcpu_jn51xx_sizeopt\libc.a(lib_a-strncpy.o)
                0x00000000000a43b7                strncpy
 *fill*         0x00000000000a43e2        0x2 00
 .text          0x00000000000a43e4      0x204 c:/nxp/bstudio_nxp/sdk/tools/ba-elf-ba2-r36379/bin/../lib/gcc/ba-elf/4.7.4/mcpu_jn51xx_sizeopt\libgcc.a(__udivsi3.o)
                0x00000000000a43e4                __udivsi3
 .text          0x00000000000a45e8       0x30 c:/nxp/bstudio_nxp/sdk/tools/ba-elf-ba2-r36379/bin/../lib/gcc/ba-elf/4.7.4/mcpu_jn51xx_sizeopt\libgcc.a(__divsi3.o)
                0x00000000000a45e8                __divsi3
 .text          0x00000000000a4618      0x1b0 c:/nxp/bstudio_nxp/sdk/tools/ba-elf-ba2-r36379/bin/../lib/gcc/ba-elf/4.7.4/mcpu_jn51xx_sizeopt\libgcc.a(__umodsi3.o)
                0x00000000000a4618                __umodsi3
 .text          0x00000000000a47c8       0x24 c:/nxp/bstudio_nxp/sdk/tools/ba-elf-ba2-r36379/bin/../lib/gcc/ba-elf/4.7.4/mcpu_jn51xx_sizeopt\libgcc.a(__modsi3.o)
                0x00000000000a47c8                __modsi3
 .text          0x00000000000a47ec      0x3bd c:/nxp/bstudio_nxp/sdk/tools/ba-elf-ba2-r36379/bin/../lib/gcc/ba-elf/4.7.4/mcpu_jn51xx_sizeopt\libgcc.a(_divdi3.o)
                0x00000000000a47ec                __divdi3
 .text          0x00000000000a4ba9      0x350 c:/nxp/bstudio_nxp/sdk/tools/ba-elf-ba2-r36379/bin/../lib/gcc/ba-elf/4.7.4/mcpu_jn51xx_sizeopt\libgcc.a(_udivdi3.o)
                0x00000000000a4ba9                __udivdi3
 *fill*         0x00000000000a4ef9        0x7 00
 .text          0x00000000000a4f00      0x1d0 c:/NXP/bstudio_nxp/workspace/JN-AN-1171-ZigBee-LightLink-Demo/Light_OnOffLight/Build/os_irq.o
                0x00000000000a4f00                os_ExternalException_W
                0x00000000000a4f44                os_PIC_ChannelPriorities
                0x00000000000a4f54                os_OSMIUM_HwVectTable
                0x00000000000a4f90                os_PIC_SwVectTable
 .text          0x00000000000a50d0       0x29 c:/NXP/bstudio_nxp/workspace/JN-AN-1171-ZigBee-LightLink-Demo/Light_OnOffLight/Build/os_irq_alignment.o
                0x00000000000a50d0                IRQ_Alignment
 .text          0x00000000000a50f9       0x29 c:/NXP/bstudio_nxp/workspace/JN-AN-1171-ZigBee-LightLink-Demo/Light_OnOffLight/Build/os_irq_buserror.o
                0x00000000000a50f9                IRQ_BusError
 .text          0x00000000000a5122       0x29 c:/NXP/bstudio_nxp/workspace/JN-AN-1171-ZigBee-LightLink-Demo/Light_OnOffLight/Build/os_irq_illegalinstruction.o
                0x00000000000a5122                IRQ_IllegalInstruction
 .text          0x00000000000a514b       0x29 c:/NXP/bstudio_nxp/workspace/JN-AN-1171-ZigBee-LightLink-Demo/Light_OnOffLight/Build/os_irq_stackoverflowexception.o
                0x00000000000a514b                IRQ_StackOverflowException
 .text          0x00000000000a5174       0x29 c:/NXP/bstudio_nxp/workspace/JN-AN-1171-ZigBee-LightLink-Demo/Light_OnOffLight/Build/os_irq_unimplementedmodule.o
                0x00000000000a5174                IRQ_UnimplementedModule
 *fill*         0x00000000000a519d        0x3 00
 .text          0x00000000000a51a0       0xc0 c:/NXP/bstudio_nxp/sdk/JN-SW-4168/Components/Library\libOS_JN516x.a(os_contirq_JN516x.o)
                0x00000000000a51a0                os_ExternalException_R
                0x00000000000a51d0                os_CFunc_W
                0x00000000000a5220                os_UnclaimedException_W
                0x00000000000a5240                os_UnclaimedInterrupt_W
 .text          0x00000000000a5260       0x48 c:/NXP/bstudio_nxp/sdk/JN-SW-4168/Components/Library\libPWRM_JN516x.a(pwrm_setjmp_JN516x.o)
                0x00000000000a5260                setjmp
                0x00000000000a5284                PWRM_longjmp
 .text          0x00000000000a52a8       0x27 c:/NXP/bstudio_nxp/sdk/JN-SW-4168/Components/Library\libHardwareApi_JN5169.a(AHI_Interrupt.o)
                0x00000000000a52a8                vAHI_InterruptSetPriority
                0x00000000000a52c6                vAHI_InterruptSetActivePriorityLevel
 .text.vMicroSyscall
                0x00000000000a52cf       0x17 c:/NXP/bstudio_nxp/sdk/JN-SW-4168/Components/Library\libMicroSpecific_JN516x.a(MicroSyscall_ba.o)
                0x00000000000a52cf                vMicroSyscall
 .text          0x00000000000a52e6        0x0 c:/NXP/bstudio_nxp/sdk/JN-SW-4168/Components/Library\libOS_JN516x.a(os_version_lc.o)
                0x00000000000a52e6                OS_Version_1v2
 .text          0x00000000000a52e6        0x0 c:/NXP/bstudio_nxp/sdk/JN-SW-4168/Components/Library\libZPSAPL_JN516x.a(zps_apl_version_lc.o)
                0x00000000000a52e6                ZPS_APL_Version_2v0
 .text          0x00000000000a52e6        0x0 c:/NXP/bstudio_nxp/sdk/JN-SW-4168/Components/Library\libZPSNWK_JN516x.a(zps_nwk_version_lc.o)
                0x00000000000a52e6                ZPS_NWK_Version_2v0
                0x00000000000a52e6                _flash_end = ABSOLUTE (.)

.rela.dyn       0x00000000000a52e8        0x0
 .rela.text     0x0000000000000000        0x0 c:/NXP/bstudio_nxp/workspace/JN-AN-1171-ZigBee-LightLink-Demo/Light_OnOffLight/Build/os_irq.o
 .rela.data     0x0000000000000000        0x0 c:/NXP/bstudio_nxp/workspace/JN-AN-1171-ZigBee-LightLink-Demo/Light_OnOffLight/Build/os_irq.o
 .rela.rodata   0x0000000000000000        0x0 c:/NXP/bstudio_nxp/workspace/JN-AN-1171-ZigBee-LightLink-Demo/Light_OnOffLight/Build/os_irq.o
                0x000000000400004c                . = ORIGIN (ram)

.data           0x000000000400004c      0x7fc load address 0x00000000000a52e8
                0x000000000400004c                _ram_data_start = ABSOLUTE (.)
 *(.data*)
 .data          0x000000000400004c       0xc0 C:\DOCUME~1\g\LOCALS~1\Temp\ccgUJPsj.ltrans0.ltrans.o
                0x000000000400004c                u8MiniMacConfig_MaxConcurrentAssocResponses
                0x0000000004000050                psShadowRxBuffer
 .data          0x000000000400010c        0x4 C:\DOCUME~1\g\LOCALS~1\Temp\ccgUJPsj.ltrans1.ltrans.o
                0x000000000400010c                u32HeapStart
 .data          0x0000000004000110        0x1 C:\DOCUME~1\g\LOCALS~1\Temp\ccgUJPsj.ltrans6.ltrans.o
 .data          0x0000000004000111        0x2 C:\DOCUME~1\g\LOCALS~1\Temp\ccgUJPsj.ltrans11.ltrans.o
 *fill*         0x0000000004000113        0x1 00
 .data          0x0000000004000114        0x4 C:\DOCUME~1\g\LOCALS~1\Temp\ccgUJPsj.ltrans17.ltrans.o
                0x0000000004000114                bCanLoopback.65055
 .data          0x0000000004000118        0x6 C:\DOCUME~1\g\LOCALS~1\Temp\ccgUJPsj.ltrans20.ltrans.o
 *fill*         0x000000000400011e        0x2 00
 .data          0x0000000004000120       0xa4 C:\DOCUME~1\g\LOCALS~1\Temp\ccgUJPsj.ltrans22.ltrans.o
                0x0000000004000120                s_asapduZCLInstances
                0x0000000004000198                s_asapduZDPInstances
 .data          0x00000000040001c4        0xc C:\DOCUME~1\g\LOCALS~1\Temp\ccgUJPsj.ltrans23.ltrans.o
 .data          0x00000000040001d0       0x40 C:\DOCUME~1\g\LOCALS~1\Temp\ccgUJPsj.ltrans26.ltrans.o
                0x00000000040001d0                sDeviceTable
                0x00000000040001e8                sZllState
 .data          0x0000000004000210        0x1 C:\DOCUME~1\g\LOCALS~1\Temp\ccgUJPsj.ltrans28.ltrans.o
 *fill*         0x0000000004000211        0x7 00
 .data          0x0000000004000218      0x618 C:\DOCUME~1\g\LOCALS~1\Temp\ccgUJPsj.ltrans31.ltrans.o
                0x0000000004000218                s_keyPairTableStorage.3129
                0x0000000004000278                os_Mutex_mutexMAC
                0x0000000004000280                os_Mutex_mutexZPS
                0x0000000004000288                s_sApl.3084
                0x00000000040003d8                os_Message_APP_msgZpsEvents_ZCL
                0x00000000040003fc                os_SWTimer_APP_cntrTickTimer_APP_DiscoveryTimer
                0x0000000004000418                os_SWTimer_APP_cntrTickTimer_APP_CommissionTimer
                0x0000000004000434                os_SWTimer_APP_cntrTickTimer_APP_TickTimer
                0x0000000004000450                os_Message_APP_msgZpsEvents
                0x0000000004000474                os_Message_APP_msgEvents
                0x0000000004000498                os_Message_APP_msgPOREvents
                0x00000000040004bc                os_Message_APP_DiscoveryEvents
                0x00000000040004e0                os_Message_APP_CommissionEvents
                0x0000000004000504                os_SWTimer_APP_cntrTickTimer_APP_RadioRecalTimer
                0x0000000004000520                os_Message_zps_msgMlmeDcfmInd
                0x0000000004000544                os_Message_zps_msgTimeEvents
                0x0000000004000568                os_Message_zps_msgMcpsDcfmInd
                0x000000000400058c                os_Message_zps_msgMcpsDcfm
                0x00000000040005b0                os_SWTimer_APP_cntrTickTimer_APP_PowerOnCountTimer
                0x00000000040005cc                os_Task_ZCL_Task
                0x00000000040005d8                os_Task_APP_ButtonsScanTask
                0x00000000040005e4                os_Task_APP_DiscoveryTimerTask
                0x00000000040005f0                os_Task_APP_CommissionTimerTask
                0x00000000040005fc                os_Task_Tick_Task
                0x0000000004000608                os_Task_APP_ZPR_Light_Task
                0x0000000004000614                os_Task_APP_Commission_Task
                0x0000000004000620                os_Task_zps_taskZPS
                0x000000000400062c                os_Task_APP_vManagePowerOnCount
                0x0000000004000638                os_SWTimer_APP_cntrTickTimer_APP_ButtonsScanTimer
                0x0000000004000654                u8AhiBaudRate.121883
                0x0000000004000655                bFirstCalled.3145.8390
                0x0000000004000658                s_prbMemberCheck.59110
                0x000000000400065c                s_prvErrorHook.59108
                0x0000000004000660                g_u8ZpsExpiryMaxCount
 .data.s_asAPduPool
                0x0000000004000830       0x18 c:/NXP/bstudio_nxp/workspace/JN-AN-1171-ZigBee-LightLink-Demo/Light_OnOffLight/Build/pdum_apdu.o
                0x0000000004000830                pdum_apduZDP
                0x0000000004000830                s_asAPduPool
                0x000000000400083c                pdum_apduZCL
 *(.data.*)
                0x0000000004000848                . = ALIGN (0x4)
                0x0000000004000848                _ram_data_end = ABSOLUTE (.)

.bss            0x0000000004000848     0x3c38 load address 0x00000000000a5ae4
                0x0000000004000848                _bss_start = ABSOLUTE (.)
 *(.bss*)
 .bss           0x0000000004000848     0x10a8 C:\DOCUME~1\g\LOCALS~1\Temp\ccgUJPsj.ltrans0.ltrans.o
                0x0000000004000848                psNextWake.59181
                0x000000000400084c                s_bWakeTimerActive.59182
                0x000000000400084d                s_ePowerMode.59183
                0x000000000400084e                gu16NumberOfSegments.147544
                0x0000000004000850                u8MaxNpdu.59391
                0x0000000004000851                u8Count.59390
                0x0000000004000854                s_psNPduPoolEnd.59393