Archive member included because of file (symbol)

c:/NXP/bstudio_nxp/sdk/JN-SW-4168/Components/Library\libOS_JN516x.a(os.o)
                              c:/NXP/bstudio_nxp/workspace/Custom_ZLL_Lights/Light_DimmableLight/Build/os_gen.o (symbol from plugin) (os_vStart)
c:/NXP/bstudio_nxp/sdk/JN-SW-4168/Components/Library\libOS_JN516x.a(os_contirq_JN516x.o)
                              c:/NXP/bstudio_nxp/workspace/Custom_ZLL_Lights/Light_DimmableLight/Build/os_irq.o (os_UnclaimedException_W)
c:/NXP/bstudio_nxp/sdk/JN-SW-4168/Components/Library\libPWRM_JN516x.a(pwrm.o)
                              c:/NXP/bstudio_nxp/workspace/Custom_ZLL_Lights/Light_DimmableLight/Build/app_start_light.o (symbol from plugin) (PWRM_vInit)
c:/NXP/bstudio_nxp/sdk/JN-SW-4168/Components/Library\libPWRM_JN516x.a(pwrm_setjmp_JN516x.o)
                              pwrm.o (symbol from plugin) (setjmp)
c:/NXP/bstudio_nxp/sdk/JN-SW-4168/Components/Library\libPWRM_JN516x.a(pwrm_cold_start.o)
                              (AppColdStart)
c:/NXP/bstudio_nxp/sdk/JN-SW-4168/Components/Library\libPWRM_JN516x.a(pwrm_warm_start.o)
                              (AppWarmStart)
c:/NXP/bstudio_nxp/sdk/JN-SW-4168/Components/Library\libPDUM_JN516x.a(pdum_nwk.o)
                              c:/NXP/bstudio_nxp/workspace/Custom_ZLL_Lights/Light_DimmableLight/Build/pdum_gen.o (symbol from plugin) (pdum_vNPduInit)
c:/NXP/bstudio_nxp/sdk/JN-SW-4168/Components/Library\libPDUM_JN516x.a(pdum_apl.o)
                              c:/NXP/bstudio_nxp/workspace/Custom_ZLL_Lights/Light_DimmableLight/Build/zll_CommissionCmdHandler.o (symbol from plugin) (PDUM_u16APduInstanceReadNBO)
c:/NXP/bstudio_nxp/sdk/JN-SW-4168/Components/Library\libPDUM_JN516x.a(pdum.o)
                              pdum_nwk.o (symbol from plugin) (PDUM_u16SizeNBO)
c:/NXP/bstudio_nxp/sdk/JN-SW-4168/Components/Library\libZPSAPL_JN516x.a(zps_apl_af.o)
                              c:/NXP/bstudio_nxp/workspace/Custom_ZLL_Lights/Light_DimmableLight/Build/zpr_light_node.o (symbol from plugin) (ZPS_eAplAfInit)
c:/NXP/bstudio_nxp/sdk/JN-SW-4168/Components/Library\libZPSAPL_JN516x.a(zps_apl_af_apsde.o)
                              c:/NXP/bstudio_nxp/workspace/Custom_ZLL_Lights/Light_DimmableLight/Build/zps_gen.o (symbol from plugin) (zps_vHandleApsdeDataFragIndNotSupported)
c:/NXP/bstudio_nxp/sdk/JN-SW-4168/Components/Library\libZPSAPL_JN516x.a(zps_apl_task.o)
                              zps_apl_af_apsde.o (symbol from plugin) (zps_vAplAfPostEvent)
c:/NXP/bstudio_nxp/sdk/JN-SW-4168/Components/Library\libZPSAPL_JN516x.a(zps_apl_apsde.o)
                              zps_apl_task.o (symbol from plugin) (ZPS_vAplRegisterApsdeDcfmIndCallbacks)
c:/NXP/bstudio_nxp/sdk/JN-SW-4168/Components/Library\libZPSAPL_JN516x.a(zps_apl_apsme.o)
                              zps_apl_task.o (symbol from plugin) (ZPS_vAplRegisterApsmeDcfmIndCallbacks)
c:/NXP/bstudio_nxp/sdk/JN-SW-4168/Components/Library\libZPSAPL_JN516x.a(zps_apl_aps_nlde.o)
                              zps_apl_task.o (symbol from plugin) (zps_vAplApsHandleNldeDcfmInd)
c:/NXP/bstudio_nxp/sdk/JN-SW-4168/Components/Library\libZPSAPL_JN516x.a(zps_apl_sec.o)
                              zps_apl_task.o (symbol from plugin) (zps_psFindKeyDescr)
c:/NXP/bstudio_nxp/sdk/JN-SW-4168/Components/Library\libZPSAPL_JN516x.a(zps_apl_aib.o)
                              c:/NXP/bstudio_nxp/workspace/Custom_ZLL_Lights/Light_DimmableLight/Build/Groups.o (symbol from plugin) (zps_psAplAibGetAib)
c:/NXP/bstudio_nxp/sdk/JN-SW-4168/Components/Library\libZPSAPL_JN516x.a(zps_apl_zdo_nwkmanager.o)
                              zps_apl_apsme.o (symbol from plugin) (zps_vAplSaveRecord)
c:/NXP/bstudio_nxp/sdk/JN-SW-4168/Components/Library\libZPSAPL_JN516x.a(zps_apl_zdo_handle_zdp_event.o)
                              zps_apl_task.o (symbol from plugin) (zps_bAplZdoHandleZdpEvent)
c:/NXP/bstudio_nxp/sdk/JN-SW-4168/Components/Library\libZPSAPL_JN516x.a(zps_apl_zdo_trust_center.o)
                              zps_apl_sec.o (symbol from plugin) (zps_eAplTrustCenterFindDevice)
c:/NXP/bstudio_nxp/sdk/JN-SW-4168/Components/Library\libZPSAPL_JN516x.a(zps_apl_zdo_common.o)
                              zps_apl_zdo_nwkmanager.o (symbol from plugin) (zps_eAplZdoNlmeleaveWrapper)
c:/NXP/bstudio_nxp/sdk/JN-SW-4168/Components/Library\libZPSAPL_JN516x.a(zps_apl_zdo_group.o)
                              c:/NXP/bstudio_nxp/workspace/Custom_ZLL_Lights/Light_DimmableLight/Build/GroupsTableManager.o (symbol from plugin) (zps_eAplZdoGroupEndpointAdd)
c:/NXP/bstudio_nxp/sdk/JN-SW-4168/Components/Library\libZPSAPL_JN516x.a(zps_apl_zdo_default_server.o)
                              c:/NXP/bstudio_nxp/workspace/Custom_ZLL_Lights/Light_DimmableLight/Build/zps_gen.o (symbol from plugin) (zps_vAplZdoDefaultServerInit)
c:/NXP/bstudio_nxp/sdk/JN-SW-4168/Components/Library\libZPSAPL_JN516x.a(zps_apl_mac_isr.o)
[...]
Memory Configuration

Name             Origin             Length             Attributes
flash            0x0000000000080000 0x0000000000040000
ram              0x000000000400004c 0x0000000000007fb4
*default*        0x0000000000000000 0xffffffffffffffff

Linker script and memory map

                0x0000000000001388                __stack_size = 0x1388
                0x00000000000007d0                __minimum_heap_size = 0x7d0
START GROUP
LOAD c:/NXP/bstudio_nxp/workspace/Custom_ZLL_Lights/Light_DimmableLight/Build/os_gen.o
LOAD C:\DOCUME~1\g\LOCALS~1\Temp\ccNrVFZC.ltrans0.ltrans.o
LOAD C:\DOCUME~1\g\LOCALS~1\Temp\ccNrVFZC.ltrans1.ltrans.o
LOAD C:\DOCUME~1\g\LOCALS~1\Temp\ccNrVFZC.ltrans2.ltrans.o
LOAD C:\DOCUME~1\g\LOCALS~1\Temp\ccNrVFZC.ltrans3.ltrans.o
LOAD C:\DOCUME~1\g\LOCALS~1\Temp\ccNrVFZC.ltrans4.ltrans.o
LOAD C:\DOCUME~1\g\LOCALS~1\Temp\ccNrVFZC.ltrans5.ltrans.o
LOAD C:\DOCUME~1\g\LOCALS~1\Temp\ccNrVFZC.ltrans6.ltrans.o
LOAD C:\DOCUME~1\g\LOCALS~1\Temp\ccNrVFZC.ltrans7.ltrans.o
LOAD C:\DOCUME~1\g\LOCALS~1\Temp\ccNrVFZC.ltrans8.ltrans.o
LOAD C:\DOCUME~1\g\LOCALS~1\Temp\ccNrVFZC.ltrans9.ltrans.o
LOAD C:\DOCUME~1\g\LOCALS~1\Temp\ccNrVFZC.ltrans10.ltrans.o
LOAD C:\DOCUME~1\g\LOCALS~1\Temp\ccNrVFZC.ltrans11.ltrans.o
LOAD C:\DOCUME~1\g\LOCALS~1\Temp\ccNrVFZC.ltrans12.ltrans.o
LOAD C:\DOCUME~1\g\LOCALS~1\Temp\ccNrVFZC.ltrans13.ltrans.o
LOAD C:\DOCUME~1\g\LOCALS~1\Temp\ccNrVFZC.ltrans14.ltrans.o
LOAD C:\DOCUME~1\g\LOCALS~1\Temp\ccNrVFZC.ltrans15.ltrans.o
LOAD C:\DOCUME~1\g\LOCALS~1\Temp\ccNrVFZC.ltrans16.ltrans.o
LOAD C:\DOCUME~1\g\LOCALS~1\Temp\ccNrVFZC.ltrans17.ltrans.o
LOAD C:\DOCUME~1\g\LOCALS~1\Temp\ccNrVFZC.ltrans18.ltrans.o
LOAD C:\DOCUME~1\g\LOCALS~1\Temp\ccNrVFZC.ltrans19.ltrans.o
LOAD C:\DOCUME~1\g\LOCALS~1\Temp\ccNrVFZC.ltrans20.ltrans.o
LOAD C:\DOCUME~1\g\LOCALS~1\Temp\ccNrVFZC.ltrans21.ltrans.o
LOAD C:\DOCUME~1\g\LOCALS~1\Temp\ccNrVFZC.ltrans22.ltrans.o
LOAD C:\DOCUME~1\g\LOCALS~1\Temp\ccNrVFZC.ltrans23.ltrans.o
LOAD C:\DOCUME~1\g\LOCALS~1\Temp\ccNrVFZC.ltrans24.ltrans.o
LOAD C:\DOCUME~1\g\LOCALS~1\Temp\ccNrVFZC.ltrans25.ltrans.o
LOAD C:\DOCUME~1\g\LOCALS~1\Temp\ccNrVFZC.ltrans26.ltrans.o
LOAD C:\DOCUME~1\g\LOCALS~1\Temp\ccNrVFZC.ltrans27.ltrans.o
LOAD C:\DOCUME~1\g\LOCALS~1\Temp\ccNrVFZC.ltrans28.ltrans.o
LOAD C:\DOCUME~1\g\LOCALS~1\Temp\ccNrVFZC.ltrans29.ltrans.o
LOAD C:\DOCUME~1\g\LOCALS~1\Temp\ccNrVFZC.ltrans30.ltrans.o
LOAD C:\DOCUME~1\g\LOCALS~1\Temp\ccNrVFZC.ltrans31.ltrans.o
LOAD c:/nxp/bstudio_nxp/sdk/tools/ba-elf-ba2-r36379/bin/../lib/gcc/ba-elf/4.7.4/../../../../ba-elf/lib/mcpu_jn51xx_sizeopt\libc.a
LOAD c:/nxp/bstudio_nxp/sdk/tools/ba-elf-ba2-r36379/bin/../lib/gcc/ba-elf/4.7.4/mcpu_jn51xx_sizeopt\libgcc.a
LOAD c:/nxp/bstudio_nxp/sdk/tools/ba-elf-ba2-r36379/bin/../lib/gcc/ba-elf/4.7.4/../../../../ba-elf/lib/mcpu_jn51xx_sizeopt\libc.a
LOAD c:/NXP/bstudio_nxp/workspace/Custom_ZLL_Lights/Light_DimmableLight/Build/os_irq.o
LOAD c:/NXP/bstudio_nxp/workspace/Custom_ZLL_Lights/Light_DimmableLight/Build/os_irq_alignment.o
LOAD c:/NXP/bstudio_nxp/workspace/Custom_ZLL_Lights/Light_DimmableLight/Build/os_irq_buserror.o
LOAD c:/NXP/bstudio_nxp/workspace/Custom_ZLL_Lights/Light_DimmableLight/Build/os_irq_illegalinstruction.o
LOAD c:/NXP/bstudio_nxp/workspace/Custom_ZLL_Lights/Light_DimmableLight/Build/os_irq_stackoverflowexception.o
LOAD c:/NXP/bstudio_nxp/workspace/Custom_ZLL_Lights/Light_DimmableLight/Build/os_irq_unimplementedmodule.o
LOAD c:/NXP/bstudio_nxp/workspace/Custom_ZLL_Lights/Light_DimmableLight/Build/pdum_gen.o
LOAD c:/NXP/bstudio_nxp/workspace/Custom_ZLL_Lights/Light_DimmableLight/Build/pdum_apdu.o
LOAD c:/NXP/bstudio_nxp/workspace/Custom_ZLL_Lights/Light_DimmableLight/Build/zps_gen.o
LOAD c:/NXP/bstudio_nxp/workspace/Custom_ZLL_Lights/Light_DimmableLight/Build/app_timer_driver.o
LOAD c:/NXP/bstudio_nxp/workspace/Custom_ZLL_Lights/Light_DimmableLight/Build/app_start_light.o
LOAD c:/NXP/bstudio_nxp/workspace/Custom_ZLL_Lights/Light_DimmableLight/Build/app_scenes.o
LOAD c:/NXP/bstudio_nxp/workspace/Custom_ZLL_Lights/Light_DimmableLight/Build/zpr_light_node.o
LOAD c:/NXP/bstudio_nxp/workspace/Custom_ZLL_Lights/Light_DimmableLight/Build/ecb_decrypt.o
LOAD c:/NXP/bstudio_nxp/workspace/Custom_ZLL_Lights/Light_DimmableLight/Build/app_zcl_light_task.o
LOAD c:/NXP/bstudio_nxp/workspace/Custom_ZLL_Lights/Light_DimmableLight/Build/app_light_commission_task.o
LOAD c:/NXP/bstudio_nxp/workspace/Custom_ZLL_Lights/Light_DimmableLight/Build/app_light_interpolation.o
LOAD c:/NXP/bstudio_nxp/workspace/Custom_ZLL_Lights/Light_DimmableLight/Build/appZpsBeaconHandler.o
LOAD c:/NXP/bstudio_nxp/workspace/Custom_ZLL_Lights/Light_DimmableLight/Build/App_Light_DimmableLight.o
LOAD c:/NXP/bstudio_nxp/workspace/Custom_ZLL_Lights/Light_DimmableLight/Build/DriverBulb_JN516X_WHITE.o
LOAD c:/NXP/bstudio_nxp/workspace/Custom_ZLL_Lights/Light_DimmableLight/Build/DriverBulb_Shim.o
LOAD c:/NXP/bstudio_nxp/workspace/Custom_ZLL_Lights/Light_DimmableLight/Build/Alarms.o
LOAD c:/NXP/bstudio_nxp/workspace/Custom_ZLL_Lights/Light_DimmableLight/Build/AlarmsClientCommands.o
LOAD c:/NXP/bstudio_nxp/workspace/Custom_ZLL_Lights/Light_DimmableLight/Build/AlarmsCommandHandler.o
LOAD c:/NXP/bstudio_nxp/workspace/Custom_ZLL_Lights/Light_DimmableLight/Build/AlarmsServerCommands.o
LOAD c:/NXP/bstudio_nxp/workspace/Custom_ZLL_Lights/Light_DimmableLight/Build/AlarmsTableManager.o
LOAD c:/NXP/bstudio_nxp/workspace/Custom_ZLL_Lights/Light_DimmableLight/Build/AnalogInputBasic.o
LOAD c:/NXP/bstudio_nxp/workspace/Custom_ZLL_Lights/Light_DimmableLight/Build/AnalogOutputBasic.o
LOAD c:/NXP/bstudio_nxp/workspace/Custom_ZLL_Lights/Light_DimmableLight/Build/Basic.o
LOAD c:/NXP/bstudio_nxp/workspace/Custom_ZLL_Lights/Light_DimmableLight/Build/BasicClientCommands.o
LOAD c:/NXP/bstudio_nxp/workspace/Custom_ZLL_Lights/Light_DimmableLight/Build/BasicCommandHandler.o
LOAD c:/NXP/bstudio_nxp/workspace/Custom_ZLL_Lights/Light_DimmableLight/Build/BinaryInputBasic.o
LOAD c:/NXP/bstudio_nxp/workspace/Custom_ZLL_Lights/Light_DimmableLight/Build/BinaryOutputBasic.o
LOAD c:/NXP/bstudio_nxp/workspace/Custom_ZLL_Lights/Light_DimmableLight/Build/Commissioning.o
LOAD c:/NXP/bstudio_nxp/workspace/Custom_ZLL_Lights/Light_DimmableLight/Build/DeviceTemperatureConfiguration.o
LOAD c:/NXP/bstudio_nxp/workspace/Custom_ZLL_Lights/Light_DimmableLight/Build/Diagnostics.o
LOAD c:/NXP/bstudio_nxp/workspace/Custom_ZLL_Lights/Light_DimmableLight/Build/DoorLock.o
LOAD c:/NXP/bstudio_nxp/workspace/Custom_ZLL_Lights/Light_DimmableLight/Build/DoorLockCommandHandler.o
LOAD c:/NXP/bstudio_nxp/workspace/Custom_ZLL_Lights/Light_DimmableLight/Build/DoorLockCommands.o
LOAD c:/NXP/bstudio_nxp/workspace/Custom_ZLL_Lights/Light_DimmableLight/Build/ElectricalMeasurement.o
LOAD c:/NXP/bstudio_nxp/workspace/Custom_ZLL_Lights/Light_DimmableLight/Build/Groups.o
LOAD c:/NXP/bstudio_nxp/workspace/Custom_ZLL_Lights/Light_DimmableLight/Build/GroupsClientCommands.o
LOAD c:/NXP/bstudio_nxp/workspace/Custom_ZLL_Lights/Light_DimmableLight/Build/GroupsCommandHandler.o
LOAD c:/NXP/bstudio_nxp/workspace/Custom_ZLL_Lights/Light_DimmableLight/Build/GroupsServerCommands.o
LOAD c:/NXP/bstudio_nxp/workspace/Custom_ZLL_Lights/Light_DimmableLight/Build/GroupsTableManager.o
LOAD c:/NXP/bstudio_nxp/workspace/Custom_ZLL_Lights/Light_DimmableLight/Build/Identify.o
LOAD c:/NXP/bstudio_nxp/workspace/Custom_ZLL_Lights/Light_DimmableLight/Build/IdentifyClientCommands.o
LOAD c:/NXP/bstudio_nxp/workspace/Custom_ZLL_Lights/Light_DimmableLight/Build/IdentifyCommandHandler.o
LOAD c:/NXP/bstudio_nxp/workspace/Custom_ZLL_Lights/Light_DimmableLight/Build/IdentifyServerCommands.o
LOAD c:/NXP/bstudio_nxp/workspace/Custom_ZLL_Lights/Light_DimmableLight/Build/LevelControl.o
LOAD c:/NXP/bstudio_nxp/workspace/Custom_ZLL_Lights/Light_DimmableLight/Build/LevelControlClientCommands.o
LOAD c:/NXP/bstudio_nxp/workspace/Custom_ZLL_Lights/Light_DimmableLight/Build/LevelControlCommandHandler.o
LOAD c:/NXP/bstudio_nxp/workspace/Custom_ZLL_Lights/Light_DimmableLight/Build/MultistateInputBasic.o
LOAD c:/NXP/bstudio_nxp/workspace/Custom_ZLL_Lights/Light_DimmableLight/Build/MultistateOutputBasic.o
LOAD c:/NXP/bstudio_nxp/workspace/Custom_ZLL_Lights/Light_DimmableLight/Build/OOSC.o
LOAD c:/NXP/bstudio_nxp/workspace/Custom_ZLL_Lights/Light_DimmableLight/Build/OnOff.o
LOAD c:/NXP/bstudio_nxp/workspace/Custom_ZLL_Lights/Light_DimmableLight/Build/OnOffCommandHandler.o
LOAD c:/NXP/bstudio_nxp/workspace/Custom_ZLL_Lights/Light_DimmableLight/Build/OnOffCommands.o
LOAD c:/NXP/bstudio_nxp/workspace/Custom_ZLL_Lights/Light_DimmableLight/Build/PollControl.o
LOAD c:/NXP/bstudio_nxp/workspace/Custom_ZLL_Lights/Light_DimmableLight/Build/PollControlClientCommands.o
LOAD c:/NXP/bstudio_nxp/workspace/Custom_ZLL_Lights/Light_DimmableLight/Build/PollControlCommandHandler.o
LOAD c:/NXP/bstudio_nxp/workspace/Custom_ZLL_Lights/Light_DimmableLight/Build/PollControlServerCommands.o
LOAD c:/NXP/bstudio_nxp/workspace/Custom_ZLL_Lights/Light_DimmableLight/Build/PowerConfiguration.o
LOAD c:/NXP/bstudio_nxp/workspace/Custom_ZLL_Lights/Light_DimmableLight/Build/Scenes.o
LOAD c:/NXP/bstudio_nxp/workspace/Custom_ZLL_Lights/Light_DimmableLight/Build/ScenesClientCommands.o
LOAD c:/NXP/bstudio_nxp/workspace/Custom_ZLL_Lights/Light_DimmableLight/Build/ScenesClusterManagement.o
LOAD c:/NXP/bstudio_nxp/workspace/Custom_ZLL_Lights/Light_DimmableLight/Build/ScenesCommandHandler.o
LOAD c:/NXP/bstudio_nxp/workspace/Custom_ZLL_Lights/Light_DimmableLight/Build/ScenesServerCommands.o
LOAD c:/NXP/bstudio_nxp/workspace/Custom_ZLL_Lights/Light_DimmableLight/Build/ScenesTableManager.o
LOAD c:/NXP/bstudio_nxp/workspace/Custom_ZLL_Lights/Light_DimmableLight/Build/TC.o
LOAD c:/NXP/bstudio_nxp/workspace/Custom_ZLL_Lights/Light_DimmableLight/Build/Time.o
LOAD c:/NXP/bstudio_nxp/workspace/Custom_ZLL_Lights/Light_DimmableLight/Build/zll_CommissionCmdHandler.o
LOAD c:/NXP/bstudio_nxp/workspace/Custom_ZLL_Lights/Light_DimmableLight/Build/zll_UtilityCmdHandler.o
LOAD c:/NXP/bstudio_nxp/workspace/Custom_ZLL_Lights/Light_DimmableLight/Build/zll_commission.o
LOAD c:/NXP/bstudio_nxp/workspace/Custom_ZLL_Lights/Light_DimmableLight/Build/zll_utility.o
LOAD c:/NXP/bstudio_nxp/workspace/Custom_ZLL_Lights/Light_DimmableLight/Build/colour_light.o
LOAD c:/NXP/bstudio_nxp/workspace/Custom_ZLL_Lights/Light_DimmableLight/Build/colour_remote.o
LOAD c:/NXP/bstudio_nxp/workspace/Custom_ZLL_Lights/Light_DimmableLight/Build/colour_scene_remote.o
LOAD c:/NXP/bstudio_nxp/workspace/Custom_ZLL_Lights/Light_DimmableLight/Build/colour_temperature_light.o
LOAD c:/NXP/bstudio_nxp/workspace/Custom_ZLL_Lights/Light_DimmableLight/Build/commission_endpoint.o
LOAD c:/NXP/bstudio_nxp/workspace/Custom_ZLL_Lights/Light_DimmableLight/Build/control_bridge.o
LOAD c:/NXP/bstudio_nxp/workspace/Custom_ZLL_Lights/Light_DimmableLight/Build/dimmable_light.o
LOAD c:/NXP/bstudio_nxp/workspace/Custom_ZLL_Lights/Light_DimmableLight/Build/dimmable_plug.o
LOAD c:/NXP/bstudio_nxp/workspace/Custom_ZLL_Lights/Light_DimmableLight/Build/extended_colour_light.o
LOAD c:/NXP/bstudio_nxp/workspace/Custom_ZLL_Lights/Light_DimmableLight/Build/non_colour_remote.o
LOAD c:/NXP/bstudio_nxp/workspace/Custom_ZLL_Lights/Light_DimmableLight/Build/non_colour_scene_remote.o
LOAD c:/NXP/bstudio_nxp/workspace/Custom_ZLL_Lights/Light_DimmableLight/Build/on_off_light.o
LOAD c:/NXP/bstudio_nxp/workspace/Custom_ZLL_Lights/Light_DimmableLight/Build/on_off_plug.o
LOAD c:/NXP/bstudio_nxp/workspace/Custom_ZLL_Lights/Light_DimmableLight/Build/on_off_sensor.o
LOAD c:/NXP/bstudio_nxp/workspace/Custom_ZLL_Lights/Light_DimmableLight/Build/zll.o
LOAD c:/NXP/bstudio_nxp/workspace/Custom_ZLL_Lights/Light_DimmableLight/Build/BallastConfiguration.o
LOAD c:/NXP/bstudio_nxp/workspace/Custom_ZLL_Lights/Light_DimmableLight/Build/ColourControl.o
LOAD c:/NXP/bstudio_nxp/workspace/Custom_ZLL_Lights/Light_DimmableLight/Build/ColourControlClientCommands.o
LOAD c:/NXP/bstudio_nxp/workspace/Custom_ZLL_Lights/Light_DimmableLight/Build/ColourControlCommandHandler.o
LOAD c:/NXP/bstudio_nxp/workspace/Custom_ZLL_Lights/Light_DimmableLight/Build/ColourControlConversions.o
LOAD c:/NXP/bstudio_nxp/workspace/Custom_ZLL_Lights/Light_DimmableLight/Build/dlist.o
LOAD c:/NXP/bstudio_nxp/workspace/Custom_ZLL_Lights/Light_DimmableLight/Build/zcl.o
LOAD c:/NXP/bstudio_nxp/workspace/Custom_ZLL_Lights/Light_DimmableLight/Build/zcl_CustomCommandReceive.o
LOAD c:/NXP/bstudio_nxp/workspace/Custom_ZLL_Lights/Light_DimmableLight/Build/zcl_CustomCommandSend.o
LOAD c:/NXP/bstudio_nxp/workspace/Custom_ZLL_Lights/Light_DimmableLight/Build/zcl_PDUbufferReadWrite.o
LOAD c:/NXP/bstudio_nxp/workspace/Custom_ZLL_Lights/Light_DimmableLight/Build/zcl_PDUbufferReadWriteString.o
LOAD c:/NXP/bstudio_nxp/workspace/Custom_ZLL_Lights/Light_DimmableLight/Build/zcl_WriteAttributesRequestHandle.o
LOAD c:/NXP/bstudio_nxp/workspace/Custom_ZLL_Lights/Light_DimmableLight/Build/zcl_WriteAttributesRequestSend.o
LOAD c:/NXP/bstudio_nxp/workspace/Custom_ZLL_Lights/Light_DimmableLight/Build/zcl_WriteAttributesResponseHandle.o
LOAD c:/NXP/bstudio_nxp/workspace/Custom_ZLL_Lights/Light_DimmableLight/Build/zcl_attribute.o
LOAD c:/NXP/bstudio_nxp/workspace/Custom_ZLL_Lights/Light_DimmableLight/Build/zcl_buffer.o
LOAD c:/NXP/bstudio_nxp/workspace/Custom_ZLL_Lights/Light_DimmableLight/Build/zcl_clusterCommand.o
LOAD c:/NXP/bstudio_nxp/workspace/Custom_ZLL_Lights/Light_DimmableLight/Build/zcl_command.o
LOAD c:/NXP/bstudio_nxp/workspace/Custom_ZLL_Lights/Light_DimmableLight/Build/zcl_configureReportingCommandHandle.o
LOAD c:/NXP/bstudio_nxp/workspace/Custom_ZLL_Lights/Light_DimmableLight/Build/zcl_configureReportingCommandSend.o
LOAD c:/NXP/bstudio_nxp/workspace/Custom_ZLL_Lights/Light_DimmableLight/Build/zcl_configureReportingResponseHandle.o
LOAD c:/NXP/bstudio_nxp/workspace/Custom_ZLL_Lights/Light_DimmableLight/Build/zcl_defaultResponse.o
LOAD c:/NXP/bstudio_nxp/workspace/Custom_ZLL_Lights/Light_DimmableLight/Build/zcl_discoverAttributesExtendedRequestHandle.o
LOAD c:/NXP/bstudio_nxp/workspace/Custom_ZLL_Lights/Light_DimmableLight/Build/zcl_discoverAttributesExtendedRequestSend.o
LOAD c:/NXP/bstudio_nxp/workspace/Custom_ZLL_Lights/Light_DimmableLight/Build/zcl_discoverAttributesExtendedResponseHandle.o
LOAD c:/NXP/bstudio_nxp/workspace/Custom_ZLL_Lights/Light_DimmableLight/Build/zcl_discoverAttributesRequestHandle.o
LOAD c:/NXP/bstudio_nxp/workspace/Custom_ZLL_Lights/Light_DimmableLight/Build/zcl_discoverAttributesRequestSend.o
LOAD c:/NXP/bstudio_nxp/workspace/Custom_ZLL_Lights/Light_DimmableLight/Build/zcl_discoverAttributesResponseHandle.o
LOAD c:/NXP/bstudio_nxp/workspace/Custom_ZLL_Lights/Light_DimmableLight/Build/zcl_discoverCommandsRequestHandle.o
LOAD c:/NXP/bstudio_nxp/workspace/Custom_ZLL_Lights/Light_DimmableLight/Build/zcl_discoverCommandsRequestSend.o
LOAD c:/NXP/bstudio_nxp/workspace/Custom_ZLL_Lights/Light_DimmableLight/Build/zcl_discoverCommandsResponseHandle.o
LOAD c:/NXP/bstudio_nxp/workspace/Custom_ZLL_Lights/Light_DimmableLight/Build/zcl_event.o
LOAD c:/NXP/bstudio_nxp/workspace/Custom_ZLL_Lights/Light_DimmableLight/Build/zcl_heap.o
LOAD c:/NXP/bstudio_nxp/workspace/Custom_ZLL_Lights/Light_DimmableLight/Build/zcl_library_options.o
LOAD c:/NXP/bstudio_nxp/workspace/Custom_ZLL_Lights/Light_DimmableLight/Build/zcl_readAttributesRequestHandle.o
LOAD c:/NXP/bstudio_nxp/workspace/Custom_ZLL_Lights/Light_DimmableLight/Build/zcl_readAttributesRequestSend.o
LOAD c:/NXP/bstudio_nxp/workspace/Custom_ZLL_Lights/Light_DimmableLight/Build/zcl_readAttributesResponseHandle.o
LOAD c:/NXP/bstudio_nxp/workspace/Custom_ZLL_Lights/Light_DimmableLight/Build/zcl_readReportingConfigurationCommandHandle.o
LOAD c:/NXP/bstudio_nxp/workspace/Custom_ZLL_Lights/Light_DimmableLight/Build/zcl_readReportingConfigurationCommandSend.o
LOAD c:/NXP/bstudio_nxp/workspace/Custom_ZLL_Lights/Light_DimmableLight/Build/zcl_readReportingConfigurationResponseHandle.o
LOAD c:/NXP/bstudio_nxp/workspace/Custom_ZLL_Lights/Light_DimmableLight/Build/zcl_reportManager.o
LOAD c:/NXP/bstudio_nxp/workspace/Custom_ZLL_Lights/Light_DimmableLight/Build/zcl_reportMaths.o
LOAD c:/NXP/bstudio_nxp/workspace/Custom_ZLL_Lights/Light_DimmableLight/Build/zcl_reportScheduler.o
LOAD c:/NXP/bstudio_nxp/workspace/Custom_ZLL_Lights/Light_DimmableLight/Build/zcl_reportStringHandling.o
LOAD c:/NXP/bstudio_nxp/workspace/Custom_ZLL_Lights/Light_DimmableLight/Build/zcl_reportStructure.o
LOAD c:/NXP/bstudio_nxp/workspace/Custom_ZLL_Lights/Light_DimmableLight/Build/zcl_search.o
LOAD c:/NXP/bstudio_nxp/workspace/Custom_ZLL_Lights/Light_DimmableLight/Build/zcl_timer.o
LOAD c:/NXP/bstudio_nxp/workspace/Custom_ZLL_Lights/Light_DimmableLight/Build/zcl_transmit.o
LOAD c:/NXP/bstudio_nxp/sdk/JN-SW-4168/Components/Library\libZPSMAC_Mini_JN516x.a
LOAD c:/NXP/bstudio_nxp/sdk/JN-SW-4168/Components/Library\libOS_JN516x.a
LOAD c:/NXP/bstudio_nxp/sdk/JN-SW-4168/Components/Library\libPWRM_JN516x.a
LOAD c:/NXP/bstudio_nxp/sdk/JN-SW-4168/Components/Library\libZPSTSV_JN516x.a
LOAD c:/NXP/bstudio_nxp/sdk/JN-SW-4168/Components/Library\libAES_SW_JN516x.a
LOAD c:/NXP/bstudio_nxp/sdk/JN-SW-4168/Components/Library\libPDUM_JN516x.a
LOAD c:/NXP/bstudio_nxp/sdk/JN-SW-4168/Components/Library\libZPSAPL_JN516x.a
LOAD c:/NXP/bstudio_nxp/sdk/JN-SW-4168/Components/Library\libRandom_JN516x.a
LOAD c:/NXP/bstudio_nxp/sdk/JN-SW-4168/Components/Library\libPDM_EEPROM_JN516x.a
LOAD c:/NXP/bstudio_nxp/sdk/JN-SW-4168/Components/Library\libDBG_JN516x.a
LOAD c:/NXP/bstudio_nxp/sdk/JN-SW-4168/Components/Library\libZPSZLL_JN516x.a
LOAD c:/NXP/bstudio_nxp/sdk/JN-SW-4168/Components/Library\libZPSNWK_JN516x.a
LOAD c:/NXP/bstudio_nxp/sdk/JN-SW-4168/Components/Library\libRecal_JN516x.a
LOAD c:/NXP/bstudio_nxp/sdk/JN-SW-4168/Components/Library\libMiniMac_JN516x.a
LOAD c:/NXP/bstudio_nxp/sdk/JN-SW-4168/Components/Library\libMiniMacShim_JN516x.a
LOAD c:/NXP/bstudio_nxp/sdk/JN-SW-4168/Components/Library\libMMAC_JN516x.a
LOAD c:/NXP/bstudio_nxp/sdk/JN-SW-4168/Components/Library\libAes_JN516x.a
LOAD c:/NXP/bstudio_nxp/sdk/JN-SW-4168/Components/Library\libHardwareApi_JN516x.a
LOAD c:/NXP/bstudio_nxp/sdk/JN-SW-4168/Components/Library\libMicroSpecific_JN516x.a
LOAD c:/NXP/bstudio_nxp/sdk/JN-SW-4168/Components/Library\libBoot_JN516x.a
LOAD c:/nxp/bstudio_nxp/sdk/tools/ba-elf-ba2-r36379/bin/../lib/gcc/ba-elf/4.7.4/../../../../ba-elf/lib/mcpu_jn51xx_sizeopt\libm.a
END GROUP
LOAD c:/nxp/bstudio_nxp/sdk/tools/ba-elf-ba2-r36379/bin/../lib/gcc/ba-elf/4.7.4/../../../../ba-elf/lib/mcpu_jn51xx_sizeopt\libc.a
LOAD c:/nxp/bstudio_nxp/sdk/tools/ba-elf-ba2-r36379/bin/../lib/gcc/ba-elf/4.7.4/mcpu_jn51xx_sizeopt\libgcc.a
LOAD c:/nxp/bstudio_nxp/sdk/tools/ba-elf-ba2-r36379/bin/../lib/gcc/ba-elf/4.7.4/../../../../ba-elf/lib/mcpu_jn51xx_sizeopt\libc.a
                0x0000000000080038                _exception_vsr_table = 0x80038
                0x0000000004000000                pSPIflashFncTable = 0x4000000
                0x0000000000000044                restore_state = 0x44
                0x000000000000004a                bZSPIWaitWIPClear = 0x4a
                0x0000000000000050                u16ZSPIflashRDID = 0x50
                0x0000000000000056                u8SelectFlashChipType = 0x56
                0x000000000000005c                memcpy = 0x5c
                0x0000000000000066                vBootFlashProg = 0x66
                [0x00000000000007d0]                __minimum_heap_size = DEFINED (__minimum_heap_size)?__minimum_heap_size:0xd16
                [0x0000000000001388]                __stack_size = DEFINED (__stack_size)?__stack_size:0x800
                0x0000000000000000                _SwConfig = (DEFINED (g_bSWConf_Debug) | (DEFINED (g_bSWConf_AltDebugPort) << 0x1))

.version        0x000000000007fffc        0x4
                0x000000000007fffc        0x4 LONG 0x7030008

.bir            0x0000000000080000       0x10
                0x0000000000080000                _flash_start = ABSOLUTE (.)
                0x0000000000080000                _flash_beg = ABSOLUTE (.)
                0x0000000000080000        0x4 LONG 0x12345678
                0x0000000000080004        0x4 LONG 0x11223344
                0x0000000000080008        0x4 LONG 0x55667788
                0x000000000008000c        0x1 BYTE 0x8
                0x000000000008000d        0x1 BYTE 0x1
                0x000000000008000e        0x2 SHORT 0x0

.flashheader    0x0000000000080010       0x28
                0x0000000000080010        0x4 LONG 0x0
                0x0000000000080014        0x4 LONG 0x0
                0x0000000000080018        0x4 LONG 0x0
                0x000000000008001c        0x2 SHORT 0x0
                0x000000000008001e        0x2 SHORT 0x0 ABSOLUTE (_SwConfig)
                0x0000000000080020                _enc_start = ABSOLUTE (.)
                0x0000000000080020        0x4 LONG 0x2221c ABSOLUTE (_image_len)
                0x0000000000080024        0x4 LONG 0xa1ad8 ABSOLUTE (_flash_data_start)
                0x0000000000080028        0x2 SHORT 0x13 ((ABSOLUTE (_ram_data_start) / 0x4) & 0xffff)
                0x000000000008002a        0x2 SHORT 0x1d1 ((ABSOLUTE (_ram_data_len) / 0x4) & 0xffff)
                0x000000000008002c        0x2 SHORT 0x1e4 ((ABSOLUTE (_bss_start) / 0x4) & 0xffff)
                0x000000000008002e        0x2 SHORT 0xfac ((ABSOLUTE (_bss_len) / 0x4) & 0xffff)
                0x0000000000080030        0x4 LONG 0xa07aa ABSOLUTE (AppWarmStart)
                0x0000000000080034        0x4 LONG 0xa07c4 ABSOLUTE (AppColdStart)
                0x0000000000000000                _enc_offset = (_enc_start & 0xf)

.ro_mac_address
                0x0000000000080040        0x0
                0x0000000000080040                _FlsMACAddress = ABSOLUTE (.)
 *(.ro_mac_address)
                0x0000000000080040                . = ALIGN (0x10)

.ro_ota_header  0x0000000000080040        0x0
                0x0000000000080040                _FlsOtaHeader = ABSOLUTE (.)
 *(.ro_ota_header)
                0x0000000000080040                . = ALIGN (0x10)

.ro_se_lnkKey   0x0000000000080040        0x0
                0x0000000000080040                _FlsLinkKey = ABSOLUTE (.)
 *(.ro_se_lnkKey)
                0x0000000000080040                . = ALIGN (0x10)

.rodata         0x0000000000080038      0xc50
 *(.rodata*)
 .rodata.str1.1
                0x0000000000080038       0x14 C:\DOCUME~1\g\LOCALS~1\Temp\ccNrVFZC.ltrans0.ltrans.o
 .rodata        0x000000000008004c       0xa4 C:\DOCUME~1\g\LOCALS~1\Temp\ccNrVFZC.ltrans0.ltrans.o
                0x000000000008004c                gMAC_u8MaxBuffers
                0x0000000000080050                g_u32ApsFcSaveCountBitShift
                0x0000000000080054                u8MaxZpsConfigEp
                0x0000000000080055                au8EpMapPresent
                0x0000000000080058                s_groupPdmTable
 .rodata.str1.1
                0x0000000000000000       0x14 C:\DOCUME~1\g\LOCALS~1\Temp\ccNrVFZC.ltrans1.ltrans.o
                                          0x8 (size before relaxing)
 .rodata        0x00000000000800f0       0x28 C:\DOCUME~1\g\LOCALS~1\Temp\ccNrVFZC.ltrans1.ltrans.o
 .rodata        0x0000000000080118       0x10 C:\DOCUME~1\g\LOCALS~1\Temp\ccNrVFZC.ltrans2.ltrans.o
 .rodata        0x0000000000080128       0x14 C:\DOCUME~1\g\LOCALS~1\Temp\ccNrVFZC.ltrans3.ltrans.o
                0x0000000000080128                au8FlashWaitStatesHSRCO.145804
                0x0000000000080130                au8FlashWaitStates32MXO.145803
 .rodata.str1.1
                0x0000000000000000       0x14 C:\DOCUME~1\g\LOCALS~1\Temp\ccNrVFZC.ltrans4.ltrans.o
                                          0x7 (size before relaxing)
 .rodata        0x000000000008013c        0x6 C:\DOCUME~1\g\LOCALS~1\Temp\ccNrVFZC.ltrans4.ltrans.o
 .rodata.str1.1
                0x0000000000080142        0x4 C:\DOCUME~1\g\LOCALS~1\Temp\ccNrVFZC.ltrans5.ltrans.o
                                         0x13 (size before relaxing)
 .rodata.str1.1
                0x0000000000080146        0x6 C:\DOCUME~1\g\LOCALS~1\Temp\ccNrVFZC.ltrans6.ltrans.o
 .rodata        0x000000000008014c       0x18 C:\DOCUME~1\g\LOCALS~1\Temp\ccNrVFZC.ltrans7.ltrans.o
                0x000000000008014c                au32NwkPdmRecordOffsets
 .rodata        0x0000000000080164       0x10 C:\DOCUME~1\g\LOCALS~1\Temp\ccNrVFZC.ltrans8.ltrans.o
                0x000000000008016c                au32UartAddrOffset
 .rodata.str1.1
                0x0000000000080174        0x3 C:\DOCUME~1\g\LOCALS~1\Temp\ccNrVFZC.ltrans8.ltrans.o
 .rodata.str1.1
                0x0000000000000000        0x3 C:\DOCUME~1\g\LOCALS~1\Temp\ccNrVFZC.ltrans9.ltrans.o
                                          0x6 (size before relaxing)
 *fill*         0x0000000000080177        0x1 00
 .rodata        0x0000000000080178       0x4c C:\DOCUME~1\g\LOCALS~1\Temp\ccNrVFZC.ltrans9.ltrans.o
                0x0000000000080178                g_u32NwkFcSaveCountBitShift
 .rodata.str1.1
                0x00000000000801c4       0x31 C:\DOCUME~1\g\LOCALS~1\Temp\ccNrVFZC.ltrans10.ltrans.o
 .rodata        0x00000000000801f5        0x8 C:\DOCUME~1\g\LOCALS~1\Temp\ccNrVFZC.ltrans10.ltrans.o
 .rodata.str1.1
                0x0000000000000000        0x3 C:\DOCUME~1\g\LOCALS~1\Temp\ccNrVFZC.ltrans13.ltrans.o
 .rodata.str1.1
                0x00000000000801fd       0x19 C:\DOCUME~1\g\LOCALS~1\Temp\ccNrVFZC.ltrans14.ltrans.o
                                         0x20 (size before relaxing)
 .rodata.str1.1
                0x0000000000000000        0x4 C:\DOCUME~1\g\LOCALS~1\Temp\ccNrVFZC.ltrans15.ltrans.o
 .rodata.str1.1
                0x0000000000080216        0x5 C:\DOCUME~1\g\LOCALS~1\Temp\ccNrVFZC.ltrans16.ltrans.o
 .rodata        0x000000000008021b      0x107 C:\DOCUME~1\g\LOCALS~1\Temp\ccNrVFZC.ltrans16.ltrans.o
                0x000000000008021b                au8ZLLChannelSet
 .rodata.str1.1
                0x0000000000080322        0x8 C:\DOCUME~1\g\LOCALS~1\Temp\ccNrVFZC.ltrans17.ltrans.o
                                         0x2c (size before relaxing)
 .rodata.str1.1
                0x000000000008032a        0xd C:\DOCUME~1\g\LOCALS~1\Temp\ccNrVFZC.ltrans18.ltrans.o
                                         0x1a (size before relaxing)
 .rodata.str1.1
                0x0000000000080337        0xd C:\DOCUME~1\g\LOCALS~1\Temp\ccNrVFZC.ltrans19.ltrans.o
                                         0x20 (size before relaxing)
 .rodata        0x0000000000080344      0x1fc C:\DOCUME~1\g\LOCALS~1\Temp\ccNrVFZC.ltrans20.ltrans.o
                0x0000000000080344                s_apsStSceTbl.127285
                0x0000000000080358                s_apsStSmeTbl.127348
                0x000000000008036c                s_aprIdleStHandleCme.137266
                0x0000000000080380                s_aprActvStHandleCme.133398
                0x00000000000803c4                zps_sJoinSceTbl
                0x00000000000803d0                zps_sActvSceTbl
                0x00000000000803dc                zps_sDiscSmeTbl
                0x00000000000803e8                zps_sFormSmeTbl
                0x00000000000803f4                zps_sJoinSmeTbl
                0x0000000000080400                zps_sActvSmeTbl
 .rodata.str1.1
                0x0000000000080540        0x5 C:\DOCUME~1\g\LOCALS~1\Temp\ccNrVFZC.ltrans22.ltrans.o
                                         0x13 (size before relaxing)
 .rodata.str1.1
                0x0000000000080545       0x27 C:\DOCUME~1\g\LOCALS~1\Temp\ccNrVFZC.ltrans23.ltrans.o
                                         0x4a (size before relaxing)
 .rodata.str1.1
                0x0000000000000000       0x27 C:\DOCUME~1\g\LOCALS~1\Temp\ccNrVFZC.ltrans24.ltrans.o
                                          0x6 (size before relaxing)
 .rodata        0x000000000008056c      0x318 C:\DOCUME~1\g\LOCALS~1\Temp\ccNrVFZC.ltrans26.ltrans.o
                0x000000000008076c                gu32ZCLVersion
                0x0000000000080770                OS_g_u32Version
                0x0000000000080774                PDUM_g_u32Version
                0x0000000000080778                ZPS_g_u32MacVersion
                0x000000000008077c                ZPS_g_u32TsvVersion
 .rodata.str1.1
                0x0000000000000000       0x27 C:\DOCUME~1\g\LOCALS~1\Temp\ccNrVFZC.ltrans28.ltrans.o
                                          0x8 (size before relaxing)
 .rodata        0x0000000000080884       0x10 C:\DOCUME~1\g\LOCALS~1\Temp\ccNrVFZC.ltrans29.ltrans.o
 .rodata.str1.1
                0x0000000000080894       0x21 C:\DOCUME~1\g\LOCALS~1\Temp\ccNrVFZC.ltrans30.ltrans.o
                                         0x39 (size before relaxing)
 *fill*         0x00000000000808b5        0x3 00
 .rodata        0x00000000000808b8      0x3d0 C:\DOCUME~1\g\LOCALS~1\Temp\ccNrVFZC.ltrans31.ltrans.o
                0x00000000000808b8                zps_g_pvApl
                0x00000000000808bc                pwrm_psWakeupCallbacks

.text           0x0000000000080c88    0x20e4e
 *(.text*)
 .text          0x0000000000080c88     0x1bdc C:\DOCUME~1\g\LOCALS~1\Temp\ccNrVFZC.ltrans0.ltrans.o
                0x0000000000080c88                APP_TIMER_Version_1v0
                0x0000000000080c88                vInitialiseApp.3227
 .text          0x0000000000082864     0x167a C:\DOCUME~1\g\LOCALS~1\Temp\ccNrVFZC.ltrans1.ltrans.o
                0x0000000000082864                DBG_iUartGetChar
                0x00000000000828b4                vMMAC_IntHandlerBbc
                0x00000000000828ce                eBasicTxCompleteHandler
                0x00000000000828d3                vTxRxTimeout.143413
                0x0000000000082930                eSmeAcScBeaconInd.135361
                0x000000000008298c                eSmeASFlBeaconInd.135196
                0x00000000000829ae                eSmeUDNTScanDcfm.134646
                0x00000000000829ca                vPermitJoinHandleExpiry.130197
                0x00000000000829d3                vNwkMcpsTimerCallback
                0x00000000000829ed                zps_eSceGenlIllegal
                0x00000000000829f4                zps_eSmeGenlIllegal
                0x00000000000829fb                DBG_vUartFailedAssert
                0x00000000000829ff                boSearchForWearCountSubstitute.120586
                0x0000000000082a25                bAHI_InitialiseEEPROM
                0x0000000000082a6d                vAHI_ReadDataFromEEPROMregister
                0x0000000000082a9a                vAHI_WriteDataIntoEEPROMregister
                0x0000000000082aca                iPDM_WriteSegmentHeaderDataIntoEEPROMsegment
                0x0000000000082af9                u8AHI_WakeTimerFiredStatus
                0x0000000000082b0d                vAHI_WakeTimerStop.part.3.146298
                0x0000000000082b2d                vAHI_UartReset.part.4.146052
                0x0000000000082b65                vAHI_OptimiseWaitStates
                0x0000000000082bb1                bAHI_GetClkSource
                0x0000000000082bbe                vAHI_CpuDoze
                0x0000000000082bd1                vAHI_SwReset
                0x0000000000082c01                vUnclaimedInterrupt.3229
                0x0000000000082c03                bIssueACIcommand
                0x0000000000082c99                vACI_CmdWaitBusy
                0x0000000000082ca6                vEcbEncodeStripe.145550
                0x0000000000082cfd                psSearchForFrameToSend
                0x0000000000082d54                eMiniMac_FrameInProgress
                0x0000000000082d7f                vRemoveFromTxQueue
                0x0000000000082dbb                vAddToTxQueue
                0x0000000000082df1                u8GetHeaderSize
                0x0000000000082e19                vMiniMac_PLME_SetReq_CcaMode
                0x0000000000082e2d                vMiniMac_MLME_SetReq_MaxCsmaBackoffs
                0x0000000000082e4d                vMiniMac_MLME_SetReq_MaxBe
                0x0000000000082e70                vMiniMac_MLME_SetReq_MinBe
                0x0000000000082e93                zps_psFormatCmdFrameGeneral
                0x0000000000082f20                zps_eNwkFormStInit
                0x0000000000082f35                bCheckMatchingEntry.135356
                0x0000000000082f5b                zps_psNwkSlistRemoveFromHead
                0x0000000000082f72                zps_psNwkSlistRemove
                0x0000000000082faa                zps_bNwkMcpsMgrRemoveDescrFromLists
                0x0000000000082fe8                zps_vNwkSlistAddToTail
                0x0000000000083002                zps_vNwkSecClearMatSet
                0x000000000008302c                ZPS_bNwkSecHaveNetworkKey
                0x0000000000083060                ZPS_bNwkSecFindMatSet
                0x000000000008309c                zps_eNwkRctMatchNwkAddr
                0x0000000000083106                ZPS_u8NwkCalcNldeReqOverhead
                0x0000000000083141                zps_vRemoveNextHop
                0x00000000000831f6                zps_vRemoveRoute
                0x000000000008328d                zps_psNwkRtMatchNwkAddr
                0x0000000000083303                zps_vNwkFreeMcpsHandle
                0x000000000008332d                zps_psNwkMcpsMgrFindPendingByNwkDstAddr
                0x0000000000083343                ZPS_u64NwkNibGetMappedIeeeAddr
                0x0000000000083365                ZPS_vNwkSecResetDevice
                0x00000000000833aa                ZPS_bNwkNibNtActvMatch
                0x0000000000083462                bCheckNwkAddr
                0x00000000000834b0                ZPS_vSetExtendedStatus
                0x00000000000834c2                zps_eNwkRtMatch
                0x00000000000835db                zps_psApsApsAllocateDcfmRecord
                0x0000000000083649                zps_u8CalcLinkCost
                0x0000000000083685                ZPS_u8NwkNibNtDiscMatch
                0x0000000000083769                zps_u64NwkLibFromPayload
                0x0000000000083906                eSmeAcScBeaconInd.135204
                0x0000000000083a0e                eSmeUDNTBeaconInd.135180
                0x0000000000083a31                zps_vNwkLibU64ToPayload
                0x0000000000083a5e                zps_vInitBeaconPayload
                0x0000000000083ada                zps_eNwkDcfmIndPost
                0x0000000000083afd                zps_psNwkDcfmIndGetBuf
                0x0000000000083b1f                zps_eNwkHandleSmePollDcfm
                0x0000000000083b49                eLeaveDataDcfmRemoteLeave.139943
                0x0000000000083b92                zps_vSendJoinInd
                0x0000000000083c02                vSendDcfm.135882
                0x0000000000083c26                eSmeEdScScanDcfm.135184
                0x0000000000083c6f                eSmeGenlScanDcfm.135188
                0x0000000000083ccd                eRouteRequestDataDcfm.131369
                0x0000000000083d21                eNldeDataDcfm.129204
                0x0000000000083d51                zps_vSendNwkStatusInd
                0x0000000000083d82                DBG_vInit
                0x0000000000083dc4                vPDM_ReadBitmapHeader.120700
                0x0000000000083de3                u8PDM_CalculateFileSystemCapacity
                0x0000000000083e01                psSLISTsearch
                0x0000000000083e41                psSLISTremove
                0x0000000000083ebf                vSLISTaddToTail
 .text          0x0000000000083ede     0x132c C:\DOCUME~1\g\LOCALS~1\Temp\ccNrVFZC.ltrans2.ltrans.o
                0x0000000000083ede                DBG_vUartFlush
                0x0000000000083f0b                DBG_vUartPutch
                0x0000000000083ff4                boIdValueSearchMatch.119843
                0x000000000008404e                vRadioToOff
                0x000000000008406b                vStartReceive
                0x0000000000084087                vMiniMac_NextTransaction
                0x00000000000840f1                eTransmit
                0x000000000008420b                vMiniMac_TxComplete
                0x0000000000084444                vTimerFired
                0x00000000000844fc                vMiniMac_Init
                0x0000000000084855                eCLD_ScenesSaveClusters.constprop.37
                0x00000000000849f7                vDispatch.58383
                0x0000000000084ac9                OS_eStartSWTimer.constprop.116
                0x0000000000084be8                OS_eStopSWTimer.constprop.30
                0x0000000000084d39                OS_ePostMessage
                0x0000000000084e9f                os_vAPP_CommissionTimerTask
                0x0000000000084eb5                OS_eActivateTask
                0x0000000000084f50                vPostMlmeDcfmInd.77518
                0x0000000000084ff3                iPDM_ReadUserDataFromEEPROMsegment
                0x000000000008506d                iPDM_ReCalculateWearCountAndChecksumAndWriteFileSystemHeader
                0x00000000000850b7                vPDM_SetEEPROMandFileSystemValidState
                0x00000000000850de                iPDM_ReadUserDataFromFileSystemRecord
                0x00000000000850fe                vPDM_WriteFileSystemRecordAndSegmentDataIntoEEPROMsegment
                0x0000000000085139                iPDM_ReadSegmentHeaderDataFromEEPROMsegment
                0x0000000000085192                u16ZCL_WriteCommandHeader
 .text          0x000000000008520a     0x1058 C:\DOCUME~1\g\LOCALS~1\Temp\ccNrVFZC.ltrans3.ltrans.o
                0x000000000008520a                os_u32APP_cbGetTickTimer
                0x0000000000085213                os_bAPP_cbSetTickTimerCompare
                0x000000000008526f                vZdoServersInit.2959
                0x0000000000085376                u16ZCL_APduInstanceWriteNBO
                0x00000000000853ca                u16ZCL_APduInstanceWriteStringNBO
                0x0000000000085491                u16ZCL_APduInstanceReadStringNBO
                0x0000000000085566                eZCL_GetAttributeTypeSizeFromBuffer
                0x00000000000855dd                u16ZCL_ReadTypeNBO
                0x0000000000085692                u16ZCL_APduInstanceReadNBO
                0x00000000000856e3                u16ZCL_ReadCommandHeader.part.0.42652
                0x000000000008575a                eCLD_BasicCommandHandler
                0x0000000000085786                PWRM_vWakeInterruptCallback
                0x000000000008580d                iPDM_FilterDuplicateAppendedSegmentsOnList.121096
                0x0000000000085851                eCLD_ScenesFindActiveScene
                0x0000000000085886                ZPS_bIsMacAddressUsedInApsTable
                0x000000000008593c                eCLD_GroupsCheckGroupExists
                0x00000000000859a9                ZPS_eTsvOpen
                0x00000000000859c3                zps_vNwkBttMgrInit
                0x00000000000859f1                ZPS_vNwkNibClearTables
                0x0000000000085b12                vMiniMac_MLME_SetReq_PanId
                0x0000000000085b4f                vMiniMac_MLME_SetReq_ShortAddr
                0x0000000000085b5d                vZCL_InitializeClusterInstance.constprop.132
                0x0000000000085b6e                psDLISTsearchFromHead
                0x0000000000085b97                eCLD_ScenesAddScene
                0x0000000000085c77                eCLD_ScenesFindScene
                0x0000000000085cd3                pvZCL_HeapAlloc.part.0.50013.constprop.115
                0x0000000000085d0c                vMicroIntEnableOnly.constprop.100
                0x0000000000085d38                bAHI_SetClockRate.part.0.145724.constprop.73
                0x0000000000085db3                vACI_OptimisedCcmStar.constprop.55
                0x0000000000085f9e                zps_eNwkRtDiscMatch.constprop.52
                0x0000000000085ff1                bACI_ECBencodeBuffer.part.0.145514.constprop.50
                0x0000000000086051                vMiniMac_ReturnTxBufferCallback
                0x0000000000086063                vEnableReceive.143417
                0x000000000008609d                pvHeap_Alloc
                0x00000000000860a0                vMicroIntRestoreState
                0x00000000000860ac                vSetChannelAndPower
                0x000000000008614a                vMiniMac_PLME_SetReq_Power
                0x000000000008615e                vMiniMac_PLME_SetReq_Channel
                0x0000000000086166                TSV_eStart
                0x00000000000861b6                bAHI_WriteEEPROMfixSegmentData
                0x0000000000086214                iAHI_WriteDataIntoEEPROMsegment.constprop.106
 .text.unlikely
                0x0000000000086262       0x43 C:\DOCUME~1\g\LOCALS~1\Temp\ccNrVFZC.ltrans3.ltrans.o
                0x0000000000086262                vAHI_MemoryHold.145732
 .text          0x00000000000862a5     0x1456 C:\DOCUME~1\g\LOCALS~1\Temp\ccNrVFZC.ltrans4.ltrans.o
                0x0000000000086561                zps_bAplZdoMatchDescServer
                0x0000000000086575                zps_bAplZdoNodeDescServer
                0x00000000000866e1                zps_bAplZdoPowerDescServer
                0x00000000000867fe                zps_bAplZdoActiveEpServer
                0x00000000000868e7                zps_bAplZdoSystemServerDiscoveryServer
                0x0000000000086970                zps_bAplZdoMgmtLqiServer
                0x0000000000086b9c                zps_bAplZdoSimpleDescServer
                0x0000000000086dfd                PDUM_eNPduAllocate
                0x0000000000086e6c                PDUM_eNPduClone
                0x0000000000086eb8                PDUM_eNPduFree
                0x0000000000086f25                vPostVsMcpsDcfmInd.77525
                0x000000000008700e                ZPS_vInterceptMcpsDataCallback
                0x0000000000087070                zps_vNwkMcpsMgrFreeReqDescr
                0x00000000000870a2                zps_psAllocateAndFormatMacHdr
                0x000000000008738b                zps_vNwkRemoveConflictedBroadcast
                0x00000000000873dd                zps_vNwkMcpsMgrTidyBtrReqDescr
                0x0000000000087421                vNwkBttTimerExpiry.133446
                0x000000000008753e                MAC_vHandleMcpsVsReqRsp
                0x00000000000876bf                hZCL_AllocateAPduInstance
 .text          0x00000000000876fb     0x10b0 C:\DOCUME~1\g\LOCALS~1\Temp\ccNrVFZC.ltrans5.ltrans.o
                0x000000000008774e                zps_bAplZdoNwkAddrServer
                0x00000000000878cf                zps_bAplZdoIeeeAddrServer
                0x0000000000087a25                eBeaconReqSent.144189
                0x0000000000087bee                AESSW_vMMOBlockUpdate
                0x0000000000087c3e                DriverBulb_vSetOnOff
                0x0000000000087c63                vLI_UpdateDriver
                0x0000000000087cc4                vLI_Start.constprop.41
                0x0000000000087d0c                vSetBulbState
                0x0000000000087d2c                APP_vHandleIdentify
                0x0000000000087d86                APP_ZCL_cbEndpointCallback.5522
                0x0000000000087f5a                DriverBulb_vInit.part.1.7836
                0x0000000000087fb9                vFreePendingReqDescr
                0x0000000000088023                vHandleRouteDiscoveryExpiry.130929
                0x0000000000088081                zps_vSendJoinDcfm
                0x00000000000880c7                vGiveUp.138508
                0x00000000000880ff                ZPS_bSecEncrypt
                0x00000000000882b5                eZCL_TransmitInterPanRequest.constprop.34
                0x0000000000088320                eCLD_ZllCommissionCommandNetworkJoinRouterRspCommandSend.constprop.27
                0x000000000008834a                eSendScanResponse.6280.constprop.32
                0x0000000000088488                zps_u8AplApsConstructAndPostLoopBackDataInd.64225
                0x00000000000885c1                u8PostUnicastMsgToNHLE.64233
                0x00000000000885fa                zps_psNwkInitCmdFrame
                0x0000000000088679                eSendLinkStatusDataDcfm.part.1.125075
 .text          0x00000000000887ab     0x12e5 C:\DOCUME~1\g\LOCALS~1\Temp\ccNrVFZC.ltrans6.ltrans.o
                0x00000000000887f4                zps_vCleanUnAuthenHandleExpiry
                0x0000000000088862                zps_eNwkHandleSceLeave
                0x0000000000088a24                eUnsolicitedRejoinRspDataDcfm.126122
                0x0000000000088a4f                zps_vAplSaveRecord
                0x0000000000088b82                zps_bNwkFindAddIeeeAddr
                0x0000000000088d00                ZPS_bNwkNibAddrMapAddEntry
                0x0000000000088ec7                zps_sNwkNibNtCheckJoin
                0x0000000000089170                zps_vNwkHandleCmeDirectJoinReq
                0x00000000000891ef                zps_vJoinInitNtParent
                0x0000000000089345                zps_vCheckActvNtForDuplicate
                0x00000000000893e2                eCheckAddrConflict.isra.4.126347
                0x0000000000089478                vAplSecRemoveLinkKey.70773
                0x00000000000894f5                ZPS_vNwkSaveAllRecords
                0x000000000008950c                zps_vSaveAllZpsRecords
                0x000000000008952b                ZPS_vNwkNibSetNwkAddr
                0x0000000000089549                zps_eNwkHandleSceRejnResponse
                0x00000000000895a6                ZPS_vNwkNibSetExtPanId
                0x00000000000895ca                vFinish.138945
                0x000000000008961f                eSmeOrphScanDcfm.138955
                0x0000000000089697                ZPS_vNwkNibSetKeySeqNum
                0x00000000000896ab                ZPS_vNwkNibSetDepth
                0x00000000000896d4                ZPS_vNwkNibSetUpdateId
                0x00000000000896e3                vSendNetworkUpdate.126114
                0x0000000000089812                ZPS_vNwkNibSetPanId
                0x0000000000089830                ZPS_vNwkNibSetCapabilityInfo
                0x000000000008985d                ZPS_vNwkNibSetChannel
                0x0000000000089875                zps_u8NwkHandleRejoinReq
                0x000000000008993e                vContinueRejoin.137738
                0x00000000000899e5                zps_vProcessLocalAddrConflict
 .text          0x0000000000089a90      0xf7f C:\DOCUME~1\g\LOCALS~1\Temp\ccNrVFZC.ltrans7.ltrans.o
                0x0000000000089a90                vMcpsMgrExpiry.127010
                0x0000000000089aef                zps_vNwkHandleCmeRouteDiscoveryReq
                0x0000000000089b75                vPDM_MoveAllDataFromListToList
                0x0000000000089bb3                vPDM_MoveAllDataWithBufferIdAndStateFromListToList
                0x0000000000089c3e                vPDM_MoveAllDataToDeAllocList
                0x0000000000089c66                iPDM_ReconstructReplacedDataTable
                0x0000000000089ee5                vPDM_ImageBitmapRepair.119758
                0x0000000000089f46                vPDM_MoveAllDataWithBufferIdFromListToList
                0x0000000000089fcb                vPDM_DeleteAppendedSequence
                0x000000000008a070                PDM_eSaveRecordData
                0x000000000008a4a5                ZPS_vNwkSaveRecord
                0x000000000008a4d1                ZPS_vNwkSaveNt
                0x000000000008a4e4                ZPS_vNwkPurgeMacAddressAndRelatedEntries
                0x000000000008a5ea                ZPS_vNtSetUsedStatus
                0x000000000008a690                zps_vBuildSortedActvNTList
                0x000000000008a74e                zps_vTidyActvNtAfterJoin
                0x000000000008a7e2                eRejoinRspDataDcfm.137742
                0x000000000008a8b1                zps_eNwkHandleSmeCommStatusInd
                0x000000000008a965                ZPS_vNwkSaveSecMat
                0x000000000008a9bb                ZPS_vNwkResetOutgoingFrameCounter
 *fill*         0x000000000008aa0f        0x1 00
 .text          0x000000000008aa10     0x10a8 C:\DOCUME~1\g\LOCALS~1\Temp\ccNrVFZC.ltrans8.ltrans.o
                0x000000000008aa10                os_vAPP_cbDisableTickTimer
                0x000000000008aa54                os_vAPP_cbEnableTickTimer
                0x000000000008aad4                vRetryCcaFailure
                0x000000000008ab28                eOrphanNotificationSent.144185
                0x000000000008ab71                DBG_vUartInitHardware
                0x000000000008acae                eZCL_SearchForClusterEntry
                0x000000000008ad4c                eZCL_FindCluster.constprop.59
                0x000000000008ad99                eCLD_OnOffGetState
                0x000000000008adc8                eCLD_LevelControlClusterIsPresent
                0x000000000008addf                eCLD_GroupsSetIdentifying
                0x000000000008ae02                vCLD_IdentifyTimerClickCallback.15079
                0x000000000008ae89                eCLD_OnOffSetGlobalSceneControl.constprop.22
                0x000000000008aebd                eZCL_CustomCommandReceiveScenes.isra.0.part.1.21974.constprop.18
                0x000000000008afb1                vCLD_ScenesUpdateSceneValid
                0x000000000008b09e                eCLD_LevelControlUpdate
                0x000000000008b31d                eCLD_LevelControlSetOnOffState
                0x000000000008b45a                eCLD_OnOffSceneEventHandler.18142
                0x000000000008b491                eZCL_BuildTransmitAddressStructure
                0x000000000008b503                eCLD_ScenesCountScenes
                0x000000000008b51d                ZPS_bSecDecrypt
                0x000000000008b62f                boPDM_IsBitmapSaturated.120735
                0x000000000008b678                eCLD_ScenesStoreScene
                0x000000000008b750                MAC_u64GetExtAddr
                0x000000000008b76b                ZPS_u64NwkNibFindExtAddr
                0x000000000008b816                eCLD_ScenesSetLastConfiguredBy.isra.2.21990
                0x000000000008b84d                ZPS_u16NwkNibFindNwkAddr
                0x000000000008b8f3                iPDM_SearchForBufferIdInList
                0x000000000008b928                iPDM_SearchForBufferIdInFileSystem
                0x000000000008b93b                iPDM_ReadUserDataFromSegmentWithId
                0x000000000008b970                iPDM_SearchForSpecificSegmentInList
                0x000000000008b9a2                psGetTxFrameBuffer
                0x000000000008b9e1                psGetAndBuildCoordRealignment
                0x000000000008ba39                eBuildAndSend.144193
                0x000000000008baae                MAC_vPibSetRxOnWhenIdle.constprop.93
 .text          0x000000000008bab8     0x110a C:\DOCUME~1\g\LOCALS~1\Temp\ccNrVFZC.ltrans9.ltrans.o
                0x000000000008bb20                zps_vNwkHandleCmeActvStartRouterReq
                0x000000000008bc5b                vHandleNwkLocalUpdateAfterBcast.126127
                0x000000000008bcae                vHandleNwkRemoteUpdateAfterBcast.126118
                0x000000000008bd01                eSmeAcScScanDcfm.135886
                0x000000000008bfcf                ZPS_pvNwkCtor.constprop.91
                0x000000000008c552                ZPS_vNwkHandleNlmeReqRsp
                0x000000000008c5cf                zps_vAplAfPostEvent
                0x000000000008c7bc                zps_eAplZdoLeaveNetwork.constprop.29
                0x000000000008c7e7                zps_bAplZdoMgmtLeaveServer
                0x000000000008c967                zps_eAplZdoNlmePermitJoiningWrapper
                0x000000000008c98f                zps_bAplZdoPermitJoiningServer
                0x000000000008ca29                vChangeChannelTimerExpiry.95538
                0x000000000008ca8c                eLeaveReset.139938
                0x000000000008caf7                eLeaveDataDcfmLocalLeave.139948
                0x000000000008cb71                zps_eAplZdoZllStartRouter
 .text          0x000000000008cbc2     0x1347 C:\DOCUME~1\g\LOCALS~1\Temp\ccNrVFZC.ltrans10.ltrans.o
                0x000000000008d07f                OS_eExitCriticalSection
                0x000000000008d164                PDUM_hAPduAllocateAPduInstance
                0x000000000008d1d8                zps_eAplZdoSendZdpResponse
                0x000000000008d221                bSendResponse.94357
                0x000000000008d264                PDUM_eAPduFreeAPduInstance
                0x000000000008d2e7                zps_bAplZdoMgmtRtgServer
                0x000000000008d42d                PDM_eReadDataFromRecord.part.0.119163
                0x000000000008d4b0                vLoadNwkRecord.127982
                0x000000000008d4ee                vLoadAplRecord.70707
                0x000000000008d522                ZPS_eTsvStart
                0x000000000008d57d                zps_eAplZdoBdrmRequestSend
                0x000000000008d5f8                zps_eNwkHandleSceNwkUpdate
                0x000000000008d61c                vProcessTimedList.127038
                0x000000000008d662                zps_vNwkMcpsMgrPostTimed
                0x000000000008d675                vNwkMcpsSendTimedDfcm
                0x000000000008d6b9                zps_vAplAfPostTimerEvent
                0x000000000008d736                zps_vExpireOldRoutes
                0x000000000008d7bf                zps_vNwkJoinStStartResponseTimer
                0x000000000008d7f9                ZPS_eTsvStop
                0x000000000008d84d                zps_vNwkHandleCmePermitJoinReq
                0x000000000008d8b5                zps_eNwkBtrMatch
                0x000000000008d9b2                zps_vAplApsStopPollTimer.part.2.64114
                0x000000000008da39                eHandleRemoveBroadcastEndpointsFromGroup.65634
                0x000000000008da93                eZCL_SetReceiveEventAddressStructure
                0x000000000008db12                DBG_vDumpStack
                0x000000000008db54                eCLD_ScenesRemoveAllScenes
                0x000000000008dc05                eCLD_ScenesUpdate
                0x000000000008decc                eCLD_LevelControlStopTransition
 *fill*         0x000000000008df09        0x3 00
 .text          0x000000000008df0c     0x1220 C:\DOCUME~1\g\LOCALS~1\Temp\ccNrVFZC.ltrans11.ltrans.o
                0x000000000008df0c                vMiniMac_MlmeCallback
                0x000000000008e1f7                vSendMlmeCommStatusFromTxFrame
                0x000000000008e24d                MAC_vHandleMlmeVsReqRsp.constprop.94
                0x000000000008ea7c                vScanBeaconReceived
                0x000000000008eabb                vPostDcfm.144204
                0x000000000008eb24                vScanNextChannel.144210
                0x000000000008ed2f                vRunningRxCallback
                0x000000000008f089                iPDM_VerifyDataSequenceWithBufferId
 .text          0x000000000008f12c      0xe4c C:\DOCUME~1\g\LOCALS~1\Temp\ccNrVFZC.ltrans12.ltrans.o
                0x000000000008f34b                vPDM_AddFileSystemElementToListInAscendingWearCountOrder
                0x000000000008f459                vPDM_MoveFileRecordFromListToList
                0x000000000008f47b                vPDM_MoveRecordToDeAllocList
                0x000000000008f49b                iPDM_WriteSegmentHeaderAndData
                0x000000000008f697                vIncrementFrameCounterInPdm.isra.0.128416
                0x000000000008f876                vProcessListsForSubmission.127126
                0x000000000008fb30                zps_vNwkMcpsMgrPost
                0x000000000008fb54                iPDM_SegmentCopyAndAppendData.constprop.135
                0x000000000008fbb1                vMiniMac_McpsCallback
                0x000000000008fddd                eMcpsTxCompleteHandler.143042
                0x000000000008fe0b                PWRM_vManagePower
                0x000000000008ff48                vTransformKey.isra.0.67166
 .text.unlikely
                0x000000000008ff78       0xaa C:\DOCUME~1\g\LOCALS~1\Temp\ccNrVFZC.ltrans12.ltrans.o
                0x000000000008ff78                eMakeEntryInBindingTable.65661
 .text          0x0000000000090022     0x1260 C:\DOCUME~1\g\LOCALS~1\Temp\ccNrVFZC.ltrans13.ltrans.o
                0x0000000000090022                zps_bAplZdoBindRequestServer
                0x000000000009015d                psGetVsMcpsBuf.77522
                0x0000000000090166                psGetMlmeBuf.77515
                0x00000000000901ad                psGetNlmeBuf.61614
                0x00000000000901b7                psGetNldeBuf.61635
                0x00000000000901c1                psGetApsmeBuf.61621
                0x00000000000901ca                psGetApsdeBuf.61628
                0x00000000000902e3                vLoopbackTimerCallback
                0x0000000000090312                psSLISTgetNext
                0x0000000000090336                u8PDM_CalculateLargestDataRecordStored
                0x0000000000090367                bPDM_ImageBitmapRepairCheck
                0x000000000009038f                u8PDM_ReadSequenceNumber
                0x00000000000903b2                boSegmentNumberDeleteSearchMatch.120270
                0x00000000000903cd                u8PDM_ReadSegmentDataSize
                0x00000000000903e1                u32PDM_ReadFileSystemHeaderWearCount
                0x00000000000903f7                boSearchForWearCountInsertPoint.119839
                0x0000000000090415                vPDM_WriteFileSystemHeaderWearCount
                0x0000000000090427                RND_u32GetRand256
                0x0000000000090444                RND_u32GetRand
                0x000000000009046b                u16CalculateFailedTxCount.95546
                0x0000000000090495                vZdoIeeeAddrServerSendExtendResponse.part.0.81343
                0x00000000000904f6                vZdoNwkAddrServerSendExtendResponse.part.0.80163
                0x0000000000090557                zps_bAplZdoServerHandleConfirmAcks
                0x00000000000905a1                zps_bPerformLeaveActionDecider
                0x00000000000905a6                vHandleUpdateDeviceIndication.70680
                0x00000000000905d0                bDuplicateCheck.67047
                0x00000000000906dd                eHandleRemoveNonBroadcastEndpointsFromGroup.65675
                0x0000000000090755                eHandleAddEntryToGroupTable.65638
                0x00000000000907b1                zps_vAplApsFillAndPostApsAck
                0x000000000009081b                zps_u8AplApsFreeMsgHandle
                0x0000000000090885                vFillDataIndStruct.61481
                0x00000000000908e3                vFillApduErrorEvent.61474
                0x0000000000090926                bCheckProfile.61469
                0x000000000009096d                ZPS_bIsGroupPresent
                0x00000000000909a5                pdum_u16ReadNBO
                0x0000000000090b06                PDUM_u16SizeNBO
                0x0000000000090b64                PDUM_u16APduInstanceWriteStrNBO
                0x0000000000090ce3                PDUM_u16APduInstanceReadNBO
                0x0000000000090d2e                PDUM_u16APduInstanceWriteNBO
                0x0000000000090d98                PDUM_thAPduInstanceGetApdu
                0x0000000000090db3                PDUM_eAPduInstanceSetPayloadSize
                0x0000000000090ddb                PDUM_eNPduWriteDataFromBuffer
                0x0000000000090e35                PDUM_eNPduWriteDataToBuffer
                0x0000000000090e93                PDUM_eNPduWriteFromBuffer
                0x0000000000090ebc                PDUM_eNPduDescend
                0x0000000000090ee2                PDUM_eNPduAscend
                0x0000000000090f08                PDUM_eNPduClaimData
                0x0000000000090f75                PDUM_eNPduAppendDataNBO
                0x0000000000090fd2                PDUM_eNPduClaimHeader
                0x0000000000090ff5                PDUM_eNPduReadHeaderNBO
                0x0000000000091048                PDUM_eNPduPrependHeaderNBO
                0x00000000000910a3                PDUM_eNPduInitDescending
                0x00000000000910be                zps_vInitAPSMECmdHdr
                0x00000000000910f5                OS_eCollectMessage
                0x00000000000911ba                OS_eEnterCriticalSection
 .text.unlikely
                0x0000000000091282       0xd0 C:\DOCUME~1\g\LOCALS~1\Temp\ccNrVFZC.ltrans13.ltrans.o
                0x0000000000091282                bIsBindTableMatch.65615
                0x00000000000912d3                eRemoveEntryInBindingTable.65643
 .text          0x0000000000091352     0x1310 C:\DOCUME~1\g\LOCALS~1\Temp\ccNrVFZC.ltrans14.ltrans.o
                0x0000000000091352                zps_eNwkHandleSceLinkStatus
                0x0000000000091486                zps_eNwkHandleSceRouteRequest
                0x00000000000918b5                zps_psFindKeyDescr
                0x00000000000919e9                zps_eAplSecEncryptPacket
                0x0000000000091adb                eUnfragmentedUnicastTransmission.64208
                0x0000000000091e35                zps_eAplSendApsmeCmdFrame
                0x0000000000091fa6                vHandleTransportKeyFrame.67002
                0x0000000000092185                vApsmeResendTimeOutHandler
                0x00000000000921b4                zps_vAgeRouter
                0x00000000000921f2                zps_eNwkHandleSdeActvDcfmData
                0x000000000009237c                vMcpsMgrTimeoutExpiry
                0x00000000000923eb                zps_eDefaultDataDcfm
                0x00000000000925c0                zps_vLinkStatusHandleExpiry
 .text.unlikely
                0x0000000000092662       0x5f C:\DOCUME~1\g\LOCALS~1\Temp\ccNrVFZC.ltrans14.ltrans.o
                0x0000000000092662                vInitUnknownNeighbor.127022
 *fill*         0x00000000000926c1        0x3 00
 .text          0x00000000000926c4      0xfb0 C:\DOCUME~1\g\LOCALS~1\Temp\ccNrVFZC.ltrans15.ltrans.o
                0x00000000000926c4                vAplSecAuthPollTimerExpiry.70657
                0x000000000009271c                vAplSecAuthTimerExpiry.70661
                0x00000000000927ec                vHandleApsInterPanDcfmData
                0x0000000000092c1a                vPostApsdeDcfmInd.61631
                0x0000000000092e23                zps_vHandleApsdeDataFragIndNotSupported
                0x0000000000092e8c                vApsInterPanMcpsDataInd
                0x0000000000093033                eDiscoverNetworks.70727
                0x000000000009308f                zps_eAplZdoDiscoverNetworks
                0x00000000000930b8                eStartNetworkDiscovery.70734
                0x0000000000093145                eStartRouter.70744
                0x0000000000093214                vPostApsmeDcfmInd.61624
 .text          0x0000000000093674     0x1134 C:\DOCUME~1\g\LOCALS~1\Temp\ccNrVFZC.ltrans16.ltrans.o
                0x00000000000936bb                os_vAPP_Commission_Task
                0x000000000009454f                os_vAPP_ZPR_Light_Task
 .text          0x00000000000947a8     0x1084 C:\DOCUME~1\g\LOCALS~1\Temp\ccNrVFZC.ltrans17.ltrans.o
                0x00000000000947a8                vHandleZllDeviceJoin
                0x00000000000948f5                vPostNldeDcfmInd.61638
                0x00000000000953e4                iPDM_SelectValidFileRecordInstance.119684
                0x00000000000954d0                vSaveScenesNVM
                0x0000000000095583                eCLD_GroupsRemoveAllGroups
                0x000000000009563d                vRemoveAllGroupsAndScenes
                0x000000000009564f                zps_eAplZdoGroupEndpointRemove
                0x00000000000956e7                zps_eAplApsmeUpdateDeviceReqRsp.part.4.65772
 .text          0x000000000009582c      0xf50 C:\DOCUME~1\g\LOCALS~1\Temp\ccNrVFZC.ltrans18.ltrans.o
                0x0000000000095a53                zps_eZdpNodeDescResponse
                0x0000000000095afb                zps_eZdpSimpleDescResponse
                0x0000000000095c08                zps_eZdpPowerDescResponse
                0x0000000000095ca5                zps_eZdpActiveEpResponse
                0x0000000000095d3b                zps_eZdpMatchDescResponse
                0x0000000000095dd1                eZCL_TransmitDataRequest
                0x0000000000096139                eZCL_SendDefaultResponse
                0x0000000000096238                eZCL_CustomCommandReceive
                0x00000000000963ae                eCLD_OnOffCommandHandler
 .text          0x000000000009677c     0x11a4 C:\DOCUME~1\g\LOCALS~1\Temp\ccNrVFZC.ltrans19.ltrans.o
                0x00000000000967e4                vSendNetworkReport.126110
                0x00000000000968be                zps_psNwkInitiateRouteDiscovery
                0x0000000000096bf6                zps_psSendFrm
                0x0000000000096f12                zps_psSendBroadcastFrm
                0x0000000000096fa8                ZPS_vNwkHandleNldeReqRsp
                0x0000000000097188                zps_eAplApsmeCmdMgrSendCommand
                0x0000000000097265                zps_vAplApsmeCmdMgrRetryTimeout.65607
                0x000000000009728f                zps_eNwkHandleSceRouteRecord
                0x0000000000097363                zps_psNwkSendRejoinReqCmd.constprop.8
                0x00000000000973d3                zps_psSendNetworkStatusCmd
                0x0000000000097440                psSendRouteReplyCmd.131351
                0x0000000000097552                zps_eNwkHandleSceRouteReply
                0x0000000000097829                zps_psNwkPropagateLocalLeave
                0x0000000000097852                zps_vNwkHandleCmeLeaveReq
 *fill*         0x0000000000097920        0x0 00
 .text          0x0000000000097920      0xcd8 C:\DOCUME~1\g\LOCALS~1\Temp\ccNrVFZC.ltrans20.ltrans.o
                0x0000000000097920                vBbcIntHandler.142840
                0x0000000000097bd8                os_vzps_isrMAC
                0x0000000000097c17                eAssocRespSent.143750
                0x0000000000097c36                zps_vNwkHandleCmeSyncReq
                0x0000000000097cb8                zps_vNwkHandleCmeIdleNwkFormReq
                0x0000000000097d60                zps_vNwkHandleCmeNwkDiscReq
                0x0000000000097dda                zps_vNwkHandleCmeEdScanReq
                0x0000000000097fef                zps_vNwkHandleCmeNwkJoinReq
                0x00000000000982ad                zps_vNwkHandleCmeNwkActvJoinReq
                0x0000000000098349                vHandleRejoinExpiry.138504
                0x00000000000983a8                zps_eRejoinDataDcfm
                0x0000000000098572                vSetKeys
 .text          0x00000000000985f8      0xe3b C:\DOCUME~1\g\LOCALS~1\Temp\ccNrVFZC.ltrans21.ltrans.o
                0x00000000000985f8                eCLD_ScenesCommandHandler
 .text          0x0000000000099433     0x1052 C:\DOCUME~1\g\LOCALS~1\Temp\ccNrVFZC.ltrans22.ltrans.o
                0x000000000009a0b6                os_vzps_taskZPS
                0x000000000009a2df                eTryNextParent
                0x000000000009a41b                vCheckSleepingSendPoll.part.1.139057
 .text          0x000000000009a485      0xdc0 C:\DOCUME~1\g\LOCALS~1\Temp\ccNrVFZC.ltrans23.ltrans.o
                0x000000000009a485                ZPS_vAplHandleApsdeReqRsp
                0x000000000009a8a5                zps_eAplZdpApsdeReqInternal
                0x000000000009a914                zps_eAplZdpRequestApsdeReq.constprop.46
                0x000000000009aa95                zps_bAplZdoZdoClient
                0x000000000009af05                zps_bAplZdoDefaultServer
                0x000000000009b1c1                zps_eZdpMgmtLeaveResponse
                0x000000000009b1e2                zps_eZdpMgmtPermitJoiningResponse
 *fill*         0x000000000009b245        0x3 00
 .text          0x000000000009b248      0xed8 C:\DOCUME~1\g\LOCALS~1\Temp\ccNrVFZC.ltrans24.ltrans.o
                0x000000000009b6be                eCLD_ZllCommissionCommandHandler
                0x000000000009b8f5                eCLD_LevelControlCommandHandler
                0x000000000009bc8c                vZCL_HandleAttributesWriteRequest
 .text          0x000000000009c120      0xda0 C:\DOCUME~1\g\LOCALS~1\Temp\ccNrVFZC.ltrans25.ltrans.o
                0x000000000009ca85                os_vTick_Task
                0x000000000009ce99                os_vZCL_Task
 .text          0x000000000009cec0      0xf1b C:\DOCUME~1\g\LOCALS~1\Temp\ccNrVFZC.ltrans26.ltrans.o
                0x000000000009cec0                os_bDummyMemberCheck.58393
                0x000000000009cec5                os_vDefaultErrorHook.58389
                0x000000000009cec8                bCLD_ScenesSearchForScene.22597
                0x000000000009cefb                eCLD_LevelControlSceneEventHandler.16698
                0x000000000009cf44                vOverideProfileId.7591
                0x000000000009cf81                APP_ZCL_cbGeneralCallback.5525
                0x000000000009cf84                bCLD_ScenesSearchForScene.4115
                0x000000000009cfb7                vfExtendedStatusCallBack
                0x000000000009cfba                os_bStrictCheck.1358
                0x000000000009d24d                bCLD_GroupsSearchForGroup.14014
                0x000000000009d272                eExpireSWTimer.58402
                0x000000000009d2dd                vEnterErrorHook.58385
                0x000000000009d304                vOSError.3231
                0x000000000009d307                eZCL_BuildClientTransmitAddressStructure
                0x000000000009d33f                eZCL_GetAttributeTypeSize
                0x000000000009d35e                vZCL_MarkAttributeInvalid
                0x000000000009d42d                eZCL_CheckEPstructureIntegrity.38405
                0x000000000009d615                u8ZCL_GetAttributeAllignToFourBytesBoundary
                0x000000000009d62a                pvZCL_GetAttributePointer
                0x000000000009d6a0                u16ZCL_WriteTypeNBO.part.0.39759
                0x000000000009d715                u16ZCL_GetStringStructureSize
                0x000000000009d752                u16ZCL_GetStringAttributeTypeSizeFromBuffer
                0x000000000009d7c3                u16ZCL_GetStringSizeAndBufferFromStructure
                0x000000000009d852                bZCL_SendCommandResponse
                0x000000000009d86e                vZCL_GetInternalMutex
                0x000000000009d897                eZCL_GetMutex
                0x000000000009d8cf                u8ZCL_GetEPIdFromIndex
                0x000000000009d8f1                vZCL_ReleaseInternalMutex
                0x000000000009d90b                eZCL_SearchForAttributeEntry
                0x000000000009d9cb                vCLD_ScenesGenerateIndividualAttributeCallback
                0x000000000009da25                eZCL_SearchForEPentry
                0x000000000009da80                eZCL_SearchForEPentryAndCheckManufacturerId
                0x000000000009dabe                vZCL_PassEventToUser
                0x000000000009daeb                eZCL_ReleaseMutex
                0x000000000009db1a                eZCL_Register.part.1.38414
                0x000000000009db48                boDLISTisEmpty
                0x000000000009db60                vDLISTaddToTail
                0x000000000009db8e                psDLISTremoveFromHead
                0x000000000009dbb7                psDLISTremove
                0x000000000009dc0f                vWriteU64ToPayLoad.24930
                0x000000000009dc3c                vWriteU32ToPayLoad.24926
                0x000000000009dc54                vBULB_SetColourTemperature
                0x000000000009dc61                vBULB_SetColour
                0x000000000009dc6e                vLI_InitVar.6610
                0x000000000009dc9f                InvShiftRows
                0x000000000009dd32                InvSubBytes
                0x000000000009dd78                AddRoundKey
                0x000000000009ddb9                getSBoxValue.4881
 *fill*         0x000000000009dddb        0x1 00
 .text          0x000000000009dddc      0xb88 C:\DOCUME~1\g\LOCALS~1\Temp\ccNrVFZC.ltrans27.ltrans.o
                0x000000000009dddc                eZCL_CustomCommandSend.constprop.23
                0x000000000009e03e                eCLD_IdentifyCommandHandler
                0x000000000009e492                eCLD_GroupsCommandHandler
 .text          0x000000000009e964      0xc4c C:\DOCUME~1\g\LOCALS~1\Temp\ccNrVFZC.ltrans28.ltrans.o
                0x000000000009e964                vStartScanTimerExpiry.95542
                0x000000000009ea4f                zps_eNwkHandleSmeOrphanInd
                0x000000000009ecd9                zps_eNwkHandleSceNwkStatus
                0x000000000009f03c                zps_eNwkHandleSmeAssocInd
                0x000000000009f05e                zps_eNwkHandleSceRejnRequest
                0x000000000009f0de                zps_eProcessAddrConflict
                0x000000000009f28b                ZPS_vNwkNibCheckAndUpdateAddresses
                0x000000000009f322                zps_bAplZdoDeviceAnnceServer
 .text          0x000000000009f5b0      0x9f4 C:\DOCUME~1\g\LOCALS~1\Temp\ccNrVFZC.ltrans29.ltrans.o
                0x000000000009f71a                zps_vAplApsPollTimer
                0x000000000009f77c                vPostNlmeDcfmInd.61617
                0x000000000009fe8e                vDiscoverNetworks.4185
                0x000000000009ff2a                vTryNwkJoin.4191
 .text          0x000000000009ffa4      0x806 C:\DOCUME~1\g\LOCALS~1\Temp\ccNrVFZC.ltrans30.ltrans.o
                0x000000000009ffa4                zps_eZdpSystemServerDiscoveryResponse
                0x00000000000a0013                zps_eAplZdpMgmtLqiResponse
                0x00000000000a00fb                zps_eAplZdpMgmtRtgResponse
                0x00000000000a0274                zps_eZdpNwkAddrResponse
                0x00000000000a0357                zps_eZdpIeeeAddrResponse
                0x00000000000a043a                zps_bAplZdoMgmtNWKUpdateServer
 .text          0x00000000000a07aa      0x437 C:\DOCUME~1\g\LOCALS~1\Temp\ccNrVFZC.ltrans31.ltrans.o
                0x00000000000a07aa                AppWarmStart
                0x00000000000a07c4                AppColdStart
                0x00000000000a0a3b                os_vUnclaimedInterrupt
                0x00000000000a0a4d                os_vControlledIntCheck
                0x00000000000a0a92                os_vControlledInterrupt
                0x00000000000a0acb                os_vAPP_isrIllegalInstruction
                0x00000000000a0ad8                os_vAPP_isrAlignmentException
                0x00000000000a0ae5                os_vAPP_isrBusErrorException
                0x00000000000a0ae9                os_vAPP_isrUnimplementedModuleException
                0x00000000000a0aed                os_vAPP_isrStackOverflowException
                0x00000000000a0af1                os_vAPP_isrTickTimer
 .text          0x00000000000a0be1       0x25 c:/nxp/bstudio_nxp/sdk/tools/ba-elf-ba2-r36379/bin/../lib/gcc/ba-elf/4.7.4/../../../../ba-elf/lib/mcpu_jn51xx_sizeopt\libc.a(lib_a-memcmp.o)
                0x00000000000a0be1                memcmp
 .text          0x00000000000a0c06       0x19 c:/nxp/bstudio_nxp/sdk/tools/ba-elf-ba2-r36379/bin/../lib/gcc/ba-elf/4.7.4/../../../../ba-elf/lib/mcpu_jn51xx_sizeopt\libc.a(lib_a-memcpy.o)
 .text          0x00000000000a0c1f       0x12 c:/nxp/bstudio_nxp/sdk/tools/ba-elf-ba2-r36379/bin/../lib/gcc/ba-elf/4.7.4/../../../../ba-elf/lib/mcpu_jn51xx_sizeopt\libc.a(lib_a-memset.o)
                0x00000000000a0c1f                memset
 .text          0x00000000000a0c31       0x12 c:/nxp/bstudio_nxp/sdk/tools/ba-elf-ba2-r36379/bin/../lib/gcc/ba-elf/4.7.4/../../../../ba-elf/lib/mcpu_jn51xx_sizeopt\libc.a(lib_a-strlen.o)
                0x00000000000a0c31                strlen
 .text          0x00000000000a0c43       0x2b c:/nxp/bstudio_nxp/sdk/tools/ba-elf-ba2-r36379/bin/../lib/gcc/ba-elf/4.7.4/../../../../ba-elf/lib/mcpu_jn51xx_sizeopt\libc.a(lib_a-strncpy.o)
                0x00000000000a0c43                strncpy
 *fill*         0x00000000000a0c6e        0x2 00
 .text          0x00000000000a0c70      0x204 c:/nxp/bstudio_nxp/sdk/tools/ba-elf-ba2-r36379/bin/../lib/gcc/ba-elf/4.7.4/mcpu_jn51xx_sizeopt\libgcc.a(__udivsi3.o)
                0x00000000000a0c70                __udivsi3
 .text          0x00000000000a0e74       0x30 c:/nxp/bstudio_nxp/sdk/tools/ba-elf-ba2-r36379/bin/../lib/gcc/ba-elf/4.7.4/mcpu_jn51xx_sizeopt\libgcc.a(__divsi3.o)
                0x00000000000a0e74                __divsi3
 .text          0x00000000000a0ea4      0x1b0 c:/nxp/bstudio_nxp/sdk/tools/ba-elf-ba2-r36379/bin/../lib/gcc/ba-elf/4.7.4/mcpu_jn51xx_sizeopt\libgcc.a(__umodsi3.o)
                0x00000000000a0ea4                __umodsi3
 .text          0x00000000000a1054       0x24 c:/nxp/bstudio_nxp/sdk/tools/ba-elf-ba2-r36379/bin/../lib/gcc/ba-elf/4.7.4/mcpu_jn51xx_sizeopt\libgcc.a(__modsi3.o)
                0x00000000000a1054                __modsi3
 .text          0x00000000000a1078      0x3bd c:/nxp/bstudio_nxp/sdk/tools/ba-elf-ba2-r36379/bin/../lib/gcc/ba-elf/4.7.4/mcpu_jn51xx_sizeopt\libgcc.a(_divdi3.o)
                0x00000000000a1078                __divdi3
 .text          0x00000000000a1435      0x350 c:/nxp/bstudio_nxp/sdk/tools/ba-elf-ba2-r36379/bin/../lib/gcc/ba-elf/4.7.4/mcpu_jn51xx_sizeopt\libgcc.a(_udivdi3.o)
                0x00000000000a1435                __udivdi3
 *fill*         0x00000000000a1785        0x3 00
 .text          0x00000000000a1788      0x138 c:/NXP/bstudio_nxp/workspace/Custom_ZLL_Lights/Light_DimmableLight/Build/os_irq.o
                0x00000000000a1788                os_ExternalException_W
                0x00000000000a17cc                os_PIC_ChannelPriorities
                0x00000000000a17dc                os_OSMIUM_HwVectTable
                0x00000000000a1818                os_PIC_SwVectTable
 .text          0x00000000000a18c0       0x29 c:/NXP/bstudio_nxp/workspace/Custom_ZLL_Lights/Light_DimmableLight/Build/os_irq_alignment.o
                0x00000000000a18c0                IRQ_Alignment
 .text          0x00000000000a18e9       0x29 c:/NXP/bstudio_nxp/workspace/Custom_ZLL_Lights/Light_DimmableLight/Build/os_irq_buserror.o
                0x00000000000a18e9                IRQ_BusError
 .text          0x00000000000a1912       0x29 c:/NXP/bstudio_nxp/workspace/Custom_ZLL_Lights/Light_DimmableLight/Build/os_irq_illegalinstruction.o
                0x00000000000a1912                IRQ_IllegalInstruction
 .text          0x00000000000a193b       0x29 c:/NXP/bstudio_nxp/workspace/Custom_ZLL_Lights/Light_DimmableLight/Build/os_irq_stackoverflowexception.o
                0x00000000000a193b                IRQ_StackOverflowException
 .text          0x00000000000a1964       0x29 c:/NXP/bstudio_nxp/workspace/Custom_ZLL_Lights/Light_DimmableLight/Build/os_irq_unimplementedmodule.o
                0x00000000000a1964                IRQ_UnimplementedModule
 *fill*         0x00000000000a198d        0x3 00
 .text          0x00000000000a1990       0xc0 c:/NXP/bstudio_nxp/sdk/JN-SW-4168/Components/Library\libOS_JN516x.a(os_contirq_JN516x.o)
                0x00000000000a1990                os_ExternalException_R
                0x00000000000a19c0                os_CFunc_W
                0x00000000000a1a10                os_UnclaimedException_W
                0x00000000000a1a30                os_UnclaimedInterrupt_W
 .text          0x00000000000a1a50       0x48 c:/NXP/bstudio_nxp/sdk/JN-SW-4168/Components/Library\libPWRM_JN516x.a(pwrm_setjmp_JN516x.o)
                0x00000000000a1a50                setjmp
                0x00000000000a1a74                PWRM_longjmp
 .text          0x00000000000a1a98       0x27 c:/NXP/bstudio_nxp/sdk/JN-SW-4168/Components/Library\libHardwareApi_JN516x.a(AHI_Interrupt.o)
                0x00000000000a1a98                vAHI_InterruptSetPriority
                0x00000000000a1ab6                vAHI_InterruptSetActivePriorityLevel
 .text.vMicroSyscall
                0x00000000000a1abf       0x17 c:/NXP/bstudio_nxp/sdk/JN-SW-4168/Components/Library\libMicroSpecific_JN516x.a(MicroSyscall_ba.o)
                0x00000000000a1abf                vMicroSyscall
 .text          0x00000000000a1ad6        0x0 c:/NXP/bstudio_nxp/sdk/JN-SW-4168/Components/Library\libOS_JN516x.a(os_version_lc.o)
                0x00000000000a1ad6                OS_Version_1v2
 .text          0x00000000000a1ad6        0x0 c:/NXP/bstudio_nxp/sdk/JN-SW-4168/Components/Library\libZPSAPL_JN516x.a(zps_apl_version_lc.o)
                0x00000000000a1ad6                ZPS_APL_Version_2v0
 .text          0x00000000000a1ad6        0x0 c:/NXP/bstudio_nxp/sdk/JN-SW-4168/Components/Library\libZPSNWK_JN516x.a(zps_nwk_version_lc.o)
                0x00000000000a1ad6                ZPS_NWK_Version_2v0
                0x00000000000a1ad6                _flash_end = ABSOLUTE (.)

.rela.dyn       0x00000000000a1ad8        0x0
 .rela.text     0x0000000000000000        0x0 c:/NXP/bstudio_nxp/workspace/Custom_ZLL_Lights/Light_DimmableLight/Build/os_irq.o
 .rela.data     0x0000000000000000        0x0 c:/NXP/bstudio_nxp/workspace/Custom_ZLL_Lights/Light_DimmableLight/Build/os_irq.o
 .rela.rodata   0x0000000000000000        0x0 c:/NXP/bstudio_nxp/workspace/Custom_ZLL_Lights/Light_DimmableLight/Build/os_irq.o
                0x000000000400004c                . = ORIGIN (ram)

.data           0x000000000400004c      0x744 load address 0x00000000000a1ad8
                0x000000000400004c                _ram_data_start = ABSOLUTE (.)
 *(.data*)
 .data          0x000000000400004c       0xc0 C:\DOCUME~1\g\LOCALS~1\Temp\ccNrVFZC.ltrans0.ltrans.o
                0x000000000400004c                u8MiniMacConfig_MaxConcurrentAssocResponses
                0x0000000004000050                psShadowRxBuffer
 .data          0x000000000400010c        0x4 C:\DOCUME~1\g\LOCALS~1\Temp\ccNrVFZC.ltrans3.ltrans.o
                0x000000000400010c                u32HeapStart
 .data          0x0000000004000110        0x8 C:\DOCUME~1\g\LOCALS~1\Temp\ccNrVFZC.ltrans5.ltrans.o
                0x0000000004000110                bCanLoopback.64454
 .data          0x0000000004000118        0x1 C:\DOCUME~1\g\LOCALS~1\Temp\ccNrVFZC.ltrans10.ltrans.o
 *fill*         0x0000000004000119        0x1 00
 .data          0x000000000400011a        0x6 C:\DOCUME~1\g\LOCALS~1\Temp\ccNrVFZC.ltrans12.ltrans.o
 .data          0x0000000004000120       0x40 C:\DOCUME~1\g\LOCALS~1\Temp\ccNrVFZC.ltrans16.ltrans.o
                0x0000000004000120                sDeviceTable
                0x0000000004000138                sZllState
 .data          0x0000000004000160        0x1 C:\DOCUME~1\g\LOCALS~1\Temp\ccNrVFZC.ltrans22.ltrans.o
 *fill*         0x0000000004000161        0x3 00
 .data          0x0000000004000164        0x8 C:\DOCUME~1\g\LOCALS~1\Temp\ccNrVFZC.ltrans25.ltrans.o
 .data          0x000000000400016c       0xa4 C:\DOCUME~1\g\LOCALS~1\Temp\ccNrVFZC.ltrans26.ltrans.o
                0x000000000400016c                s_asapduZCLInstances
                0x00000000040001e4                s_asapduZDPInstances
 .data          0x0000000004000210      0x568 C:\DOCUME~1\g\LOCALS~1\Temp\ccNrVFZC.ltrans31.ltrans.o
                0x0000000004000210                s_keyPairTableStorage.3051
                0x0000000004000270                os_Mutex_mutexMAC
                0x0000000004000278                os_Mutex_mutexZPS
                0x0000000004000280                s_sApl.3006
                0x00000000040003d0                os_Message_APP_msgZpsEvents_ZCL
                0x00000000040003f4                os_SWTimer_APP_cntrTickTimer_APP_CommissionTimer
                0x0000000004000410                os_SWTimer_APP_cntrTickTimer_APP_TickTimer
                0x000000000400042c                os_Message_APP_msgZpsEvents
                0x0000000004000450                os_Message_APP_msgEvents
                0x0000000004000474                os_Message_APP_CommissionEvents
                0x0000000004000498                os_Message_zps_msgMlmeDcfmInd
                0x00000000040004bc                os_Message_zps_msgTimeEvents
                0x00000000040004e0                os_Message_zps_msgMcpsDcfmInd
                0x0000000004000504                os_Message_zps_msgMcpsDcfm
                0x0000000004000528                os_Task_ZCL_Task
                0x0000000004000534                os_Task_APP_CommissionTimerTask
                0x0000000004000540                os_Task_Tick_Task
                0x000000000400054c                os_Task_APP_ZPR_Light_Task
                0x0000000004000558                os_Task_APP_Commission_Task
                0x0000000004000564                os_Task_zps_taskZPS
                0x0000000004000570                u8AhiBaudRate.121282
                0x0000000004000574                sLI_Vars.6637
                0x00000000040005b4                s_prbMemberCheck.58509
                0x00000000040005b8                s_prvErrorHook.58507
                0x00000000040005bc                g_u8ZpsExpiryMaxCount
 .data.s_asAPduPool
                0x0000000004000778       0x18 c:/NXP/bstudio_nxp/workspace/Custom_ZLL_Lights/Light_DimmableLight/Build/pdum_apdu.o
                0x0000000004000778                pdum_apduZDP
                0x0000000004000778                s_asAPduPool
                0x0000000004000784                pdum_apduZCL
 *(.data.*)
                0x0000000004000790                . = ALIGN (0x4)
                0x0000000004000790                _ram_data_end = ABSOLUTE (.)

.bss            0x0000000004000790     0x3eb0 load address 0x00000000000a221c
                0x0000000004000790                _bss_start = ABSOLUTE (.)
 *(.bss*)
 .bss           0x0000000004000790     0x1310 C:\DOCUME~1\g\LOCALS~1\Temp\ccNrVFZC.ltrans0.ltrans.o
                0x0000000004000790                psNextWake.58580
                0x0000000004000794                s_bWakeTimerActive.58581
                0x0000000004000795                s_ePowerMode.58582
                0x0000000004000796                gu16NumberOfSegments.146658
                0x0000000004000798                u8MaxNpdu.58790
                0x0000000004000799                u8Count.58789
                0x000000000400079c                s_psNPduPoolEnd.58792
                0x00000000040007a0                s_psNPduPoolStart.58791
                0x00000000040007a4                s_psFreeListHead.58788
                0x00000000040007a8                s_hMutex.58787
                0x00000000040007ac                s_hMutex.58907
                0x00000000040007b0                s_asAPduPool.58906
                0x00000000040007b4                pfExtendedStatusCallBack.125637
                0x00000000040007b8                sScenesCustomData.4134
                0x00000000040008fc                psAplDefaultZLLAPSLinkKey
                0x0000000004000900                s_u32x.118936
                0x0000000004000904                pfOptionsFilterCallback
                0x0000000004000908                pfnHandleZllDeviceJoin
                0x000000000400090c                s_prExpireFn.147690
                0x0000000004000910                s_hMutex.147689
                0x0000000004000914                pvRxStore
                0x0000000004000918                pvTxStore
                0x000000000400091c                g_pvAplHandle
                0x0000000004000920                s_hMacMutex
                0x0000000004000924                s_sDcfmIndMgr.147454
                0x000000000400092c                prAppMlmeGetBuffer
                0x0000000004000930                prAppMlmeCallback
                0x0000000004000934                psFreeMsgListHead
                0x0000000004000938                psActiveMsgListHead
                0x000000000400093c                u8MiniMac_RunTimeOptions
                0x0000000004000940                sReversedMacAddr.145076
                0x0000000004000948                sThisDeviceMacAddr
                0x0000000004000950                gZpsSetByProfile.61595
                0x0000000004000954                psPDM_Common
                0x0000000004000958                s_groupTablePdmStorage.3155
 .bss           0x0000000004001aa0       0x10 C:\DOCUME~1\g\LOCALS~1\Temp\ccNrVFZC.ltrans1.ltrans.o
 .bss           0x0000000004001ab0       0x10 C:\DOCUME~1\g\LOCALS~1\Temp\ccNrVFZC.ltrans2.ltrans.o
                0x0000000004001ab0                eMMacModuleType
                0x0000000004001ab4                prIntHandler.145443
                0x0000000004001ab8                psTimerServerList
 .bss.initinboot
                0x0000000004001ac0        0x1 C:\DOCUME~1\g\LOCALS~1\Temp\ccNrVFZC.ltrans2.ltrans.o
 .bss           0x0000000004001ac1        0x1 C:\DOCUME~1\g\LOCALS~1\Temp\ccNrVFZC.ltrans3.ltrans.o
                0x0000000004001ac1                u8EEPROMinitialiseCount.146659
 *fill*         0x0000000004001ac2        0x2 00
 .bss           0x0000000004001ac4        0x4 C:\DOCUME~1\g\LOCALS~1\Temp\ccNrVFZC.ltrans4.ltrans.o
 .bss           0x0000000004001ac8       0x40 C:\DOCUME~1\g\LOCALS~1\Temp\ccNrVFZC.ltrans5.ltrans.o
 .bss           0x0000000004001b08       0x28 C:\DOCUME~1\g\LOCALS~1\Temp\ccNrVFZC.ltrans6.ltrans.o
                0x0000000004001b08                apvAplPdmRecordsAddress
                0x0000000004001b20                au16AplPdmRecordsSize
 .bss           0x0000000004001b30        0xc C:\DOCUME~1\g\LOCALS~1\Temp\ccNrVFZC.ltrans7.ltrans.o
                0x0000000004001b30                a16NwkPdmRecordSizes
 .bss           0x0000000004001b3c        0x8 C:\DOCUME~1\g\LOCALS~1\Temp\ccNrVFZC.ltrans8.ltrans.o
 .bss           0x0000000004001b44       0x10 C:\DOCUME~1\g\LOCALS~1\Temp\ccNrVFZC.ltrans10.ltrans.o
                0x0000000004001b44                vFlushFn.121226
                0x0000000004001b48                vPutchFn.121221
                0x0000000004001b4c                s_psCurrentTask.58503
 .bss           0x0000000004001b54        0x8 C:\DOCUME~1\g\LOCALS~1\Temp\ccNrVFZC.ltrans11.ltrans.o
 .bss           0x0000000004001b5c        0xc C:\DOCUME~1\g\LOCALS~1\Temp\ccNrVFZC.ltrans12.ltrans.o
                0x0000000004001b5c                bIgnoreBroadcast
 .bss           0x0000000004001b68       0x30 C:\DOCUME~1\g\LOCALS~1\Temp\ccNrVFZC.ltrans13.ltrans.o
 .bss           0x0000000004001b98        0x4 C:\DOCUME~1\g\LOCALS~1\Temp\ccNrVFZC.ltrans14.ltrans.o
 *fill*         0x0000000004001b9c        0x4 00
 .bss           0x0000000004001ba0      0x198 C:\DOCUME~1\g\LOCALS~1\Temp\ccNrVFZC.ltrans16.ltrans.o
                0x0000000004001ba0                psNwkDescTbl
                0x0000000004001ba4                u8NwkCount
                0x0000000004001ba5                u8NwkIdx
                0x0000000004001ba6                u8ChanIdx
                0x0000000004001ba7                state
                0x0000000004001bb7                RoundKey
                0x0000000004001ca8                sDstAddr
 .bss           0x0000000004001d38       0x48 C:\DOCUME~1\g\LOCALS~1\Temp\ccNrVFZC.ltrans17.ltrans.o
 .bss           0x0000000004001d80        0x8 C:\DOCUME~1\g\LOCALS~1\Temp\ccNrVFZC.ltrans18.ltrans.o
                0x0000000004001d80                pfOverrideProfile
                0x0000000004001d84                bFlag_SaveScenesNVM
 .bss           0x0000000004001d88        0x1 C:\DOCUME~1\g\LOCALS~1\Temp\ccNrVFZC.ltrans19.ltrans.o
 *fill*         0x0000000004001d89        0x3 00
 .bss           0x0000000004001d8c       0x9c C:\DOCUME~1\g\LOCALS~1\Temp\ccNrVFZC.ltrans20.ltrans.o
                0x0000000004001d8c                sMiniMacPhyPib
                0x0000000004001d90                aprTimerCallback
                0x0000000004001db0                au32TimerCounter
                0x0000000004001dd0                sMiniMacInternal
                0x0000000004001dfc                s_psVsMcpsDcfmInd.78824
                0x0000000004001e00                s_psMacDcfmInd.78823