Archive member included because of file (symbol)

c:/NXP/bstudio_nxp/sdk/JN-SW-4168/Components/Library\libOS_JN516x.a(os.o)
                              c:/NXP/bstudio_nxp/workspace/Custom_ZLL_Lights/Light_DimmableLight/Build/os_gen.o (symbol from plugin) (os_vStart)
c:/NXP/bstudio_nxp/sdk/JN-SW-4168/Components/Library\libOS_JN516x.a(os_contirq_JN516x.o)
                              c:/NXP/bstudio_nxp/workspace/Custom_ZLL_Lights/Light_DimmableLight/Build/os_irq.o (os_UnclaimedException_W)
c:/NXP/bstudio_nxp/sdk/JN-SW-4168/Components/Library\libPWRM_JN516x.a(pwrm.o)
                              c:/NXP/bstudio_nxp/workspace/Custom_ZLL_Lights/Light_DimmableLight/Build/app_start_light.o (symbol from plugin) (PWRM_vInit)
c:/NXP/bstudio_nxp/sdk/JN-SW-4168/Components/Library\libPWRM_JN516x.a(pwrm_setjmp_JN516x.o)
                              pwrm.o (symbol from plugin) (setjmp)
c:/NXP/bstudio_nxp/sdk/JN-SW-4168/Components/Library\libPWRM_JN516x.a(pwrm_cold_start.o)
                              (AppColdStart)
c:/NXP/bstudio_nxp/sdk/JN-SW-4168/Components/Library\libPWRM_JN516x.a(pwrm_warm_start.o)
                              (AppWarmStart)
c:/NXP/bstudio_nxp/sdk/JN-SW-4168/Components/Library\libPDUM_JN516x.a(pdum_nwk.o)
                              c:/NXP/bstudio_nxp/workspace/Custom_ZLL_Lights/Light_DimmableLight/Build/pdum_gen.o (symbol from plugin) (pdum_vNPduInit)
c:/NXP/bstudio_nxp/sdk/JN-SW-4168/Components/Library\libPDUM_JN516x.a(pdum_apl.o)
                              c:/NXP/bstudio_nxp/workspace/Custom_ZLL_Lights/Light_DimmableLight/Build/zll_CommissionCmdHandler.o (symbol from plugin) (PDUM_u16APduInstanceReadNBO)
c:/NXP/bstudio_nxp/sdk/JN-SW-4168/Components/Library\libPDUM_JN516x.a(pdum.o)
                              pdum_nwk.o (symbol from plugin) (PDUM_u16SizeNBO)
c:/NXP/bstudio_nxp/sdk/JN-SW-4168/Components/Library\libZPSAPL_JN516x.a(zps_apl_af.o)
                              c:/NXP/bstudio_nxp/workspace/Custom_ZLL_Lights/Light_DimmableLight/Build/zpr_light_node.o (symbol from plugin) (ZPS_eAplAfInit)
c:/NXP/bstudio_nxp/sdk/JN-SW-4168/Components/Library\libZPSAPL_JN516x.a(zps_apl_af_apsde.o)
                              c:/NXP/bstudio_nxp/workspace/Custom_ZLL_Lights/Light_DimmableLight/Build/zps_gen.o (symbol from plugin) (zps_vHandleApsdeDataFragIndNotSupported)
c:/NXP/bstudio_nxp/sdk/JN-SW-4168/Components/Library\libZPSAPL_JN516x.a(zps_apl_task.o)
                              zps_apl_af_apsde.o (symbol from plugin) (zps_vAplAfPostEvent)
c:/NXP/bstudio_nxp/sdk/JN-SW-4168/Components/Library\libZPSAPL_JN516x.a(zps_apl_apsde.o)
                              zps_apl_task.o (symbol from plugin) (ZPS_vAplRegisterApsdeDcfmIndCallbacks)
c:/NXP/bstudio_nxp/sdk/JN-SW-4168/Components/Library\libZPSAPL_JN516x.a(zps_apl_apsme.o)
                              zps_apl_task.o (symbol from plugin) (ZPS_vAplRegisterApsmeDcfmIndCallbacks)
c:/NXP/bstudio_nxp/sdk/JN-SW-4168/Components/Library\libZPSAPL_JN516x.a(zps_apl_aps_nlde.o)
                              zps_apl_task.o (symbol from plugin) (zps_vAplApsHandleNldeDcfmInd)
c:/NXP/bstudio_nxp/sdk/JN-SW-4168/Components/Library\libZPSAPL_JN516x.a(zps_apl_sec.o)
                              zps_apl_task.o (symbol from plugin) (zps_psFindKeyDescr)
c:/NXP/bstudio_nxp/sdk/JN-SW-4168/Components/Library\libZPSAPL_JN516x.a(zps_apl_aib.o)
                              c:/NXP/bstudio_nxp/workspace/Custom_ZLL_Lights/Light_DimmableLight/Build/Groups.o (symbol from plugin) (zps_psAplAibGetAib)
c:/NXP/bstudio_nxp/sdk/JN-SW-4168/Components/Library\libZPSAPL_JN516x.a(zps_apl_zdo_nwkmanager.o)
                              zps_apl_apsme.o (symbol from plugin) (zps_vAplSaveRecord)
c:/NXP/bstudio_nxp/sdk/JN-SW-4168/Components/Library\libZPSAPL_JN516x.a(zps_apl_zdo_handle_zdp_event.o)
                              zps_apl_task.o (symbol from plugin) (zps_bAplZdoHandleZdpEvent)
c:/NXP/bstudio_nxp/sdk/JN-SW-4168/Components/Library\libZPSAPL_JN516x.a(zps_apl_zdo_trust_center.o)
                              zps_apl_sec.o (symbol from plugin) (zps_eAplTrustCenterFindDevice)
c:/NXP/bstudio_nxp/sdk/JN-SW-4168/Components/Library\libZPSAPL_JN516x.a(zps_apl_zdo_common.o)
                              zps_apl_zdo_nwkmanager.o (symbol from plugin) (zps_eAplZdoNlmeleaveWrapper)
c:/NXP/bstudio_nxp/sdk/JN-SW-4168/Components/Library\libZPSAPL_JN516x.a(zps_apl_zdo_group.o)
                              c:/NXP/bstudio_nxp/workspace/Custom_ZLL_Lights/Light_DimmableLight/Build/GroupsTableManager.o (symbol from plugin) (zps_eAplZdoGroupEndpointAdd)
c:/NXP/bstudio_nxp/sdk/JN-SW-4168/Components/Library\libZPSAPL_JN516x.a(zps_apl_zdo_default_server.o)
                              c:/NXP/bstudio_nxp/workspace/Custom_ZLL_Lights/Light_DimmableLight/Build/zps_gen.o (symbol from plugin) (zps_vAplZdoDefaultServerInit)
c:/NXP/bstudio_nxp/sdk/JN-SW-4168/Components/Library\libZPSAPL_JN516x.a(zps_apl_mac_isr.o)
[...]
Memory Configuration

Name             Origin             Length             Attributes
flash            0x0000000000080000 0x0000000000080000
ram              0x000000000400004c 0x0000000000007fb4
*default*        0x0000000000000000 0xffffffffffffffff

Linker script and memory map

                0x0000000000001388                __stack_size = 0x1388
                0x00000000000007d0                __minimum_heap_size = 0x7d0
START GROUP
LOAD c:/NXP/bstudio_nxp/workspace/Custom_ZLL_Lights/Light_DimmableLight/Build/os_gen.o
LOAD C:\DOCUME~1\g\LOCALS~1\Temp\cc0n57B7.ltrans0.ltrans.o
LOAD C:\DOCUME~1\g\LOCALS~1\Temp\cc0n57B7.ltrans1.ltrans.o
LOAD C:\DOCUME~1\g\LOCALS~1\Temp\cc0n57B7.ltrans2.ltrans.o
LOAD C:\DOCUME~1\g\LOCALS~1\Temp\cc0n57B7.ltrans3.ltrans.o
LOAD C:\DOCUME~1\g\LOCALS~1\Temp\cc0n57B7.ltrans4.ltrans.o
LOAD C:\DOCUME~1\g\LOCALS~1\Temp\cc0n57B7.ltrans5.ltrans.o
LOAD C:\DOCUME~1\g\LOCALS~1\Temp\cc0n57B7.ltrans6.ltrans.o
LOAD C:\DOCUME~1\g\LOCALS~1\Temp\cc0n57B7.ltrans7.ltrans.o
LOAD C:\DOCUME~1\g\LOCALS~1\Temp\cc0n57B7.ltrans8.ltrans.o
LOAD C:\DOCUME~1\g\LOCALS~1\Temp\cc0n57B7.ltrans9.ltrans.o
LOAD C:\DOCUME~1\g\LOCALS~1\Temp\cc0n57B7.ltrans10.ltrans.o
LOAD C:\DOCUME~1\g\LOCALS~1\Temp\cc0n57B7.ltrans11.ltrans.o
LOAD C:\DOCUME~1\g\LOCALS~1\Temp\cc0n57B7.ltrans12.ltrans.o
LOAD C:\DOCUME~1\g\LOCALS~1\Temp\cc0n57B7.ltrans13.ltrans.o
LOAD C:\DOCUME~1\g\LOCALS~1\Temp\cc0n57B7.ltrans14.ltrans.o
LOAD C:\DOCUME~1\g\LOCALS~1\Temp\cc0n57B7.ltrans15.ltrans.o
LOAD C:\DOCUME~1\g\LOCALS~1\Temp\cc0n57B7.ltrans16.ltrans.o
LOAD C:\DOCUME~1\g\LOCALS~1\Temp\cc0n57B7.ltrans17.ltrans.o
LOAD C:\DOCUME~1\g\LOCALS~1\Temp\cc0n57B7.ltrans18.ltrans.o
LOAD C:\DOCUME~1\g\LOCALS~1\Temp\cc0n57B7.ltrans19.ltrans.o
LOAD C:\DOCUME~1\g\LOCALS~1\Temp\cc0n57B7.ltrans20.ltrans.o
LOAD C:\DOCUME~1\g\LOCALS~1\Temp\cc0n57B7.ltrans21.ltrans.o
LOAD C:\DOCUME~1\g\LOCALS~1\Temp\cc0n57B7.ltrans22.ltrans.o
LOAD C:\DOCUME~1\g\LOCALS~1\Temp\cc0n57B7.ltrans23.ltrans.o
LOAD C:\DOCUME~1\g\LOCALS~1\Temp\cc0n57B7.ltrans24.ltrans.o
LOAD C:\DOCUME~1\g\LOCALS~1\Temp\cc0n57B7.ltrans25.ltrans.o
LOAD C:\DOCUME~1\g\LOCALS~1\Temp\cc0n57B7.ltrans26.ltrans.o
LOAD C:\DOCUME~1\g\LOCALS~1\Temp\cc0n57B7.ltrans27.ltrans.o
LOAD C:\DOCUME~1\g\LOCALS~1\Temp\cc0n57B7.ltrans28.ltrans.o
LOAD C:\DOCUME~1\g\LOCALS~1\Temp\cc0n57B7.ltrans29.ltrans.o
LOAD C:\DOCUME~1\g\LOCALS~1\Temp\cc0n57B7.ltrans30.ltrans.o
LOAD C:\DOCUME~1\g\LOCALS~1\Temp\cc0n57B7.ltrans31.ltrans.o
LOAD c:/nxp/bstudio_nxp/sdk/tools/ba-elf-ba2-r36379/bin/../lib/gcc/ba-elf/4.7.4/../../../../ba-elf/lib/mcpu_jn51xx_sizeopt\libc.a
LOAD c:/nxp/bstudio_nxp/sdk/tools/ba-elf-ba2-r36379/bin/../lib/gcc/ba-elf/4.7.4/mcpu_jn51xx_sizeopt\libgcc.a
LOAD c:/nxp/bstudio_nxp/sdk/tools/ba-elf-ba2-r36379/bin/../lib/gcc/ba-elf/4.7.4/../../../../ba-elf/lib/mcpu_jn51xx_sizeopt\libc.a
LOAD c:/NXP/bstudio_nxp/workspace/Custom_ZLL_Lights/Light_DimmableLight/Build/os_irq.o
LOAD c:/NXP/bstudio_nxp/workspace/Custom_ZLL_Lights/Light_DimmableLight/Build/os_irq_alignment.o
LOAD c:/NXP/bstudio_nxp/workspace/Custom_ZLL_Lights/Light_DimmableLight/Build/os_irq_buserror.o
LOAD c:/NXP/bstudio_nxp/workspace/Custom_ZLL_Lights/Light_DimmableLight/Build/os_irq_illegalinstruction.o
LOAD c:/NXP/bstudio_nxp/workspace/Custom_ZLL_Lights/Light_DimmableLight/Build/os_irq_stackoverflowexception.o
LOAD c:/NXP/bstudio_nxp/workspace/Custom_ZLL_Lights/Light_DimmableLight/Build/os_irq_unimplementedmodule.o
LOAD c:/NXP/bstudio_nxp/workspace/Custom_ZLL_Lights/Light_DimmableLight/Build/pdum_gen.o
LOAD c:/NXP/bstudio_nxp/workspace/Custom_ZLL_Lights/Light_DimmableLight/Build/pdum_apdu.o
LOAD c:/NXP/bstudio_nxp/workspace/Custom_ZLL_Lights/Light_DimmableLight/Build/zps_gen.o
LOAD c:/NXP/bstudio_nxp/workspace/Custom_ZLL_Lights/Light_DimmableLight/Build/app_timer_driver.o
LOAD c:/NXP/bstudio_nxp/workspace/Custom_ZLL_Lights/Light_DimmableLight/Build/app_start_light.o
LOAD c:/NXP/bstudio_nxp/workspace/Custom_ZLL_Lights/Light_DimmableLight/Build/app_scenes.o
LOAD c:/NXP/bstudio_nxp/workspace/Custom_ZLL_Lights/Light_DimmableLight/Build/zpr_light_node.o
LOAD c:/NXP/bstudio_nxp/workspace/Custom_ZLL_Lights/Light_DimmableLight/Build/ecb_decrypt.o
LOAD c:/NXP/bstudio_nxp/workspace/Custom_ZLL_Lights/Light_DimmableLight/Build/app_zcl_light_task.o
LOAD c:/NXP/bstudio_nxp/workspace/Custom_ZLL_Lights/Light_DimmableLight/Build/app_light_commission_task.o
LOAD c:/NXP/bstudio_nxp/workspace/Custom_ZLL_Lights/Light_DimmableLight/Build/app_light_interpolation.o
LOAD c:/NXP/bstudio_nxp/workspace/Custom_ZLL_Lights/Light_DimmableLight/Build/appZpsBeaconHandler.o
LOAD c:/NXP/bstudio_nxp/workspace/Custom_ZLL_Lights/Light_DimmableLight/Build/App_Light_DimmableLight.o
LOAD c:/NXP/bstudio_nxp/workspace/Custom_ZLL_Lights/Light_DimmableLight/Build/DriverBulb_JN516X_WHITE.o
LOAD c:/NXP/bstudio_nxp/workspace/Custom_ZLL_Lights/Light_DimmableLight/Build/DriverBulb_Shim.o
LOAD c:/NXP/bstudio_nxp/workspace/Custom_ZLL_Lights/Light_DimmableLight/Build/Alarms.o
LOAD c:/NXP/bstudio_nxp/workspace/Custom_ZLL_Lights/Light_DimmableLight/Build/AlarmsClientCommands.o
LOAD c:/NXP/bstudio_nxp/workspace/Custom_ZLL_Lights/Light_DimmableLight/Build/AlarmsCommandHandler.o
LOAD c:/NXP/bstudio_nxp/workspace/Custom_ZLL_Lights/Light_DimmableLight/Build/AlarmsServerCommands.o
LOAD c:/NXP/bstudio_nxp/workspace/Custom_ZLL_Lights/Light_DimmableLight/Build/AlarmsTableManager.o
LOAD c:/NXP/bstudio_nxp/workspace/Custom_ZLL_Lights/Light_DimmableLight/Build/AnalogInputBasic.o
LOAD c:/NXP/bstudio_nxp/workspace/Custom_ZLL_Lights/Light_DimmableLight/Build/AnalogOutputBasic.o
LOAD c:/NXP/bstudio_nxp/workspace/Custom_ZLL_Lights/Light_DimmableLight/Build/Basic.o
LOAD c:/NXP/bstudio_nxp/workspace/Custom_ZLL_Lights/Light_DimmableLight/Build/BasicClientCommands.o
LOAD c:/NXP/bstudio_nxp/workspace/Custom_ZLL_Lights/Light_DimmableLight/Build/BasicCommandHandler.o
LOAD c:/NXP/bstudio_nxp/workspace/Custom_ZLL_Lights/Light_DimmableLight/Build/BinaryInputBasic.o
LOAD c:/NXP/bstudio_nxp/workspace/Custom_ZLL_Lights/Light_DimmableLight/Build/BinaryOutputBasic.o
LOAD c:/NXP/bstudio_nxp/workspace/Custom_ZLL_Lights/Light_DimmableLight/Build/Commissioning.o
LOAD c:/NXP/bstudio_nxp/workspace/Custom_ZLL_Lights/Light_DimmableLight/Build/DeviceTemperatureConfiguration.o
LOAD c:/NXP/bstudio_nxp/workspace/Custom_ZLL_Lights/Light_DimmableLight/Build/Diagnostics.o
LOAD c:/NXP/bstudio_nxp/workspace/Custom_ZLL_Lights/Light_DimmableLight/Build/DoorLock.o
LOAD c:/NXP/bstudio_nxp/workspace/Custom_ZLL_Lights/Light_DimmableLight/Build/DoorLockCommandHandler.o
LOAD c:/NXP/bstudio_nxp/workspace/Custom_ZLL_Lights/Light_DimmableLight/Build/DoorLockCommands.o
LOAD c:/NXP/bstudio_nxp/workspace/Custom_ZLL_Lights/Light_DimmableLight/Build/ElectricalMeasurement.o
LOAD c:/NXP/bstudio_nxp/workspace/Custom_ZLL_Lights/Light_DimmableLight/Build/Groups.o
LOAD c:/NXP/bstudio_nxp/workspace/Custom_ZLL_Lights/Light_DimmableLight/Build/GroupsClientCommands.o
LOAD c:/NXP/bstudio_nxp/workspace/Custom_ZLL_Lights/Light_DimmableLight/Build/GroupsCommandHandler.o
LOAD c:/NXP/bstudio_nxp/workspace/Custom_ZLL_Lights/Light_DimmableLight/Build/GroupsServerCommands.o
LOAD c:/NXP/bstudio_nxp/workspace/Custom_ZLL_Lights/Light_DimmableLight/Build/GroupsTableManager.o
LOAD c:/NXP/bstudio_nxp/workspace/Custom_ZLL_Lights/Light_DimmableLight/Build/Identify.o
LOAD c:/NXP/bstudio_nxp/workspace/Custom_ZLL_Lights/Light_DimmableLight/Build/IdentifyClientCommands.o
LOAD c:/NXP/bstudio_nxp/workspace/Custom_ZLL_Lights/Light_DimmableLight/Build/IdentifyCommandHandler.o
LOAD c:/NXP/bstudio_nxp/workspace/Custom_ZLL_Lights/Light_DimmableLight/Build/IdentifyServerCommands.o
LOAD c:/NXP/bstudio_nxp/workspace/Custom_ZLL_Lights/Light_DimmableLight/Build/LevelControl.o
LOAD c:/NXP/bstudio_nxp/workspace/Custom_ZLL_Lights/Light_DimmableLight/Build/LevelControlClientCommands.o
LOAD c:/NXP/bstudio_nxp/workspace/Custom_ZLL_Lights/Light_DimmableLight/Build/LevelControlCommandHandler.o
LOAD c:/NXP/bstudio_nxp/workspace/Custom_ZLL_Lights/Light_DimmableLight/Build/MultistateInputBasic.o
LOAD c:/NXP/bstudio_nxp/workspace/Custom_ZLL_Lights/Light_DimmableLight/Build/MultistateOutputBasic.o
LOAD c:/NXP/bstudio_nxp/workspace/Custom_ZLL_Lights/Light_DimmableLight/Build/OOSC.o
LOAD c:/NXP/bstudio_nxp/workspace/Custom_ZLL_Lights/Light_DimmableLight/Build/OnOff.o
LOAD c:/NXP/bstudio_nxp/workspace/Custom_ZLL_Lights/Light_DimmableLight/Build/OnOffCommandHandler.o
LOAD c:/NXP/bstudio_nxp/workspace/Custom_ZLL_Lights/Light_DimmableLight/Build/OnOffCommands.o
LOAD c:/NXP/bstudio_nxp/workspace/Custom_ZLL_Lights/Light_DimmableLight/Build/PollControl.o
LOAD c:/NXP/bstudio_nxp/workspace/Custom_ZLL_Lights/Light_DimmableLight/Build/PollControlClientCommands.o
LOAD c:/NXP/bstudio_nxp/workspace/Custom_ZLL_Lights/Light_DimmableLight/Build/PollControlCommandHandler.o
LOAD c:/NXP/bstudio_nxp/workspace/Custom_ZLL_Lights/Light_DimmableLight/Build/PollControlServerCommands.o
LOAD c:/NXP/bstudio_nxp/workspace/Custom_ZLL_Lights/Light_DimmableLight/Build/PowerConfiguration.o
LOAD c:/NXP/bstudio_nxp/workspace/Custom_ZLL_Lights/Light_DimmableLight/Build/Scenes.o
LOAD c:/NXP/bstudio_nxp/workspace/Custom_ZLL_Lights/Light_DimmableLight/Build/ScenesClientCommands.o
LOAD c:/NXP/bstudio_nxp/workspace/Custom_ZLL_Lights/Light_DimmableLight/Build/ScenesClusterManagement.o
LOAD c:/NXP/bstudio_nxp/workspace/Custom_ZLL_Lights/Light_DimmableLight/Build/ScenesCommandHandler.o
LOAD c:/NXP/bstudio_nxp/workspace/Custom_ZLL_Lights/Light_DimmableLight/Build/ScenesServerCommands.o
LOAD c:/NXP/bstudio_nxp/workspace/Custom_ZLL_Lights/Light_DimmableLight/Build/ScenesTableManager.o
LOAD c:/NXP/bstudio_nxp/workspace/Custom_ZLL_Lights/Light_DimmableLight/Build/TC.o
LOAD c:/NXP/bstudio_nxp/workspace/Custom_ZLL_Lights/Light_DimmableLight/Build/Time.o
LOAD c:/NXP/bstudio_nxp/workspace/Custom_ZLL_Lights/Light_DimmableLight/Build/zll_CommissionCmdHandler.o
LOAD c:/NXP/bstudio_nxp/workspace/Custom_ZLL_Lights/Light_DimmableLight/Build/zll_UtilityCmdHandler.o
LOAD c:/NXP/bstudio_nxp/workspace/Custom_ZLL_Lights/Light_DimmableLight/Build/zll_commission.o
LOAD c:/NXP/bstudio_nxp/workspace/Custom_ZLL_Lights/Light_DimmableLight/Build/zll_utility.o
LOAD c:/NXP/bstudio_nxp/workspace/Custom_ZLL_Lights/Light_DimmableLight/Build/colour_light.o
LOAD c:/NXP/bstudio_nxp/workspace/Custom_ZLL_Lights/Light_DimmableLight/Build/colour_remote.o
LOAD c:/NXP/bstudio_nxp/workspace/Custom_ZLL_Lights/Light_DimmableLight/Build/colour_scene_remote.o
LOAD c:/NXP/bstudio_nxp/workspace/Custom_ZLL_Lights/Light_DimmableLight/Build/colour_temperature_light.o
LOAD c:/NXP/bstudio_nxp/workspace/Custom_ZLL_Lights/Light_DimmableLight/Build/commission_endpoint.o
LOAD c:/NXP/bstudio_nxp/workspace/Custom_ZLL_Lights/Light_DimmableLight/Build/control_bridge.o
LOAD c:/NXP/bstudio_nxp/workspace/Custom_ZLL_Lights/Light_DimmableLight/Build/dimmable_light.o
LOAD c:/NXP/bstudio_nxp/workspace/Custom_ZLL_Lights/Light_DimmableLight/Build/dimmable_plug.o
LOAD c:/NXP/bstudio_nxp/workspace/Custom_ZLL_Lights/Light_DimmableLight/Build/extended_colour_light.o
LOAD c:/NXP/bstudio_nxp/workspace/Custom_ZLL_Lights/Light_DimmableLight/Build/non_colour_remote.o
LOAD c:/NXP/bstudio_nxp/workspace/Custom_ZLL_Lights/Light_DimmableLight/Build/non_colour_scene_remote.o
LOAD c:/NXP/bstudio_nxp/workspace/Custom_ZLL_Lights/Light_DimmableLight/Build/on_off_light.o
LOAD c:/NXP/bstudio_nxp/workspace/Custom_ZLL_Lights/Light_DimmableLight/Build/on_off_plug.o
LOAD c:/NXP/bstudio_nxp/workspace/Custom_ZLL_Lights/Light_DimmableLight/Build/on_off_sensor.o
LOAD c:/NXP/bstudio_nxp/workspace/Custom_ZLL_Lights/Light_DimmableLight/Build/zll.o
LOAD c:/NXP/bstudio_nxp/workspace/Custom_ZLL_Lights/Light_DimmableLight/Build/BallastConfiguration.o
LOAD c:/NXP/bstudio_nxp/workspace/Custom_ZLL_Lights/Light_DimmableLight/Build/ColourControl.o
LOAD c:/NXP/bstudio_nxp/workspace/Custom_ZLL_Lights/Light_DimmableLight/Build/ColourControlClientCommands.o
LOAD c:/NXP/bstudio_nxp/workspace/Custom_ZLL_Lights/Light_DimmableLight/Build/ColourControlCommandHandler.o
LOAD c:/NXP/bstudio_nxp/workspace/Custom_ZLL_Lights/Light_DimmableLight/Build/ColourControlConversions.o
LOAD c:/NXP/bstudio_nxp/workspace/Custom_ZLL_Lights/Light_DimmableLight/Build/dlist.o
LOAD c:/NXP/bstudio_nxp/workspace/Custom_ZLL_Lights/Light_DimmableLight/Build/zcl.o
LOAD c:/NXP/bstudio_nxp/workspace/Custom_ZLL_Lights/Light_DimmableLight/Build/zcl_CustomCommandReceive.o
LOAD c:/NXP/bstudio_nxp/workspace/Custom_ZLL_Lights/Light_DimmableLight/Build/zcl_CustomCommandSend.o
LOAD c:/NXP/bstudio_nxp/workspace/Custom_ZLL_Lights/Light_DimmableLight/Build/zcl_PDUbufferReadWrite.o
LOAD c:/NXP/bstudio_nxp/workspace/Custom_ZLL_Lights/Light_DimmableLight/Build/zcl_PDUbufferReadWriteString.o
LOAD c:/NXP/bstudio_nxp/workspace/Custom_ZLL_Lights/Light_DimmableLight/Build/zcl_WriteAttributesRequestHandle.o
LOAD c:/NXP/bstudio_nxp/workspace/Custom_ZLL_Lights/Light_DimmableLight/Build/zcl_WriteAttributesRequestSend.o
LOAD c:/NXP/bstudio_nxp/workspace/Custom_ZLL_Lights/Light_DimmableLight/Build/zcl_WriteAttributesResponseHandle.o
LOAD c:/NXP/bstudio_nxp/workspace/Custom_ZLL_Lights/Light_DimmableLight/Build/zcl_attribute.o
LOAD c:/NXP/bstudio_nxp/workspace/Custom_ZLL_Lights/Light_DimmableLight/Build/zcl_buffer.o
LOAD c:/NXP/bstudio_nxp/workspace/Custom_ZLL_Lights/Light_DimmableLight/Build/zcl_clusterCommand.o
LOAD c:/NXP/bstudio_nxp/workspace/Custom_ZLL_Lights/Light_DimmableLight/Build/zcl_command.o
LOAD c:/NXP/bstudio_nxp/workspace/Custom_ZLL_Lights/Light_DimmableLight/Build/zcl_configureReportingCommandHandle.o
LOAD c:/NXP/bstudio_nxp/workspace/Custom_ZLL_Lights/Light_DimmableLight/Build/zcl_configureReportingCommandSend.o
LOAD c:/NXP/bstudio_nxp/workspace/Custom_ZLL_Lights/Light_DimmableLight/Build/zcl_configureReportingResponseHandle.o
LOAD c:/NXP/bstudio_nxp/workspace/Custom_ZLL_Lights/Light_DimmableLight/Build/zcl_defaultResponse.o
LOAD c:/NXP/bstudio_nxp/workspace/Custom_ZLL_Lights/Light_DimmableLight/Build/zcl_discoverAttributesExtendedRequestHandle.o
LOAD c:/NXP/bstudio_nxp/workspace/Custom_ZLL_Lights/Light_DimmableLight/Build/zcl_discoverAttributesExtendedRequestSend.o
LOAD c:/NXP/bstudio_nxp/workspace/Custom_ZLL_Lights/Light_DimmableLight/Build/zcl_discoverAttributesExtendedResponseHandle.o
LOAD c:/NXP/bstudio_nxp/workspace/Custom_ZLL_Lights/Light_DimmableLight/Build/zcl_discoverAttributesRequestHandle.o
LOAD c:/NXP/bstudio_nxp/workspace/Custom_ZLL_Lights/Light_DimmableLight/Build/zcl_discoverAttributesRequestSend.o
LOAD c:/NXP/bstudio_nxp/workspace/Custom_ZLL_Lights/Light_DimmableLight/Build/zcl_discoverAttributesResponseHandle.o
LOAD c:/NXP/bstudio_nxp/workspace/Custom_ZLL_Lights/Light_DimmableLight/Build/zcl_discoverCommandsRequestHandle.o
LOAD c:/NXP/bstudio_nxp/workspace/Custom_ZLL_Lights/Light_DimmableLight/Build/zcl_discoverCommandsRequestSend.o
LOAD c:/NXP/bstudio_nxp/workspace/Custom_ZLL_Lights/Light_DimmableLight/Build/zcl_discoverCommandsResponseHandle.o
LOAD c:/NXP/bstudio_nxp/workspace/Custom_ZLL_Lights/Light_DimmableLight/Build/zcl_event.o
LOAD c:/NXP/bstudio_nxp/workspace/Custom_ZLL_Lights/Light_DimmableLight/Build/zcl_heap.o
LOAD c:/NXP/bstudio_nxp/workspace/Custom_ZLL_Lights/Light_DimmableLight/Build/zcl_library_options.o
LOAD c:/NXP/bstudio_nxp/workspace/Custom_ZLL_Lights/Light_DimmableLight/Build/zcl_readAttributesRequestHandle.o
LOAD c:/NXP/bstudio_nxp/workspace/Custom_ZLL_Lights/Light_DimmableLight/Build/zcl_readAttributesRequestSend.o
LOAD c:/NXP/bstudio_nxp/workspace/Custom_ZLL_Lights/Light_DimmableLight/Build/zcl_readAttributesResponseHandle.o
LOAD c:/NXP/bstudio_nxp/workspace/Custom_ZLL_Lights/Light_DimmableLight/Build/zcl_readReportingConfigurationCommandHandle.o
LOAD c:/NXP/bstudio_nxp/workspace/Custom_ZLL_Lights/Light_DimmableLight/Build/zcl_readReportingConfigurationCommandSend.o
LOAD c:/NXP/bstudio_nxp/workspace/Custom_ZLL_Lights/Light_DimmableLight/Build/zcl_readReportingConfigurationResponseHandle.o
LOAD c:/NXP/bstudio_nxp/workspace/Custom_ZLL_Lights/Light_DimmableLight/Build/zcl_reportManager.o
LOAD c:/NXP/bstudio_nxp/workspace/Custom_ZLL_Lights/Light_DimmableLight/Build/zcl_reportMaths.o
LOAD c:/NXP/bstudio_nxp/workspace/Custom_ZLL_Lights/Light_DimmableLight/Build/zcl_reportScheduler.o
LOAD c:/NXP/bstudio_nxp/workspace/Custom_ZLL_Lights/Light_DimmableLight/Build/zcl_reportStringHandling.o
LOAD c:/NXP/bstudio_nxp/workspace/Custom_ZLL_Lights/Light_DimmableLight/Build/zcl_reportStructure.o
LOAD c:/NXP/bstudio_nxp/workspace/Custom_ZLL_Lights/Light_DimmableLight/Build/zcl_search.o
LOAD c:/NXP/bstudio_nxp/workspace/Custom_ZLL_Lights/Light_DimmableLight/Build/zcl_timer.o
LOAD c:/NXP/bstudio_nxp/workspace/Custom_ZLL_Lights/Light_DimmableLight/Build/zcl_transmit.o
LOAD c:/NXP/bstudio_nxp/sdk/JN-SW-4168/Components/Library\libZPSMAC_Mini_JN516x.a
LOAD c:/NXP/bstudio_nxp/sdk/JN-SW-4168/Components/Library\libOS_JN516x.a
LOAD c:/NXP/bstudio_nxp/sdk/JN-SW-4168/Components/Library\libPWRM_JN516x.a
LOAD c:/NXP/bstudio_nxp/sdk/JN-SW-4168/Components/Library\libZPSTSV_JN516x.a
LOAD c:/NXP/bstudio_nxp/sdk/JN-SW-4168/Components/Library\libAES_SW_JN516x.a
LOAD c:/NXP/bstudio_nxp/sdk/JN-SW-4168/Components/Library\libPDUM_JN516x.a
LOAD c:/NXP/bstudio_nxp/sdk/JN-SW-4168/Components/Library\libZPSAPL_JN516x.a
LOAD c:/NXP/bstudio_nxp/sdk/JN-SW-4168/Components/Library\libRandom_JN516x.a
LOAD c:/NXP/bstudio_nxp/sdk/JN-SW-4168/Components/Library\libPDM_EEPROM_JN516x.a
LOAD c:/NXP/bstudio_nxp/sdk/JN-SW-4168/Components/Library\libDBG_JN516x.a
LOAD c:/NXP/bstudio_nxp/sdk/JN-SW-4168/Components/Library\libZPSZLL_JN516x.a
LOAD c:/NXP/bstudio_nxp/sdk/JN-SW-4168/Components/Library\libZPSNWK_JN516x.a
LOAD c:/NXP/bstudio_nxp/sdk/JN-SW-4168/Components/Library\libRecal_JN516x.a
LOAD c:/NXP/bstudio_nxp/sdk/JN-SW-4168/Components/Library\libMiniMac_JN5169.a
LOAD c:/NXP/bstudio_nxp/sdk/JN-SW-4168/Components/Library\libMiniMacShim_JN516x.a
LOAD c:/NXP/bstudio_nxp/sdk/JN-SW-4168/Components/Library\libMMAC_JN5169.a
LOAD c:/NXP/bstudio_nxp/sdk/JN-SW-4168/Components/Library\libJPT_JN5169.a
LOAD c:/NXP/bstudio_nxp/sdk/JN-SW-4168/Components/Library\libAes_JN516x.a
LOAD c:/NXP/bstudio_nxp/sdk/JN-SW-4168/Components/Library\libHardwareApi_JN5169.a
LOAD c:/NXP/bstudio_nxp/sdk/JN-SW-4168/Components/Library\libMicroSpecific_JN516x.a
LOAD c:/NXP/bstudio_nxp/sdk/JN-SW-4168/Components/Library\libBoot_JN516x.a
LOAD c:/nxp/bstudio_nxp/sdk/tools/ba-elf-ba2-r36379/bin/../lib/gcc/ba-elf/4.7.4/../../../../ba-elf/lib/mcpu_jn51xx_sizeopt\libm.a
END GROUP
LOAD c:/nxp/bstudio_nxp/sdk/tools/ba-elf-ba2-r36379/bin/../lib/gcc/ba-elf/4.7.4/../../../../ba-elf/lib/mcpu_jn51xx_sizeopt\libc.a
LOAD c:/nxp/bstudio_nxp/sdk/tools/ba-elf-ba2-r36379/bin/../lib/gcc/ba-elf/4.7.4/mcpu_jn51xx_sizeopt\libgcc.a
LOAD c:/nxp/bstudio_nxp/sdk/tools/ba-elf-ba2-r36379/bin/../lib/gcc/ba-elf/4.7.4/../../../../ba-elf/lib/mcpu_jn51xx_sizeopt\libc.a
                0x0000000000080038                exception_vsr_table = 0x80038
                0x0000000004000000                pSPIflashFncTable = 0x4000000
                0x0000000000000044                restore_state = 0x44
                0x000000000000004a                bZSPIWaitWIPClear = 0x4a
                0x0000000000000050                u16ZSPIflashRDID = 0x50
                0x0000000000000056                u8SelectFlashChipType = 0x56
                0x000000000000005c                memcpy = 0x5c
                0x0000000000000066                vBootFlashProg = 0x66
                [0x00000000000007d0]                __minimum_heap_size = DEFINED (__minimum_heap_size)?__minimum_heap_size:0xd16
                [0x0000000000001388]                __stack_size = DEFINED (__stack_size)?__stack_size:0x800
                0x0000000000000000                _SwConfig = (DEFINED (g_bSWConf_Debug) | (DEFINED (g_bSWConf_AltDebugPort) << 0x1))

.version        0x000000000007fffc        0x4
                0x000000000007fffc        0x4 LONG 0xf03000b

.bir            0x0000000000080000       0x10
                0x0000000000080000                _flash_start = ABSOLUTE (.)
                0x0000000000080000                _flash_beg = ABSOLUTE (.)
                0x0000000000080000        0x4 LONG 0x12345678
                0x0000000000080004        0x4 LONG 0x11223344
                0x0000000000080008        0x4 LONG 0x55667788
                0x000000000008000c        0x1 BYTE 0x8
                0x000000000008000d        0x1 BYTE 0x1
                0x000000000008000e        0x2 SHORT 0x0

.flashheader    0x0000000000080010       0x28
                0x0000000000080010        0x4 LONG 0x0
                0x0000000000080014        0x4 LONG 0x0
                0x0000000000080018        0x4 LONG 0x0
                0x000000000008001c        0x2 SHORT 0x0
                0x000000000008001e        0x2 SHORT 0x0 ABSOLUTE (_SwConfig)
                0x0000000000080020                _enc_start = ABSOLUTE (.)
                0x0000000000080020        0x4 LONG 0x24da4 ABSOLUTE (_image_len)
                0x0000000000080024        0x4 LONG 0xa4658 ABSOLUTE (_flash_data_start)
                0x0000000000080028        0x2 SHORT 0x13 ((ABSOLUTE (_ram_data_start) / 0x4) & 0xffff)
                0x000000000008002a        0x2 SHORT 0x1d3 ((ABSOLUTE (_ram_data_len) / 0x4) & 0xffff)
                0x000000000008002c        0x2 SHORT 0x1e6 ((ABSOLUTE (_bss_start) / 0x4) & 0xffff)
                0x000000000008002e        0x2 SHORT 0xfae ((ABSOLUTE (_bss_len) / 0x4) & 0xffff)
                0x0000000000080030        0x4 LONG 0xa3301 ABSOLUTE (AppWarmStart)
                0x0000000000080034        0x4 LONG 0xa331b ABSOLUTE (AppColdStart)
                0x0000000000000000                _enc_offset = (_enc_start & 0xf)

.ro_mac_address
                0x0000000000080040        0x0
                0x0000000000080040                _FlsMACAddress = ABSOLUTE (.)
 *(.ro_mac_address)
                0x0000000000080040                . = ALIGN (0x10)

.ro_ota_header  0x0000000000080040        0x0
                0x0000000000080040                _FlsOtaHeader = ABSOLUTE (.)
 *(.ro_ota_header)
                0x0000000000080040                . = ALIGN (0x10)

.ro_se_lnkKey   0x0000000000080040        0x0
                0x0000000000080040                _FlsLinkKey = ABSOLUTE (.)
 *(.ro_se_lnkKey)
                0x0000000000080040                . = ALIGN (0x10)

.rodata         0x0000000000080038     0x25bc
 *(.rodata*)
 .rodata.str1.1
                0x0000000000080038      0x147 C:\DOCUME~1\g\LOCALS~1\Temp\cc0n57B7.ltrans0.ltrans.o
 *fill*         0x000000000008017f        0x1 00
 .rodata        0x0000000000080180       0xa4 C:\DOCUME~1\g\LOCALS~1\Temp\cc0n57B7.ltrans0.ltrans.o
                0x0000000000080180                gMAC_u8MaxBuffers
                0x0000000000080184                g_u32ApsFcSaveCountBitShift
                0x0000000000080188                u8MaxZpsConfigEp
                0x0000000000080189                au8EpMapPresent
                0x000000000008018c                s_groupPdmTable
 .rodata.str1.1
                0x0000000000000000      0x147 C:\DOCUME~1\g\LOCALS~1\Temp\cc0n57B7.ltrans1.ltrans.o
                                          0x7 (size before relaxing)
 .rodata.str1.1
                0x0000000000080224      0x54f C:\DOCUME~1\g\LOCALS~1\Temp\cc0n57B7.ltrans2.ltrans.o
 .rodata        0x0000000000080773        0x8 C:\DOCUME~1\g\LOCALS~1\Temp\cc0n57B7.ltrans2.ltrans.o
 .rodata.str1.1
                0x000000000008077b       0x5a C:\DOCUME~1\g\LOCALS~1\Temp\cc0n57B7.ltrans3.ltrans.o
 *fill*         0x00000000000807d5        0x3 00
 .rodata        0x00000000000807d8       0x10 C:\DOCUME~1\g\LOCALS~1\Temp\cc0n57B7.ltrans4.ltrans.o
                0x00000000000807e0                au32UartAddrOffset
 .rodata.str1.1
                0x00000000000807e8      0x130 C:\DOCUME~1\g\LOCALS~1\Temp\cc0n57B7.ltrans4.ltrans.o
 .rodata.str1.1
                0x0000000000080918       0x5f C:\DOCUME~1\g\LOCALS~1\Temp\cc0n57B7.ltrans5.ltrans.o
                                         0x63 (size before relaxing)
 .rodata        0x0000000000080977       0x10 C:\DOCUME~1\g\LOCALS~1\Temp\cc0n57B7.ltrans5.ltrans.o
 .rodata.str1.1
                0x0000000000080987       0x1c C:\DOCUME~1\g\LOCALS~1\Temp\cc0n57B7.ltrans6.ltrans.o
                                         0x34 (size before relaxing)
 *fill*         0x00000000000809a3        0x1 00
 .rodata        0x00000000000809a4       0x30 C:\DOCUME~1\g\LOCALS~1\Temp\cc0n57B7.ltrans7.ltrans.o
 .rodata.str1.1
                0x0000000000000000        0x8 C:\DOCUME~1\g\LOCALS~1\Temp\cc0n57B7.ltrans7.ltrans.o
 .rodata.str1.1
                0x00000000000809d4        0x6 C:\DOCUME~1\g\LOCALS~1\Temp\cc0n57B7.ltrans8.ltrans.o
 *fill*         0x00000000000809da        0x2 00
 .rodata        0x00000000000809dc       0x18 C:\DOCUME~1\g\LOCALS~1\Temp\cc0n57B7.ltrans8.ltrans.o
                0x00000000000809dc                au32NwkPdmRecordOffsets
 .rodata        0x00000000000809f4       0x7b C:\DOCUME~1\g\LOCALS~1\Temp\cc0n57B7.ltrans10.ltrans.o
                0x00000000000809f4                au8FlashWaitStatesHSRCO.145981
                0x00000000000809fc                au8FlashWaitStates32MXO.145980
 .rodata.str1.1
                0x0000000000080a6f      0x10e C:\DOCUME~1\g\LOCALS~1\Temp\cc0n57B7.ltrans11.ltrans.o
                                        0x137 (size before relaxing)
 .rodata.str1.1
                0x0000000000080b7d       0x82 C:\DOCUME~1\g\LOCALS~1\Temp\cc0n57B7.ltrans12.ltrans.o
                                         0x86 (size before relaxing)
 .rodata.str1.1
                0x0000000000080bff       0xbd C:\DOCUME~1\g\LOCALS~1\Temp\cc0n57B7.ltrans13.ltrans.o
                                         0xe1 (size before relaxing)
 .rodata        0x0000000000080cbc        0x6 C:\DOCUME~1\g\LOCALS~1\Temp\cc0n57B7.ltrans13.ltrans.o
 *fill*         0x0000000000080cc2        0x2 00
 .rodata        0x0000000000080cc4       0x10 C:\DOCUME~1\g\LOCALS~1\Temp\cc0n57B7.ltrans14.ltrans.o
 .rodata.str1.1
                0x0000000000080cd4        0x7 C:\DOCUME~1\g\LOCALS~1\Temp\cc0n57B7.ltrans15.ltrans.o
                                          0xc (size before relaxing)
 .rodata.str1.1
                0x0000000000080cdb        0xf C:\DOCUME~1\g\LOCALS~1\Temp\cc0n57B7.ltrans16.ltrans.o
 *fill*         0x0000000000080cea        0x2 00
 .rodata        0x0000000000080cec      0x1fc C:\DOCUME~1\g\LOCALS~1\Temp\cc0n57B7.ltrans16.ltrans.o
                0x0000000000080cec                s_apsStSceTbl.127370
                0x0000000000080d00                s_aprIdleStHandleCme.137351
                0x0000000000080d14                s_aprActvStHandleCme.133483
                0x0000000000080d6c                zps_sJoinSceTbl
                0x0000000000080d78                zps_sActvSceTbl
 .rodata.str1.1
                0x0000000000000000        0xf C:\DOCUME~1\g\LOCALS~1\Temp\cc0n57B7.ltrans17.ltrans.o
                                          0x6 (size before relaxing)
 .rodata        0x0000000000080ee8       0x4c C:\DOCUME~1\g\LOCALS~1\Temp\cc0n57B7.ltrans17.ltrans.o
                0x0000000000080ee8                g_u32NwkFcSaveCountBitShift
 .rodata.str1.1
                0x0000000000080f34      0x3ae C:\DOCUME~1\g\LOCALS~1\Temp\cc0n57B7.ltrans18.ltrans.o
                                        0x42e (size before relaxing)
 .rodata.str1.1
                0x00000000000812e2        0x5 C:\DOCUME~1\g\LOCALS~1\Temp\cc0n57B7.ltrans19.ltrans.o
                                         0x17 (size before relaxing)
 .rodata.str1.1
                0x0000000000000000        0x3 C:\DOCUME~1\g\LOCALS~1\Temp\cc0n57B7.ltrans20.ltrans.o
 .rodata.str1.1
                0x00000000000812e7        0xf C:\DOCUME~1\g\LOCALS~1\Temp\cc0n57B7.ltrans21.ltrans.o
                                         0x1e (size before relaxing)
 .rodata.str1.1
                0x00000000000812f6      0x172 C:\DOCUME~1\g\LOCALS~1\Temp\cc0n57B7.ltrans22.ltrans.o
                                        0x178 (size before relaxing)
 .rodata.str1.1
                0x0000000000081468      0x26a C:\DOCUME~1\g\LOCALS~1\Temp\cc0n57B7.ltrans23.ltrans.o
                                        0x291 (size before relaxing)
 .rodata        0x00000000000816d2      0x107 C:\DOCUME~1\g\LOCALS~1\Temp\cc0n57B7.ltrans23.ltrans.o
                0x00000000000816d2                au8ZLLChannelSet
 .rodata.str1.1
                0x00000000000817d9       0x46 C:\DOCUME~1\g\LOCALS~1\Temp\cc0n57B7.ltrans24.ltrans.o
 .rodata.str1.1
                0x000000000008181f      0x3d1 C:\DOCUME~1\g\LOCALS~1\Temp\cc0n57B7.ltrans25.ltrans.o
                                        0x3d4 (size before relaxing)
 .rodata        0x0000000000081bf0      0x318 C:\DOCUME~1\g\LOCALS~1\Temp\cc0n57B7.ltrans26.ltrans.o
                0x0000000000081df0                gu32ZCLVersion
                0x0000000000081df4                OS_g_u32Version
                0x0000000000081df8                PDUM_g_u32Version
                0x0000000000081dfc                ZPS_g_u32MacVersion
                0x0000000000081e00                ZPS_g_u32TsvVersion
 .rodata.str1.1
                0x0000000000081f08      0x160 C:\DOCUME~1\g\LOCALS~1\Temp\cc0n57B7.ltrans27.ltrans.o
                                        0x17c (size before relaxing)
 .rodata.str1.1
                0x0000000000082068      0x11d C:\DOCUME~1\g\LOCALS~1\Temp\cc0n57B7.ltrans28.ltrans.o
                                        0x157 (size before relaxing)
 .rodata.str1.1
                0x0000000000082185       0x2a C:\DOCUME~1\g\LOCALS~1\Temp\cc0n57B7.ltrans29.ltrans.o
                                         0x4f (size before relaxing)
 .rodata.str1.1
                0x00000000000821af        0x7 C:\DOCUME~1\g\LOCALS~1\Temp\cc0n57B7.ltrans30.ltrans.o
                                         0x11 (size before relaxing)
 .rodata.str1.1
                0x00000000000821b6       0x6e C:\DOCUME~1\g\LOCALS~1\Temp\cc0n57B7.ltrans31.ltrans.o
 .rodata        0x0000000000082224      0x3d0 C:\DOCUME~1\g\LOCALS~1\Temp\cc0n57B7.ltrans31.ltrans.o
                0x0000000000082224                zps_g_pvApl
                0x0000000000082228                pwrm_psWakeupCallbacks

.text           0x00000000000825f8    0x2205e
 *(.text*)
 .text          0x00000000000825f8     0x1c68 C:\DOCUME~1\g\LOCALS~1\Temp\cc0n57B7.ltrans0.ltrans.o
                0x00000000000825f8                APP_TIMER_Version_1v0
                0x00000000000825f8                vInitialiseApp.3234
 .text          0x0000000000084260     0x15ae C:\DOCUME~1\g\LOCALS~1\Temp\cc0n57B7.ltrans1.ltrans.o
                0x0000000000084260                zps_eNwkHandleSceNwkUpdate
                0x0000000000084284                PDUM_eNPduFree
                0x00000000000842f1                vPostVsMcpsDcfmInd.77610
                0x00000000000843db                ZPS_vInterceptMcpsDataCallback
                0x000000000008443d                zps_vNwkMcpsMgrFreeReqDescr
                0x000000000008446f                zps_vNwkRemoveConflictedBroadcast
                0x00000000000844c1                zps_vNwkMcpsMgrTidyBtrReqDescr
                0x0000000000084504                MAC_vHandleMcpsVsReqRsp
                0x0000000000084685                PDUM_hAPduAllocateAPduInstance
                0x00000000000846f9                hZCL_AllocateAPduInstance
                0x0000000000084735                zps_eAplZdoSendZdpResponse
                0x000000000008477e                bSendResponse.94442
                0x00000000000847c1                PDUM_eAPduFreeAPduInstance
                0x0000000000084b00                zps_bAplZdoMatchDescServer
                0x0000000000084b14                zps_bAplZdoNodeDescServer
                0x0000000000084c80                zps_bAplZdoSimpleDescServer
                0x0000000000084ee1                zps_bAplZdoPowerDescServer
                0x0000000000084ffe                zps_bAplZdoActiveEpServer
                0x00000000000850e7                zps_bAplZdoSystemServerDiscoveryServer
                0x0000000000085170                zps_bAplZdoMgmtLqiServer
                0x000000000008539c                zps_bAplZdoMgmtRtgServer
                0x00000000000854e2                PDM_eReadDataFromRecord.part.0.119248
                0x0000000000085565                vLoadNwkRecord.128067
                0x00000000000855a3                vLoadAplRecord.70792
                0x00000000000855d7                zps_eAplZdoBdrmRequestSend
                0x0000000000085652                vProcessTimedList.127123
                0x0000000000085699                zps_vNwkMcpsMgrPostTimed
                0x00000000000856ac                vNwkBttTimerExpiry.133531
                0x00000000000857c9                vNwkMcpsSendTimedDfcm
 *fill*         0x000000000008580e        0x2 00
 .text          0x0000000000085810     0x1518 C:\DOCUME~1\g\LOCALS~1\Temp\cc0n57B7.ltrans2.ltrans.o
                0x0000000000085810                APP_ZCL_cbGeneralCallback.5559
                0x00000000000858ad                eCLD_LevelControlSceneEventHandler.16758
                0x0000000000085a38                bCLD_GroupsSearchForGroup.14069
                0x0000000000085a66                vCLD_IdentifyTimerClickCallback.15135
                0x0000000000085af9                OS_eEnterCriticalSection
                0x0000000000085bc1                ZPS_eTsvStart
                0x0000000000085c1c                zps_vAplAfPostTimerEvent
                0x0000000000085c99                zps_vExpireOldRoutes
                0x0000000000085d21                zps_vNwkJoinStStartResponseTimer
                0x0000000000085d5a                ZPS_eTsvStop
                0x0000000000085dae                zps_vNwkHandleCmePermitJoinReq
                0x0000000000085e16                zps_eNwkBtrMatch
                0x0000000000085f13                zps_vAplApsStopPollTimer.part.2.64199
                0x0000000000085f9a                eHandleRemoveBroadcastEndpointsFromGroup.65719
                0x0000000000085ff4                eZCL_SetReceiveEventAddressStructure
                0x0000000000086073                eCLD_ScenesSaveClusters.constprop.37
                0x00000000000862b3                vCLD_ScenesUpdateSceneValid
                0x000000000008636a                eCLD_OnOffSceneEventHandler.18207
                0x000000000008643c                eCLD_LevelControlUpdate
                0x000000000008675f                eCLD_LevelControlStopTransition
                0x00000000000867a7                eCLD_LevelControlSetOnOffState
                0x0000000000086939                eCLD_OnOffSetGlobalSceneControl.constprop.22
                0x0000000000086989                eCLD_ScenesUpdate
 .text          0x0000000000086d28     0x1325 C:\DOCUME~1\g\LOCALS~1\Temp\cc0n57B7.ltrans3.ltrans.o
                0x0000000000086d71                vSaveScenesNVM
                0x0000000000086e24                zps_vAplSaveRecord
                0x0000000000086ecf                eCLD_GroupsRemoveAllGroups
                0x0000000000086fa1                zps_eAplZdoGroupEndpointRemove
                0x00000000000870c1                zps_bNwkFindAddIeeeAddr
                0x000000000008723f                zps_psFindKeyDescr
                0x0000000000087373                zps_eAplSecEncryptPacket
                0x0000000000087465                zps_eNwkHandleSceLinkStatus
                0x0000000000087599                ZPS_bNwkNibAddrMapAddEntry
                0x0000000000087760                zps_vAgeRouter
                0x000000000008779e                zps_vLinkStatusHandleExpiry
                0x0000000000087840                zps_sNwkNibNtCheckJoin
                0x0000000000087ae9                zps_vNwkHandleCmeDirectJoinReq
                0x0000000000087b68                zps_vJoinInitNtParent
                0x0000000000087cbe                zps_vCheckActvNtForDuplicate
                0x0000000000087d5b                eCheckAddrConflict.isra.4.126432
                0x0000000000087df1                vAplSecRemoveLinkKey.70858
                0x0000000000087e6e                ZPS_vNwkSaveAllRecords
                0x0000000000087e85                zps_vSaveAllZpsRecords
                0x0000000000087ea4                ZPS_vNwkNibSetNwkAddr
                0x0000000000087ec2                zps_eNwkHandleSceRejnResponse
                0x0000000000087f1f                ZPS_vNwkNibSetExtPanId
                0x0000000000087f43                vFinish.139030
                0x0000000000087f98                eSmeOrphScanDcfm.139040
                0x0000000000088010                ZPS_vNwkNibSetKeySeqNum
                0x0000000000088024                ZPS_vNwkNibSetDepth
 .text.unlikely
                0x000000000008804d       0x5f C:\DOCUME~1\g\LOCALS~1\Temp\cc0n57B7.ltrans3.ltrans.o
                0x000000000008804d                vInitUnknownNeighbor.127107
 .text          0x00000000000880ac     0x10e5 C:\DOCUME~1\g\LOCALS~1\Temp\cc0n57B7.ltrans4.ltrans.o
                0x00000000000880e2                os_vAPP_cbDisableTickTimer
                0x0000000000088126                os_vAPP_cbEnableTickTimer
                0x00000000000881a6                vRetryCcaFailure
                0x00000000000881fa                eBeaconReqSent.144273
                0x0000000000088221                DBG_vUartInitHardware
                0x000000000008835e                eCLD_ScenesCountScenes
                0x0000000000088378                dbg_vPrintfImplNoneVerbose
                0x00000000000887ff                bCLD_ScenesSearchForScene.22681
                0x000000000008884c                eCLD_ScenesAddScene
                0x0000000000088958                eCLD_ScenesFindScene
                0x00000000000889bd                eCLD_ScenesStoreScene
                0x0000000000088aa7                DBG_vDumpStack
                0x0000000000088ae9                eZCL_SearchForClusterEntry
                0x0000000000088b87                eZCL_FindCluster.constprop.59
                0x0000000000088bd4                eCLD_ScenesRemoveAllScenes
                0x0000000000088c90                eCLD_OnOffGetState
                0x0000000000088cbf                eCLD_LevelControlClusterIsPresent
                0x0000000000088cd6                eCLD_GroupsSetIdentifying
                0x0000000000088cf9                eZCL_CustomCommandReceiveScenes.isra.0.part.1.22057.constprop.18
                0x0000000000088ded                eZCL_BuildTransmitAddressStructure
                0x0000000000088e5f                ZPS_bSecDecrypt
                0x0000000000088f71                MAC_u64GetExtAddr
                0x0000000000088f8c                ZPS_u64NwkNibFindExtAddr
                0x0000000000089037                eCLD_ScenesSetLastConfiguredBy.isra.2.22073
                0x000000000008906e                ZPS_u16NwkNibFindNwkAddr
                0x0000000000089114                iPDM_SearchForBufferIdInList
                0x0000000000089149                iPDM_SearchForBufferIdInFileSystem
                0x000000000008915c                iPDM_ReadUserDataFromSegmentWithId
 *fill*         0x0000000000089191        0x3 00
 .text          0x0000000000089194     0x1140 C:\DOCUME~1\g\LOCALS~1\Temp\cc0n57B7.ltrans5.ltrans.o
                0x0000000000089194                vAplSecAuthPollTimerExpiry.70742
                0x00000000000891ec                vAplSecAuthTimerExpiry.70746
                0x00000000000892bc                vHandleApsInterPanDcfmData
                0x00000000000896ea                vPostApsdeDcfmInd.61716
                0x00000000000898f2                zps_vHandleApsdeDataFragIndNotSupported
                0x000000000008995a                vApsInterPanMcpsDataInd
                0x0000000000089b01                eJoinNetwork.70805
                0x0000000000089bb2                eDiscoverNetworks.70812
                0x0000000000089c0e                zps_eAplZdoDiscoverNetworks
                0x0000000000089c37                vDiscoverNetworks.4204
                0x0000000000089d17                eStartNetworkDiscovery.70819
                0x0000000000089da4                eStartRouter.70829
                0x0000000000089e73                vPostApsmeDcfmInd.61709
 .text          0x000000000008a2d4     0x12ec C:\DOCUME~1\g\LOCALS~1\Temp\cc0n57B7.ltrans6.ltrans.o
                0x000000000008a2d4                vHandleZllDeviceJoin
                0x000000000008a62f                vPostNldeDcfmInd.61723
                0x000000000008b120                eUnfragmentedUnicastTransmission.64293
                0x000000000008b47a                zps_eAplApsmeUpdateDeviceReqRsp.part.4.65857
 .text          0x000000000008b5c0     0x15eb C:\DOCUME~1\g\LOCALS~1\Temp\cc0n57B7.ltrans7.ltrans.o
                0x000000000008b5c0                DBG_iUartGetChar
                0x000000000008b610                vMMAC_IntHandlerBbc
                0x000000000008b62a                eBasicTxCompleteHandler
                0x000000000008b62f                vTxRxTimeout.143497
                0x000000000008b68c                eSmeAcScBeaconInd.135446
                0x000000000008b6e8                eSmeASFlBeaconInd.135281
                0x000000000008b70a                eSmeUDNTScanDcfm.134731
                0x000000000008b726                vPermitJoinHandleExpiry.130282
                0x000000000008b72f                vNwkMcpsTimerCallback
                0x000000000008b749                zps_eSceGenlIllegal
                0x000000000008b750                zps_eSmeGenlIllegal
                0x000000000008b7c2                zps_eNwkHandleSmePollDcfm
                0x000000000008b7ec                eSmeGenlScanDcfm.135273
                0x000000000008b84a                eRouteRequestDataDcfm.131454
                0x000000000008b89e                eNldeDataDcfm.129289
                0x000000000008b8ce                eSmeEdScScanDcfm.135269
                0x000000000008b917                vEnableReceive.143501
                0x000000000008b951                pvHeap_Alloc
                0x000000000008b953                vMicroIntRestoreState
                0x000000000008b95f                bAHI_WriteEEPROMfixSegmentData
                0x000000000008b9bd                bAHI_InitialiseEEPROM
                0x000000000008ba05                vAHI_ReadDataFromEEPROMregister
                0x000000000008ba32                vAHI_WriteDataIntoEEPROMregister
                0x000000000008ba62                iPDM_WriteSegmentHeaderDataIntoEEPROMsegment
                0x000000000008ba91                u8AHI_WakeTimerFiredStatus
                0x000000000008baa5                vAHI_WakeTimerStop.part.3.146475
                0x000000000008bac5                vAHI_UartReset.part.4.146229
                0x000000000008bafd                vAHI_OptimiseWaitStates
                0x000000000008bb49                bAHI_GetClkSource
                0x000000000008bb56                vAHI_SwReset
                0x000000000008bb86                vUnclaimedInterrupt.3236
                0x000000000008bb88                bIssueACIcommand
                0x000000000008bc1e                vACI_CmdWaitBusy
                0x000000000008bc2b                vEcbEncodeStripe.145722
                0x000000000008bc82                vRadioToOff
                0x000000000008bc9f                vStartReceive
                0x000000000008bcbb                psSearchForFrameToSend
                0x000000000008bd12                eMiniMac_FrameInProgress
                0x000000000008bd3d                vRemoveFromTxQueue
                0x000000000008bd79                vAddToTxQueue
                0x000000000008bdaf                u8GetHeaderSize
                0x000000000008bdd7                vMiniMac_PLME_SetReq_CcaMode
                0x000000000008bdeb                vMiniMac_MLME_SetReq_MaxCsmaBackoffs
                0x000000000008be0b                vMiniMac_MLME_SetReq_MaxBe
                0x000000000008be2e                vMiniMac_MLME_SetReq_MinBe
                0x000000000008be51                zps_vSendJoinInd
                0x000000000008bec3                zps_psFormatCmdFrameGeneral
                0x000000000008bf50                zps_eNwkFormStInit
                0x000000000008bf65                vSendDcfm.135967
                0x000000000008bf8b                bCheckMatchingEntry.135441
                0x000000000008bfb1                zps_psNwkSlistRemoveFromHead
                0x000000000008bfc8                zps_psNwkSlistRemove
                0x000000000008c000                zps_bNwkMcpsMgrRemoveDescrFromLists
                0x000000000008c03e                zps_vNwkSlistAddToTail
                0x000000000008c058                zps_vNwkSecClearMatSet
                0x000000000008c082                ZPS_bNwkSecHaveNetworkKey
                0x000000000008c0b6                ZPS_bNwkSecFindMatSet
                0x000000000008c0f2                zps_eNwkRctMatchNwkAddr
                0x000000000008c15c                ZPS_u8NwkCalcNldeReqOverhead
                0x000000000008c197                zps_vRemoveNextHop
                0x000000000008c24c                zps_vRemoveRoute
                0x000000000008c2e3                zps_psNwkRtMatchNwkAddr
                0x000000000008c359                zps_vNwkFreeMcpsHandle
                0x000000000008c383                zps_psNwkMcpsMgrFindPendingByNwkDstAddr
                0x000000000008c399                ZPS_u64NwkNibGetMappedIeeeAddr
                0x000000000008c3bb                eLeaveDataDcfmRemoteLeave.140028
                0x000000000008c404                ZPS_vNwkSecResetDevice
                0x000000000008c449                ZPS_bNwkNibNtActvMatch
                0x000000000008c501                bCheckNwkAddr
                0x000000000008c54f                zps_vSendNwkStatusInd
                0x000000000008c581                ZPS_vSetExtendedStatus
                0x000000000008c593                zps_eNwkRtMatch
                0x000000000008c6ac                zps_psApsApsAllocateDcfmRecord
                0x000000000008c71a                zps_u8CalcLinkCost
                0x000000000008c756                ZPS_u8NwkNibNtDiscMatch
                0x000000000008c83a                zps_u64NwkLibFromPayload
                0x000000000008c9d7                eSmeAcScBeaconInd.135289
                0x000000000008cadf                eSmeUDNTBeaconInd.135265
                0x000000000008cb02                zps_vNwkLibU64ToPayload
                0x000000000008cb2f                zps_vInitBeaconPayload
 .text          0x000000000008cbab      0xfb9 C:\DOCUME~1\g\LOCALS~1\Temp\cc0n57B7.ltrans8.ltrans.o
                0x000000000008cbab                vPDM_MoveAllDataWithBufferIdAndStateFromListToList
                0x000000000008cc36                vPDM_MoveAllDataToDeAllocList
                0x000000000008cc5e                iPDM_ReconstructReplacedDataTable
                0x000000000008cedd                vPDM_ImageBitmapRepair.119843
                0x000000000008cf3e                vPDM_DeleteAppendedSequence
                0x000000000008cfe3                PDM_eSaveRecordData
                0x000000000008d418                ZPS_vNwkSaveRecord
                0x000000000008d444                ZPS_vNwkNibSetUpdateId
                0x000000000008d452                vSendNetworkUpdate.126199
                0x000000000008d582                ZPS_vNwkNibSetPanId
                0x000000000008d59f                ZPS_vNwkNibSetCapabilityInfo
                0x000000000008d5cb                ZPS_vNwkNibSetChannel
                0x000000000008d5e2                ZPS_vNwkSaveNt
                0x000000000008d5f5                ZPS_vNwkPurgeMacAddressAndRelatedEntries
                0x000000000008d6fb                ZPS_vNtSetUsedStatus
                0x000000000008d7a1                zps_vBuildSortedActvNTList
                0x000000000008d85f                zps_vCleanUnAuthenHandleExpiry
                0x000000000008d960                eUnsolicitedRejoinRspDataDcfm.126207
                0x000000000008d98b                eRejoinRspDataDcfm.137827
                0x000000000008da5a                zps_eNwkHandleSmeCommStatusInd
                0x000000000008db0e                ZPS_vNwkSaveSecMat
                0x000000000008db22                vPDM_DeleteAllSegmentsWithIdFromFileSystemList.constprop.103
 .text          0x000000000008db64     0x12bc C:\DOCUME~1\g\LOCALS~1\Temp\cc0n57B7.ltrans9.ltrans.o
                0x000000000008db64                vMcpsMgrExpiry.127095
                0x000000000008dbc3                zps_vNwkHandleCmeRouteDiscoveryReq
                0x000000000008dc49                vMiniMac_MlmeCallback
                0x000000000008df33                vSendMlmeCommStatusFromTxFrame
                0x000000000008df89                MAC_vHandleMlmeVsReqRsp.constprop.91
                0x000000000008e7b5                vScanBeaconReceived
                0x000000000008e7f4                vPostDcfm.144288
                0x000000000008e85d                vScanNextChannel.144294
                0x000000000008ea73                vRunningRxCallback
                0x000000000008edcc                ZPS_vNwkResetOutgoingFrameCounter
 .text          0x000000000008ee20      0xffb C:\DOCUME~1\g\LOCALS~1\Temp\cc0n57B7.ltrans10.ltrans.o
                0x000000000008ee20                os_u32APP_cbGetTickTimer
                0x000000000008ee29                os_bAPP_cbSetTickTimerCompare
                0x000000000008ee85                vZdoServersInit.2959
                0x000000000008ef21                u16PDM_CalculateRecordChecksum
                0x000000000008efc4                u16ZCL_APduInstanceReadStringNBO
                0x000000000008f099                u16ZCL_APduInstanceWriteStringNBO
                0x000000000008f160                u16ZCL_APduInstanceWriteNBO
                0x000000000008f1b4                u16ZCL_WriteCommandHeader
                0x000000000008f22c                eZCL_GetAttributeTypeSizeFromBuffer
                0x000000000008f2a3                u16ZCL_ReadTypeNBO
                0x000000000008f358                u16ZCL_APduInstanceReadNBO
                0x000000000008f3a9                u16ZCL_ReadCommandHeader.part.0.42737
                0x000000000008f420                PWRM_vWakeInterruptCallback
                0x000000000008f4a7                iPDM_FilterDuplicateAppendedSegmentsOnList.121181
                0x000000000008f4eb                eCLD_ScenesFindActiveScene
                0x000000000008f520                ZPS_bIsMacAddressUsedInApsTable
                0x000000000008f5d6                eCLD_GroupsCheckGroupExists
                0x000000000008f643                ZPS_eTsvOpen
                0x000000000008f65d                zps_vNwkBttMgrInit
                0x000000000008f68b                ZPS_vNwkNibClearTables
                0x000000000008f7ac                vMiniMac_MLME_SetReq_PanId
                0x000000000008f7e9                vMiniMac_MLME_SetReq_ShortAddr
                0x000000000008f7f7                vZCL_InitializeClusterInstance.constprop.131
                0x000000000008f808                psDLISTsearchFromHead
                0x000000000008f831                pvZCL_HeapAlloc.part.0.50098.constprop.114
                0x000000000008f86a                iAHI_WriteDataIntoEEPROMsegment.constprop.105
                0x000000000008f8b8                vMicroIntEnableOnly.constprop.99
                0x000000000008f8e4                vSetChannelAndPower
                0x000000000008fa84                vMiniMac_PLME_SetReq_Power
                0x000000000008fa98                vMiniMac_PLME_SetReq_Channel
                0x000000000008faa0                TSV_eStart
                0x000000000008faf0                bAHI_SetClockRate.part.0.145899.constprop.69
                0x000000000008fb6b                vACI_OptimisedCcmStar.constprop.55
                0x000000000008fd56                zps_eNwkRtDiscMatch.constprop.52
                0x000000000008fda9                bACI_ECBencodeBuffer.part.0.145686.constprop.50
                0x000000000008fe09                vMiniMac_ReturnTxBufferCallback
 .text.unlikely
                0x000000000008fe1b       0x43 C:\DOCUME~1\g\LOCALS~1\Temp\cc0n57B7.ltrans10.ltrans.o
                0x000000000008fe1b                vAHI_MemoryHold.145907
 *fill*         0x000000000008fe5e        0x2 00
 .text          0x000000000008fe60      0xe60 C:\DOCUME~1\g\LOCALS~1\Temp\cc0n57B7.ltrans11.ltrans.o
                0x000000000008fe60                zps_bAplZdoNwkAddrServer
                0x000000000008ffe1                zps_bAplZdoIeeeAddrServer
                0x00000000000903a6                vPDM_AddFileSystemElementToListInAscendingWearCountOrder
                0x00000000000904b4                vPDM_MoveAllDataFromListToList
                0x00000000000904f2                vPDM_MoveAllDataWithBufferIdFromListToList
                0x0000000000090577                vPDM_MoveFileRecordFromListToList
                0x0000000000090599                vPDM_MoveRecordToDeAllocList
                0x00000000000905b9                iPDM_WriteSegmentHeaderAndData
                0x00000000000907b5                iPDM_SegmentCopyAndAppendData.constprop.134
                0x0000000000090812                vTransformKey.isra.0.67251
                0x0000000000090842                PWRM_vManagePower
                0x000000000009098c                vMiniMac_McpsCallback
                0x0000000000090bb8                eMcpsTxCompleteHandler.143126
                0x0000000000090be6                u8PDM_CalculateFileSystemCapacity
                0x0000000000090c04                u8PDM_GetFileSystemOccupancy
                0x0000000000090c1c                vPdmEventHandlerCallback.3230
 .text.unlikely
                0x0000000000090cc0       0xaa C:\DOCUME~1\g\LOCALS~1\Temp\cc0n57B7.ltrans11.ltrans.o
                0x0000000000090cc0                eMakeEntryInBindingTable.65746
 *fill*         0x0000000000090d6a        0x2 00
 .text          0x0000000000090d6c     0x125c C:\DOCUME~1\g\LOCALS~1\Temp\cc0n57B7.ltrans12.ltrans.o
                0x0000000000090e1b                zps_eNwkHandleSmeOrphanInd
                0x00000000000910a5                zps_eNwkHandleSceNwkStatus
                0x0000000000091408                zps_eNwkHandleSmeAssocInd
                0x000000000009142a                zps_eNwkHandleSceRejnRequest
                0x00000000000914aa                vStartScanTimerExpiry.95627
                0x00000000000914e6                zps_vAplApsPollTimer
                0x0000000000091601                vPostNlmeDcfmInd.61702
                0x0000000000091d12                zps_eProcessAddrConflict
                0x0000000000091ebf                vTryNwkJoin.4206
 .text          0x0000000000091fc8     0x11e9 C:\DOCUME~1\g\LOCALS~1\Temp\cc0n57B7.ltrans13.ltrans.o
                0x000000000009201b                DriverBulb_vSetOnOff
                0x000000000009203f                vLI_UpdateDriver
                0x00000000000920a0                vLI_Start.constprop.41
                0x00000000000920e8                vSetBulbState
                0x0000000000092108                APP_vHandleIdentify
                0x0000000000092162                APP_ZCL_cbEndpointCallback.5556
                0x00000000000923b1                DriverBulb_vInit.part.1.7889
                0x0000000000092410                boPDM_IsBitmapSaturated.120820
                0x0000000000092459                vFreePendingReqDescr
                0x00000000000924c3                vHandleRouteDiscoveryExpiry.131014
                0x0000000000092521                zps_vSendJoinDcfm
                0x0000000000092567                vGiveUp.138593
                0x000000000009259f                ZPS_bSecEncrypt
                0x0000000000092755                PDUM_eNPduAllocate
                0x0000000000092966                eZCL_TransmitInterPanRequest.constprop.34
                0x00000000000929d1                eCLD_ZllCommissionCommandNetworkJoinRouterRspCommandSend.constprop.27
                0x00000000000929fb                eSendScanResponse.6331.constprop.32
                0x0000000000092b59                zps_u8AplApsConstructAndPostLoopBackDataInd.64310
                0x0000000000092c92                u8PostUnicastMsgToNHLE.64318
                0x0000000000092ccb                zps_psAllocateAndFormatMacHdr
                0x0000000000092fb4                zps_psNwkInitCmdFrame
                0x0000000000093033                eSendLinkStatusDataDcfm.part.1.125160
                0x0000000000093165                PDUM_eNPduClone
 .text          0x00000000000931b1     0x12e8 C:\DOCUME~1\g\LOCALS~1\Temp\cc0n57B7.ltrans14.ltrans.o
                0x00000000000931b1                DBG_vUartFlush
                0x00000000000931de                DBG_vUartPutch
                0x0000000000093224                eCLD_BasicCommandHandler
                0x00000000000933a3                vMiniMac_NextTransaction
                0x000000000009344a                boIdValueSearchMatch.119928
                0x00000000000934a4                iPDM_SearchForSpecificSegmentInList
                0x00000000000934d6                psGetTxFrameBuffer
                0x0000000000093515                psGetAndBuildCoordRealignment
                0x000000000009356d                MAC_vPibSetRxOnWhenIdle.constprop.90
                0x0000000000093575                eTransmit
                0x0000000000093652                eBuildAndSend.144277
                0x00000000000936c7                vMiniMac_TxComplete
                0x00000000000937ae                vTimerFired
                0x0000000000093866                vMiniMac_Init
                0x0000000000093c18                vDispatch.58468
                0x0000000000093cea                OS_eStartSWTimer.constprop.115
                0x0000000000093e09                OS_eStopSWTimer.constprop.30
                0x0000000000093f5a                OS_ePostMessage
                0x00000000000940c0                os_vAPP_CommissionTimerTask
                0x00000000000940d6                OS_eExitCriticalSection
                0x00000000000941bb                OS_eActivateTask
                0x0000000000094256                vPostMlmeDcfmInd.77603
                0x00000000000942f9                iPDM_ReadSegmentHeaderDataFromEEPROMsegment
                0x0000000000094352                iPDM_ReadUserDataFromEEPROMsegment
                0x00000000000943cc                iPDM_ReCalculateWearCountAndChecksumAndWriteFileSystemHeader
                0x0000000000094416                vPDM_SetEEPROMandFileSystemValidState
                0x000000000009443d                iPDM_ReadUserDataFromFileSystemRecord
                0x000000000009445d                vPDM_WriteFileSystemRecordAndSegmentDataIntoEEPROMsegment
 .text          0x0000000000094499     0x1390 C:\DOCUME~1\g\LOCALS~1\Temp\cc0n57B7.ltrans15.ltrans.o
                0x0000000000094585                vIncrementFrameCounterInPdm.isra.0.128501
                0x0000000000094764                vProcessListsForSubmission.127211
                0x0000000000094a1e                zps_vNwkMcpsMgrPost
                0x0000000000094b54                zps_eNwkHandleSceRouteRequest
                0x0000000000094f83                zps_eNwkHandleSceRouteReply
                0x00000000000952ea                zps_vNwkHandleCmeLeaveReq
                0x00000000000953b8                zps_eNwkHandleSceLeave
                0x000000000009557a                zps_eNwkHandleSdeActvDcfmData
                0x0000000000095704                vMcpsMgrTimeoutExpiry
                0x0000000000095773                iPDM_VerifyDataSequenceWithBufferId
                0x0000000000095815                vRemoveAllGroupsAndScenes
 *fill*         0x0000000000095829        0x3 00
 .text          0x000000000009582c      0xe58 C:\DOCUME~1\g\LOCALS~1\Temp\cc0n57B7.ltrans16.ltrans.o
                0x000000000009582c                os_vzps_taskZPS
                0x0000000000095a55                vBbcIntHandler.142925
                0x0000000000095d1e                os_vzps_isrMAC
                0x0000000000095d5d                eAssocRespSent.143834
                0x0000000000095d7c                zps_vNwkHandleCmeSyncReq
                0x0000000000095dfe                zps_vNwkHandleCmeIdleNwkFormReq
                0x0000000000095ea6                zps_vNwkHandleCmeNwkDiscReq
                0x0000000000095f20                zps_vNwkHandleCmeEdScanReq
                0x0000000000096135                zps_vNwkHandleCmeNwkJoinReq
                0x00000000000963f1                zps_vNwkHandleCmeNwkActvJoinReq
                0x000000000009648d                vHandleRejoinExpiry.138589
                0x00000000000964eb                zps_eRejoinDataDcfm
                0x00000000000965f4                vSetKeys
 .text          0x0000000000096684     0x110d C:\DOCUME~1\g\LOCALS~1\Temp\cc0n57B7.ltrans17.ltrans.o
                0x00000000000966ec                zps_vNwkHandleCmeActvStartRouterReq
                0x0000000000096828                vHandleNwkLocalUpdateAfterBcast.126212
                0x000000000009687c                vHandleNwkRemoteUpdateAfterBcast.126203
                0x00000000000968d0                eSmeAcScScanDcfm.135971
                0x0000000000096b9e                ZPS_pvNwkCtor.constprop.88
                0x0000000000097121                ZPS_vNwkHandleNlmeReqRsp
                0x000000000009719e                zps_vAplAfPostEvent
                0x000000000009738b                zps_eAplZdoLeaveNetwork.constprop.29
                0x00000000000973b6                zps_bAplZdoMgmtLeaveServer
                0x0000000000097536                zps_eAplZdoNlmePermitJoiningWrapper
                0x000000000009755e                zps_bAplZdoPermitJoiningServer
                0x00000000000975f8                vChangeChannelTimerExpiry.95623
                0x000000000009765b                eLeaveReset.140023
                0x00000000000976c6                eLeaveDataDcfmLocalLeave.140033
                0x0000000000097740                zps_eAplZdoZllStartRouter
 .text          0x0000000000097791     0x101d C:\DOCUME~1\g\LOCALS~1\Temp\cc0n57B7.ltrans18.ltrans.o
                0x0000000000097791                eCLD_ScenesCommandHandler
 .text          0x00000000000987ae     0x120d C:\DOCUME~1\g\LOCALS~1\Temp\cc0n57B7.ltrans19.ltrans.o
                0x00000000000987ae                eTryNextParent
                0x00000000000988ea                eSceRjRsRejoinRsp.139164
                0x00000000000989ab                vCheckSleepingSendPoll.part.1.139142
                0x0000000000098a15                vSdeHandleMcpsDataInd.127191
                0x0000000000099698                ZPS_vNwkNibCheckAndUpdateAddresses
                0x000000000009972f                zps_bAplZdoDeviceAnnceServer
 .text          0x00000000000999bb     0x1265 C:\DOCUME~1\g\LOCALS~1\Temp\cc0n57B7.ltrans20.ltrans.o
                0x00000000000999bb                DBG_vUartFailedAssert
                0x00000000000999bf                zps_bAplZdoBindRequestServer
                0x0000000000099afa                psGetVsMcpsBuf.77607
                0x0000000000099b03                psGetMlmeBuf.77600
                0x0000000000099b4a                psGetNlmeBuf.61699
                0x0000000000099b54                psGetNldeBuf.61720
                0x0000000000099b5e                psGetApsmeBuf.61706
                0x0000000000099b67                psGetApsdeBuf.61713
                0x0000000000099c80                vLoopbackTimerCallback
                0x0000000000099caf                zps_eNwkDcfmIndPost
                0x0000000000099cd2                zps_psNwkDcfmIndGetBuf
                0x0000000000099cf4                DBG_vInit
                0x0000000000099d36                vPDM_ReadBitmapHeader.120785
                0x0000000000099d55                psSLISTsearch
                0x0000000000099d95                psSLISTremove
                0x0000000000099e13                vSLISTaddToTail
                0x0000000000099e32                psSLISTgetNext
                0x0000000000099e56                u8PDM_CalculateLargestDataRecordStored
                0x0000000000099e87                bPDM_ImageBitmapRepairCheck
                0x0000000000099eaf                u8PDM_ReadSequenceNumber
                0x0000000000099ed2                boSegmentNumberDeleteSearchMatch.120355
                0x0000000000099eed                u8PDM_ReadSegmentDataSize
                0x0000000000099f01                u32PDM_ReadFileSystemHeaderWearCount
                0x0000000000099f17                boSearchForWearCountSubstitute.120671
                0x0000000000099f3d                boSearchForWearCountInsertPoint.119924
                0x0000000000099f5b                vPDM_WriteFileSystemHeaderWearCount
                0x0000000000099f6d                RND_u32GetRand256
                0x0000000000099f8a                RND_u32GetRand
                0x0000000000099fb1                u16CalculateFailedTxCount.95631
                0x0000000000099fdb                vZdoIeeeAddrServerSendExtendResponse.part.0.81428
                0x000000000009a03c                vZdoNwkAddrServerSendExtendResponse.part.0.80248
                0x000000000009a09d                zps_bAplZdoServerHandleConfirmAcks
                0x000000000009a0e7                zps_bPerformLeaveActionDecider
                0x000000000009a0ec                vHandleUpdateDeviceIndication.70765
                0x000000000009a116                bDuplicateCheck.67132
                0x000000000009a223                eHandleRemoveNonBroadcastEndpointsFromGroup.65760
                0x000000000009a29b                eHandleAddEntryToGroupTable.65723
                0x000000000009a2f7                zps_vAplApsFillAndPostApsAck
                0x000000000009a361                zps_u8AplApsFreeMsgHandle
                0x000000000009a3cb                vFillDataIndStruct.61566
                0x000000000009a429                vFillApduErrorEvent.61559
                0x000000000009a46c                bCheckProfile.61554
                0x000000000009a4b3                ZPS_bIsGroupPresent
                0x000000000009a4eb                pdum_u16ReadNBO
                0x000000000009a64c                PDUM_u16SizeNBO
                0x000000000009a6aa                PDUM_u16APduInstanceWriteStrNBO
                0x000000000009a829                PDUM_u16APduInstanceReadNBO
                0x000000000009a874                PDUM_u16APduInstanceWriteNBO
                0x000000000009a8de                PDUM_thAPduInstanceGetApdu
                0x000000000009a8f9                PDUM_eAPduInstanceSetPayloadSize
                0x000000000009a921                PDUM_eNPduWriteDataFromBuffer
                0x000000000009a97b                PDUM_eNPduWriteDataToBuffer
                0x000000000009a9d9                PDUM_eNPduWriteFromBuffer
                0x000000000009aa02                PDUM_eNPduDescend
                0x000000000009aa28                PDUM_eNPduAscend
                0x000000000009aa4e                PDUM_eNPduClaimData
                0x000000000009aabb                PDUM_eNPduAppendDataNBO
                0x000000000009ab18                PDUM_eNPduClaimHeader
                0x000000000009ab3b                PDUM_eNPduReadHeaderNBO
                0x000000000009ab8e                PDUM_eNPduPrependHeaderNBO
                0x000000000009abe9                zps_vInitAPSMECmdHdr
 .text.unlikely
                0x000000000009ac20       0xd0 C:\DOCUME~1\g\LOCALS~1\Temp\cc0n57B7.ltrans20.ltrans.o
                0x000000000009ac20                bIsBindTableMatch.65700
                0x000000000009ac71                eRemoveEntryInBindingTable.65728
 .text          0x000000000009acf0     0x11bd C:\DOCUME~1\g\LOCALS~1\Temp\cc0n57B7.ltrans21.ltrans.o
                0x000000000009acf0                vSendNetworkReport.126195
                0x000000000009adca                zps_psNwkInitiateRouteDiscovery
                0x000000000009b102                zps_psSendFrm
                0x000000000009b41e                zps_psSendBroadcastFrm
                0x000000000009b4b4                ZPS_vNwkHandleNldeReqRsp
                0x000000000009b771                zps_eAplSendApsmeCmdFrame
                0x000000000009b8e2                zps_vAplApsmeCmdMgrRetryTimeout.65692
                0x000000000009b90c                zps_eNwkHandleSceRouteRecord
                0x000000000009b9e0                zps_psNwkSendRejoinReqCmd.constprop.8
                0x000000000009ba50                zps_u8NwkHandleRejoinReq
                0x000000000009bb19                vContinueRejoin.137823
                0x000000000009bbc0                zps_psSendNetworkStatusCmd
                0x000000000009bc2d                zps_vProcessLocalAddrConflict
                0x000000000009bcd8                zps_eDefaultDataDcfm
 *fill*         0x000000000009bead        0x3 00
 .text          0x000000000009beb0      0xf64 C:\DOCUME~1\g\LOCALS~1\Temp\cc0n57B7.ltrans22.ltrans.o
                0x000000000009c326                eCLD_ZllCommissionCommandHandler
                0x000000000009c55d                eCLD_LevelControlCommandHandler
                0x000000000009c97e                vZCL_HandleAttributesWriteRequest
 .text          0x000000000009ce14     0x1068 C:\DOCUME~1\g\LOCALS~1\Temp\cc0n57B7.ltrans23.ltrans.o
                0x000000000009ce14                os_vAPP_Commission_Task
 .text          0x000000000009de7c      0xdcc C:\DOCUME~1\g\LOCALS~1\Temp\cc0n57B7.ltrans24.ltrans.o
                0x000000000009e7e1                os_vTick_Task
                0x000000000009ec16                os_vZCL_Task
 .text          0x000000000009ec48      0xd84 C:\DOCUME~1\g\LOCALS~1\Temp\cc0n57B7.ltrans25.ltrans.o
                0x000000000009ec48                eZCL_CustomCommandSend.constprop.23
                0x000000000009eeaa                eCLD_IdentifyCommandHandler
                0x000000000009f3b2                eCLD_GroupsCommandHandler
 .text          0x000000000009f9cc      0xf57 C:\DOCUME~1\g\LOCALS~1\Temp\cc0n57B7.ltrans26.ltrans.o
                0x000000000009f9cc                os_bDummyMemberCheck.58478
                0x000000000009f9d1                os_vDefaultErrorHook.58474
                0x000000000009f9fb                vOSError.3238
                0x000000000009f9fe                vOverideProfileId.7643
                0x000000000009fa3b                bCLD_ScenesSearchForScene.4133
                0x000000000009fa6e                vfExtendedStatusCallBack
                0x000000000009fa71                os_bStrictCheck.1358
                0x000000000009fd04                PDUM_eNPduInitDescending
                0x000000000009fd1f                OS_eCollectMessage
                0x000000000009fde4                eExpireSWTimer.58487
                0x000000000009fe4f                eZCL_BuildClientTransmitAddressStructure
                0x000000000009fe87                eZCL_GetAttributeTypeSize
                0x000000000009fea6                vZCL_MarkAttributeInvalid
                0x000000000009ff75                eZCL_CheckEPstructureIntegrity.38490
                0x00000000000a015d                u8ZCL_GetAttributeAllignToFourBytesBoundary
                0x00000000000a0172                pvZCL_GetAttributePointer
                0x00000000000a01e8                u16ZCL_WriteTypeNBO.part.0.39844
                0x00000000000a025d                u16ZCL_GetStringStructureSize
                0x00000000000a029a                u16ZCL_GetStringAttributeTypeSizeFromBuffer
                0x00000000000a030b                u16ZCL_GetStringSizeAndBufferFromStructure
                0x00000000000a039a                bZCL_SendCommandResponse
                0x00000000000a03b6                vZCL_GetInternalMutex
                0x00000000000a03df                eZCL_GetMutex
                0x00000000000a0417                u8ZCL_GetEPIdFromIndex
                0x00000000000a0439                vZCL_ReleaseInternalMutex
                0x00000000000a0453                eZCL_SearchForAttributeEntry
                0x00000000000a0513                vCLD_ScenesGenerateIndividualAttributeCallback
                0x00000000000a056d                eZCL_SearchForEPentry
                0x00000000000a05c8                eZCL_SearchForEPentryAndCheckManufacturerId
                0x00000000000a0606                vZCL_PassEventToUser
                0x00000000000a0633                eZCL_ReleaseMutex
                0x00000000000a0662                eZCL_Register.part.1.38499
                0x00000000000a0690                boDLISTisEmpty
                0x00000000000a06a8                vDLISTaddToTail
                0x00000000000a06d6                psDLISTremoveFromHead
                0x00000000000a06ff                psDLISTremove
                0x00000000000a0757                vWriteU64ToPayLoad.25014
                0x00000000000a0784                vWriteU32ToPayLoad.25010
                0x00000000000a079c                vBULB_SetColourTemperature
                0x00000000000a07a9                vBULB_SetColour
                0x00000000000a07b6                vLI_InitVar.6662
                0x00000000000a07e7                InvShiftRows
                0x00000000000a087a                InvSubBytes
                0x00000000000a08c0                AddRoundKey
                0x00000000000a0901                getSBoxValue.4914
 *fill*         0x00000000000a0923        0x1 00
 .text          0x00000000000a0924      0xc78 C:\DOCUME~1\g\LOCALS~1\Temp\cc0n57B7.ltrans27.ltrans.o
                0x00000000000a099d                zps_bAplZdoDefaultServer
                0x00000000000a0d06                zps_bAplZdoZdoClient
                0x00000000000a1176                zps_eZdpMgmtLeaveResponse
                0x00000000000a1197                zps_eZdpMgmtPermitJoiningResponse
                0x00000000000a11fa                zps_eAplZdpDeviceAnnceRequest.part.0.99463
                0x00000000000a1241                os_vAPP_ZPR_Light_Task
 .text          0x00000000000a159c      0xb68 C:\DOCUME~1\g\LOCALS~1\Temp\cc0n57B7.ltrans28.ltrans.o
                0x00000000000a167d                eZCL_TransmitDataRequest
                0x00000000000a19e5                eZCL_SendDefaultResponse
                0x00000000000a1ae4                eZCL_CustomCommandReceive
                0x00000000000a1c5a                eCLD_OnOffCommandHandler
 .text          0x00000000000a2104      0xcca C:\DOCUME~1\g\LOCALS~1\Temp\cc0n57B7.ltrans29.ltrans.o
                0x00000000000a2104                zps_eZdpNodeDescResponse
                0x00000000000a21ac                zps_eZdpSimpleDescResponse
                0x00000000000a22b9                zps_eAplZdpMgmtRtgResponse
                0x00000000000a2380                zps_bAplZdoMgmtNWKUpdateServer
                0x00000000000a26f0                zps_eZdpNwkAddrResponse
                0x00000000000a27d3                zps_eZdpIeeeAddrResponse
                0x00000000000a28b6                zps_eZdpPowerDescResponse
                0x00000000000a2953                zps_eZdpActiveEpResponse
                0x00000000000a29e9                zps_eZdpMatchDescResponse
                0x00000000000a2a7f                zps_eZdpSystemServerDiscoveryResponse
                0x00000000000a2aee                zps_eAplZdpMgmtLqiResponse
                0x00000000000a2c88                zps_eAplAfBoundDataReqNonBlocking
 .text          0x00000000000a2dce      0x533 C:\DOCUME~1\g\LOCALS~1\Temp\cc0n57B7.ltrans30.ltrans.o
                0x00000000000a2dce                eOrphanNotificationSent.144269
                0x00000000000a2e17                ZPS_vAplHandleApsdeReqRsp
                0x00000000000a3237                zps_eAplZdpApsdeReqInternal
                0x00000000000a32a6                zps_eAplZdpGenStatusOnlyResponse
 .text          0x00000000000a3301      0x45c C:\DOCUME~1\g\LOCALS~1\Temp\cc0n57B7.ltrans31.ltrans.o
                0x00000000000a3301                AppWarmStart
                0x00000000000a331b                AppColdStart
                0x00000000000a35b7                os_vUnclaimedInterrupt
                0x00000000000a35c9                os_vControlledIntCheck
                0x00000000000a360e                os_vControlledInterrupt
                0x00000000000a3647                os_vAPP_isrIllegalInstruction
                0x00000000000a3654                os_vAPP_isrAlignmentException
                0x00000000000a3661                os_vAPP_isrBusErrorException
                0x00000000000a3665                os_vAPP_isrUnimplementedModuleException
                0x00000000000a3669                os_vAPP_isrStackOverflowException
                0x00000000000a366d                os_vAPP_isrTickTimer
 .text          0x00000000000a375d       0x25 c:/nxp/bstudio_nxp/sdk/tools/ba-elf-ba2-r36379/bin/../lib/gcc/ba-elf/4.7.4/../../../../ba-elf/lib/mcpu_jn51xx_sizeopt\libc.a(lib_a-memcmp.o)
                0x00000000000a375d                memcmp
 .text          0x00000000000a3782       0x19 c:/nxp/bstudio_nxp/sdk/tools/ba-elf-ba2-r36379/bin/../lib/gcc/ba-elf/4.7.4/../../../../ba-elf/lib/mcpu_jn51xx_sizeopt\libc.a(lib_a-memcpy.o)
 .text          0x00000000000a379b       0x12 c:/nxp/bstudio_nxp/sdk/tools/ba-elf-ba2-r36379/bin/../lib/gcc/ba-elf/4.7.4/../../../../ba-elf/lib/mcpu_jn51xx_sizeopt\libc.a(lib_a-memset.o)
                0x00000000000a379b                memset
 .text          0x00000000000a37ad       0x12 c:/nxp/bstudio_nxp/sdk/tools/ba-elf-ba2-r36379/bin/../lib/gcc/ba-elf/4.7.4/../../../../ba-elf/lib/mcpu_jn51xx_sizeopt\libc.a(lib_a-strlen.o)
                0x00000000000a37ad                strlen
 .text          0x00000000000a37bf       0x2b c:/nxp/bstudio_nxp/sdk/tools/ba-elf-ba2-r36379/bin/../lib/gcc/ba-elf/4.7.4/../../../../ba-elf/lib/mcpu_jn51xx_sizeopt\libc.a(lib_a-strncpy.o)
                0x00000000000a37bf                strncpy
 *fill*         0x00000000000a37ea        0x2 00
 .text          0x00000000000a37ec      0x204 c:/nxp/bstudio_nxp/sdk/tools/ba-elf-ba2-r36379/bin/../lib/gcc/ba-elf/4.7.4/mcpu_jn51xx_sizeopt\libgcc.a(__udivsi3.o)
                0x00000000000a37ec                __udivsi3
 .text          0x00000000000a39f0       0x30 c:/nxp/bstudio_nxp/sdk/tools/ba-elf-ba2-r36379/bin/../lib/gcc/ba-elf/4.7.4/mcpu_jn51xx_sizeopt\libgcc.a(__divsi3.o)
                0x00000000000a39f0                __divsi3
 .text          0x00000000000a3a20      0x1b0 c:/nxp/bstudio_nxp/sdk/tools/ba-elf-ba2-r36379/bin/../lib/gcc/ba-elf/4.7.4/mcpu_jn51xx_sizeopt\libgcc.a(__umodsi3.o)
                0x00000000000a3a20                __umodsi3
 .text          0x00000000000a3bd0       0x24 c:/nxp/bstudio_nxp/sdk/tools/ba-elf-ba2-r36379/bin/../lib/gcc/ba-elf/4.7.4/mcpu_jn51xx_sizeopt\libgcc.a(__modsi3.o)
                0x00000000000a3bd0                __modsi3
 .text          0x00000000000a3bf4      0x3bd c:/nxp/bstudio_nxp/sdk/tools/ba-elf-ba2-r36379/bin/../lib/gcc/ba-elf/4.7.4/mcpu_jn51xx_sizeopt\libgcc.a(_divdi3.o)
                0x00000000000a3bf4                __divdi3
 .text          0x00000000000a3fb1      0x350 c:/nxp/bstudio_nxp/sdk/tools/ba-elf-ba2-r36379/bin/../lib/gcc/ba-elf/4.7.4/mcpu_jn51xx_sizeopt\libgcc.a(_udivdi3.o)
                0x00000000000a3fb1                __udivdi3
 *fill*         0x00000000000a4301        0x7 00
 .text          0x00000000000a4308      0x138 c:/NXP/bstudio_nxp/workspace/Custom_ZLL_Lights/Light_DimmableLight/Build/os_irq.o
                0x00000000000a4308                os_ExternalException_W
                0x00000000000a434c                os_PIC_ChannelPriorities
                0x00000000000a435c                os_OSMIUM_HwVectTable
                0x00000000000a4398                os_PIC_SwVectTable
 .text          0x00000000000a4440       0x29 c:/NXP/bstudio_nxp/workspace/Custom_ZLL_Lights/Light_DimmableLight/Build/os_irq_alignment.o
                0x00000000000a4440                IRQ_Alignment
 .text          0x00000000000a4469       0x29 c:/NXP/bstudio_nxp/workspace/Custom_ZLL_Lights/Light_DimmableLight/Build/os_irq_buserror.o
                0x00000000000a4469                IRQ_BusError
 .text          0x00000000000a4492       0x29 c:/NXP/bstudio_nxp/workspace/Custom_ZLL_Lights/Light_DimmableLight/Build/os_irq_illegalinstruction.o
                0x00000000000a4492                IRQ_IllegalInstruction
 .text          0x00000000000a44bb       0x29 c:/NXP/bstudio_nxp/workspace/Custom_ZLL_Lights/Light_DimmableLight/Build/os_irq_stackoverflowexception.o
                0x00000000000a44bb                IRQ_StackOverflowException
 .text          0x00000000000a44e4       0x29 c:/NXP/bstudio_nxp/workspace/Custom_ZLL_Lights/Light_DimmableLight/Build/os_irq_unimplementedmodule.o
                0x00000000000a44e4                IRQ_UnimplementedModule
 *fill*         0x00000000000a450d        0x3 00
 .text          0x00000000000a4510       0xc0 c:/NXP/bstudio_nxp/sdk/JN-SW-4168/Components/Library\libOS_JN516x.a(os_contirq_JN516x.o)
                0x00000000000a4510                os_ExternalException_R
                0x00000000000a4540                os_CFunc_W
                0x00000000000a4590                os_UnclaimedException_W
                0x00000000000a45b0                os_UnclaimedInterrupt_W
 .text          0x00000000000a45d0       0x48 c:/NXP/bstudio_nxp/sdk/JN-SW-4168/Components/Library\libPWRM_JN516x.a(pwrm_setjmp_JN516x.o)
                0x00000000000a45d0                setjmp
                0x00000000000a45f4                PWRM_longjmp
 .text          0x00000000000a4618       0x27 c:/NXP/bstudio_nxp/sdk/JN-SW-4168/Components/Library\libHardwareApi_JN5169.a(AHI_Interrupt.o)
                0x00000000000a4618                vAHI_InterruptSetPriority
                0x00000000000a4636                vAHI_InterruptSetActivePriorityLevel
 .text.vMicroSyscall
                0x00000000000a463f       0x17 c:/NXP/bstudio_nxp/sdk/JN-SW-4168/Components/Library\libMicroSpecific_JN516x.a(MicroSyscall_ba.o)
                0x00000000000a463f                vMicroSyscall
 .text          0x00000000000a4656        0x0 c:/NXP/bstudio_nxp/sdk/JN-SW-4168/Components/Library\libOS_JN516x.a(os_version_lc.o)
                0x00000000000a4656                OS_Version_1v2
 .text          0x00000000000a4656        0x0 c:/NXP/bstudio_nxp/sdk/JN-SW-4168/Components/Library\libZPSAPL_JN516x.a(zps_apl_version_lc.o)
                0x00000000000a4656                ZPS_APL_Version_2v0
 .text          0x00000000000a4656        0x0 c:/NXP/bstudio_nxp/sdk/JN-SW-4168/Components/Library\libZPSNWK_JN516x.a(zps_nwk_version_lc.o)
                0x00000000000a4656                ZPS_NWK_Version_2v0
                0x00000000000a4656                _flash_end = ABSOLUTE (.)

.rela.dyn       0x00000000000a4658        0x0
 .rela.text     0x0000000000000000        0x0 c:/NXP/bstudio_nxp/workspace/Custom_ZLL_Lights/Light_DimmableLight/Build/os_irq.o
 .rela.data     0x0000000000000000        0x0 c:/NXP/bstudio_nxp/workspace/Custom_ZLL_Lights/Light_DimmableLight/Build/os_irq.o
 .rela.rodata   0x0000000000000000        0x0 c:/NXP/bstudio_nxp/workspace/Custom_ZLL_Lights/Light_DimmableLight/Build/os_irq.o
                0x000000000400004c                . = ORIGIN (ram)

.data           0x000000000400004c      0x74c load address 0x00000000000a4658
                0x000000000400004c                _ram_data_start = ABSOLUTE (.)
 *(.data*)
 .data          0x000000000400004c       0xc0 C:\DOCUME~1\g\LOCALS~1\Temp\cc0n57B7.ltrans0.ltrans.o
                0x000000000400004c                u8MiniMacConfig_MaxConcurrentAssocResponses
                0x0000000004000050                psShadowRxBuffer
 .data          0x000000000400010c        0x1 C:\DOCUME~1\g\LOCALS~1\Temp\cc0n57B7.ltrans4.ltrans.o
 *fill*         0x000000000400010d        0x3 00
 .data          0x0000000004000110        0x4 C:\DOCUME~1\g\LOCALS~1\Temp\cc0n57B7.ltrans7.ltrans.o
                0x0000000004000110                u32HeapStart
 .data          0x0000000004000114        0x6 C:\DOCUME~1\g\LOCALS~1\Temp\cc0n57B7.ltrans11.ltrans.o
 *fill*         0x000000000400011a        0x2 00
 .data          0x000000000400011c        0x8 C:\DOCUME~1\g\LOCALS~1\Temp\cc0n57B7.ltrans13.ltrans.o
                0x000000000400011c                bCanLoopback.64539
 .data          0x0000000004000124        0x1 C:\DOCUME~1\g\LOCALS~1\Temp\cc0n57B7.ltrans14.ltrans.o
 .data          0x0000000004000125        0x1 C:\DOCUME~1\g\LOCALS~1\Temp\cc0n57B7.ltrans16.ltrans.o
 *fill*         0x0000000004000126        0x2 00
 .data          0x0000000004000128       0x40 C:\DOCUME~1\g\LOCALS~1\Temp\cc0n57B7.ltrans23.ltrans.o
                0x0000000004000128                sDeviceTable
                0x0000000004000140                sZllState
 .data          0x0000000004000168        0x8 C:\DOCUME~1\g\LOCALS~1\Temp\cc0n57B7.ltrans24.ltrans.o
 .data          0x0000000004000170       0xa4 C:\DOCUME~1\g\LOCALS~1\Temp\cc0n57B7.ltrans26.ltrans.o
                0x0000000004000170                s_asapduZCLInstances
                0x00000000040001e8                s_asapduZDPInstances
 *fill*         0x0000000004000214        0x4 00
 .data          0x0000000004000218      0x568 C:\DOCUME~1\g\LOCALS~1\Temp\cc0n57B7.ltrans31.ltrans.o
                0x0000000004000218                s_keyPairTableStorage.3051
                0x0000000004000278                os_Mutex_mutexMAC
                0x0000000004000280                os_Mutex_mutexZPS
                0x0000000004000288                s_sApl.3006
                0x00000000040003d8                os_Message_APP_msgZpsEvents_ZCL
                0x00000000040003fc                os_SWTimer_APP_cntrTickTimer_APP_CommissionTimer
                0x0000000004000418                os_SWTimer_APP_cntrTickTimer_APP_TickTimer
                0x0000000004000434                os_Message_APP_msgZpsEvents
                0x0000000004000458                os_Message_APP_msgEvents
                0x000000000400047c                os_Message_APP_CommissionEvents
                0x00000000040004a0                os_Message_zps_msgMlmeDcfmInd
                0x00000000040004c4                os_Message_zps_msgTimeEvents
                0x00000000040004e8                os_Message_zps_msgMcpsDcfmInd
                0x000000000400050c                os_Message_zps_msgMcpsDcfm
                0x0000000004000530                os_Task_ZCL_Task
                0x000000000400053c                os_Task_APP_CommissionTimerTask
                0x0000000004000548                os_Task_Tick_Task
                0x0000000004000554                os_Task_APP_ZPR_Light_Task
                0x0000000004000560                os_Task_APP_Commission_Task
                0x000000000400056c                os_Task_zps_taskZPS
                0x0000000004000578                u8AhiBaudRate.121367
                0x000000000400057c                sLI_Vars.6689
                0x00000000040005bc                s_prbMemberCheck.58594
                0x00000000040005c0                s_prvErrorHook.58592
                0x00000000040005c4                g_u8ZpsExpiryMaxCount
 .data.s_asAPduPool
                0x0000000004000780       0x18 c:/NXP/bstudio_nxp/workspace/Custom_ZLL_Lights/Light_DimmableLight/Build/pdum_apdu.o
                0x0000000004000780                pdum_apduZDP
                0x0000000004000780                s_asAPduPool
                0x000000000400078c                pdum_apduZCL
 *(.data.*)
                0x0000000004000798                . = ALIGN (0x4)
                0x0000000004000798                _ram_data_end = ABSOLUTE (.)

.bss            0x0000000004000798     0x3eb8 load address 0x00000000000a4da4
                0x0000000004000798                _bss_start = ABSOLUTE (.)
 *(.bss*)
 .bss           0x0000000004000798     0x1310 C:\DOCUME~1\g\LOCALS~1\Temp\cc0n57B7.ltrans0.ltrans.o
                0x0000000004000798                psNextWake.58665
                0x000000000400079c                s_bWakeTimerActive.58666
                0x000000000400079d                s_ePowerMode.58667
                0x000000000400079e                gu16NumberOfSegments.146838
                0x00000000040007a0                psPDM_Common
                0x00000000040007a4                u8MaxNpdu.58875
                0x00000000040007a5                u8Count.58874
                0x00000000040007a8                s_psNPduPoolEnd.58877
                0x00000000040007ac                s_psNPduPoolStart.58876
                0x00000000040007b0                s_psFreeListHead.58873
                0x00000000040007b4                s_hMutex.58872
                0x00000000040007b8                s_hMutex.58992
                0x00000000040007bc                s_asAPduPool.58991
                0x00000000040007c0                pfExtendedStatusCallBack.125722
                0x00000000040007c4                sScenesCustomData.4152
                0x0000000004000908                psAplDefaultZLLAPSLinkKey
                0x000000000400090c                s_u32x.119021
                0x0000000004000910                pfOptionsFilterCallback
                0x0000000004000914                pfnHandleZllDeviceJoin
                0x0000000004000918                s_prExpireFn.147870
                0x000000000400091c                s_hMutex.147869
                0x0000000004000920                pvRxStore
                0x0000000004000924                pvTxStore
                0x0000000004000928                g_pvAplHandle
                0x000000000400092c                s_hMacMutex
                0x0000000004000930                s_sDcfmIndMgr.147634
                0x0000000004000938                prAppMlmeGetBuffer
                0x000000000400093c                prAppMlmeCallback
                0x0000000004000940                psFreeMsgListHead
                0x0000000004000944                psActiveMsgListHead
                0x0000000004000948                u8MiniMac_RunTimeOptions
                0x000000000400094c                sReversedMacAddr.145160
                0x0000000004000954                sThisDeviceMacAddr
                0x000000000400095c                gZpsSetByProfile.61680
                0x0000000004000960                s_groupTablePdmStorage.3155
 .bss           0x0000000004001aa8        0x8 C:\DOCUME~1\g\LOCALS~1\Temp\cc0n57B7.ltrans1.ltrans.o
 .bss           0x0000000004001ab0        0x4 C:\DOCUME~1\g\LOCALS~1\Temp\cc0n57B7.ltrans2.ltrans.o
                0x0000000004001ab0                s_psCurrentTask.58588
 .bss           0x0000000004001ab4       0x28 C:\DOCUME~1\g\LOCALS~1\Temp\cc0n57B7.ltrans3.ltrans.o
                0x0000000004001ab4                apvAplPdmRecordsAddress
                0x0000000004001acc                au16AplPdmRecordsSize
 .bss           0x0000000004001adc       0x10 C:\DOCUME~1\g\LOCALS~1\Temp\cc0n57B7.ltrans4.ltrans.o
                0x0000000004001adc                vFlushFn.121311
                0x0000000004001ae0                vPutchFn.121306
 *fill*         0x0000000004001aec        0x4 00
 .bss           0x0000000004001af0       0x48 C:\DOCUME~1\g\LOCALS~1\Temp\cc0n57B7.ltrans6.ltrans.o
 .bss           0x0000000004001b38        0x2 C:\DOCUME~1\g\LOCALS~1\Temp\cc0n57B7.ltrans7.ltrans.o
 .bss           0x0000000004001b3a        0xc C:\DOCUME~1\g\LOCALS~1\Temp\cc0n57B7.ltrans8.ltrans.o
                0x0000000004001b3a                a16NwkPdmRecordSizes
 *fill*         0x0000000004001b46        0x2 00
 .bss           0x0000000004001b48        0x8 C:\DOCUME~1\g\LOCALS~1\Temp\cc0n57B7.ltrans9.ltrans.o
 .bss           0x0000000004001b50       0x14 C:\DOCUME~1\g\LOCALS~1\Temp\cc0n57B7.ltrans10.ltrans.o
 .bss           0x0000000004001b64       0x10 C:\DOCUME~1\g\LOCALS~1\Temp\cc0n57B7.ltrans11.ltrans.o
                0x0000000004001b64                bIgnoreBroadcast
 .bss           0x0000000004001b74       0x40 C:\DOCUME~1\g\LOCALS~1\Temp\cc0n57B7.ltrans13.ltrans.o
 .bss           0x0000000004001bb4        0xc C:\DOCUME~1\g\LOCALS~1\Temp\cc0n57B7.ltrans14.ltrans.o
                0x0000000004001bb4                prIntHandler.145533
                0x0000000004001bb8                psTimerServerList
 .bss.initinboot
                0x0000000004001bc0        0x1 C:\DOCUME~1\g\LOCALS~1\Temp\cc0n57B7.ltrans14.ltrans.o
 .bss           0x0000000004001bc1        0x1 C:\DOCUME~1\g\LOCALS~1\Temp\cc0n57B7.ltrans15.ltrans.o
 *fill*         0x0000000004001bc2        0x2 00
 .bss           0x0000000004001bc4       0x34 C:\DOCUME~1\g\LOCALS~1\Temp\cc0n57B7.ltrans16.ltrans.o