Archive member included because of file (symbol)

c:/NXP/bstudio_nxp/sdk/JN-SW-4168/Components/Library\libOS_JN516x.a(os.o)
                              c:/NXP/bstudio_nxp/workspace/Custom_ZLL_Lights/Light_ColorLight/Build/os_gen.o (symbol from plugin) (os_vStart)
c:/NXP/bstudio_nxp/sdk/JN-SW-4168/Components/Library\libOS_JN516x.a(os_contirq_JN516x.o)
                              c:/NXP/bstudio_nxp/workspace/Custom_ZLL_Lights/Light_ColorLight/Build/os_irq.o (os_UnclaimedException_W)
c:/NXP/bstudio_nxp/sdk/JN-SW-4168/Components/Library\libPWRM_JN516x.a(pwrm.o)
                              c:/NXP/bstudio_nxp/workspace/Custom_ZLL_Lights/Light_ColorLight/Build/app_start_light.o (symbol from plugin) (PWRM_vInit)
c:/NXP/bstudio_nxp/sdk/JN-SW-4168/Components/Library\libPWRM_JN516x.a(pwrm_setjmp_JN516x.o)
                              pwrm.o (symbol from plugin) (setjmp)
c:/NXP/bstudio_nxp/sdk/JN-SW-4168/Components/Library\libPWRM_JN516x.a(pwrm_cold_start.o)
                              (AppColdStart)
c:/NXP/bstudio_nxp/sdk/JN-SW-4168/Components/Library\libPWRM_JN516x.a(pwrm_warm_start.o)
                              (AppWarmStart)
c:/NXP/bstudio_nxp/sdk/JN-SW-4168/Components/Library\libPDUM_JN516x.a(pdum_nwk.o)
                              c:/NXP/bstudio_nxp/workspace/Custom_ZLL_Lights/Light_ColorLight/Build/pdum_gen.o (symbol from plugin) (pdum_vNPduInit)
c:/NXP/bstudio_nxp/sdk/JN-SW-4168/Components/Library\libPDUM_JN516x.a(pdum_apl.o)
                              c:/NXP/bstudio_nxp/workspace/Custom_ZLL_Lights/Light_ColorLight/Build/zll_CommissionCmdHandler.o (symbol from plugin) (PDUM_u16APduInstanceReadNBO)
c:/NXP/bstudio_nxp/sdk/JN-SW-4168/Components/Library\libPDUM_JN516x.a(pdum.o)
                              pdum_nwk.o (symbol from plugin) (PDUM_u16SizeNBO)
c:/NXP/bstudio_nxp/sdk/JN-SW-4168/Components/Library\libZPSAPL_JN516x.a(zps_apl_af.o)
                              c:/NXP/bstudio_nxp/workspace/Custom_ZLL_Lights/Light_ColorLight/Build/zpr_light_node.o (symbol from plugin) (ZPS_eAplAfInit)
c:/NXP/bstudio_nxp/sdk/JN-SW-4168/Components/Library\libZPSAPL_JN516x.a(zps_apl_af_apsde.o)
                              c:/NXP/bstudio_nxp/workspace/Custom_ZLL_Lights/Light_ColorLight/Build/zps_gen.o (symbol from plugin) (zps_vHandleApsdeDataFragIndNotSupported)
c:/NXP/bstudio_nxp/sdk/JN-SW-4168/Components/Library\libZPSAPL_JN516x.a(zps_apl_task.o)
                              zps_apl_af_apsde.o (symbol from plugin) (zps_vAplAfPostEvent)
c:/NXP/bstudio_nxp/sdk/JN-SW-4168/Components/Library\libZPSAPL_JN516x.a(zps_apl_apsde.o)
                              zps_apl_task.o (symbol from plugin) (ZPS_vAplRegisterApsdeDcfmIndCallbacks)
c:/NXP/bstudio_nxp/sdk/JN-SW-4168/Components/Library\libZPSAPL_JN516x.a(zps_apl_apsme.o)
                              zps_apl_task.o (symbol from plugin) (ZPS_vAplRegisterApsmeDcfmIndCallbacks)
c:/NXP/bstudio_nxp/sdk/JN-SW-4168/Components/Library\libZPSAPL_JN516x.a(zps_apl_aps_nlde.o)
                              zps_apl_task.o (symbol from plugin) (zps_vAplApsHandleNldeDcfmInd)
c:/NXP/bstudio_nxp/sdk/JN-SW-4168/Components/Library\libZPSAPL_JN516x.a(zps_apl_sec.o)
                              zps_apl_task.o (symbol from plugin) (zps_psFindKeyDescr)
c:/NXP/bstudio_nxp/sdk/JN-SW-4168/Components/Library\libZPSAPL_JN516x.a(zps_apl_aib.o)
                              c:/NXP/bstudio_nxp/workspace/Custom_ZLL_Lights/Light_ColorLight/Build/Groups.o (symbol from plugin) (zps_psAplAibGetAib)
c:/NXP/bstudio_nxp/sdk/JN-SW-4168/Components/Library\libZPSAPL_JN516x.a(zps_apl_zdo_nwkmanager.o)
                              zps_apl_apsme.o (symbol from plugin) (zps_vAplSaveRecord)
c:/NXP/bstudio_nxp/sdk/JN-SW-4168/Components/Library\libZPSAPL_JN516x.a(zps_apl_zdo_handle_zdp_event.o)
                              zps_apl_task.o (symbol from plugin) (zps_bAplZdoHandleZdpEvent)
c:/NXP/bstudio_nxp/sdk/JN-SW-4168/Components/Library\libZPSAPL_JN516x.a(zps_apl_zdo_trust_center.o)
                              zps_apl_sec.o (symbol from plugin) (zps_eAplTrustCenterFindDevice)
c:/NXP/bstudio_nxp/sdk/JN-SW-4168/Components/Library\libZPSAPL_JN516x.a(zps_apl_zdo_common.o)
                              zps_apl_zdo_nwkmanager.o (symbol from plugin) (zps_eAplZdoNlmeleaveWrapper)
c:/NXP/bstudio_nxp/sdk/JN-SW-4168/Components/Library\libZPSAPL_JN516x.a(zps_apl_zdo_group.o)
                              c:/NXP/bstudio_nxp/workspace/Custom_ZLL_Lights/Light_ColorLight/Build/GroupsTableManager.o (symbol from plugin) (zps_eAplZdoGroupEndpointAdd)
c:/NXP/bstudio_nxp/sdk/JN-SW-4168/Components/Library\libZPSAPL_JN516x.a(zps_apl_zdo_default_server.o)
                              c:/NXP/bstudio_nxp/workspace/Custom_ZLL_Lights/Light_ColorLight/Build/zps_gen.o (symbol from plugin) (zps_vAplZdoDefaultServerInit)
c:/NXP/bstudio_nxp/sdk/JN-SW-4168/Components/Library\libZPSAPL_JN516x.a(zps_apl_mac_isr.o)
[...]
Memory Configuration

Name             Origin             Length             Attributes
flash            0x0000000000080000 0x0000000000040000
ram              0x000000000400004c 0x0000000000007fb4
*default*        0x0000000000000000 0xffffffffffffffff

Linker script and memory map

                0x0000000000001388                __stack_size = 0x1388
                0x00000000000007d0                __minimum_heap_size = 0x7d0
START GROUP
LOAD c:/NXP/bstudio_nxp/workspace/Custom_ZLL_Lights/Light_ColorLight/Build/os_gen.o
LOAD C:\DOCUME~1\g\LOCALS~1\Temp\cc4iEYpc.ltrans0.ltrans.o
LOAD C:\DOCUME~1\g\LOCALS~1\Temp\cc4iEYpc.ltrans1.ltrans.o
LOAD C:\DOCUME~1\g\LOCALS~1\Temp\cc4iEYpc.ltrans2.ltrans.o
LOAD C:\DOCUME~1\g\LOCALS~1\Temp\cc4iEYpc.ltrans3.ltrans.o
LOAD C:\DOCUME~1\g\LOCALS~1\Temp\cc4iEYpc.ltrans4.ltrans.o
LOAD C:\DOCUME~1\g\LOCALS~1\Temp\cc4iEYpc.ltrans5.ltrans.o
LOAD C:\DOCUME~1\g\LOCALS~1\Temp\cc4iEYpc.ltrans6.ltrans.o
LOAD C:\DOCUME~1\g\LOCALS~1\Temp\cc4iEYpc.ltrans7.ltrans.o
LOAD C:\DOCUME~1\g\LOCALS~1\Temp\cc4iEYpc.ltrans8.ltrans.o
LOAD C:\DOCUME~1\g\LOCALS~1\Temp\cc4iEYpc.ltrans9.ltrans.o
LOAD C:\DOCUME~1\g\LOCALS~1\Temp\cc4iEYpc.ltrans10.ltrans.o
LOAD C:\DOCUME~1\g\LOCALS~1\Temp\cc4iEYpc.ltrans11.ltrans.o
LOAD C:\DOCUME~1\g\LOCALS~1\Temp\cc4iEYpc.ltrans12.ltrans.o
LOAD C:\DOCUME~1\g\LOCALS~1\Temp\cc4iEYpc.ltrans13.ltrans.o
LOAD C:\DOCUME~1\g\LOCALS~1\Temp\cc4iEYpc.ltrans14.ltrans.o
LOAD C:\DOCUME~1\g\LOCALS~1\Temp\cc4iEYpc.ltrans15.ltrans.o
LOAD C:\DOCUME~1\g\LOCALS~1\Temp\cc4iEYpc.ltrans16.ltrans.o
LOAD C:\DOCUME~1\g\LOCALS~1\Temp\cc4iEYpc.ltrans17.ltrans.o
LOAD C:\DOCUME~1\g\LOCALS~1\Temp\cc4iEYpc.ltrans18.ltrans.o
LOAD C:\DOCUME~1\g\LOCALS~1\Temp\cc4iEYpc.ltrans19.ltrans.o
LOAD C:\DOCUME~1\g\LOCALS~1\Temp\cc4iEYpc.ltrans20.ltrans.o
LOAD C:\DOCUME~1\g\LOCALS~1\Temp\cc4iEYpc.ltrans21.ltrans.o
LOAD C:\DOCUME~1\g\LOCALS~1\Temp\cc4iEYpc.ltrans22.ltrans.o
LOAD C:\DOCUME~1\g\LOCALS~1\Temp\cc4iEYpc.ltrans23.ltrans.o
LOAD C:\DOCUME~1\g\LOCALS~1\Temp\cc4iEYpc.ltrans24.ltrans.o
LOAD C:\DOCUME~1\g\LOCALS~1\Temp\cc4iEYpc.ltrans25.ltrans.o
LOAD C:\DOCUME~1\g\LOCALS~1\Temp\cc4iEYpc.ltrans26.ltrans.o
LOAD C:\DOCUME~1\g\LOCALS~1\Temp\cc4iEYpc.ltrans27.ltrans.o
LOAD C:\DOCUME~1\g\LOCALS~1\Temp\cc4iEYpc.ltrans28.ltrans.o
LOAD C:\DOCUME~1\g\LOCALS~1\Temp\cc4iEYpc.ltrans29.ltrans.o
LOAD C:\DOCUME~1\g\LOCALS~1\Temp\cc4iEYpc.ltrans30.ltrans.o
LOAD C:\DOCUME~1\g\LOCALS~1\Temp\cc4iEYpc.ltrans31.ltrans.o
LOAD c:/nxp/bstudio_nxp/sdk/tools/ba-elf-ba2-r36379/bin/../lib/gcc/ba-elf/4.7.4/../../../../ba-elf/lib/mcpu_jn51xx_sizeopt\libc.a
LOAD c:/nxp/bstudio_nxp/sdk/tools/ba-elf-ba2-r36379/bin/../lib/gcc/ba-elf/4.7.4/mcpu_jn51xx_sizeopt\libgcc.a
LOAD c:/nxp/bstudio_nxp/sdk/tools/ba-elf-ba2-r36379/bin/../lib/gcc/ba-elf/4.7.4/../../../../ba-elf/lib/mcpu_jn51xx_sizeopt\libc.a
LOAD c:/NXP/bstudio_nxp/workspace/Custom_ZLL_Lights/Light_ColorLight/Build/os_irq.o
LOAD c:/NXP/bstudio_nxp/workspace/Custom_ZLL_Lights/Light_ColorLight/Build/os_irq_alignment.o
LOAD c:/NXP/bstudio_nxp/workspace/Custom_ZLL_Lights/Light_ColorLight/Build/os_irq_buserror.o
LOAD c:/NXP/bstudio_nxp/workspace/Custom_ZLL_Lights/Light_ColorLight/Build/os_irq_illegalinstruction.o
LOAD c:/NXP/bstudio_nxp/workspace/Custom_ZLL_Lights/Light_ColorLight/Build/os_irq_stackoverflowexception.o
LOAD c:/NXP/bstudio_nxp/workspace/Custom_ZLL_Lights/Light_ColorLight/Build/os_irq_unimplementedmodule.o
LOAD c:/NXP/bstudio_nxp/workspace/Custom_ZLL_Lights/Light_ColorLight/Build/pdum_gen.o
LOAD c:/NXP/bstudio_nxp/workspace/Custom_ZLL_Lights/Light_ColorLight/Build/pdum_apdu.o
LOAD c:/NXP/bstudio_nxp/workspace/Custom_ZLL_Lights/Light_ColorLight/Build/zps_gen.o
LOAD c:/NXP/bstudio_nxp/workspace/Custom_ZLL_Lights/Light_ColorLight/Build/app_timer_driver.o
LOAD c:/NXP/bstudio_nxp/workspace/Custom_ZLL_Lights/Light_ColorLight/Build/app_start_light.o
LOAD c:/NXP/bstudio_nxp/workspace/Custom_ZLL_Lights/Light_ColorLight/Build/app_scenes.o
LOAD c:/NXP/bstudio_nxp/workspace/Custom_ZLL_Lights/Light_ColorLight/Build/zpr_light_node.o
LOAD c:/NXP/bstudio_nxp/workspace/Custom_ZLL_Lights/Light_ColorLight/Build/ecb_decrypt.o
LOAD c:/NXP/bstudio_nxp/workspace/Custom_ZLL_Lights/Light_ColorLight/Build/app_zcl_light_task.o
LOAD c:/NXP/bstudio_nxp/workspace/Custom_ZLL_Lights/Light_ColorLight/Build/app_light_commission_task.o
LOAD c:/NXP/bstudio_nxp/workspace/Custom_ZLL_Lights/Light_ColorLight/Build/app_light_interpolation.o
LOAD c:/NXP/bstudio_nxp/workspace/Custom_ZLL_Lights/Light_ColorLight/Build/appZpsBeaconHandler.o
LOAD c:/NXP/bstudio_nxp/workspace/Custom_ZLL_Lights/Light_ColorLight/Build/App_Light_ColorLight.o
LOAD c:/NXP/bstudio_nxp/workspace/Custom_ZLL_Lights/Light_ColorLight/Build/DriverBulb_JN516X_RGB.o
LOAD c:/NXP/bstudio_nxp/workspace/Custom_ZLL_Lights/Light_ColorLight/Build/DriverBulb_Shim.o
LOAD c:/NXP/bstudio_nxp/workspace/Custom_ZLL_Lights/Light_ColorLight/Build/Alarms.o
LOAD c:/NXP/bstudio_nxp/workspace/Custom_ZLL_Lights/Light_ColorLight/Build/AlarmsClientCommands.o
LOAD c:/NXP/bstudio_nxp/workspace/Custom_ZLL_Lights/Light_ColorLight/Build/AlarmsCommandHandler.o
LOAD c:/NXP/bstudio_nxp/workspace/Custom_ZLL_Lights/Light_ColorLight/Build/AlarmsServerCommands.o
LOAD c:/NXP/bstudio_nxp/workspace/Custom_ZLL_Lights/Light_ColorLight/Build/AlarmsTableManager.o
LOAD c:/NXP/bstudio_nxp/workspace/Custom_ZLL_Lights/Light_ColorLight/Build/AnalogInputBasic.o
LOAD c:/NXP/bstudio_nxp/workspace/Custom_ZLL_Lights/Light_ColorLight/Build/AnalogOutputBasic.o
LOAD c:/NXP/bstudio_nxp/workspace/Custom_ZLL_Lights/Light_ColorLight/Build/Basic.o
LOAD c:/NXP/bstudio_nxp/workspace/Custom_ZLL_Lights/Light_ColorLight/Build/BasicClientCommands.o
LOAD c:/NXP/bstudio_nxp/workspace/Custom_ZLL_Lights/Light_ColorLight/Build/BasicCommandHandler.o
LOAD c:/NXP/bstudio_nxp/workspace/Custom_ZLL_Lights/Light_ColorLight/Build/BinaryInputBasic.o
LOAD c:/NXP/bstudio_nxp/workspace/Custom_ZLL_Lights/Light_ColorLight/Build/BinaryOutputBasic.o
LOAD c:/NXP/bstudio_nxp/workspace/Custom_ZLL_Lights/Light_ColorLight/Build/Commissioning.o
LOAD c:/NXP/bstudio_nxp/workspace/Custom_ZLL_Lights/Light_ColorLight/Build/DeviceTemperatureConfiguration.o
LOAD c:/NXP/bstudio_nxp/workspace/Custom_ZLL_Lights/Light_ColorLight/Build/Diagnostics.o
LOAD c:/NXP/bstudio_nxp/workspace/Custom_ZLL_Lights/Light_ColorLight/Build/DoorLock.o
LOAD c:/NXP/bstudio_nxp/workspace/Custom_ZLL_Lights/Light_ColorLight/Build/DoorLockCommandHandler.o
LOAD c:/NXP/bstudio_nxp/workspace/Custom_ZLL_Lights/Light_ColorLight/Build/DoorLockCommands.o
LOAD c:/NXP/bstudio_nxp/workspace/Custom_ZLL_Lights/Light_ColorLight/Build/ElectricalMeasurement.o
LOAD c:/NXP/bstudio_nxp/workspace/Custom_ZLL_Lights/Light_ColorLight/Build/Groups.o
LOAD c:/NXP/bstudio_nxp/workspace/Custom_ZLL_Lights/Light_ColorLight/Build/GroupsClientCommands.o
LOAD c:/NXP/bstudio_nxp/workspace/Custom_ZLL_Lights/Light_ColorLight/Build/GroupsCommandHandler.o
LOAD c:/NXP/bstudio_nxp/workspace/Custom_ZLL_Lights/Light_ColorLight/Build/GroupsServerCommands.o
LOAD c:/NXP/bstudio_nxp/workspace/Custom_ZLL_Lights/Light_ColorLight/Build/GroupsTableManager.o
LOAD c:/NXP/bstudio_nxp/workspace/Custom_ZLL_Lights/Light_ColorLight/Build/Identify.o
LOAD c:/NXP/bstudio_nxp/workspace/Custom_ZLL_Lights/Light_ColorLight/Build/IdentifyClientCommands.o
LOAD c:/NXP/bstudio_nxp/workspace/Custom_ZLL_Lights/Light_ColorLight/Build/IdentifyCommandHandler.o
LOAD c:/NXP/bstudio_nxp/workspace/Custom_ZLL_Lights/Light_ColorLight/Build/IdentifyServerCommands.o
LOAD c:/NXP/bstudio_nxp/workspace/Custom_ZLL_Lights/Light_ColorLight/Build/LevelControl.o
LOAD c:/NXP/bstudio_nxp/workspace/Custom_ZLL_Lights/Light_ColorLight/Build/LevelControlClientCommands.o
LOAD c:/NXP/bstudio_nxp/workspace/Custom_ZLL_Lights/Light_ColorLight/Build/LevelControlCommandHandler.o
LOAD c:/NXP/bstudio_nxp/workspace/Custom_ZLL_Lights/Light_ColorLight/Build/MultistateInputBasic.o
LOAD c:/NXP/bstudio_nxp/workspace/Custom_ZLL_Lights/Light_ColorLight/Build/MultistateOutputBasic.o
LOAD c:/NXP/bstudio_nxp/workspace/Custom_ZLL_Lights/Light_ColorLight/Build/OOSC.o
LOAD c:/NXP/bstudio_nxp/workspace/Custom_ZLL_Lights/Light_ColorLight/Build/OnOff.o
LOAD c:/NXP/bstudio_nxp/workspace/Custom_ZLL_Lights/Light_ColorLight/Build/OnOffCommandHandler.o
LOAD c:/NXP/bstudio_nxp/workspace/Custom_ZLL_Lights/Light_ColorLight/Build/OnOffCommands.o
LOAD c:/NXP/bstudio_nxp/workspace/Custom_ZLL_Lights/Light_ColorLight/Build/PollControl.o
LOAD c:/NXP/bstudio_nxp/workspace/Custom_ZLL_Lights/Light_ColorLight/Build/PollControlClientCommands.o
LOAD c:/NXP/bstudio_nxp/workspace/Custom_ZLL_Lights/Light_ColorLight/Build/PollControlCommandHandler.o
LOAD c:/NXP/bstudio_nxp/workspace/Custom_ZLL_Lights/Light_ColorLight/Build/PollControlServerCommands.o
LOAD c:/NXP/bstudio_nxp/workspace/Custom_ZLL_Lights/Light_ColorLight/Build/PowerConfiguration.o
LOAD c:/NXP/bstudio_nxp/workspace/Custom_ZLL_Lights/Light_ColorLight/Build/Scenes.o
LOAD c:/NXP/bstudio_nxp/workspace/Custom_ZLL_Lights/Light_ColorLight/Build/ScenesClientCommands.o
LOAD c:/NXP/bstudio_nxp/workspace/Custom_ZLL_Lights/Light_ColorLight/Build/ScenesClusterManagement.o
LOAD c:/NXP/bstudio_nxp/workspace/Custom_ZLL_Lights/Light_ColorLight/Build/ScenesCommandHandler.o
LOAD c:/NXP/bstudio_nxp/workspace/Custom_ZLL_Lights/Light_ColorLight/Build/ScenesServerCommands.o
LOAD c:/NXP/bstudio_nxp/workspace/Custom_ZLL_Lights/Light_ColorLight/Build/ScenesTableManager.o
LOAD c:/NXP/bstudio_nxp/workspace/Custom_ZLL_Lights/Light_ColorLight/Build/TC.o
LOAD c:/NXP/bstudio_nxp/workspace/Custom_ZLL_Lights/Light_ColorLight/Build/Time.o
LOAD c:/NXP/bstudio_nxp/workspace/Custom_ZLL_Lights/Light_ColorLight/Build/zll_CommissionCmdHandler.o
LOAD c:/NXP/bstudio_nxp/workspace/Custom_ZLL_Lights/Light_ColorLight/Build/zll_UtilityCmdHandler.o
LOAD c:/NXP/bstudio_nxp/workspace/Custom_ZLL_Lights/Light_ColorLight/Build/zll_commission.o
LOAD c:/NXP/bstudio_nxp/workspace/Custom_ZLL_Lights/Light_ColorLight/Build/zll_utility.o
LOAD c:/NXP/bstudio_nxp/workspace/Custom_ZLL_Lights/Light_ColorLight/Build/colour_light.o
LOAD c:/NXP/bstudio_nxp/workspace/Custom_ZLL_Lights/Light_ColorLight/Build/colour_remote.o
LOAD c:/NXP/bstudio_nxp/workspace/Custom_ZLL_Lights/Light_ColorLight/Build/colour_scene_remote.o
LOAD c:/NXP/bstudio_nxp/workspace/Custom_ZLL_Lights/Light_ColorLight/Build/colour_temperature_light.o
LOAD c:/NXP/bstudio_nxp/workspace/Custom_ZLL_Lights/Light_ColorLight/Build/commission_endpoint.o
LOAD c:/NXP/bstudio_nxp/workspace/Custom_ZLL_Lights/Light_ColorLight/Build/control_bridge.o
LOAD c:/NXP/bstudio_nxp/workspace/Custom_ZLL_Lights/Light_ColorLight/Build/dimmable_light.o
LOAD c:/NXP/bstudio_nxp/workspace/Custom_ZLL_Lights/Light_ColorLight/Build/dimmable_plug.o
LOAD c:/NXP/bstudio_nxp/workspace/Custom_ZLL_Lights/Light_ColorLight/Build/extended_colour_light.o
LOAD c:/NXP/bstudio_nxp/workspace/Custom_ZLL_Lights/Light_ColorLight/Build/non_colour_remote.o
LOAD c:/NXP/bstudio_nxp/workspace/Custom_ZLL_Lights/Light_ColorLight/Build/non_colour_scene_remote.o
LOAD c:/NXP/bstudio_nxp/workspace/Custom_ZLL_Lights/Light_ColorLight/Build/on_off_light.o
LOAD c:/NXP/bstudio_nxp/workspace/Custom_ZLL_Lights/Light_ColorLight/Build/on_off_plug.o
LOAD c:/NXP/bstudio_nxp/workspace/Custom_ZLL_Lights/Light_ColorLight/Build/on_off_sensor.o
LOAD c:/NXP/bstudio_nxp/workspace/Custom_ZLL_Lights/Light_ColorLight/Build/zll.o
LOAD c:/NXP/bstudio_nxp/workspace/Custom_ZLL_Lights/Light_ColorLight/Build/BallastConfiguration.o
LOAD c:/NXP/bstudio_nxp/workspace/Custom_ZLL_Lights/Light_ColorLight/Build/ColourControl.o
LOAD c:/NXP/bstudio_nxp/workspace/Custom_ZLL_Lights/Light_ColorLight/Build/ColourControlClientCommands.o
LOAD c:/NXP/bstudio_nxp/workspace/Custom_ZLL_Lights/Light_ColorLight/Build/ColourControlCommandHandler.o
LOAD c:/NXP/bstudio_nxp/workspace/Custom_ZLL_Lights/Light_ColorLight/Build/ColourControlConversions.o
LOAD c:/NXP/bstudio_nxp/workspace/Custom_ZLL_Lights/Light_ColorLight/Build/dlist.o
LOAD c:/NXP/bstudio_nxp/workspace/Custom_ZLL_Lights/Light_ColorLight/Build/zcl.o
LOAD c:/NXP/bstudio_nxp/workspace/Custom_ZLL_Lights/Light_ColorLight/Build/zcl_CustomCommandReceive.o
LOAD c:/NXP/bstudio_nxp/workspace/Custom_ZLL_Lights/Light_ColorLight/Build/zcl_CustomCommandSend.o
LOAD c:/NXP/bstudio_nxp/workspace/Custom_ZLL_Lights/Light_ColorLight/Build/zcl_PDUbufferReadWrite.o
LOAD c:/NXP/bstudio_nxp/workspace/Custom_ZLL_Lights/Light_ColorLight/Build/zcl_PDUbufferReadWriteString.o
LOAD c:/NXP/bstudio_nxp/workspace/Custom_ZLL_Lights/Light_ColorLight/Build/zcl_WriteAttributesRequestHandle.o
LOAD c:/NXP/bstudio_nxp/workspace/Custom_ZLL_Lights/Light_ColorLight/Build/zcl_WriteAttributesRequestSend.o
LOAD c:/NXP/bstudio_nxp/workspace/Custom_ZLL_Lights/Light_ColorLight/Build/zcl_WriteAttributesResponseHandle.o
LOAD c:/NXP/bstudio_nxp/workspace/Custom_ZLL_Lights/Light_ColorLight/Build/zcl_attribute.o
LOAD c:/NXP/bstudio_nxp/workspace/Custom_ZLL_Lights/Light_ColorLight/Build/zcl_buffer.o
LOAD c:/NXP/bstudio_nxp/workspace/Custom_ZLL_Lights/Light_ColorLight/Build/zcl_clusterCommand.o
LOAD c:/NXP/bstudio_nxp/workspace/Custom_ZLL_Lights/Light_ColorLight/Build/zcl_command.o
LOAD c:/NXP/bstudio_nxp/workspace/Custom_ZLL_Lights/Light_ColorLight/Build/zcl_configureReportingCommandHandle.o
LOAD c:/NXP/bstudio_nxp/workspace/Custom_ZLL_Lights/Light_ColorLight/Build/zcl_configureReportingCommandSend.o
LOAD c:/NXP/bstudio_nxp/workspace/Custom_ZLL_Lights/Light_ColorLight/Build/zcl_configureReportingResponseHandle.o
LOAD c:/NXP/bstudio_nxp/workspace/Custom_ZLL_Lights/Light_ColorLight/Build/zcl_defaultResponse.o
LOAD c:/NXP/bstudio_nxp/workspace/Custom_ZLL_Lights/Light_ColorLight/Build/zcl_discoverAttributesExtendedRequestHandle.o
LOAD c:/NXP/bstudio_nxp/workspace/Custom_ZLL_Lights/Light_ColorLight/Build/zcl_discoverAttributesExtendedRequestSend.o
LOAD c:/NXP/bstudio_nxp/workspace/Custom_ZLL_Lights/Light_ColorLight/Build/zcl_discoverAttributesExtendedResponseHandle.o
LOAD c:/NXP/bstudio_nxp/workspace/Custom_ZLL_Lights/Light_ColorLight/Build/zcl_discoverAttributesRequestHandle.o
LOAD c:/NXP/bstudio_nxp/workspace/Custom_ZLL_Lights/Light_ColorLight/Build/zcl_discoverAttributesRequestSend.o
LOAD c:/NXP/bstudio_nxp/workspace/Custom_ZLL_Lights/Light_ColorLight/Build/zcl_discoverAttributesResponseHandle.o
LOAD c:/NXP/bstudio_nxp/workspace/Custom_ZLL_Lights/Light_ColorLight/Build/zcl_discoverCommandsRequestHandle.o
LOAD c:/NXP/bstudio_nxp/workspace/Custom_ZLL_Lights/Light_ColorLight/Build/zcl_discoverCommandsRequestSend.o
LOAD c:/NXP/bstudio_nxp/workspace/Custom_ZLL_Lights/Light_ColorLight/Build/zcl_discoverCommandsResponseHandle.o
LOAD c:/NXP/bstudio_nxp/workspace/Custom_ZLL_Lights/Light_ColorLight/Build/zcl_event.o
LOAD c:/NXP/bstudio_nxp/workspace/Custom_ZLL_Lights/Light_ColorLight/Build/zcl_heap.o
LOAD c:/NXP/bstudio_nxp/workspace/Custom_ZLL_Lights/Light_ColorLight/Build/zcl_library_options.o
LOAD c:/NXP/bstudio_nxp/workspace/Custom_ZLL_Lights/Light_ColorLight/Build/zcl_readAttributesRequestHandle.o
LOAD c:/NXP/bstudio_nxp/workspace/Custom_ZLL_Lights/Light_ColorLight/Build/zcl_readAttributesRequestSend.o
LOAD c:/NXP/bstudio_nxp/workspace/Custom_ZLL_Lights/Light_ColorLight/Build/zcl_readAttributesResponseHandle.o
LOAD c:/NXP/bstudio_nxp/workspace/Custom_ZLL_Lights/Light_ColorLight/Build/zcl_readReportingConfigurationCommandHandle.o
LOAD c:/NXP/bstudio_nxp/workspace/Custom_ZLL_Lights/Light_ColorLight/Build/zcl_readReportingConfigurationCommandSend.o
LOAD c:/NXP/bstudio_nxp/workspace/Custom_ZLL_Lights/Light_ColorLight/Build/zcl_readReportingConfigurationResponseHandle.o
LOAD c:/NXP/bstudio_nxp/workspace/Custom_ZLL_Lights/Light_ColorLight/Build/zcl_reportManager.o
LOAD c:/NXP/bstudio_nxp/workspace/Custom_ZLL_Lights/Light_ColorLight/Build/zcl_reportMaths.o
LOAD c:/NXP/bstudio_nxp/workspace/Custom_ZLL_Lights/Light_ColorLight/Build/zcl_reportScheduler.o
LOAD c:/NXP/bstudio_nxp/workspace/Custom_ZLL_Lights/Light_ColorLight/Build/zcl_reportStringHandling.o
LOAD c:/NXP/bstudio_nxp/workspace/Custom_ZLL_Lights/Light_ColorLight/Build/zcl_reportStructure.o
LOAD c:/NXP/bstudio_nxp/workspace/Custom_ZLL_Lights/Light_ColorLight/Build/zcl_search.o
LOAD c:/NXP/bstudio_nxp/workspace/Custom_ZLL_Lights/Light_ColorLight/Build/zcl_timer.o
LOAD c:/NXP/bstudio_nxp/workspace/Custom_ZLL_Lights/Light_ColorLight/Build/zcl_transmit.o
LOAD c:/NXP/bstudio_nxp/sdk/JN-SW-4168/Components/Library\libZPSMAC_Mini_JN516x.a
LOAD c:/NXP/bstudio_nxp/sdk/JN-SW-4168/Components/Library\libOS_JN516x.a
LOAD c:/NXP/bstudio_nxp/sdk/JN-SW-4168/Components/Library\libPWRM_JN516x.a
LOAD c:/NXP/bstudio_nxp/sdk/JN-SW-4168/Components/Library\libZPSTSV_JN516x.a
LOAD c:/NXP/bstudio_nxp/sdk/JN-SW-4168/Components/Library\libAES_SW_JN516x.a
LOAD c:/NXP/bstudio_nxp/sdk/JN-SW-4168/Components/Library\libPDUM_JN516x.a
LOAD c:/NXP/bstudio_nxp/sdk/JN-SW-4168/Components/Library\libZPSAPL_JN516x.a
LOAD c:/NXP/bstudio_nxp/sdk/JN-SW-4168/Components/Library\libRandom_JN516x.a
LOAD c:/NXP/bstudio_nxp/sdk/JN-SW-4168/Components/Library\libPDM_EEPROM_JN516x.a
LOAD c:/NXP/bstudio_nxp/sdk/JN-SW-4168/Components/Library\libDBG_JN516x.a
LOAD c:/NXP/bstudio_nxp/sdk/JN-SW-4168/Components/Library\libZPSZLL_JN516x.a
LOAD c:/NXP/bstudio_nxp/sdk/JN-SW-4168/Components/Library\libZPSNWK_JN516x.a
LOAD c:/NXP/bstudio_nxp/sdk/JN-SW-4168/Components/Library\libRecal_JN516x.a
LOAD c:/NXP/bstudio_nxp/sdk/JN-SW-4168/Components/Library\libMiniMac_JN516x.a
LOAD c:/NXP/bstudio_nxp/sdk/JN-SW-4168/Components/Library\libMiniMacShim_JN516x.a
LOAD c:/NXP/bstudio_nxp/sdk/JN-SW-4168/Components/Library\libMMAC_JN516x.a
LOAD c:/NXP/bstudio_nxp/sdk/JN-SW-4168/Components/Library\libAes_JN516x.a
LOAD c:/NXP/bstudio_nxp/sdk/JN-SW-4168/Components/Library\libHardwareApi_JN516x.a
LOAD c:/NXP/bstudio_nxp/sdk/JN-SW-4168/Components/Library\libMicroSpecific_JN516x.a
LOAD c:/NXP/bstudio_nxp/sdk/JN-SW-4168/Components/Library\libBoot_JN516x.a
LOAD c:/nxp/bstudio_nxp/sdk/tools/ba-elf-ba2-r36379/bin/../lib/gcc/ba-elf/4.7.4/../../../../ba-elf/lib/mcpu_jn51xx_sizeopt\libm.a
END GROUP
LOAD c:/nxp/bstudio_nxp/sdk/tools/ba-elf-ba2-r36379/bin/../lib/gcc/ba-elf/4.7.4/../../../../ba-elf/lib/mcpu_jn51xx_sizeopt\libc.a
LOAD c:/nxp/bstudio_nxp/sdk/tools/ba-elf-ba2-r36379/bin/../lib/gcc/ba-elf/4.7.4/mcpu_jn51xx_sizeopt\libgcc.a
LOAD c:/nxp/bstudio_nxp/sdk/tools/ba-elf-ba2-r36379/bin/../lib/gcc/ba-elf/4.7.4/../../../../ba-elf/lib/mcpu_jn51xx_sizeopt\libc.a
                0x0000000000080038                _exception_vsr_table = 0x80038
                0x0000000004000000                pSPIflashFncTable = 0x4000000
                0x0000000000000044                restore_state = 0x44
                0x000000000000004a                bZSPIWaitWIPClear = 0x4a
                0x0000000000000050                u16ZSPIflashRDID = 0x50
                0x0000000000000056                u8SelectFlashChipType = 0x56
                0x000000000000005c                memcpy = 0x5c
                0x0000000000000066                vBootFlashProg = 0x66
                [0x00000000000007d0]                __minimum_heap_size = DEFINED (__minimum_heap_size)?__minimum_heap_size:0xd16
                [0x0000000000001388]                __stack_size = DEFINED (__stack_size)?__stack_size:0x800
                0x0000000000000000                _SwConfig = (DEFINED (g_bSWConf_Debug) | (DEFINED (g_bSWConf_AltDebugPort) << 0x1))

.version        0x000000000007fffc        0x4
                0x000000000007fffc        0x4 LONG 0x7030008

.bir            0x0000000000080000       0x10
                0x0000000000080000                _flash_start = ABSOLUTE (.)
                0x0000000000080000                _flash_beg = ABSOLUTE (.)
                0x0000000000080000        0x4 LONG 0x12345678
                0x0000000000080004        0x4 LONG 0x11223344
                0x0000000000080008        0x4 LONG 0x55667788
                0x000000000008000c        0x1 BYTE 0x8
                0x000000000008000d        0x1 BYTE 0x1
                0x000000000008000e        0x2 SHORT 0x0

.flashheader    0x0000000000080010       0x28
                0x0000000000080010        0x4 LONG 0x0
                0x0000000000080014        0x4 LONG 0x0
                0x0000000000080018        0x4 LONG 0x0
                0x000000000008001c        0x2 SHORT 0x0
                0x000000000008001e        0x2 SHORT 0x0 ABSOLUTE (_SwConfig)
                0x0000000000080020                _enc_start = ABSOLUTE (.)
                0x0000000000080020        0x4 LONG 0x27058 ABSOLUTE (_image_len)
                0x0000000000080024        0x4 LONG 0xa67a0 ABSOLUTE (_flash_data_start)
                0x0000000000080028        0x2 SHORT 0x13 ((ABSOLUTE (_ram_data_start) / 0x4) & 0xffff)
                0x000000000008002a        0x2 SHORT 0x22e ((ABSOLUTE (_ram_data_len) / 0x4) & 0xffff)
                0x000000000008002c        0x2 SHORT 0x241 ((ABSOLUTE (_bss_start) / 0x4) & 0xffff)
                0x000000000008002e        0x2 SHORT 0xf89 ((ABSOLUTE (_bss_len) / 0x4) & 0xffff)
                0x0000000000080030        0x4 LONG 0xa2643 ABSOLUTE (AppWarmStart)
                0x0000000000080034        0x4 LONG 0xa265d ABSOLUTE (AppColdStart)
                0x0000000000000000                _enc_offset = (_enc_start & 0xf)

.ro_mac_address
                0x0000000000080040        0x0
                0x0000000000080040                _FlsMACAddress = ABSOLUTE (.)
 *(.ro_mac_address)
                0x0000000000080040                . = ALIGN (0x10)

.ro_ota_header  0x0000000000080040        0x0
                0x0000000000080040                _FlsOtaHeader = ABSOLUTE (.)
 *(.ro_ota_header)
                0x0000000000080040                . = ALIGN (0x10)

.ro_se_lnkKey   0x0000000000080040        0x0
                0x0000000000080040                _FlsLinkKey = ABSOLUTE (.)
 *(.ro_se_lnkKey)
                0x0000000000080040                . = ALIGN (0x10)

.rodata         0x0000000000080038      0xd55
 *(.rodata*)
 .rodata.str1.1
                0x0000000000080038       0x19 C:\DOCUME~1\g\LOCALS~1\Temp\cc4iEYpc.ltrans0.ltrans.o
 *fill*         0x0000000000080051        0x3 00
 .rodata        0x0000000000080054      0x164 C:\DOCUME~1\g\LOCALS~1\Temp\cc4iEYpc.ltrans0.ltrans.o
                0x0000000000080054                gMAC_u8MaxBuffers
                0x0000000000080058                g_u32ApsFcSaveCountBitShift
                0x000000000008005c                u8MaxZpsConfigEp
                0x000000000008005d                au8EpMapPresent
                0x0000000000080060                s_groupPdmTable
 .rodata        0x00000000000801b8        0x8 C:\DOCUME~1\g\LOCALS~1\Temp\cc4iEYpc.ltrans1.ltrans.o
 .rodata        0x00000000000801c0       0x30 C:\DOCUME~1\g\LOCALS~1\Temp\cc4iEYpc.ltrans2.ltrans.o
 .rodata.str1.1
                0x0000000000000000       0x19 C:\DOCUME~1\g\LOCALS~1\Temp\cc4iEYpc.ltrans2.ltrans.o
                                          0x8 (size before relaxing)
 .rodata        0x00000000000801f0       0x10 C:\DOCUME~1\g\LOCALS~1\Temp\cc4iEYpc.ltrans3.ltrans.o
                0x00000000000801f8                au32UartAddrOffset
 .rodata.str1.1
                0x0000000000080200        0x3 C:\DOCUME~1\g\LOCALS~1\Temp\cc4iEYpc.ltrans3.ltrans.o
 .rodata.str1.1
                0x0000000000080203        0x7 C:\DOCUME~1\g\LOCALS~1\Temp\cc4iEYpc.ltrans4.ltrans.o
                                          0xc (size before relaxing)
 .rodata.str1.1
                0x000000000008020a        0x4 C:\DOCUME~1\g\LOCALS~1\Temp\cc4iEYpc.ltrans5.ltrans.o
                                          0x8 (size before relaxing)
 .rodata.str1.1
                0x000000000008020e        0x6 C:\DOCUME~1\g\LOCALS~1\Temp\cc4iEYpc.ltrans7.ltrans.o
 .rodata.str1.1
                0x0000000000000000        0x6 C:\DOCUME~1\g\LOCALS~1\Temp\cc4iEYpc.ltrans8.ltrans.o
                                          0x4 (size before relaxing)
 .rodata        0x0000000000080214       0x10 C:\DOCUME~1\g\LOCALS~1\Temp\cc4iEYpc.ltrans8.ltrans.o
 .rodata.str1.1
                0x0000000000080224       0x21 C:\DOCUME~1\g\LOCALS~1\Temp\cc4iEYpc.ltrans9.ltrans.o
                                         0x39 (size before relaxing)
 *fill*         0x0000000000080245        0x3 00
 .rodata        0x0000000000080248       0x10 C:\DOCUME~1\g\LOCALS~1\Temp\cc4iEYpc.ltrans10.ltrans.o
 .rodata        0x0000000000080258       0x18 C:\DOCUME~1\g\LOCALS~1\Temp\cc4iEYpc.ltrans11.ltrans.o
                0x0000000000080258                au32NwkPdmRecordOffsets
 .rodata.str1.1
                0x0000000000000000       0x21 C:\DOCUME~1\g\LOCALS~1\Temp\cc4iEYpc.ltrans12.ltrans.o
                                          0xf (size before relaxing)
 .rodata        0x0000000000080270        0x6 C:\DOCUME~1\g\LOCALS~1\Temp\cc4iEYpc.ltrans12.ltrans.o
 .rodata.str1.1
                0x0000000000000000        0x3 C:\DOCUME~1\g\LOCALS~1\Temp\cc4iEYpc.ltrans13.ltrans.o
 *fill*         0x0000000000080276        0x2 00
 .rodata        0x0000000000080278       0x38 C:\DOCUME~1\g\LOCALS~1\Temp\cc4iEYpc.ltrans14.ltrans.o
                0x0000000000080278                au8FlashWaitStatesHSRCO.147945
                0x0000000000080280                au8FlashWaitStates32MXO.147944
 .rodata.str1.1
                0x00000000000802b0       0x31 C:\DOCUME~1\g\LOCALS~1\Temp\cc4iEYpc.ltrans15.ltrans.o
                                         0x34 (size before relaxing)
 .rodata.str1.1
                0x0000000000000000       0x31 C:\DOCUME~1\g\LOCALS~1\Temp\cc4iEYpc.ltrans16.ltrans.o
                                          0x6 (size before relaxing)
 *fill*         0x00000000000802e1        0x3 00
 .rodata        0x00000000000802e4       0x4c C:\DOCUME~1\g\LOCALS~1\Temp\cc4iEYpc.ltrans16.ltrans.o
                0x00000000000802e4                g_u32NwkFcSaveCountBitShift
 .rodata        0x0000000000080330      0x200 C:\DOCUME~1\g\LOCALS~1\Temp\cc4iEYpc.ltrans17.ltrans.o
                0x0000000000080330                s_apsStSceTbl.129426
                0x0000000000080344                s_apsStSmeTbl.129489
                0x0000000000080358                s_aprIdleStHandleCme.139407
                0x000000000008036c                s_aprActvStHandleCme.135539
                0x0000000000080390                bRxOnOptimisationTurnedOff
                0x00000000000803b4                zps_sJoinSceTbl
                0x00000000000803c0                zps_sActvSceTbl
                0x00000000000803cc                zps_sDiscSmeTbl
                0x00000000000803d8                zps_sFormSmeTbl
                0x00000000000803e4                zps_sJoinSmeTbl
                0x00000000000803f0                zps_sActvSmeTbl
 .rodata.str1.1
                0x0000000000080530       0x25 C:\DOCUME~1\g\LOCALS~1\Temp\cc4iEYpc.ltrans19.ltrans.o
                                         0x44 (size before relaxing)
 .rodata.str1.1
                0x0000000000080555        0x5 C:\DOCUME~1\g\LOCALS~1\Temp\cc4iEYpc.ltrans20.ltrans.o
                                         0x17 (size before relaxing)
 .rodata.str1.1
                0x0000000000000000        0x4 C:\DOCUME~1\g\LOCALS~1\Temp\cc4iEYpc.ltrans22.ltrans.o
 .rodata.str1.1
                0x000000000008055a        0x6 C:\DOCUME~1\g\LOCALS~1\Temp\cc4iEYpc.ltrans24.ltrans.o
                                         0x19 (size before relaxing)
 .rodata.str1.1
                0x0000000000000000        0x6 C:\DOCUME~1\g\LOCALS~1\Temp\cc4iEYpc.ltrans26.ltrans.o
 .rodata.str1.1
                0x0000000000080560        0x5 C:\DOCUME~1\g\LOCALS~1\Temp\cc4iEYpc.ltrans27.ltrans.o
 .rodata        0x0000000000080565      0x107 C:\DOCUME~1\g\LOCALS~1\Temp\cc4iEYpc.ltrans27.ltrans.o
                0x0000000000080565                au8ZLLChannelSet
 .rodata.str1.1
                0x000000000008066c       0x27 C:\DOCUME~1\g\LOCALS~1\Temp\cc4iEYpc.ltrans28.ltrans.o
                                         0x4a (size before relaxing)
 *fill*         0x0000000000080693        0x1 00
 .rodata        0x0000000000080694      0x318 C:\DOCUME~1\g\LOCALS~1\Temp\cc4iEYpc.ltrans29.ltrans.o
                0x0000000000080894                gu32ZCLVersion
                0x0000000000080898                OS_g_u32Version
                0x000000000008089c                PDUM_g_u32Version
                0x00000000000808a0                ZPS_g_u32MacVersion
                0x00000000000808a4                ZPS_g_u32TsvVersion
 .rodata        0x00000000000809ac      0x3d8 C:\DOCUME~1\g\LOCALS~1\Temp\cc4iEYpc.ltrans30.ltrans.o
                0x00000000000809ac                zps_g_pvApl
                0x00000000000809b0                pwrm_psWakeupCallbacks
 .rodata.str1.1
                0x0000000000080d84        0x9 C:\DOCUME~1\g\LOCALS~1\Temp\cc4iEYpc.ltrans31.ltrans.o
                                         0x14 (size before relaxing)

.text           0x0000000000080d90    0x25a10
 *(.text*)
 .text          0x0000000000080d90     0x1dbc C:\DOCUME~1\g\LOCALS~1\Temp\cc4iEYpc.ltrans0.ltrans.o
                0x0000000000080d90                APP_TIMER_Version_1v0
                0x0000000000080d90                vInitialiseApp.3227
 .text          0x0000000000082b4c     0x1344 C:\DOCUME~1\g\LOCALS~1\Temp\cc4iEYpc.ltrans1.ltrans.o
                0x0000000000082bf3                dbg_vPrintfImplNoneVerbose
                0x000000000008307b                eCLD_ColourControlHandleColourModeChange
                0x0000000000083110                eCLD_ColourControlUpdate
                0x0000000000083662                eCLD_ColourControlSceneEventHandler.37698
                0x00000000000836a5                eCLD_ScenesRemoveAllScenes
                0x0000000000083756                eCLD_ScenesUpdate
                0x0000000000083a1d                eCLD_OnOffGetState
                0x0000000000083a4c                eCLD_LevelControlUpdate
                0x0000000000083cfe                eCLD_LevelControlStopTransition
                0x0000000000083d3b                eCLD_LevelControlSetOnOffState
                0x0000000000083e78                eCLD_LevelControlClusterIsPresent
 .text          0x0000000000083e90     0x1789 C:\DOCUME~1\g\LOCALS~1\Temp\cc4iEYpc.ltrans2.ltrans.o
                0x0000000000083e90                DBG_iUartGetChar
                0x0000000000083ee0                vMMAC_IntHandlerBbc
                0x0000000000083efa                eBasicTxCompleteHandler
                0x0000000000083eff                vTxRxTimeout.145554
                0x0000000000083f5c                eSmeAcScBeaconInd.137502
                0x0000000000083fb8                eSmeASFlBeaconInd.137337
                0x0000000000083fda                eSmeUDNTScanDcfm.136787
                0x0000000000083ff6                vPermitJoinHandleExpiry.132338
                0x0000000000083fff                vNwkMcpsTimerCallback
                0x0000000000084019                zps_eSceGenlIllegal
                0x0000000000084020                zps_eSmeGenlIllegal
                0x0000000000084092                zps_eNwkHandleSmePollDcfm
                0x00000000000840bc                eSmeGenlScanDcfm.137329
                0x000000000008411a                eRouteRequestDataDcfm.133510
                0x000000000008416e                eNldeDataDcfm.131345
                0x000000000008419e                eSmeEdScScanDcfm.137325
                0x00000000000841e7                eCLD_ColourControl_xyY2HSV.constprop.38
                0x0000000000084397                vMiniMac_ReturnTxBufferCallback
                0x00000000000843a9                vEnableReceive.145558
                0x00000000000843e3                pvHeap_Alloc
                0x00000000000843e6                vMicroIntRestoreState
                0x00000000000843f2                bAHI_WriteEEPROMfixSegmentData
                0x0000000000084450                bAHI_InitialiseEEPROM
                0x0000000000084498                vAHI_ReadDataFromEEPROMregister
                0x00000000000844c5                vAHI_WriteDataIntoEEPROMregister
                0x00000000000844f5                iPDM_WriteSegmentHeaderDataIntoEEPROMsegment
                0x0000000000084524                u8AHI_WakeTimerFiredStatus
                0x0000000000084538                vAHI_WakeTimerStop.part.3.148439
                0x0000000000084558                vAHI_UartReset.part.4.148193
                0x0000000000084590                vAHI_OptimiseWaitStates
                0x00000000000845dc                bAHI_GetClkSource
                0x00000000000845e9                vAHI_CpuDoze
                0x00000000000845fc                vAHI_SwReset
                0x000000000008462d                vUnclaimedInterrupt.3229
                0x000000000008462f                bIssueACIcommand
                0x00000000000846c5                vACI_CmdWaitBusy
                0x00000000000846d2                vEcbEncodeStripe.147691
                0x0000000000084729                psSearchForFrameToSend
                0x0000000000084780                eMiniMac_FrameInProgress
                0x00000000000847ab                vRemoveFromTxQueue
                0x00000000000847e7                vAddToTxQueue
                0x000000000008481d                u8GetHeaderSize
                0x0000000000084845                vMiniMac_PLME_SetReq_CcaMode
                0x0000000000084859                vMiniMac_MLME_SetReq_MaxCsmaBackoffs
                0x0000000000084879                vMiniMac_MLME_SetReq_MaxBe
                0x000000000008489c                vMiniMac_MLME_SetReq_MinBe
                0x00000000000848bf                zps_vSendJoinInd
                0x0000000000084931                zps_psFormatCmdFrameGeneral
                0x00000000000849be                zps_eNwkFormStInit
                0x00000000000849d3                vSendDcfm.138023
                0x00000000000849f9                bCheckMatchingEntry.137497
                0x0000000000084a1f                zps_psNwkSlistRemoveFromHead
                0x0000000000084a36                zps_psNwkSlistRemove
                0x0000000000084a6e                zps_bNwkMcpsMgrRemoveDescrFromLists
                0x0000000000084aac                zps_vNwkSlistAddToTail
                0x0000000000084ac6                zps_vNwkSecClearMatSet
                0x0000000000084af0                ZPS_bNwkSecHaveNetworkKey
                0x0000000000084b24                ZPS_bNwkSecFindMatSet
                0x0000000000084b60                zps_eNwkRctMatchNwkAddr
                0x0000000000084bca                ZPS_u8NwkCalcNldeReqOverhead
                0x0000000000084c05                zps_vRemoveNextHop
                0x0000000000084cba                zps_vRemoveRoute
                0x0000000000084d51                zps_psNwkRtMatchNwkAddr
                0x0000000000084dc7                zps_vNwkFreeMcpsHandle
                0x0000000000084df1                zps_psNwkMcpsMgrFindPendingByNwkDstAddr
                0x0000000000084e07                ZPS_u64NwkNibGetMappedIeeeAddr
                0x0000000000084e29                eLeaveDataDcfmRemoteLeave.142084
                0x0000000000084e72                ZPS_vNwkSecResetDevice
                0x0000000000084eb7                ZPS_bNwkNibNtActvMatch
                0x0000000000084f6f                bCheckNwkAddr
                0x0000000000084fbd                zps_vSendNwkStatusInd
                0x0000000000084fef                ZPS_vSetExtendedStatus
                0x0000000000085001                zps_eNwkRtMatch
                0x000000000008511a                zps_psApsApsAllocateDcfmRecord
                0x0000000000085188                zps_u8CalcLinkCost
                0x00000000000851c4                ZPS_u8NwkNibNtDiscMatch
                0x00000000000852a8                zps_u64NwkLibFromPayload
                0x0000000000085445                eSmeAcScBeaconInd.137345
                0x000000000008554d                eSmeUDNTBeaconInd.137321
                0x0000000000085570                zps_vNwkLibU64ToPayload
                0x000000000008559d                zps_vInitBeaconPayload
 *fill*         0x0000000000085619        0x3 00
 .text          0x000000000008561c     0x122c C:\DOCUME~1\g\LOCALS~1\Temp\cc4iEYpc.ltrans3.ltrans.o
                0x000000000008561c                os_vAPP_cbDisableTickTimer
                0x0000000000085660                os_vAPP_cbEnableTickTimer
                0x00000000000856e0                eCLD_BasicCommandHandler
                0x000000000008570c                vRetryCcaFailure
                0x0000000000085760                eOrphanNotificationSent.146326
                0x00000000000857a9                DBG_vUartInitHardware
                0x00000000000858e6                eZCL_SearchForClusterEntry
                0x0000000000085984                eZCL_FindCluster.constprop.62
                0x00000000000859d1                eCLD_GroupsSetIdentifying
                0x00000000000859f4                vCLD_IdentifyTimerClickCallback.15652
                0x0000000000085a7b                eCLD_OnOffSetGlobalSceneControl.constprop.22
                0x0000000000085aaf                eCLD_ColourControl_HSV2xyY.constprop.37
                0x0000000000085d8f                eCLD_ColourControl_GetRGB.constprop.43
                0x0000000000085e5c                eZCL_CustomCommandReceiveScenes.isra.0.part.1.22578.constprop.18
                0x0000000000085f50                vCLD_ScenesUpdateSceneValid
                0x0000000000085fcc                eCLD_OnOffSceneEventHandler.18716
                0x0000000000086003                eZCL_BuildTransmitAddressStructure
                0x0000000000086070                eCLD_ScenesCountScenes
                0x000000000008608a                ZPS_bSecDecrypt
                0x000000000008619c                boPDM_IsBitmapSaturated.122876
                0x00000000000861e5                eCLD_ScenesStoreScene
                0x00000000000862bd                DriverBulb_vOutput.8399
                0x00000000000863a4                vLI_UpdateDriver
                0x0000000000086405                vRGBLight_SetLevels
                0x0000000000086495                APP_vHandleIdentify
                0x00000000000864df                MAC_u64GetExtAddr
                0x00000000000864fa                ZPS_u64NwkNibFindExtAddr
                0x00000000000865a5                eCLD_ScenesSetLastConfiguredBy.isra.2.22594
                0x00000000000865dc                ZPS_u16NwkNibFindNwkAddr
                0x0000000000086682                iPDM_SearchForBufferIdInList
                0x00000000000866b7                iPDM_SearchForBufferIdInFileSystem
                0x00000000000866ca                iPDM_ReadUserDataFromSegmentWithId
                0x00000000000866ff                iPDM_SearchForSpecificSegmentInList
                0x0000000000086731                psGetTxFrameBuffer
                0x0000000000086770                psGetAndBuildCoordRealignment
                0x00000000000867c8                eBuildAndSend.146334
                0x000000000008683d                MAC_vPibSetRxOnWhenIdle.constprop.103
 .text          0x0000000000086848     0x1448 C:\DOCUME~1\g\LOCALS~1\Temp\cc4iEYpc.ltrans4.ltrans.o
                0x0000000000086934                vIncrementFrameCounterInPdm.isra.0.130557
                0x0000000000086b13                vProcessListsForSubmission.129267
                0x0000000000086dcd                zps_vNwkMcpsMgrPost
                0x0000000000086f03                zps_eNwkHandleSceRouteRequest
                0x0000000000087332                zps_eNwkHandleSceRouteReply
                0x0000000000087699                zps_vNwkHandleCmeLeaveReq
                0x0000000000087767                zps_eNwkHandleSceLeave
                0x0000000000087929                zps_eNwkHandleSdeActvDcfmData
                0x0000000000087ab3                vMcpsMgrTimeoutExpiry
                0x0000000000087b22                iPDM_VerifyDataSequenceWithBufferId
                0x0000000000087bc4                eCLD_GroupsRemoveAllGroups
                0x0000000000087c7e                vRemoveAllGroupsAndScenes
 .text          0x0000000000087c90      0xf66 C:\DOCUME~1\g\LOCALS~1\Temp\cc4iEYpc.ltrans5.ltrans.o
                0x0000000000087e3a                zps_bAplZdoIeeeAddrServer
                0x0000000000087f90                zps_bAplZdoNwkAddrServer
                0x00000000000881d6                eBeaconReqSent.146330
                0x00000000000881fd                vPDM_AddFileSystemElementToListInAscendingWearCountOrder
                0x000000000008830b                iPDM_WriteSegmentHeaderAndData
                0x0000000000088507                vTransformKey.isra.0.69307
                0x0000000000088537                PWRM_vManagePower
                0x0000000000088674                vMiniMac_McpsCallback
                0x00000000000888a0                eMcpsTxCompleteHandler.145183
                0x00000000000888ce                vFreePendingReqDescr
                0x0000000000088939                vHandleRouteDiscoveryExpiry.133070
                0x0000000000088997                zps_vSendJoinDcfm
                0x00000000000889de                vGiveUp.140649
                0x0000000000088a16                ZPS_bSecEncrypt
                0x0000000000088bcc                eCLD_ZllCommissionCommandNetworkJoinRouterRspCommandSend.constprop.27
 .text.unlikely
                0x0000000000088bf6       0xaa C:\DOCUME~1\g\LOCALS~1\Temp\cc4iEYpc.ltrans5.ltrans.o
                0x0000000000088bf6                eMakeEntryInBindingTable.67802
 *fill*         0x0000000000088ca0        0x0 00
 .text          0x0000000000088ca0     0x1360 C:\DOCUME~1\g\LOCALS~1\Temp\cc4iEYpc.ltrans6.ltrans.o
                0x0000000000088ca0                vMcpsMgrExpiry.129151
                0x0000000000088cff                zps_vNwkHandleCmeRouteDiscoveryReq
                0x0000000000088d85                vAckTimeOutHandler
                0x0000000000088e32                vMiniMac_MlmeCallback
                0x000000000008911f                vSendMlmeCommStatusFromTxFrame
                0x0000000000089175                MAC_vHandleMlmeVsReqRsp.constprop.104
                0x00000000000899a1                vScanBeaconReceived
                0x00000000000899e0                vPostDcfm.146345
                0x0000000000089a49                vScanNextChannel.146351
                0x0000000000089c53                vRunningRxCallback
                0x0000000000089fac                ZPS_vNwkResetOutgoingFrameCounter
 .text          0x000000000008a000     0x13ab C:\DOCUME~1\g\LOCALS~1\Temp\cc4iEYpc.ltrans7.ltrans.o
                0x000000000008a049                vSaveScenesNVM
                0x000000000008a0fc                zps_vAplSaveRecord
                0x000000000008a1a7                zps_eAplZdoGroupEndpointRemove
                0x000000000008a2c7                zps_bNwkFindAddIeeeAddr
                0x000000000008a445                zps_psFindKeyDescr
                0x000000000008a579                zps_eAplSecEncryptPacket
                0x000000000008a668                zps_eNwkHandleSceLinkStatus
                0x000000000008a79c                ZPS_bNwkNibAddrMapAddEntry
                0x000000000008a963                zps_vAgeRouter
                0x000000000008a9a1                zps_vLinkStatusHandleExpiry
                0x000000000008aa42                zps_sNwkNibNtCheckJoin
                0x000000000008aceb                zps_vNwkHandleCmeDirectJoinReq
                0x000000000008ad6a                zps_vJoinInitNtParent
                0x000000000008aec0                zps_vCheckActvNtForDuplicate
                0x000000000008af5d                eCheckAddrConflict.isra.4.128488
                0x000000000008aff3                vAplSecRemoveLinkKey.72914
                0x000000000008b070                ZPS_vNwkSaveAllRecords
                0x000000000008b087                zps_vSaveAllZpsRecords
                0x000000000008b0a6                ZPS_vNwkNibSetNwkAddr
                0x000000000008b0c4                zps_eNwkHandleSceRejnResponse
                0x000000000008b121                ZPS_vNwkNibSetExtPanId
                0x000000000008b145                vFinish.141086
                0x000000000008b19a                eSmeOrphScanDcfm.141096
                0x000000000008b212                ZPS_vNwkNibSetKeySeqNum
                0x000000000008b226                ZPS_vNwkNibSetDepth
                0x000000000008b24f                ZPS_vNwkNibSetUpdateId
                0x000000000008b25e                vSendNetworkUpdate.128255
                0x000000000008b38d                ZPS_vNwkNibSetPanId
 .text.unlikely
                0x000000000008b3ab       0x5f C:\DOCUME~1\g\LOCALS~1\Temp\cc4iEYpc.ltrans7.ltrans.o
                0x000000000008b3ab                vInitUnknownNeighbor.129163
 *fill*         0x000000000008b40a        0x2 00
 .text          0x000000000008b40c     0x131c C:\DOCUME~1\g\LOCALS~1\Temp\cc4iEYpc.ltrans8.ltrans.o
                0x000000000008b4bb                zps_eNwkHandleSmeOrphanInd
                0x000000000008b745                zps_eNwkHandleSceNwkStatus
                0x000000000008baa8                zps_eNwkHandleSmeAssocInd
                0x000000000008baca                zps_eNwkHandleSceRejnRequest
                0x000000000008bb4a                vStartScanTimerExpiry.97683
                0x000000000008bb86                zps_vAplApsPollTimer
                0x000000000008bd52                vPostNlmeDcfmInd.63758
                0x000000000008c466                zps_eProcessAddrConflict
                0x000000000008c613                vDiscoverNetworks.4366
                0x000000000008c6af                vTryNwkJoin.4372
 .text          0x000000000008c728     0x13b0 C:\DOCUME~1\g\LOCALS~1\Temp\cc4iEYpc.ltrans9.ltrans.o
                0x000000000008c899                vHandleZllDeviceJoin
                0x000000000008cbc5                vPostNldeDcfmInd.63779
                0x000000000008d6e3                eUnfragmentedUnicastTransmission.66349
                0x000000000008d992                zps_eAplApsmeUpdateDeviceReqRsp.part.4.67913
 .text          0x000000000008dad8     0x1443 C:\DOCUME~1\g\LOCALS~1\Temp\cc4iEYpc.ltrans10.ltrans.o
                0x000000000008dad8                DBG_vUartFlush
                0x000000000008db05                DBG_vUartPutch
                0x000000000008db4b                vRadioToOff
                0x000000000008db68                vStartReceive
                0x000000000008db85                vMiniMac_NextTransaction
                0x000000000008dbef                eTransmit
                0x000000000008dd09                vMiniMac_TxComplete
                0x000000000008df42                vTimerFired
                0x000000000008dffa                vMiniMac_Init
                0x000000000008e353                eCLD_ScenesSaveClusters.constprop.39
                0x000000000008e576                vDispatch.60524
                0x000000000008e648                OS_eStartSWTimer.constprop.126
                0x000000000008e767                OS_eStopSWTimer.constprop.30
                0x000000000008e8b8                OS_ePostMessage
                0x000000000008ea1e                os_vAPP_CommissionTimerTask
                0x000000000008ea34                OS_eExitCriticalSection
                0x000000000008eb19                OS_eActivateTask
                0x000000000008ebb4                vPostMlmeDcfmInd.79659
                0x000000000008ec57                u16ZCL_ReadTypeNBO
                0x000000000008ed0c                u16ZCL_APduInstanceReadNBO
                0x000000000008ed5d                u16ZCL_ReadCommandHeader.part.0.44793
                0x000000000008edd4                iPDM_ReadUserDataFromEEPROMsegment
                0x000000000008ee4e                iPDM_ReCalculateWearCountAndChecksumAndWriteFileSystemHeader
                0x000000000008ee98                vPDM_SetEEPROMandFileSystemValidState
                0x000000000008eebf                iPDM_ReadUserDataFromFileSystemRecord
                0x000000000008eedf                vPDM_WriteFileSystemRecordAndSegmentDataIntoEEPROMsegment
 .text          0x000000000008ef1b      0xfc2 C:\DOCUME~1\g\LOCALS~1\Temp\cc4iEYpc.ltrans11.ltrans.o
                0x000000000008ef1b                vPDM_MoveAllDataFromListToList
                0x000000000008ef59                vPDM_MoveAllDataWithBufferIdAndStateFromListToList
                0x000000000008efe4                vPDM_MoveAllDataToDeAllocList
                0x000000000008f00c                vPDM_MoveAllDataWithBufferIdFromListToList
                0x000000000008f091                vPDM_DeleteAllSegmentsWithIdFromFileSystemList.constprop.114
                0x000000000008f0d3                vPDM_MoveFileRecordFromListToList
                0x000000000008f0f6                vPDM_MoveRecordToDeAllocList
                0x000000000008f116                vPDM_DeleteAppendedSequence
                0x000000000008f1bb                iPDM_SegmentCopyAndAppendData.constprop.147
                0x000000000008f218                iPDM_ReconstructReplacedDataTable
                0x000000000008f497                PDM_eSaveRecordData
                0x000000000008f8cc                ZPS_vNwkSaveRecord
                0x000000000008f8f8                ZPS_vNwkNibSetCapabilityInfo
                0x000000000008f924                ZPS_vNwkNibSetChannel
                0x000000000008f93b                ZPS_vNwkSaveNt
                0x000000000008f94e                ZPS_vNwkPurgeMacAddressAndRelatedEntries
                0x000000000008fa54                ZPS_vNtSetUsedStatus
                0x000000000008fafb                zps_vBuildSortedActvNTList
                0x000000000008fbb9                zps_vCleanUnAuthenHandleExpiry
                0x000000000008fcba                eUnsolicitedRejoinRspDataDcfm.128263
                0x000000000008fce5                eRejoinRspDataDcfm.139883
                0x000000000008fdb4                zps_eNwkHandleSmeCommStatusInd
                0x000000000008fe68                ZPS_vNwkSaveSecMat
                0x000000000008fe7c                vPDM_ImageBitmapRepair.121899
 .text          0x000000000008fedd     0x123c C:\DOCUME~1\g\LOCALS~1\Temp\cc4iEYpc.ltrans12.ltrans.o
                0x0000000000090199                zps_bAplZdoMatchDescServer
                0x00000000000901ad                PDUM_eNPduAllocate
                0x000000000009021c                zps_u8AplApsConstructAndPostLoopBackDataInd.66366
                0x0000000000090355                u8PostUnicastMsgToNHLE.66374
                0x000000000009038e                PDUM_eNPduClone
                0x00000000000903da                PDUM_eNPduFree
                0x0000000000090447                vPostVsMcpsDcfmInd.79666
                0x0000000000090530                ZPS_vInterceptMcpsDataCallback
                0x0000000000090592                zps_vNwkMcpsMgrFreeReqDescr
                0x00000000000905c4                zps_psAllocateAndFormatMacHdr
                0x00000000000908ad                zps_psNwkInitCmdFrame
                0x000000000009092c                eSendLinkStatusDataDcfm.part.1.127216
                0x0000000000090a5e                zps_vNwkRemoveConflictedBroadcast
                0x0000000000090ab0                zps_vNwkMcpsMgrTidyBtrReqDescr
                0x0000000000090af4                vNwkBttTimerExpiry.135587
                0x0000000000090c11                MAC_vHandleMcpsVsReqRsp
                0x0000000000090f34                hZCL_AllocateAPduInstance
                0x0000000000090f70                eZCL_TransmitInterPanRequest.constprop.34
                0x0000000000090fdb                eSendScanResponse.6642.constprop.32
 .text          0x0000000000091119     0x1363 C:\DOCUME~1\g\LOCALS~1\Temp\cc4iEYpc.ltrans13.ltrans.o
                0x0000000000091119                DBG_vUartFailedAssert
                0x000000000009111d                zps_bAplZdoBindRequestServer
                0x0000000000091258                psGetVsMcpsBuf.79663
                0x0000000000091261                psGetMlmeBuf.79656
                0x00000000000912a8                psGetNlmeBuf.63755
                0x00000000000912b2                psGetNldeBuf.63776
                0x00000000000912bc                psGetApsmeBuf.63762
                0x00000000000912c5                psGetApsdeBuf.63769
                0x00000000000913de                vLoopbackTimerCallback
                0x000000000009140d                zps_eNwkDcfmIndPost
                0x0000000000091430                zps_psNwkDcfmIndGetBuf
                0x0000000000091452                DBG_vInit
                0x0000000000091494                vPDM_ReadBitmapHeader.122841
                0x00000000000914b3                psSLISTsearch
                0x00000000000914f3                psSLISTremove
                0x0000000000091571                vSLISTaddToTail
                0x0000000000091590                psSLISTgetNext
                0x00000000000915b4                u8PDM_CalculateFileSystemCapacity
                0x00000000000915d2                u8PDM_CalculateLargestDataRecordStored
                0x0000000000091603                bPDM_ImageBitmapRepairCheck
                0x000000000009162b                u8PDM_ReadSequenceNumber
                0x000000000009164e                boSegmentNumberDeleteSearchMatch.122411
                0x0000000000091669                u8PDM_ReadSegmentDataSize
                0x000000000009167d                u32PDM_ReadFileSystemHeaderWearCount
                0x0000000000091693                boSearchForWearCountSubstitute.122727
                0x00000000000916b9                boSearchForWearCountInsertPoint.121980
                0x00000000000916d7                vPDM_WriteFileSystemHeaderWearCount
                0x00000000000916e9                RND_u32GetRand256
                0x0000000000091706                RND_u32GetRand
                0x000000000009172d                u16CalculateFailedTxCount.97687
                0x0000000000091757                vZdoIeeeAddrServerSendExtendResponse.part.0.83484
                0x00000000000917b8                vZdoNwkAddrServerSendExtendResponse.part.0.82304
                0x0000000000091819                zps_bAplZdoServerHandleConfirmAcks
                0x0000000000091863                zps_bPerformLeaveActionDecider
                0x0000000000091868                vHandleUpdateDeviceIndication.72821
                0x0000000000091892                bDuplicateCheck.69188
                0x000000000009199f                eHandleRemoveNonBroadcastEndpointsFromGroup.67816
                0x0000000000091a17                eHandleAddEntryToGroupTable.67779
                0x0000000000091a73                zps_vAplApsFillAndPostApsAck
                0x0000000000091add                zps_u8AplApsFreeMsgHandle
                0x0000000000091b47                vFillDataIndStruct.63622
                0x0000000000091ba5                vFillApduErrorEvent.63615
                0x0000000000091be8                bCheckProfile.63610
                0x0000000000091c2f                ZPS_bIsGroupPresent
                0x0000000000091c67                pdum_u16ReadNBO
                0x0000000000091dc8                PDUM_u16SizeNBO
                0x0000000000091e26                PDUM_u16APduInstanceWriteStrNBO
                0x0000000000091fa5                PDUM_u16APduInstanceReadNBO
                0x0000000000091ff0                PDUM_u16APduInstanceWriteNBO
                0x000000000009205a                PDUM_thAPduInstanceGetApdu
                0x0000000000092075                PDUM_eAPduInstanceSetPayloadSize
                0x000000000009209d                PDUM_eNPduWriteDataFromBuffer
                0x00000000000920f7                PDUM_eNPduWriteDataToBuffer
                0x0000000000092155                PDUM_eNPduWriteFromBuffer
                0x000000000009217e                PDUM_eNPduDescend
                0x00000000000921a4                PDUM_eNPduAscend
                0x00000000000921ca                PDUM_eNPduClaimData
                0x0000000000092237                PDUM_eNPduAppendDataNBO
                0x0000000000092294                PDUM_eNPduClaimHeader
                0x00000000000922b7                PDUM_eNPduReadHeaderNBO
                0x000000000009230a                PDUM_eNPduPrependHeaderNBO
                0x0000000000092365                PDUM_eNPduInitDescending
                0x0000000000092380                zps_vInitAPSMECmdHdr
                0x00000000000923b7                OS_eCollectMessage
 .text.unlikely
                0x000000000009247c       0xd0 C:\DOCUME~1\g\LOCALS~1\Temp\cc4iEYpc.ltrans13.ltrans.o
                0x000000000009247c                bIsBindTableMatch.67756
                0x00000000000924cd                eRemoveEntryInBindingTable.67784
 .text          0x000000000009254c      0xfe2 C:\DOCUME~1\g\LOCALS~1\Temp\cc4iEYpc.ltrans14.ltrans.o
                0x000000000009254c                os_u32APP_cbGetTickTimer
                0x0000000000092555                os_bAPP_cbSetTickTimerCompare
                0x00000000000925b1                vZdoServersInit.2959
                0x000000000009264d                boIdValueSearchMatch.121984
                0x00000000000926a7                u16PDM_CalculateRecordChecksum
                0x000000000009274a                PWRM_vWakeInterruptCallback
                0x00000000000927d1                u16ZCL_APduInstanceWriteNBO
                0x0000000000092825                u16ZCL_WriteCommandHeader
                0x000000000009289d                u16ZCL_APduInstanceWriteStringNBO
                0x0000000000092964                u16ZCL_APduInstanceReadStringNBO
                0x0000000000092a39                eZCL_GetAttributeTypeSizeFromBuffer
                0x0000000000092ab0                iPDM_ReadSegmentHeaderDataFromEEPROMsegment
                0x0000000000092b09                eCLD_ScenesFindActiveScene
                0x0000000000092b3e                iPDM_FilterDuplicateAppendedSegmentsOnList.123237
                0x0000000000092b82                ZPS_bIsMacAddressUsedInApsTable
                0x0000000000092c38                eCLD_GroupsCheckGroupExists
                0x0000000000092ca5                ZPS_eTsvOpen
                0x0000000000092cbf                zps_vNwkBttMgrInit
                0x0000000000092ced                ZPS_vNwkNibClearTables
                0x0000000000092e0e                vMiniMac_MLME_SetReq_PanId
                0x0000000000092e4b                vMiniMac_MLME_SetReq_ShortAddr
                0x0000000000092e59                vZCL_InitializeClusterInstance.constprop.143
                0x0000000000092e6a                psDLISTsearchFromHead
                0x0000000000092e93                eCLD_ScenesAddScene
                0x0000000000092f73                eCLD_ScenesFindScene
                0x0000000000092fcf                pvZCL_HeapAlloc.part.0.52154.constprop.125
                0x0000000000093008                iAHI_WriteDataIntoEEPROMsegment.constprop.116
                0x0000000000093056                vMicroIntEnableOnly.constprop.110
                0x0000000000093082                vSetChannelAndPower
                0x0000000000093120                vMiniMac_PLME_SetReq_Power
                0x0000000000093134                vMiniMac_PLME_SetReq_Channel
                0x000000000009313c                TSV_eStart
                0x000000000009318c                bAHI_SetClockRate.part.0.147865.constprop.83
                0x0000000000093207                vAHI_TimerEnable.part.1.147974.constprop.74
                0x0000000000093266                vStartTimer.part.0.147962.constprop.70
                0x0000000000093290                vACI_OptimisedCcmStar.constprop.58
                0x000000000009347b                zps_eNwkRtDiscMatch.constprop.55
                0x00000000000934ce                bACI_ECBencodeBuffer.part.0.147655.constprop.53
 .text.unlikely
                0x000000000009352e       0x43 C:\DOCUME~1\g\LOCALS~1\Temp\cc4iEYpc.ltrans14.ltrans.o
                0x000000000009352e                vAHI_MemoryHold.147873
 .text          0x0000000000093571     0x1555 C:\DOCUME~1\g\LOCALS~1\Temp\cc4iEYpc.ltrans15.ltrans.o
                0x0000000000093571                APP_ZCL_cbEndpointCallback.5702
                0x0000000000093787                OS_eEnterCriticalSection
                0x000000000009384f                PDUM_hAPduAllocateAPduInstance
                0x00000000000938c3                zps_eAplZdoSendZdpResponse
                0x000000000009390c                bSendResponse.96498
                0x000000000009394f                PDUM_eAPduFreeAPduInstance
                0x00000000000939d2                zps_bAplZdoNodeDescServer
                0x0000000000093b3e                zps_bAplZdoSimpleDescServer
                0x0000000000093d9f                zps_bAplZdoPowerDescServer
                0x0000000000093ebc                zps_bAplZdoActiveEpServer
                0x0000000000093fa5                zps_bAplZdoSystemServerDiscoveryServer
                0x000000000009402e                zps_bAplZdoMgmtLqiServer
                0x000000000009425a                zps_bAplZdoMgmtRtgServer
                0x00000000000943a0                PDM_eReadDataFromRecord.part.0.121304
                0x0000000000094423                vLoadNwkRecord.130123
                0x0000000000094461                vLoadAplRecord.72848
                0x0000000000094495                ZPS_eTsvStart
                0x00000000000944f0                zps_eAplZdoBdrmRequestSend
                0x000000000009456b                zps_eNwkHandleSceNwkUpdate
                0x000000000009458f                vProcessTimedList.129179
                0x00000000000945d5                zps_vNwkMcpsMgrPostTimed
                0x00000000000945e8                vNwkMcpsSendTimedDfcm
                0x000000000009462c                zps_vAplAfPostTimerEvent
                0x00000000000946a8                zps_vExpireOldRoutes
                0x0000000000094731                zps_vNwkJoinStStartResponseTimer
                0x000000000009476b                ZPS_eTsvStop
                0x00000000000947bf                zps_vNwkHandleCmePermitJoinReq
                0x0000000000094827                zps_eNwkBtrMatch
                0x0000000000094924                zps_vAplApsStopPollTimer.part.2.66255
                0x00000000000949ab                eHandleRemoveBroadcastEndpointsFromGroup.67775
                0x0000000000094a05                eZCL_SetReceiveEventAddressStructure
                0x0000000000094a84                DBG_vDumpStack
 .text          0x0000000000094ac6     0x110b C:\DOCUME~1\g\LOCALS~1\Temp\cc4iEYpc.ltrans16.ltrans.o
                0x0000000000094b2e                zps_vNwkHandleCmeActvStartRouterReq
                0x0000000000094c69                vHandleNwkLocalUpdateAfterBcast.128268
                0x0000000000094cbd                vHandleNwkRemoteUpdateAfterBcast.128259
                0x0000000000094d10                eSmeAcScScanDcfm.138027
                0x0000000000094fde                ZPS_pvNwkCtor.constprop.101
                0x0000000000095561                ZPS_vNwkHandleNlmeReqRsp
                0x00000000000955de                zps_vAplAfPostEvent
                0x00000000000957cb                zps_eAplZdoLeaveNetwork.constprop.29
                0x00000000000957f6                zps_bAplZdoMgmtLeaveServer
                0x0000000000095976                zps_eAplZdoNlmePermitJoiningWrapper
                0x000000000009599e                zps_bAplZdoPermitJoiningServer
                0x0000000000095a38                vChangeChannelTimerExpiry.97679
                0x0000000000095a9b                eLeaveReset.142079
                0x0000000000095b06                eLeaveDataDcfmLocalLeave.142089
                0x0000000000095b80                zps_eAplZdoZllStartRouter
 *fill*         0x0000000000095bd1        0x3 00
 .text          0x0000000000095bd4      0xe7c C:\DOCUME~1\g\LOCALS~1\Temp\cc4iEYpc.ltrans17.ltrans.o
                0x0000000000095bd4                vBbcIntHandler.144981
                0x0000000000095e8c                os_vzps_isrMAC
                0x0000000000095ecb                eAssocRespSent.145891
                0x0000000000095eea                zps_vNwkHandleCmeSyncReq
                0x0000000000095f6c                zps_vNwkHandleCmeIdleNwkFormReq
                0x0000000000096014                zps_vNwkHandleCmeNwkDiscReq
                0x000000000009608e                zps_vNwkHandleCmeEdScanReq
                0x000000000009630b                zps_vNwkHandleCmeNwkJoinReq
                0x00000000000965c9                zps_vNwkHandleCmeNwkActvJoinReq
                0x00000000000967a1                vHandleRejoinExpiry.140645
                0x00000000000967ff                zps_eRejoinDataDcfm
                0x00000000000969c9                vSetKeys
 .text          0x0000000000096a50     0x1029 C:\DOCUME~1\g\LOCALS~1\Temp\cc4iEYpc.ltrans18.ltrans.o
                0x0000000000096a50                eCLD_ScenesCommandHandler
 *fill*         0x0000000000097a79        0x3 00
 .text          0x0000000000097a7c     0x10cc C:\DOCUME~1\g\LOCALS~1\Temp\cc4iEYpc.ltrans19.ltrans.o
                0x0000000000097ca3                zps_eZdpSimpleDescResponse
                0x0000000000097db0                zps_eZdpActiveEpResponse
                0x0000000000097e46                zps_eZdpMatchDescResponse
                0x0000000000097edc                zps_eZdpSystemServerDiscoveryResponse
                0x0000000000097f4b                zps_eAplZdpMgmtLqiResponse
                0x0000000000098033                zps_eAplZdpMgmtRtgResponse
                0x00000000000981ac                zps_eZdpNwkAddrResponse
                0x000000000009828f                zps_eZdpIeeeAddrResponse
                0x0000000000098372                zps_bAplZdoMgmtNWKUpdateServer
                0x00000000000986e2                eZCL_TransmitDataRequest
                0x0000000000098a49                eZCL_SendDefaultResponse
 .text          0x0000000000098b48     0x11cf C:\DOCUME~1\g\LOCALS~1\Temp\cc4iEYpc.ltrans20.ltrans.o
                0x00000000000997cb                os_vzps_taskZPS
                0x00000000000999f4                ZPS_vNwkNibCheckAndUpdateAddresses
                0x0000000000099a8b                zps_bAplZdoDeviceAnnceServer
 .text          0x0000000000099d17     0x1068 C:\DOCUME~1\g\LOCALS~1\Temp\cc4iEYpc.ltrans21.ltrans.o
                0x0000000000099d17                eZCL_CustomCommandReceive
                0x0000000000099e85                eCLD_ColourControlCommandHandler
                0x000000000009ad76                eCLD_OnOffCommandReceive
 *fill*         0x000000000009ad7f        0x1 00
 .text          0x000000000009ad80      0xfb0 C:\DOCUME~1\g\LOCALS~1\Temp\cc4iEYpc.ltrans22.ltrans.o
                0x000000000009ad80                vAplSecAuthPollTimerExpiry.72798
                0x000000000009add8                vAplSecAuthTimerExpiry.72802
                0x000000000009aea8                vHandleApsInterPanDcfmData
                0x000000000009b2d6                vPostApsdeDcfmInd.63772
                0x000000000009b4df                zps_vHandleApsdeDataFragIndNotSupported
                0x000000000009b548                vApsInterPanMcpsDataInd
                0x000000000009b6ef                eDiscoverNetworks.72868
                0x000000000009b74b                zps_eAplZdoDiscoverNetworks
                0x000000000009b774                eStartNetworkDiscovery.72875
                0x000000000009b801                eStartRouter.72885
                0x000000000009b8d0                vPostApsmeDcfmInd.63765
 .text          0x000000000009bd30      0xf50 C:\DOCUME~1\g\LOCALS~1\Temp\cc4iEYpc.ltrans23.ltrans.o
                0x000000000009bd30                os_vTick_Task
                0x000000000009c0d1                os_vZCL_Task
                0x000000000009c0f7                eZCL_CustomCommandSend.constprop.23
                0x000000000009c359                eCLD_IdentifyCommandHandler
                0x000000000009c7ad                eCLD_GroupsCommandHandler
 .text          0x000000000009cc80     0x104c C:\DOCUME~1\g\LOCALS~1\Temp\cc4iEYpc.ltrans24.ltrans.o
                0x000000000009cc80                vSendNetworkReport.128251
                0x000000000009cd5a                zps_psNwkInitiateRouteDiscovery
                0x000000000009d092                zps_psSendFrm
                0x000000000009d3ae                zps_psSendBroadcastFrm
                0x000000000009d444                ZPS_vNwkHandleNldeReqRsp
                0x000000000009d624                zps_eAplApsmeCmdMgrSendCommand
                0x000000000009d701                zps_vAplApsmeCmdMgrRetryTimeout.67748
                0x000000000009d72b                zps_eNwkHandleSceRouteRecord
                0x000000000009d7ff                zps_psNwkSendRejoinReqCmd.constprop.8
                0x000000000009d86f                zps_u8NwkHandleRejoinReq
                0x000000000009d938                vContinueRejoin.139879
                0x000000000009d9df                zps_psSendNetworkStatusCmd
                0x000000000009da4c                zps_vProcessLocalAddrConflict
                0x000000000009daf7                zps_eDefaultDataDcfm
 .text          0x000000000009dccc      0xdfc C:\DOCUME~1\g\LOCALS~1\Temp\cc4iEYpc.ltrans25.ltrans.o
                0x000000000009e15f                vZCL_EventHandler
 .text          0x000000000009eac8      0xe14 C:\DOCUME~1\g\LOCALS~1\Temp\cc4iEYpc.ltrans26.ltrans.o
                0x000000000009ef3e                eCLD_ZllCommissionCommandHandler
                0x000000000009f175                eCLD_LevelControlCommandHandler
                0x000000000009f50c                eCLD_OnOffCommandHandler
 .text          0x000000000009f8dc      0xf58 C:\DOCUME~1\g\LOCALS~1\Temp\cc4iEYpc.ltrans27.ltrans.o
                0x000000000009f955                zps_eAplZdpDeviceAnnceRequest.part.0.101519
                0x000000000009f99c                os_vAPP_Commission_Task
 .text          0x00000000000a0834      0xd47 C:\DOCUME~1\g\LOCALS~1\Temp\cc4iEYpc.ltrans28.ltrans.o
                0x00000000000a0834                ZPS_vAplHandleApsdeReqRsp
                0x00000000000a0c54                zps_eAplZdpApsdeReqInternal
                0x00000000000a0dcb                zps_bAplZdoZdoClient
                0x00000000000a123b                zps_bAplZdoDefaultServer
                0x00000000000a14f7                zps_eZdpMgmtLeaveResponse
                0x00000000000a1518                zps_eZdpMgmtPermitJoiningResponse
 .text          0x00000000000a157b     0x10c8 C:\DOCUME~1\g\LOCALS~1\Temp\cc4iEYpc.ltrans29.ltrans.o
                0x00000000000a157b                os_bDummyMemberCheck.60534
                0x00000000000a1580                os_vDefaultErrorHook.60530
                0x00000000000a1583                bCLD_ScenesSearchForScene.23204
                0x00000000000a15b6                eCLD_LevelControlSceneEventHandler.17271
                0x00000000000a15ff                vOverideProfileId.8144
                0x00000000000a163c                APP_ZCL_cbGeneralCallback.5705
                0x00000000000a163f                bCLD_ScenesSearchForScene.4296
                0x00000000000a1672                vfExtendedStatusCallBack
                0x00000000000a1675                os_bStrictCheck.1358
                0x00000000000a1908                bCLD_GroupsSearchForGroup.14587
                0x00000000000a192d                eExpireSWTimer.60543
                0x00000000000a1998                vEnterErrorHook.60526
                0x00000000000a19bf                vOSError.3231
                0x00000000000a19c2                eZCL_BuildClientTransmitAddressStructure
                0x00000000000a19f3                eZCL_GetAttributeTypeSize
                0x00000000000a1a12                vZCL_MarkAttributeInvalid
                0x00000000000a1ae1                eZCL_CheckEPstructureIntegrity.40546
                0x00000000000a1cc9                u8ZCL_GetAttributeAllignToFourBytesBoundary
                0x00000000000a1cde                pvZCL_GetAttributePointer
                0x00000000000a1d54                u16ZCL_WriteTypeNBO.part.0.41900
                0x00000000000a1dc9                u16ZCL_GetStringStructureSize
                0x00000000000a1e06                u16ZCL_GetStringAttributeTypeSizeFromBuffer
                0x00000000000a1e77                u16ZCL_GetStringSizeAndBufferFromStructure
                0x00000000000a1f06                bZCL_SendCommandResponse
                0x00000000000a1f22                vZCL_GetInternalMutex
                0x00000000000a1f4b                eZCL_GetMutex
                0x00000000000a1f83                u8ZCL_GetEPIdFromIndex
                0x00000000000a1fa5                vZCL_ReleaseInternalMutex
                0x00000000000a1fbf                eZCL_SearchForAttributeEntry
                0x00000000000a207f                vCLD_ScenesGenerateIndividualAttributeCallback
                0x00000000000a20d9                eZCL_SearchForEPentry
                0x00000000000a2134                eZCL_SearchForEPentryAndCheckManufacturerId
                0x00000000000a2172                vZCL_PassEventToUser
                0x00000000000a219f                eZCL_ReleaseMutex
                0x00000000000a21ce                eZCL_Register.part.1.40555
                0x00000000000a21fc                boDLISTisEmpty
                0x00000000000a2214                vDLISTaddToTail
                0x00000000000a2242                psDLISTremoveFromHead
                0x00000000000a226b                psDLISTremove
                0x00000000000a22c3                bCLD_ColourControl_NumberIsValid.39192
                0x00000000000a22e2                eCLD_ColourControl_xyY2XYZ.39196
                0x00000000000a2364                vCLD_ColourControl_XYZ2RGB.39183
                0x00000000000a2484                vWriteU64ToPayLoad.25537
                0x00000000000a24b1                vWriteU32ToPayLoad.25533
                0x00000000000a24c9                vBULB_SetColourTemperature
                0x00000000000a24d6                vLI_InitVar.6972
                0x00000000000a2507                InvShiftRows
                0x00000000000a259a                InvSubBytes
                0x00000000000a25e0                AddRoundKey
                0x00000000000a2621                getSBoxValue.5061
 .text          0x00000000000a2643      0x49d C:\DOCUME~1\g\LOCALS~1\Temp\cc4iEYpc.ltrans30.ltrans.o
                0x00000000000a2643                AppWarmStart
                0x00000000000a265d                AppColdStart
                0x00000000000a293a                os_vUnclaimedInterrupt
                0x00000000000a294c                os_vControlledIntCheck
                0x00000000000a2991                os_vControlledInterrupt
                0x00000000000a29ca                os_vAPP_isrIllegalInstruction
                0x00000000000a29d7                os_vAPP_isrAlignmentException
                0x00000000000a29e4                os_vAPP_isrBusErrorException
                0x00000000000a29e8                os_vAPP_isrUnimplementedModuleException
                0x00000000000a29ec                os_vAPP_isrStackOverflowException
                0x00000000000a29f0                os_vAPP_isrTickTimer
 *fill*         0x00000000000a2ae0        0x0 00
 .text          0x00000000000a2ae0      0x3a0 C:\DOCUME~1\g\LOCALS~1\Temp\cc4iEYpc.ltrans31.ltrans.o
                0x00000000000a2ae0                zps_eZdpNodeDescResponse
                0x00000000000a2b88                zps_eZdpPowerDescResponse
                0x00000000000a2c25                os_vAPP_ZPR_Light_Task
 .text          0x00000000000a2e80       0x25 c:/nxp/bstudio_nxp/sdk/tools/ba-elf-ba2-r36379/bin/../lib/gcc/ba-elf/4.7.4/../../../../ba-elf/lib/mcpu_jn51xx_sizeopt\libc.a(lib_a-memcmp.o)
                0x00000000000a2e80                memcmp
 .text          0x00000000000a2ea5       0x19 c:/nxp/bstudio_nxp/sdk/tools/ba-elf-ba2-r36379/bin/../lib/gcc/ba-elf/4.7.4/../../../../ba-elf/lib/mcpu_jn51xx_sizeopt\libc.a(lib_a-memcpy.o)
 .text          0x00000000000a2ebe       0x12 c:/nxp/bstudio_nxp/sdk/tools/ba-elf-ba2-r36379/bin/../lib/gcc/ba-elf/4.7.4/../../../../ba-elf/lib/mcpu_jn51xx_sizeopt\libc.a(lib_a-memset.o)
                0x00000000000a2ebe                memset
 .text          0x00000000000a2ed0       0x12 c:/nxp/bstudio_nxp/sdk/tools/ba-elf-ba2-r36379/bin/../lib/gcc/ba-elf/4.7.4/../../../../ba-elf/lib/mcpu_jn51xx_sizeopt\libc.a(lib_a-strlen.o)
                0x00000000000a2ed0                strlen
 .text          0x00000000000a2ee2       0x2b c:/nxp/bstudio_nxp/sdk/tools/ba-elf-ba2-r36379/bin/../lib/gcc/ba-elf/4.7.4/../../../../ba-elf/lib/mcpu_jn51xx_sizeopt\libc.a(lib_a-strncpy.o)
                0x00000000000a2ee2                strncpy
 *fill*         0x00000000000a2f0d        0x3 00
 .text          0x00000000000a2f10      0x204 c:/nxp/bstudio_nxp/sdk/tools/ba-elf-ba2-r36379/bin/../lib/gcc/ba-elf/4.7.4/mcpu_jn51xx_sizeopt\libgcc.a(__udivsi3.o)
                0x00000000000a2f10                __udivsi3
 .text          0x00000000000a3114       0x30 c:/nxp/bstudio_nxp/sdk/tools/ba-elf-ba2-r36379/bin/../lib/gcc/ba-elf/4.7.4/mcpu_jn51xx_sizeopt\libgcc.a(__divsi3.o)
                0x00000000000a3114                __divsi3
 .text          0x00000000000a3144      0x1b0 c:/nxp/bstudio_nxp/sdk/tools/ba-elf-ba2-r36379/bin/../lib/gcc/ba-elf/4.7.4/mcpu_jn51xx_sizeopt\libgcc.a(__umodsi3.o)
                0x00000000000a3144                __umodsi3
 .text          0x00000000000a32f4       0x24 c:/nxp/bstudio_nxp/sdk/tools/ba-elf-ba2-r36379/bin/../lib/gcc/ba-elf/4.7.4/mcpu_jn51xx_sizeopt\libgcc.a(__modsi3.o)
                0x00000000000a32f4                __modsi3
 .text          0x00000000000a3318       0x39 c:/nxp/bstudio_nxp/sdk/tools/ba-elf-ba2-r36379/bin/../lib/gcc/ba-elf/4.7.4/mcpu_jn51xx_sizeopt\libgcc.a(_fixunsdfsi.o)
                0x00000000000a3318                __fixunsdfsi
 .text          0x00000000000a3351      0x3bd c:/nxp/bstudio_nxp/sdk/tools/ba-elf-ba2-r36379/bin/../lib/gcc/ba-elf/4.7.4/mcpu_jn51xx_sizeopt\libgcc.a(_divdi3.o)
                0x00000000000a3351                __divdi3
 .text          0x00000000000a370e      0x350 c:/nxp/bstudio_nxp/sdk/tools/ba-elf-ba2-r36379/bin/../lib/gcc/ba-elf/4.7.4/mcpu_jn51xx_sizeopt\libgcc.a(_udivdi3.o)
                0x00000000000a370e                __udivdi3
 .text          0x00000000000a3a5e      0x384 c:/nxp/bstudio_nxp/sdk/tools/ba-elf-ba2-r36379/bin/../lib/gcc/ba-elf/4.7.4/mcpu_jn51xx_sizeopt\libgcc.a(addsf3.o)
                0x00000000000a3a5e                __addsf3
 *fill*         0x00000000000a3de2        0x2 00
 .text          0x00000000000a3de4      0x218 c:/nxp/bstudio_nxp/sdk/tools/ba-elf-ba2-r36379/bin/../lib/gcc/ba-elf/4.7.4/mcpu_jn51xx_sizeopt\libgcc.a(divsf3.o)
                0x00000000000a3de4                __divsf3
 .text          0x00000000000a3ffc       0x81 c:/nxp/bstudio_nxp/sdk/tools/ba-elf-ba2-r36379/bin/../lib/gcc/ba-elf/4.7.4/mcpu_jn51xx_sizeopt\libgcc.a(eqsf2.o)
                0x00000000000a3ffc                __eqsf2
                0x00000000000a3ffc                __nesf2
 .text          0x00000000000a407d       0xac c:/nxp/bstudio_nxp/sdk/tools/ba-elf-ba2-r36379/bin/../lib/gcc/ba-elf/4.7.4/mcpu_jn51xx_sizeopt\libgcc.a(gesf2.o)
                0x00000000000a407d                __gesf2
                0x00000000000a407d                __gtsf2
 .text          0x00000000000a4129       0xac c:/nxp/bstudio_nxp/sdk/tools/ba-elf-ba2-r36379/bin/../lib/gcc/ba-elf/4.7.4/mcpu_jn51xx_sizeopt\libgcc.a(lesf2.o)
                0x00000000000a4129                __ltsf2
                0x00000000000a4129                __lesf2
 *fill*         0x00000000000a41d5        0x3 00
 .text          0x00000000000a41d8      0x24c c:/nxp/bstudio_nxp/sdk/tools/ba-elf-ba2-r36379/bin/../lib/gcc/ba-elf/4.7.4/mcpu_jn51xx_sizeopt\libgcc.a(mulsf3.o)
                0x00000000000a41d8                __mulsf3
 .text          0x00000000000a4424      0x3a2 c:/nxp/bstudio_nxp/sdk/tools/ba-elf-ba2-r36379/bin/../lib/gcc/ba-elf/4.7.4/mcpu_jn51xx_sizeopt\libgcc.a(subsf3.o)
                0x00000000000a4424                __subsf3
 .text          0x00000000000a47c6       0x53 c:/nxp/bstudio_nxp/sdk/tools/ba-elf-ba2-r36379/bin/../lib/gcc/ba-elf/4.7.4/mcpu_jn51xx_sizeopt\libgcc.a(fixsfsi.o)
                0x00000000000a47c6                __fixsfsi
 .text          0x00000000000a4819       0xad c:/nxp/bstudio_nxp/sdk/tools/ba-elf-ba2-r36379/bin/../lib/gcc/ba-elf/4.7.4/mcpu_jn51xx_sizeopt\libgcc.a(floatunsisf.o)
                0x00000000000a4819                __floatunsisf
 .text          0x00000000000a48c6      0x682 c:/nxp/bstudio_nxp/sdk/tools/ba-elf-ba2-r36379/bin/../lib/gcc/ba-elf/4.7.4/mcpu_jn51xx_sizeopt\libgcc.a(adddf3.o)
                0x00000000000a48c6                __adddf3
 .text          0x00000000000a4f48      0x5c8 c:/nxp/bstudio_nxp/sdk/tools/ba-elf-ba2-r36379/bin/../lib/gcc/ba-elf/4.7.4/mcpu_jn51xx_sizeopt\libgcc.a(divdf3.o)
                0x00000000000a4f48                __divdf3
 .text          0x00000000000a5510       0xca c:/nxp/bstudio_nxp/sdk/tools/ba-elf-ba2-r36379/bin/../lib/gcc/ba-elf/4.7.4/mcpu_jn51xx_sizeopt\libgcc.a(gedf2.o)
                0x00000000000a5510                __gedf2
                0x00000000000a5510                __gtdf2
 *fill*         0x00000000000a55da        0x2 00
 .text          0x00000000000a55dc      0x488 c:/nxp/bstudio_nxp/sdk/tools/ba-elf-ba2-r36379/bin/../lib/gcc/ba-elf/4.7.4/mcpu_jn51xx_sizeopt\libgcc.a(muldf3.o)
                0x00000000000a55dc                __muldf3
 .text          0x00000000000a5a64      0x693 c:/nxp/bstudio_nxp/sdk/tools/ba-elf-ba2-r36379/bin/../lib/gcc/ba-elf/4.7.4/mcpu_jn51xx_sizeopt\libgcc.a(subdf3.o)
                0x00000000000a5a64                __subdf3
 .text          0x00000000000a60f7       0x64 c:/nxp/bstudio_nxp/sdk/tools/ba-elf-ba2-r36379/bin/../lib/gcc/ba-elf/4.7.4/mcpu_jn51xx_sizeopt\libgcc.a(fixdfsi.o)
                0x00000000000a60f7                __fixdfsi
 .text          0x00000000000a615b       0x8f c:/nxp/bstudio_nxp/sdk/tools/ba-elf-ba2-r36379/bin/../lib/gcc/ba-elf/4.7.4/mcpu_jn51xx_sizeopt\libgcc.a(extendsfdf2.o)
                0x00000000000a615b                __extendsfdf2
 .text          0x00000000000a61ea      0x13e c:/nxp/bstudio_nxp/sdk/tools/ba-elf-ba2-r36379/bin/../lib/gcc/ba-elf/4.7.4/mcpu_jn51xx_sizeopt\libgcc.a(truncdfsf2.o)
                0x00000000000a61ea                __truncdfsf2
 *fill*         0x00000000000a6328        0x0 00
 .text          0x00000000000a6328      0x138 c:/NXP/bstudio_nxp/workspace/Custom_ZLL_Lights/Light_ColorLight/Build/os_irq.o
                0x00000000000a6328                os_ExternalException_W
                0x00000000000a636c                os_PIC_ChannelPriorities
                0x00000000000a637c                os_OSMIUM_HwVectTable
                0x00000000000a63b8                os_PIC_SwVectTable
 .text          0x00000000000a6460       0x29 c:/NXP/bstudio_nxp/workspace/Custom_ZLL_Lights/Light_ColorLight/Build/os_irq_alignment.o
                0x00000000000a6460                IRQ_Alignment
 .text          0x00000000000a6489       0x29 c:/NXP/bstudio_nxp/workspace/Custom_ZLL_Lights/Light_ColorLight/Build/os_irq_buserror.o
                0x00000000000a6489                IRQ_BusError
 .text          0x00000000000a64b2       0x29 c:/NXP/bstudio_nxp/workspace/Custom_ZLL_Lights/Light_ColorLight/Build/os_irq_illegalinstruction.o
                0x00000000000a64b2                IRQ_IllegalInstruction
 .text          0x00000000000a64db       0x29 c:/NXP/bstudio_nxp/workspace/Custom_ZLL_Lights/Light_ColorLight/Build/os_irq_stackoverflowexception.o
                0x00000000000a64db                IRQ_StackOverflowException
 .text          0x00000000000a6504       0x29 c:/NXP/bstudio_nxp/workspace/Custom_ZLL_Lights/Light_ColorLight/Build/os_irq_unimplementedmodule.o
                0x00000000000a6504                IRQ_UnimplementedModule
 *fill*         0x00000000000a652d        0x3 00
 .text          0x00000000000a6530       0xc0 c:/NXP/bstudio_nxp/sdk/JN-SW-4168/Components/Library\libOS_JN516x.a(os_contirq_JN516x.o)
                0x00000000000a6530                os_ExternalException_R
                0x00000000000a6560                os_CFunc_W
                0x00000000000a65b0                os_UnclaimedException_W
                0x00000000000a65d0                os_UnclaimedInterrupt_W
 .text          0x00000000000a65f0       0x48 c:/NXP/bstudio_nxp/sdk/JN-SW-4168/Components/Library\libPWRM_JN516x.a(pwrm_setjmp_JN516x.o)
                0x00000000000a65f0                setjmp
                0x00000000000a6614                PWRM_longjmp
 .text          0x00000000000a6638       0x27 c:/NXP/bstudio_nxp/sdk/JN-SW-4168/Components/Library\libHardwareApi_JN516x.a(AHI_Interrupt.o)
                0x00000000000a6638                vAHI_InterruptSetPriority
                0x00000000000a6656                vAHI_InterruptSetActivePriorityLevel
 .text.vMicroSyscall
                0x00000000000a665f       0x17 c:/NXP/bstudio_nxp/sdk/JN-SW-4168/Components/Library\libMicroSpecific_JN516x.a(MicroSyscall_ba.o)
                0x00000000000a665f                vMicroSyscall
 .text          0x00000000000a6676        0x0 c:/NXP/bstudio_nxp/sdk/JN-SW-4168/Components/Library\libOS_JN516x.a(os_version_lc.o)
                0x00000000000a6676                OS_Version_1v2
 .text          0x00000000000a6676        0x0 c:/NXP/bstudio_nxp/sdk/JN-SW-4168/Components/Library\libZPSAPL_JN516x.a(zps_apl_version_lc.o)
                0x00000000000a6676                ZPS_APL_Version_2v0
 .text          0x00000000000a6676        0x0 c:/NXP/bstudio_nxp/sdk/JN-SW-4168/Components/Library\libZPSNWK_JN516x.a(zps_nwk_version_lc.o)
                0x00000000000a6676                ZPS_NWK_Version_2v0
 .text          0x00000000000a6676      0x12a c:/nxp/bstudio_nxp/sdk/tools/ba-elf-ba2-r36379/bin/../lib/gcc/ba-elf/4.7.4/../../../../ba-elf/lib/mcpu_jn51xx_sizeopt\libm.a(lib_a-s_floor.o)
                0x00000000000a6676                floor
                0x00000000000a67a0                _flash_end = ABSOLUTE (.)

.rela.dyn       0x00000000000a67a0        0x0
 .rela.text     0x0000000000000000        0x0 c:/NXP/bstudio_nxp/workspace/Custom_ZLL_Lights/Light_ColorLight/Build/os_irq.o
 .rela.data     0x0000000000000000        0x0 c:/NXP/bstudio_nxp/workspace/Custom_ZLL_Lights/Light_ColorLight/Build/os_irq.o
 .rela.rodata   0x0000000000000000        0x0 c:/NXP/bstudio_nxp/workspace/Custom_ZLL_Lights/Light_ColorLight/Build/os_irq.o
                0x000000000400004c                . = ORIGIN (ram)

.data           0x000000000400004c      0x8b8 load address 0x00000000000a67a0
                0x000000000400004c                _ram_data_start = ABSOLUTE (.)
 *(.data*)
 .data          0x000000000400004c       0xe8 C:\DOCUME~1\g\LOCALS~1\Temp\cc4iEYpc.ltrans0.ltrans.o
                0x000000000400004c                u8MiniMacConfig_MaxConcurrentAssocResponses
                0x0000000004000050                psShadowRxBuffer
 .data          0x0000000004000134      0x148 C:\DOCUME~1\g\LOCALS~1\Temp\cc4iEYpc.ltrans1.ltrans.o
 .data          0x000000000400027c        0x4 C:\DOCUME~1\g\LOCALS~1\Temp\cc4iEYpc.ltrans2.ltrans.o
                0x000000000400027c                u32HeapStart
 .data          0x0000000004000280        0x4 C:\DOCUME~1\g\LOCALS~1\Temp\cc4iEYpc.ltrans3.ltrans.o
 .data          0x0000000004000284        0x6 C:\DOCUME~1\g\LOCALS~1\Temp\cc4iEYpc.ltrans5.ltrans.o
 *fill*         0x000000000400028a        0x2 00
 .data          0x000000000400028c        0x4 C:\DOCUME~1\g\LOCALS~1\Temp\cc4iEYpc.ltrans12.ltrans.o
                0x000000000400028c                bCanLoopback.66595
 .data          0x0000000004000290        0x1 C:\DOCUME~1\g\LOCALS~1\Temp\cc4iEYpc.ltrans20.ltrans.o
 *fill*         0x0000000004000291        0x3 00
 .data          0x0000000004000294        0x8 C:\DOCUME~1\g\LOCALS~1\Temp\cc4iEYpc.ltrans23.ltrans.o
 *fill*         0x000000000400029c        0x4 00
 .data          0x00000000040002a0       0x38 C:\DOCUME~1\g\LOCALS~1\Temp\cc4iEYpc.ltrans27.ltrans.o
                0x00000000040002a0                sDeviceTable
 .data          0x00000000040002d8       0xa4 C:\DOCUME~1\g\LOCALS~1\Temp\cc4iEYpc.ltrans29.ltrans.o
                0x00000000040002d8                s_asapduZCLInstances
                0x0000000004000350                s_asapduZDPInstances
 *fill*         0x000000000400037c        0x4 00
 .data          0x0000000004000380      0x568 C:\DOCUME~1\g\LOCALS~1\Temp\cc4iEYpc.ltrans30.ltrans.o
                0x0000000004000380                s_keyPairTableStorage.3051
                0x00000000040003e0                os_Mutex_mutexMAC
                0x00000000040003e8                os_Mutex_mutexZPS
                0x00000000040003f0                s_sApl.3006
                0x0000000004000540                os_Message_APP_msgZpsEvents_ZCL
                0x0000000004000564                os_SWTimer_APP_cntrTickTimer_APP_CommissionTimer
                0x0000000004000580                os_SWTimer_APP_cntrTickTimer_APP_TickTimer
                0x000000000400059c                os_Message_APP_msgZpsEvents
                0x00000000040005c0                os_Message_APP_msgEvents
                0x00000000040005e4                os_Message_APP_CommissionEvents
                0x0000000004000608                os_Message_zps_msgMlmeDcfmInd
                0x000000000400062c                os_Message_zps_msgTimeEvents
                0x0000000004000650                os_Message_zps_msgMcpsDcfmInd
                0x0000000004000674                os_Message_zps_msgMcpsDcfm
                0x0000000004000698                os_Task_ZCL_Task
                0x00000000040006a4                os_Task_APP_CommissionTimerTask
                0x00000000040006b0                os_Task_Tick_Task
                0x00000000040006bc                os_Task_APP_ZPR_Light_Task
                0x00000000040006c8                os_Task_APP_Commission_Task
                0x00000000040006d4                os_Task_zps_taskZPS
                0x00000000040006e0                u8AhiBaudRate.123423
                0x00000000040006e4                sLI_Vars.6999
                0x0000000004000724                s_prbMemberCheck.60650
                0x0000000004000728                s_prvErrorHook.60648
                0x000000000400072c                g_u8ZpsExpiryMaxCount
 .data          0x00000000040008e8        0x4 C:\DOCUME~1\g\LOCALS~1\Temp\cc4iEYpc.ltrans31.ltrans.o
                0x00000000040008e8                sZllState
 .data.s_asAPduPool
                0x00000000040008ec       0x18 c:/NXP/bstudio_nxp/workspace/Custom_ZLL_Lights/Light_ColorLight/Build/pdum_apdu.o
                0x00000000040008ec                pdum_apduZDP
                0x00000000040008ec                s_asAPduPool
                0x00000000040008f8                pdum_apduZCL
 *(.data.*)
                0x0000000004000904                . = ALIGN (0x4)
                0x0000000004000904                _ram_data_end = ABSOLUTE (.)

.bss            0x0000000004000904     0x3e24 load address 0x00000000000a7058
                0x0000000004000904                _bss_start = ABSOLUTE (.)
 *(.bss*)
 *fill*         0x0000000004000904        0x4 00
 .bss           0x0000000004000908     0x1128 C:\DOCUME~1\g\LOCALS~1\Temp\cc4iEYpc.ltrans0.ltrans.o
                0x0000000004000908                psNextWake.60721
                0x000000000400090c                s_bWakeTimerActive.60722
                0x000000000400090d                s_ePowerMode.60723
                0x000000000400090e                gu16NumberOfSegments.148799
                0x0000000004000910                u8MaxNpdu.60931
                0x0000000004000911                u8Count.60930
                0x0000000004000914                s_psNPduPoolEnd.60933
                0x0000000004000918                s_psNPduPoolStart.60932
                0x000000000400091c                s_psFreeListHead.60929
                0x0000000004000920                s_hMutex.60928
                0x0000000004000924                s_hMutex.61048
                0x0000000004000928                s_asAPduPool.61047
                0x000000000400092c                pfExtendedStatusCallBack.127778
                0x0000000004000930                sScenesCustomData.4315
                0x0000000004000a74                psAplDefaultZLLAPSLinkKey