Archive member included because of file (symbol)

c:/NXP/bstudio_nxp/sdk/JN-SW-4168/Components/Library\libOS_JN516x.a(os.o)
                              c:/NXP/bstudio_nxp/workspace/Custom_ZLL_Lights/Light_ColorLight/Build/os_gen.o (symbol from plugin) (os_vStart)
c:/NXP/bstudio_nxp/sdk/JN-SW-4168/Components/Library\libOS_JN516x.a(os_contirq_JN516x.o)
                              c:/NXP/bstudio_nxp/workspace/Custom_ZLL_Lights/Light_ColorLight/Build/os_irq.o (os_UnclaimedException_W)
c:/NXP/bstudio_nxp/sdk/JN-SW-4168/Components/Library\libPWRM_JN516x.a(pwrm.o)
                              c:/NXP/bstudio_nxp/workspace/Custom_ZLL_Lights/Light_ColorLight/Build/app_start_light.o (symbol from plugin) (PWRM_vInit)
c:/NXP/bstudio_nxp/sdk/JN-SW-4168/Components/Library\libPWRM_JN516x.a(pwrm_setjmp_JN516x.o)
                              pwrm.o (symbol from plugin) (setjmp)
c:/NXP/bstudio_nxp/sdk/JN-SW-4168/Components/Library\libPWRM_JN516x.a(pwrm_cold_start.o)
                              (AppColdStart)
c:/NXP/bstudio_nxp/sdk/JN-SW-4168/Components/Library\libPWRM_JN516x.a(pwrm_warm_start.o)
                              (AppWarmStart)
c:/NXP/bstudio_nxp/sdk/JN-SW-4168/Components/Library\libPDUM_JN516x.a(pdum_nwk.o)
                              c:/NXP/bstudio_nxp/workspace/Custom_ZLL_Lights/Light_ColorLight/Build/pdum_gen.o (symbol from plugin) (pdum_vNPduInit)
c:/NXP/bstudio_nxp/sdk/JN-SW-4168/Components/Library\libPDUM_JN516x.a(pdum_apl.o)
                              c:/NXP/bstudio_nxp/workspace/Custom_ZLL_Lights/Light_ColorLight/Build/zll_CommissionCmdHandler.o (symbol from plugin) (PDUM_u16APduInstanceReadNBO)
c:/NXP/bstudio_nxp/sdk/JN-SW-4168/Components/Library\libPDUM_JN516x.a(pdum.o)
                              pdum_nwk.o (symbol from plugin) (PDUM_u16SizeNBO)
c:/NXP/bstudio_nxp/sdk/JN-SW-4168/Components/Library\libZPSAPL_JN516x.a(zps_apl_af.o)
                              c:/NXP/bstudio_nxp/workspace/Custom_ZLL_Lights/Light_ColorLight/Build/zpr_light_node.o (symbol from plugin) (ZPS_eAplAfInit)
c:/NXP/bstudio_nxp/sdk/JN-SW-4168/Components/Library\libZPSAPL_JN516x.a(zps_apl_af_apsde.o)
                              c:/NXP/bstudio_nxp/workspace/Custom_ZLL_Lights/Light_ColorLight/Build/zps_gen.o (symbol from plugin) (zps_vHandleApsdeDataFragIndNotSupported)
c:/NXP/bstudio_nxp/sdk/JN-SW-4168/Components/Library\libZPSAPL_JN516x.a(zps_apl_task.o)
                              zps_apl_af_apsde.o (symbol from plugin) (zps_vAplAfPostEvent)
c:/NXP/bstudio_nxp/sdk/JN-SW-4168/Components/Library\libZPSAPL_JN516x.a(zps_apl_apsde.o)
                              zps_apl_task.o (symbol from plugin) (ZPS_vAplRegisterApsdeDcfmIndCallbacks)
c:/NXP/bstudio_nxp/sdk/JN-SW-4168/Components/Library\libZPSAPL_JN516x.a(zps_apl_apsme.o)
                              zps_apl_task.o (symbol from plugin) (ZPS_vAplRegisterApsmeDcfmIndCallbacks)
c:/NXP/bstudio_nxp/sdk/JN-SW-4168/Components/Library\libZPSAPL_JN516x.a(zps_apl_aps_nlde.o)
                              zps_apl_task.o (symbol from plugin) (zps_vAplApsHandleNldeDcfmInd)
c:/NXP/bstudio_nxp/sdk/JN-SW-4168/Components/Library\libZPSAPL_JN516x.a(zps_apl_sec.o)
                              zps_apl_task.o (symbol from plugin) (zps_psFindKeyDescr)
c:/NXP/bstudio_nxp/sdk/JN-SW-4168/Components/Library\libZPSAPL_JN516x.a(zps_apl_aib.o)
                              c:/NXP/bstudio_nxp/workspace/Custom_ZLL_Lights/Light_ColorLight/Build/Groups.o (symbol from plugin) (zps_psAplAibGetAib)
c:/NXP/bstudio_nxp/sdk/JN-SW-4168/Components/Library\libZPSAPL_JN516x.a(zps_apl_zdo_nwkmanager.o)
                              zps_apl_apsme.o (symbol from plugin) (zps_vAplSaveRecord)
c:/NXP/bstudio_nxp/sdk/JN-SW-4168/Components/Library\libZPSAPL_JN516x.a(zps_apl_zdo_handle_zdp_event.o)
                              zps_apl_task.o (symbol from plugin) (zps_bAplZdoHandleZdpEvent)
c:/NXP/bstudio_nxp/sdk/JN-SW-4168/Components/Library\libZPSAPL_JN516x.a(zps_apl_zdo_trust_center.o)
                              zps_apl_sec.o (symbol from plugin) (zps_eAplTrustCenterFindDevice)
c:/NXP/bstudio_nxp/sdk/JN-SW-4168/Components/Library\libZPSAPL_JN516x.a(zps_apl_zdo_common.o)
                              zps_apl_zdo_nwkmanager.o (symbol from plugin) (zps_eAplZdoNlmeleaveWrapper)
c:/NXP/bstudio_nxp/sdk/JN-SW-4168/Components/Library\libZPSAPL_JN516x.a(zps_apl_zdo_group.o)
                              c:/NXP/bstudio_nxp/workspace/Custom_ZLL_Lights/Light_ColorLight/Build/GroupsTableManager.o (symbol from plugin) (zps_eAplZdoGroupEndpointAdd)
c:/NXP/bstudio_nxp/sdk/JN-SW-4168/Components/Library\libZPSAPL_JN516x.a(zps_apl_zdo_default_server.o)
                              c:/NXP/bstudio_nxp/workspace/Custom_ZLL_Lights/Light_ColorLight/Build/zps_gen.o (symbol from plugin) (zps_vAplZdoDefaultServerInit)
c:/NXP/bstudio_nxp/sdk/JN-SW-4168/Components/Library\libZPSAPL_JN516x.a(zps_apl_mac_isr.o)
[...]
Memory Configuration

Name             Origin             Length             Attributes
flash            0x0000000000080000 0x0000000000080000
ram              0x000000000400004c 0x0000000000007fb4
*default*        0x0000000000000000 0xffffffffffffffff

Linker script and memory map

                0x0000000000001388                __stack_size = 0x1388
                0x00000000000007d0                __minimum_heap_size = 0x7d0
START GROUP
LOAD c:/NXP/bstudio_nxp/workspace/Custom_ZLL_Lights/Light_ColorLight/Build/os_gen.o
LOAD C:\DOCUME~1\g\LOCALS~1\Temp\cclMP2jv.ltrans0.ltrans.o
LOAD C:\DOCUME~1\g\LOCALS~1\Temp\cclMP2jv.ltrans1.ltrans.o
LOAD C:\DOCUME~1\g\LOCALS~1\Temp\cclMP2jv.ltrans2.ltrans.o
LOAD C:\DOCUME~1\g\LOCALS~1\Temp\cclMP2jv.ltrans3.ltrans.o
LOAD C:\DOCUME~1\g\LOCALS~1\Temp\cclMP2jv.ltrans4.ltrans.o
LOAD C:\DOCUME~1\g\LOCALS~1\Temp\cclMP2jv.ltrans5.ltrans.o
LOAD C:\DOCUME~1\g\LOCALS~1\Temp\cclMP2jv.ltrans6.ltrans.o
LOAD C:\DOCUME~1\g\LOCALS~1\Temp\cclMP2jv.ltrans7.ltrans.o
LOAD C:\DOCUME~1\g\LOCALS~1\Temp\cclMP2jv.ltrans8.ltrans.o
LOAD C:\DOCUME~1\g\LOCALS~1\Temp\cclMP2jv.ltrans9.ltrans.o
LOAD C:\DOCUME~1\g\LOCALS~1\Temp\cclMP2jv.ltrans10.ltrans.o
LOAD C:\DOCUME~1\g\LOCALS~1\Temp\cclMP2jv.ltrans11.ltrans.o
LOAD C:\DOCUME~1\g\LOCALS~1\Temp\cclMP2jv.ltrans12.ltrans.o
LOAD C:\DOCUME~1\g\LOCALS~1\Temp\cclMP2jv.ltrans13.ltrans.o
LOAD C:\DOCUME~1\g\LOCALS~1\Temp\cclMP2jv.ltrans14.ltrans.o
LOAD C:\DOCUME~1\g\LOCALS~1\Temp\cclMP2jv.ltrans15.ltrans.o
LOAD C:\DOCUME~1\g\LOCALS~1\Temp\cclMP2jv.ltrans16.ltrans.o
LOAD C:\DOCUME~1\g\LOCALS~1\Temp\cclMP2jv.ltrans17.ltrans.o
LOAD C:\DOCUME~1\g\LOCALS~1\Temp\cclMP2jv.ltrans18.ltrans.o
LOAD C:\DOCUME~1\g\LOCALS~1\Temp\cclMP2jv.ltrans19.ltrans.o
LOAD C:\DOCUME~1\g\LOCALS~1\Temp\cclMP2jv.ltrans20.ltrans.o
LOAD C:\DOCUME~1\g\LOCALS~1\Temp\cclMP2jv.ltrans21.ltrans.o
LOAD C:\DOCUME~1\g\LOCALS~1\Temp\cclMP2jv.ltrans22.ltrans.o
LOAD C:\DOCUME~1\g\LOCALS~1\Temp\cclMP2jv.ltrans23.ltrans.o
LOAD C:\DOCUME~1\g\LOCALS~1\Temp\cclMP2jv.ltrans24.ltrans.o
LOAD C:\DOCUME~1\g\LOCALS~1\Temp\cclMP2jv.ltrans25.ltrans.o
LOAD C:\DOCUME~1\g\LOCALS~1\Temp\cclMP2jv.ltrans26.ltrans.o
LOAD C:\DOCUME~1\g\LOCALS~1\Temp\cclMP2jv.ltrans27.ltrans.o
LOAD C:\DOCUME~1\g\LOCALS~1\Temp\cclMP2jv.ltrans28.ltrans.o
LOAD C:\DOCUME~1\g\LOCALS~1\Temp\cclMP2jv.ltrans29.ltrans.o
LOAD C:\DOCUME~1\g\LOCALS~1\Temp\cclMP2jv.ltrans30.ltrans.o
LOAD C:\DOCUME~1\g\LOCALS~1\Temp\cclMP2jv.ltrans31.ltrans.o
LOAD c:/nxp/bstudio_nxp/sdk/tools/ba-elf-ba2-r36379/bin/../lib/gcc/ba-elf/4.7.4/../../../../ba-elf/lib/mcpu_jn51xx_sizeopt\libc.a
LOAD c:/nxp/bstudio_nxp/sdk/tools/ba-elf-ba2-r36379/bin/../lib/gcc/ba-elf/4.7.4/mcpu_jn51xx_sizeopt\libgcc.a
LOAD c:/nxp/bstudio_nxp/sdk/tools/ba-elf-ba2-r36379/bin/../lib/gcc/ba-elf/4.7.4/../../../../ba-elf/lib/mcpu_jn51xx_sizeopt\libc.a
LOAD c:/NXP/bstudio_nxp/workspace/Custom_ZLL_Lights/Light_ColorLight/Build/os_irq.o
LOAD c:/NXP/bstudio_nxp/workspace/Custom_ZLL_Lights/Light_ColorLight/Build/os_irq_alignment.o
LOAD c:/NXP/bstudio_nxp/workspace/Custom_ZLL_Lights/Light_ColorLight/Build/os_irq_buserror.o
LOAD c:/NXP/bstudio_nxp/workspace/Custom_ZLL_Lights/Light_ColorLight/Build/os_irq_illegalinstruction.o
LOAD c:/NXP/bstudio_nxp/workspace/Custom_ZLL_Lights/Light_ColorLight/Build/os_irq_stackoverflowexception.o
LOAD c:/NXP/bstudio_nxp/workspace/Custom_ZLL_Lights/Light_ColorLight/Build/os_irq_unimplementedmodule.o
LOAD c:/NXP/bstudio_nxp/workspace/Custom_ZLL_Lights/Light_ColorLight/Build/pdum_gen.o
LOAD c:/NXP/bstudio_nxp/workspace/Custom_ZLL_Lights/Light_ColorLight/Build/pdum_apdu.o
LOAD c:/NXP/bstudio_nxp/workspace/Custom_ZLL_Lights/Light_ColorLight/Build/zps_gen.o
LOAD c:/NXP/bstudio_nxp/workspace/Custom_ZLL_Lights/Light_ColorLight/Build/app_timer_driver.o
LOAD c:/NXP/bstudio_nxp/workspace/Custom_ZLL_Lights/Light_ColorLight/Build/app_start_light.o
LOAD c:/NXP/bstudio_nxp/workspace/Custom_ZLL_Lights/Light_ColorLight/Build/app_scenes.o
LOAD c:/NXP/bstudio_nxp/workspace/Custom_ZLL_Lights/Light_ColorLight/Build/zpr_light_node.o
LOAD c:/NXP/bstudio_nxp/workspace/Custom_ZLL_Lights/Light_ColorLight/Build/ecb_decrypt.o
LOAD c:/NXP/bstudio_nxp/workspace/Custom_ZLL_Lights/Light_ColorLight/Build/app_zcl_light_task.o
LOAD c:/NXP/bstudio_nxp/workspace/Custom_ZLL_Lights/Light_ColorLight/Build/app_light_commission_task.o
LOAD c:/NXP/bstudio_nxp/workspace/Custom_ZLL_Lights/Light_ColorLight/Build/app_light_interpolation.o
LOAD c:/NXP/bstudio_nxp/workspace/Custom_ZLL_Lights/Light_ColorLight/Build/appZpsBeaconHandler.o
LOAD c:/NXP/bstudio_nxp/workspace/Custom_ZLL_Lights/Light_ColorLight/Build/App_Light_ColorLight.o
LOAD c:/NXP/bstudio_nxp/workspace/Custom_ZLL_Lights/Light_ColorLight/Build/DriverBulb_JN516X_RGB.o
LOAD c:/NXP/bstudio_nxp/workspace/Custom_ZLL_Lights/Light_ColorLight/Build/DriverBulb_Shim.o
LOAD c:/NXP/bstudio_nxp/workspace/Custom_ZLL_Lights/Light_ColorLight/Build/Alarms.o
LOAD c:/NXP/bstudio_nxp/workspace/Custom_ZLL_Lights/Light_ColorLight/Build/AlarmsClientCommands.o
LOAD c:/NXP/bstudio_nxp/workspace/Custom_ZLL_Lights/Light_ColorLight/Build/AlarmsCommandHandler.o
LOAD c:/NXP/bstudio_nxp/workspace/Custom_ZLL_Lights/Light_ColorLight/Build/AlarmsServerCommands.o
LOAD c:/NXP/bstudio_nxp/workspace/Custom_ZLL_Lights/Light_ColorLight/Build/AlarmsTableManager.o
LOAD c:/NXP/bstudio_nxp/workspace/Custom_ZLL_Lights/Light_ColorLight/Build/AnalogInputBasic.o
LOAD c:/NXP/bstudio_nxp/workspace/Custom_ZLL_Lights/Light_ColorLight/Build/AnalogOutputBasic.o
LOAD c:/NXP/bstudio_nxp/workspace/Custom_ZLL_Lights/Light_ColorLight/Build/Basic.o
LOAD c:/NXP/bstudio_nxp/workspace/Custom_ZLL_Lights/Light_ColorLight/Build/BasicClientCommands.o
LOAD c:/NXP/bstudio_nxp/workspace/Custom_ZLL_Lights/Light_ColorLight/Build/BasicCommandHandler.o
LOAD c:/NXP/bstudio_nxp/workspace/Custom_ZLL_Lights/Light_ColorLight/Build/BinaryInputBasic.o
LOAD c:/NXP/bstudio_nxp/workspace/Custom_ZLL_Lights/Light_ColorLight/Build/BinaryOutputBasic.o
LOAD c:/NXP/bstudio_nxp/workspace/Custom_ZLL_Lights/Light_ColorLight/Build/Commissioning.o
LOAD c:/NXP/bstudio_nxp/workspace/Custom_ZLL_Lights/Light_ColorLight/Build/DeviceTemperatureConfiguration.o
LOAD c:/NXP/bstudio_nxp/workspace/Custom_ZLL_Lights/Light_ColorLight/Build/Diagnostics.o
LOAD c:/NXP/bstudio_nxp/workspace/Custom_ZLL_Lights/Light_ColorLight/Build/DoorLock.o
LOAD c:/NXP/bstudio_nxp/workspace/Custom_ZLL_Lights/Light_ColorLight/Build/DoorLockCommandHandler.o
LOAD c:/NXP/bstudio_nxp/workspace/Custom_ZLL_Lights/Light_ColorLight/Build/DoorLockCommands.o
LOAD c:/NXP/bstudio_nxp/workspace/Custom_ZLL_Lights/Light_ColorLight/Build/ElectricalMeasurement.o
LOAD c:/NXP/bstudio_nxp/workspace/Custom_ZLL_Lights/Light_ColorLight/Build/Groups.o
LOAD c:/NXP/bstudio_nxp/workspace/Custom_ZLL_Lights/Light_ColorLight/Build/GroupsClientCommands.o
LOAD c:/NXP/bstudio_nxp/workspace/Custom_ZLL_Lights/Light_ColorLight/Build/GroupsCommandHandler.o
LOAD c:/NXP/bstudio_nxp/workspace/Custom_ZLL_Lights/Light_ColorLight/Build/GroupsServerCommands.o
LOAD c:/NXP/bstudio_nxp/workspace/Custom_ZLL_Lights/Light_ColorLight/Build/GroupsTableManager.o
LOAD c:/NXP/bstudio_nxp/workspace/Custom_ZLL_Lights/Light_ColorLight/Build/Identify.o
LOAD c:/NXP/bstudio_nxp/workspace/Custom_ZLL_Lights/Light_ColorLight/Build/IdentifyClientCommands.o
LOAD c:/NXP/bstudio_nxp/workspace/Custom_ZLL_Lights/Light_ColorLight/Build/IdentifyCommandHandler.o
LOAD c:/NXP/bstudio_nxp/workspace/Custom_ZLL_Lights/Light_ColorLight/Build/IdentifyServerCommands.o
LOAD c:/NXP/bstudio_nxp/workspace/Custom_ZLL_Lights/Light_ColorLight/Build/LevelControl.o
LOAD c:/NXP/bstudio_nxp/workspace/Custom_ZLL_Lights/Light_ColorLight/Build/LevelControlClientCommands.o
LOAD c:/NXP/bstudio_nxp/workspace/Custom_ZLL_Lights/Light_ColorLight/Build/LevelControlCommandHandler.o
LOAD c:/NXP/bstudio_nxp/workspace/Custom_ZLL_Lights/Light_ColorLight/Build/MultistateInputBasic.o
LOAD c:/NXP/bstudio_nxp/workspace/Custom_ZLL_Lights/Light_ColorLight/Build/MultistateOutputBasic.o
LOAD c:/NXP/bstudio_nxp/workspace/Custom_ZLL_Lights/Light_ColorLight/Build/OOSC.o
LOAD c:/NXP/bstudio_nxp/workspace/Custom_ZLL_Lights/Light_ColorLight/Build/OnOff.o
LOAD c:/NXP/bstudio_nxp/workspace/Custom_ZLL_Lights/Light_ColorLight/Build/OnOffCommandHandler.o
LOAD c:/NXP/bstudio_nxp/workspace/Custom_ZLL_Lights/Light_ColorLight/Build/OnOffCommands.o
LOAD c:/NXP/bstudio_nxp/workspace/Custom_ZLL_Lights/Light_ColorLight/Build/PollControl.o
LOAD c:/NXP/bstudio_nxp/workspace/Custom_ZLL_Lights/Light_ColorLight/Build/PollControlClientCommands.o
LOAD c:/NXP/bstudio_nxp/workspace/Custom_ZLL_Lights/Light_ColorLight/Build/PollControlCommandHandler.o
LOAD c:/NXP/bstudio_nxp/workspace/Custom_ZLL_Lights/Light_ColorLight/Build/PollControlServerCommands.o
LOAD c:/NXP/bstudio_nxp/workspace/Custom_ZLL_Lights/Light_ColorLight/Build/PowerConfiguration.o
LOAD c:/NXP/bstudio_nxp/workspace/Custom_ZLL_Lights/Light_ColorLight/Build/Scenes.o
LOAD c:/NXP/bstudio_nxp/workspace/Custom_ZLL_Lights/Light_ColorLight/Build/ScenesClientCommands.o
LOAD c:/NXP/bstudio_nxp/workspace/Custom_ZLL_Lights/Light_ColorLight/Build/ScenesClusterManagement.o
LOAD c:/NXP/bstudio_nxp/workspace/Custom_ZLL_Lights/Light_ColorLight/Build/ScenesCommandHandler.o
LOAD c:/NXP/bstudio_nxp/workspace/Custom_ZLL_Lights/Light_ColorLight/Build/ScenesServerCommands.o
LOAD c:/NXP/bstudio_nxp/workspace/Custom_ZLL_Lights/Light_ColorLight/Build/ScenesTableManager.o
LOAD c:/NXP/bstudio_nxp/workspace/Custom_ZLL_Lights/Light_ColorLight/Build/TC.o
LOAD c:/NXP/bstudio_nxp/workspace/Custom_ZLL_Lights/Light_ColorLight/Build/Time.o
LOAD c:/NXP/bstudio_nxp/workspace/Custom_ZLL_Lights/Light_ColorLight/Build/zll_CommissionCmdHandler.o
LOAD c:/NXP/bstudio_nxp/workspace/Custom_ZLL_Lights/Light_ColorLight/Build/zll_UtilityCmdHandler.o
LOAD c:/NXP/bstudio_nxp/workspace/Custom_ZLL_Lights/Light_ColorLight/Build/zll_commission.o
LOAD c:/NXP/bstudio_nxp/workspace/Custom_ZLL_Lights/Light_ColorLight/Build/zll_utility.o
LOAD c:/NXP/bstudio_nxp/workspace/Custom_ZLL_Lights/Light_ColorLight/Build/colour_light.o
LOAD c:/NXP/bstudio_nxp/workspace/Custom_ZLL_Lights/Light_ColorLight/Build/colour_remote.o
LOAD c:/NXP/bstudio_nxp/workspace/Custom_ZLL_Lights/Light_ColorLight/Build/colour_scene_remote.o
LOAD c:/NXP/bstudio_nxp/workspace/Custom_ZLL_Lights/Light_ColorLight/Build/colour_temperature_light.o
LOAD c:/NXP/bstudio_nxp/workspace/Custom_ZLL_Lights/Light_ColorLight/Build/commission_endpoint.o
LOAD c:/NXP/bstudio_nxp/workspace/Custom_ZLL_Lights/Light_ColorLight/Build/control_bridge.o
LOAD c:/NXP/bstudio_nxp/workspace/Custom_ZLL_Lights/Light_ColorLight/Build/dimmable_light.o
LOAD c:/NXP/bstudio_nxp/workspace/Custom_ZLL_Lights/Light_ColorLight/Build/dimmable_plug.o
LOAD c:/NXP/bstudio_nxp/workspace/Custom_ZLL_Lights/Light_ColorLight/Build/extended_colour_light.o
LOAD c:/NXP/bstudio_nxp/workspace/Custom_ZLL_Lights/Light_ColorLight/Build/non_colour_remote.o
LOAD c:/NXP/bstudio_nxp/workspace/Custom_ZLL_Lights/Light_ColorLight/Build/non_colour_scene_remote.o
LOAD c:/NXP/bstudio_nxp/workspace/Custom_ZLL_Lights/Light_ColorLight/Build/on_off_light.o
LOAD c:/NXP/bstudio_nxp/workspace/Custom_ZLL_Lights/Light_ColorLight/Build/on_off_plug.o
LOAD c:/NXP/bstudio_nxp/workspace/Custom_ZLL_Lights/Light_ColorLight/Build/on_off_sensor.o
LOAD c:/NXP/bstudio_nxp/workspace/Custom_ZLL_Lights/Light_ColorLight/Build/zll.o
LOAD c:/NXP/bstudio_nxp/workspace/Custom_ZLL_Lights/Light_ColorLight/Build/BallastConfiguration.o
LOAD c:/NXP/bstudio_nxp/workspace/Custom_ZLL_Lights/Light_ColorLight/Build/ColourControl.o
LOAD c:/NXP/bstudio_nxp/workspace/Custom_ZLL_Lights/Light_ColorLight/Build/ColourControlClientCommands.o
LOAD c:/NXP/bstudio_nxp/workspace/Custom_ZLL_Lights/Light_ColorLight/Build/ColourControlCommandHandler.o
LOAD c:/NXP/bstudio_nxp/workspace/Custom_ZLL_Lights/Light_ColorLight/Build/ColourControlConversions.o
LOAD c:/NXP/bstudio_nxp/workspace/Custom_ZLL_Lights/Light_ColorLight/Build/dlist.o
LOAD c:/NXP/bstudio_nxp/workspace/Custom_ZLL_Lights/Light_ColorLight/Build/zcl.o
LOAD c:/NXP/bstudio_nxp/workspace/Custom_ZLL_Lights/Light_ColorLight/Build/zcl_CustomCommandReceive.o
LOAD c:/NXP/bstudio_nxp/workspace/Custom_ZLL_Lights/Light_ColorLight/Build/zcl_CustomCommandSend.o
LOAD c:/NXP/bstudio_nxp/workspace/Custom_ZLL_Lights/Light_ColorLight/Build/zcl_PDUbufferReadWrite.o
LOAD c:/NXP/bstudio_nxp/workspace/Custom_ZLL_Lights/Light_ColorLight/Build/zcl_PDUbufferReadWriteString.o
LOAD c:/NXP/bstudio_nxp/workspace/Custom_ZLL_Lights/Light_ColorLight/Build/zcl_WriteAttributesRequestHandle.o
LOAD c:/NXP/bstudio_nxp/workspace/Custom_ZLL_Lights/Light_ColorLight/Build/zcl_WriteAttributesRequestSend.o
LOAD c:/NXP/bstudio_nxp/workspace/Custom_ZLL_Lights/Light_ColorLight/Build/zcl_WriteAttributesResponseHandle.o
LOAD c:/NXP/bstudio_nxp/workspace/Custom_ZLL_Lights/Light_ColorLight/Build/zcl_attribute.o
LOAD c:/NXP/bstudio_nxp/workspace/Custom_ZLL_Lights/Light_ColorLight/Build/zcl_buffer.o
LOAD c:/NXP/bstudio_nxp/workspace/Custom_ZLL_Lights/Light_ColorLight/Build/zcl_clusterCommand.o
LOAD c:/NXP/bstudio_nxp/workspace/Custom_ZLL_Lights/Light_ColorLight/Build/zcl_command.o
LOAD c:/NXP/bstudio_nxp/workspace/Custom_ZLL_Lights/Light_ColorLight/Build/zcl_configureReportingCommandHandle.o
LOAD c:/NXP/bstudio_nxp/workspace/Custom_ZLL_Lights/Light_ColorLight/Build/zcl_configureReportingCommandSend.o
LOAD c:/NXP/bstudio_nxp/workspace/Custom_ZLL_Lights/Light_ColorLight/Build/zcl_configureReportingResponseHandle.o
LOAD c:/NXP/bstudio_nxp/workspace/Custom_ZLL_Lights/Light_ColorLight/Build/zcl_defaultResponse.o
LOAD c:/NXP/bstudio_nxp/workspace/Custom_ZLL_Lights/Light_ColorLight/Build/zcl_discoverAttributesExtendedRequestHandle.o
LOAD c:/NXP/bstudio_nxp/workspace/Custom_ZLL_Lights/Light_ColorLight/Build/zcl_discoverAttributesExtendedRequestSend.o
LOAD c:/NXP/bstudio_nxp/workspace/Custom_ZLL_Lights/Light_ColorLight/Build/zcl_discoverAttributesExtendedResponseHandle.o
LOAD c:/NXP/bstudio_nxp/workspace/Custom_ZLL_Lights/Light_ColorLight/Build/zcl_discoverAttributesRequestHandle.o
LOAD c:/NXP/bstudio_nxp/workspace/Custom_ZLL_Lights/Light_ColorLight/Build/zcl_discoverAttributesRequestSend.o
LOAD c:/NXP/bstudio_nxp/workspace/Custom_ZLL_Lights/Light_ColorLight/Build/zcl_discoverAttributesResponseHandle.o
LOAD c:/NXP/bstudio_nxp/workspace/Custom_ZLL_Lights/Light_ColorLight/Build/zcl_discoverCommandsRequestHandle.o
LOAD c:/NXP/bstudio_nxp/workspace/Custom_ZLL_Lights/Light_ColorLight/Build/zcl_discoverCommandsRequestSend.o
LOAD c:/NXP/bstudio_nxp/workspace/Custom_ZLL_Lights/Light_ColorLight/Build/zcl_discoverCommandsResponseHandle.o
LOAD c:/NXP/bstudio_nxp/workspace/Custom_ZLL_Lights/Light_ColorLight/Build/zcl_event.o
LOAD c:/NXP/bstudio_nxp/workspace/Custom_ZLL_Lights/Light_ColorLight/Build/zcl_heap.o
LOAD c:/NXP/bstudio_nxp/workspace/Custom_ZLL_Lights/Light_ColorLight/Build/zcl_library_options.o
LOAD c:/NXP/bstudio_nxp/workspace/Custom_ZLL_Lights/Light_ColorLight/Build/zcl_readAttributesRequestHandle.o
LOAD c:/NXP/bstudio_nxp/workspace/Custom_ZLL_Lights/Light_ColorLight/Build/zcl_readAttributesRequestSend.o
LOAD c:/NXP/bstudio_nxp/workspace/Custom_ZLL_Lights/Light_ColorLight/Build/zcl_readAttributesResponseHandle.o
LOAD c:/NXP/bstudio_nxp/workspace/Custom_ZLL_Lights/Light_ColorLight/Build/zcl_readReportingConfigurationCommandHandle.o
LOAD c:/NXP/bstudio_nxp/workspace/Custom_ZLL_Lights/Light_ColorLight/Build/zcl_readReportingConfigurationCommandSend.o
LOAD c:/NXP/bstudio_nxp/workspace/Custom_ZLL_Lights/Light_ColorLight/Build/zcl_readReportingConfigurationResponseHandle.o
LOAD c:/NXP/bstudio_nxp/workspace/Custom_ZLL_Lights/Light_ColorLight/Build/zcl_reportManager.o
LOAD c:/NXP/bstudio_nxp/workspace/Custom_ZLL_Lights/Light_ColorLight/Build/zcl_reportMaths.o
LOAD c:/NXP/bstudio_nxp/workspace/Custom_ZLL_Lights/Light_ColorLight/Build/zcl_reportScheduler.o
LOAD c:/NXP/bstudio_nxp/workspace/Custom_ZLL_Lights/Light_ColorLight/Build/zcl_reportStringHandling.o
LOAD c:/NXP/bstudio_nxp/workspace/Custom_ZLL_Lights/Light_ColorLight/Build/zcl_reportStructure.o
LOAD c:/NXP/bstudio_nxp/workspace/Custom_ZLL_Lights/Light_ColorLight/Build/zcl_search.o
LOAD c:/NXP/bstudio_nxp/workspace/Custom_ZLL_Lights/Light_ColorLight/Build/zcl_timer.o
LOAD c:/NXP/bstudio_nxp/workspace/Custom_ZLL_Lights/Light_ColorLight/Build/zcl_transmit.o
LOAD c:/NXP/bstudio_nxp/sdk/JN-SW-4168/Components/Library\libZPSMAC_Mini_JN516x.a
LOAD c:/NXP/bstudio_nxp/sdk/JN-SW-4168/Components/Library\libOS_JN516x.a
LOAD c:/NXP/bstudio_nxp/sdk/JN-SW-4168/Components/Library\libPWRM_JN516x.a
LOAD c:/NXP/bstudio_nxp/sdk/JN-SW-4168/Components/Library\libZPSTSV_JN516x.a
LOAD c:/NXP/bstudio_nxp/sdk/JN-SW-4168/Components/Library\libAES_SW_JN516x.a
LOAD c:/NXP/bstudio_nxp/sdk/JN-SW-4168/Components/Library\libPDUM_JN516x.a
LOAD c:/NXP/bstudio_nxp/sdk/JN-SW-4168/Components/Library\libZPSAPL_JN516x.a
LOAD c:/NXP/bstudio_nxp/sdk/JN-SW-4168/Components/Library\libRandom_JN516x.a
LOAD c:/NXP/bstudio_nxp/sdk/JN-SW-4168/Components/Library\libPDM_EEPROM_JN516x.a
LOAD c:/NXP/bstudio_nxp/sdk/JN-SW-4168/Components/Library\libDBG_JN516x.a
LOAD c:/NXP/bstudio_nxp/sdk/JN-SW-4168/Components/Library\libZPSZLL_JN516x.a
LOAD c:/NXP/bstudio_nxp/sdk/JN-SW-4168/Components/Library\libZPSNWK_JN516x.a
LOAD c:/NXP/bstudio_nxp/sdk/JN-SW-4168/Components/Library\libRecal_JN516x.a
LOAD c:/NXP/bstudio_nxp/sdk/JN-SW-4168/Components/Library\libMiniMac_JN5169.a
LOAD c:/NXP/bstudio_nxp/sdk/JN-SW-4168/Components/Library\libMiniMacShim_JN516x.a
LOAD c:/NXP/bstudio_nxp/sdk/JN-SW-4168/Components/Library\libMMAC_JN5169.a
LOAD c:/NXP/bstudio_nxp/sdk/JN-SW-4168/Components/Library\libJPT_JN5169.a
LOAD c:/NXP/bstudio_nxp/sdk/JN-SW-4168/Components/Library\libAes_JN516x.a
LOAD c:/NXP/bstudio_nxp/sdk/JN-SW-4168/Components/Library\libHardwareApi_JN5169.a
LOAD c:/NXP/bstudio_nxp/sdk/JN-SW-4168/Components/Library\libMicroSpecific_JN516x.a
LOAD c:/NXP/bstudio_nxp/sdk/JN-SW-4168/Components/Library\libBoot_JN516x.a
LOAD c:/nxp/bstudio_nxp/sdk/tools/ba-elf-ba2-r36379/bin/../lib/gcc/ba-elf/4.7.4/../../../../ba-elf/lib/mcpu_jn51xx_sizeopt\libm.a
END GROUP
LOAD c:/nxp/bstudio_nxp/sdk/tools/ba-elf-ba2-r36379/bin/../lib/gcc/ba-elf/4.7.4/../../../../ba-elf/lib/mcpu_jn51xx_sizeopt\libc.a
LOAD c:/nxp/bstudio_nxp/sdk/tools/ba-elf-ba2-r36379/bin/../lib/gcc/ba-elf/4.7.4/mcpu_jn51xx_sizeopt\libgcc.a
LOAD c:/nxp/bstudio_nxp/sdk/tools/ba-elf-ba2-r36379/bin/../lib/gcc/ba-elf/4.7.4/../../../../ba-elf/lib/mcpu_jn51xx_sizeopt\libc.a
                0x0000000000080038                exception_vsr_table = 0x80038
                0x0000000004000000                pSPIflashFncTable = 0x4000000
                0x0000000000000044                restore_state = 0x44
                0x000000000000004a                bZSPIWaitWIPClear = 0x4a
                0x0000000000000050                u16ZSPIflashRDID = 0x50
                0x0000000000000056                u8SelectFlashChipType = 0x56
                0x000000000000005c                memcpy = 0x5c
                0x0000000000000066                vBootFlashProg = 0x66
                [0x00000000000007d0]                __minimum_heap_size = DEFINED (__minimum_heap_size)?__minimum_heap_size:0xd16
                [0x0000000000001388]                __stack_size = DEFINED (__stack_size)?__stack_size:0x800
                0x0000000000000000                _SwConfig = (DEFINED (g_bSWConf_Debug) | (DEFINED (g_bSWConf_AltDebugPort) << 0x1))

.version        0x000000000007fffc        0x4
                0x000000000007fffc        0x4 LONG 0xf03000b

.bir            0x0000000000080000       0x10
                0x0000000000080000                _flash_start = ABSOLUTE (.)
                0x0000000000080000                _flash_beg = ABSOLUTE (.)
                0x0000000000080000        0x4 LONG 0x12345678
                0x0000000000080004        0x4 LONG 0x11223344
                0x0000000000080008        0x4 LONG 0x55667788
                0x000000000008000c        0x1 BYTE 0x8
                0x000000000008000d        0x1 BYTE 0x1
                0x000000000008000e        0x2 SHORT 0x0

.flashheader    0x0000000000080010       0x28
                0x0000000000080010        0x4 LONG 0x0
                0x0000000000080014        0x4 LONG 0x0
                0x0000000000080018        0x4 LONG 0x0
                0x000000000008001c        0x2 SHORT 0x0
                0x000000000008001e        0x2 SHORT 0x0 ABSOLUTE (_SwConfig)
                0x0000000000080020                _enc_start = ABSOLUTE (.)
                0x0000000000080020        0x4 LONG 0x27224 ABSOLUTE (_image_len)
                0x0000000000080024        0x4 LONG 0xa6970 ABSOLUTE (_flash_data_start)
                0x0000000000080028        0x2 SHORT 0x13 ((ABSOLUTE (_ram_data_start) / 0x4) & 0xffff)
                0x000000000008002a        0x2 SHORT 0x22d ((ABSOLUTE (_ram_data_len) / 0x4) & 0xffff)
                0x000000000008002c        0x2 SHORT 0x240 ((ABSOLUTE (_bss_start) / 0x4) & 0xffff)
                0x000000000008002e        0x2 SHORT 0xf8c ((ABSOLUTE (_bss_len) / 0x4) & 0xffff)
                0x0000000000080030        0x4 LONG 0xa2bb6 ABSOLUTE (AppWarmStart)
                0x0000000000080034        0x4 LONG 0xa2bd0 ABSOLUTE (AppColdStart)
                0x0000000000000000                _enc_offset = (_enc_start & 0xf)

.ro_mac_address
                0x0000000000080040        0x0
                0x0000000000080040                _FlsMACAddress = ABSOLUTE (.)
 *(.ro_mac_address)
                0x0000000000080040                . = ALIGN (0x10)

.ro_ota_header  0x0000000000080040        0x0
                0x0000000000080040                _FlsOtaHeader = ABSOLUTE (.)
 *(.ro_ota_header)
                0x0000000000080040                . = ALIGN (0x10)

.ro_se_lnkKey   0x0000000000080040        0x0
                0x0000000000080040                _FlsLinkKey = ABSOLUTE (.)
 *(.ro_se_lnkKey)
                0x0000000000080040                . = ALIGN (0x10)

.rodata         0x0000000000080038      0xdbc
 *(.rodata*)
 .rodata.str1.1
                0x0000000000080038       0x19 C:\DOCUME~1\g\LOCALS~1\Temp\cclMP2jv.ltrans0.ltrans.o
 *fill*         0x0000000000080051        0x3 00
 .rodata        0x0000000000080054      0x164 C:\DOCUME~1\g\LOCALS~1\Temp\cclMP2jv.ltrans0.ltrans.o
                0x0000000000080054                gMAC_u8MaxBuffers
                0x0000000000080058                g_u32ApsFcSaveCountBitShift
                0x000000000008005c                u8MaxZpsConfigEp
                0x000000000008005d                au8EpMapPresent
                0x0000000000080060                s_groupPdmTable
 .rodata        0x00000000000801b8       0x30 C:\DOCUME~1\g\LOCALS~1\Temp\cclMP2jv.ltrans1.ltrans.o
 .rodata.str1.1
                0x0000000000000000       0x19 C:\DOCUME~1\g\LOCALS~1\Temp\cclMP2jv.ltrans1.ltrans.o
                                          0x8 (size before relaxing)
 .rodata        0x00000000000801e8       0xa4 C:\DOCUME~1\g\LOCALS~1\Temp\cclMP2jv.ltrans2.ltrans.o
                0x00000000000801e8                au8FlashWaitStatesHSRCO.148037
                0x00000000000801f0                au8FlashWaitStates32MXO.148036
 .rodata        0x000000000008028c        0x8 C:\DOCUME~1\g\LOCALS~1\Temp\cclMP2jv.ltrans3.ltrans.o
 .rodata.str1.1
                0x0000000000080294       0x21 C:\DOCUME~1\g\LOCALS~1\Temp\cclMP2jv.ltrans4.ltrans.o
                                         0x39 (size before relaxing)
 .rodata.str1.1
                0x00000000000802b5        0xa C:\DOCUME~1\g\LOCALS~1\Temp\cclMP2jv.ltrans5.ltrans.o
                                         0x19 (size before relaxing)
 .rodata.str1.1
                0x00000000000802bf        0x7 C:\DOCUME~1\g\LOCALS~1\Temp\cclMP2jv.ltrans7.ltrans.o
                                          0xc (size before relaxing)
 *fill*         0x00000000000802c6        0x2 00
 .rodata        0x00000000000802c8       0x10 C:\DOCUME~1\g\LOCALS~1\Temp\cclMP2jv.ltrans8.ltrans.o
 .rodata        0x00000000000802d8      0x1fc C:\DOCUME~1\g\LOCALS~1\Temp\cclMP2jv.ltrans9.ltrans.o
                0x00000000000802d8                s_apsStSceTbl.129426
                0x00000000000802ec                s_aprIdleStHandleCme.139407
                0x0000000000080300                s_aprActvStHandleCme.135539
                0x0000000000080358                zps_sJoinSceTbl
                0x0000000000080364                zps_sActvSceTbl
 .rodata.str1.1
                0x00000000000804d4        0x6 C:\DOCUME~1\g\LOCALS~1\Temp\cclMP2jv.ltrans10.ltrans.o
 .rodata.str1.1
                0x0000000000000000        0x3 C:\DOCUME~1\g\LOCALS~1\Temp\cclMP2jv.ltrans11.ltrans.o
 .rodata.str1.1
                0x00000000000804da        0x5 C:\DOCUME~1\g\LOCALS~1\Temp\cclMP2jv.ltrans12.ltrans.o
                                         0x17 (size before relaxing)
 .rodata.str1.1
                0x00000000000804df        0x4 C:\DOCUME~1\g\LOCALS~1\Temp\cclMP2jv.ltrans13.ltrans.o
                                          0x8 (size before relaxing)
 .rodata.str1.1
                0x0000000000000000        0x4 C:\DOCUME~1\g\LOCALS~1\Temp\cclMP2jv.ltrans14.ltrans.o
                                          0x6 (size before relaxing)
 *fill*         0x00000000000804e3        0x1 00
 .rodata        0x00000000000804e4       0x4c C:\DOCUME~1\g\LOCALS~1\Temp\cclMP2jv.ltrans14.ltrans.o
                0x00000000000804e4                g_u32NwkFcSaveCountBitShift
 .rodata.str1.1
                0x0000000000000000        0x4 C:\DOCUME~1\g\LOCALS~1\Temp\cclMP2jv.ltrans15.ltrans.o
                                          0xf (size before relaxing)
 .rodata        0x0000000000080530        0x6 C:\DOCUME~1\g\LOCALS~1\Temp\cclMP2jv.ltrans15.ltrans.o
 *fill*         0x0000000000080536        0x2 00
 .rodata        0x0000000000080538       0x18 C:\DOCUME~1\g\LOCALS~1\Temp\cclMP2jv.ltrans16.ltrans.o
                0x0000000000080538                au32NwkPdmRecordOffsets
 .rodata.str1.1
                0x0000000000080550       0x26 C:\DOCUME~1\g\LOCALS~1\Temp\cclMP2jv.ltrans18.ltrans.o
                                         0x40 (size before relaxing)
 .rodata.str1.1
                0x0000000000000000       0x26 C:\DOCUME~1\g\LOCALS~1\Temp\cclMP2jv.ltrans20.ltrans.o
                                          0x4 (size before relaxing)
 .rodata        0x0000000000080576       0x10 C:\DOCUME~1\g\LOCALS~1\Temp\cclMP2jv.ltrans20.ltrans.o
 .rodata.str1.1
                0x0000000000000000        0x4 C:\DOCUME~1\g\LOCALS~1\Temp\cclMP2jv.ltrans21.ltrans.o
 *fill*         0x0000000000080586        0x2 00
 .rodata        0x0000000000080588       0x10 C:\DOCUME~1\g\LOCALS~1\Temp\cclMP2jv.ltrans22.ltrans.o
                0x0000000000080590                au32UartAddrOffset
 .rodata.str1.1
                0x0000000000080598        0x3 C:\DOCUME~1\g\LOCALS~1\Temp\cclMP2jv.ltrans22.ltrans.o
 .rodata.str1.1
                0x000000000008059b       0x31 C:\DOCUME~1\g\LOCALS~1\Temp\cclMP2jv.ltrans24.ltrans.o
                                         0x34 (size before relaxing)
 .rodata.str1.1
                0x00000000000805cc        0x9 C:\DOCUME~1\g\LOCALS~1\Temp\cclMP2jv.ltrans26.ltrans.o
                                         0x1d (size before relaxing)
 .rodata        0x00000000000805d5      0x107 C:\DOCUME~1\g\LOCALS~1\Temp\cclMP2jv.ltrans26.ltrans.o
                0x00000000000805d5                au8ZLLChannelSet
 .rodata        0x00000000000806dc      0x318 C:\DOCUME~1\g\LOCALS~1\Temp\cclMP2jv.ltrans27.ltrans.o
                0x00000000000808dc                gu32ZCLVersion
                0x00000000000808e0                OS_g_u32Version
                0x00000000000808e4                PDUM_g_u32Version
                0x00000000000808e8                ZPS_g_u32MacVersion
                0x00000000000808ec                ZPS_g_u32TsvVersion
 .rodata.str1.1
                0x0000000000000000        0x9 C:\DOCUME~1\g\LOCALS~1\Temp\cclMP2jv.ltrans28.ltrans.o
                                          0x6 (size before relaxing)
 .rodata.str1.1
                0x00000000000809f4       0x20 C:\DOCUME~1\g\LOCALS~1\Temp\cclMP2jv.ltrans29.ltrans.o
                                         0x3c (size before relaxing)
 .rodata.str1.1
                0x0000000000080a14        0x7 C:\DOCUME~1\g\LOCALS~1\Temp\cclMP2jv.ltrans30.ltrans.o
                                         0x11 (size before relaxing)
 *fill*         0x0000000000080a1b        0x1 00
 .rodata        0x0000000000080a1c      0x3d8 C:\DOCUME~1\g\LOCALS~1\Temp\cclMP2jv.ltrans31.ltrans.o
                0x0000000000080a1c                zps_g_pvApl
                0x0000000000080a20                pwrm_psWakeupCallbacks

.text           0x0000000000080df8    0x25b78
 *(.text*)
 .text          0x0000000000080df8     0x1dbc C:\DOCUME~1\g\LOCALS~1\Temp\cclMP2jv.ltrans0.ltrans.o
                0x0000000000080df8                APP_TIMER_Version_1v0
                0x0000000000080df8                vInitialiseApp.3227
 .text          0x0000000000082bb4     0x1845 C:\DOCUME~1\g\LOCALS~1\Temp\cclMP2jv.ltrans1.ltrans.o
                0x0000000000082bb4                os_u32APP_cbGetTickTimer
                0x0000000000082bbd                DBG_iUartGetChar
                0x0000000000082c0d                vMMAC_IntHandlerBbc
                0x0000000000082c27                eBasicTxCompleteHandler
                0x0000000000082c2c                vTxRxTimeout.145553
                0x0000000000082c89                eSmeAcScBeaconInd.137502
                0x0000000000082ce5                eSmeASFlBeaconInd.137337
                0x0000000000082d07                eSmeUDNTScanDcfm.136787
                0x0000000000082d23                vPermitJoinHandleExpiry.132338
                0x0000000000082d2c                vNwkMcpsTimerCallback
                0x0000000000082db2                zps_eNwkHandleSmePollDcfm
                0x0000000000082ddc                eSmeGenlScanDcfm.137329
                0x0000000000082e3a                eRouteRequestDataDcfm.133510
                0x0000000000082e8e                eNldeDataDcfm.131345
                0x0000000000082ebe                eSmeEdScScanDcfm.137325
                0x0000000000083065                eSmeAcScBeaconInd.137345
                0x000000000008316d                eSmeUDNTBeaconInd.137321
                0x0000000000083190                eCLD_ColourControl_xyY2HSV.constprop.38
                0x0000000000083356                vMiniMac_ReturnTxBufferCallback
                0x0000000000083368                vEnableReceive.145557
                0x00000000000833a2                pvHeap_Alloc
                0x00000000000833a5                vMicroIntRestoreState
                0x00000000000833b1                bAHI_WriteEEPROMfixSegmentData
                0x000000000008340f                bAHI_InitialiseEEPROM
                0x0000000000083457                vAHI_ReadDataFromEEPROMregister
                0x0000000000083484                vAHI_WriteDataIntoEEPROMregister
                0x00000000000834b4                iPDM_WriteSegmentHeaderDataIntoEEPROMsegment
                0x00000000000834e3                u8AHI_WakeTimerFiredStatus
                0x00000000000834f7                vAHI_WakeTimerStop.part.3.148531
                0x0000000000083517                vAHI_UartReset.part.4.148285
                0x000000000008354f                vAHI_OptimiseWaitStates
                0x000000000008359b                bAHI_GetClkSource
                0x00000000000835a8                vAHI_SwReset
                0x00000000000835d9                vUnclaimedInterrupt.3229
                0x00000000000835db                bIssueACIcommand
                0x0000000000083671                vACI_CmdWaitBusy
                0x000000000008367e                vEcbEncodeStripe.147778
                0x00000000000836d5                vRadioToOff
                0x00000000000836f2                vStartReceive
                0x000000000008370e                MAC_u64GetExtAddr
                0x0000000000083729                psSearchForFrameToSend
                0x0000000000083780                eMiniMac_FrameInProgress
                0x00000000000837ab                vRemoveFromTxQueue
                0x00000000000837e7                vAddToTxQueue
                0x000000000008381d                u8GetHeaderSize
                0x0000000000083845                vMiniMac_PLME_SetReq_CcaMode
                0x0000000000083859                vMiniMac_MLME_SetReq_MaxCsmaBackoffs
                0x0000000000083879                vMiniMac_MLME_SetReq_MaxBe
                0x000000000008389c                vMiniMac_MLME_SetReq_MinBe
                0x00000000000838bf                zps_vSendJoinInd
                0x0000000000083931                zps_psFormatCmdFrameGeneral
                0x00000000000839be                zps_eNwkFormStInit
                0x00000000000839d3                vSendDcfm.138023
                0x00000000000839f9                bCheckMatchingEntry.137497
                0x0000000000083a1f                zps_psNwkSlistRemoveFromHead
                0x0000000000083a36                zps_psNwkSlistRemove
                0x0000000000083a6e                zps_bNwkMcpsMgrRemoveDescrFromLists
                0x0000000000083aac                zps_vNwkSlistAddToTail
                0x0000000000083ac6                zps_vNwkSecClearMatSet
                0x0000000000083af0                ZPS_bNwkSecHaveNetworkKey
                0x0000000000083b24                ZPS_bNwkSecFindMatSet
                0x0000000000083b60                zps_eNwkRctMatchNwkAddr
                0x0000000000083bca                ZPS_u8NwkCalcNldeReqOverhead
                0x0000000000083c05                zps_vRemoveNextHop
                0x0000000000083cba                zps_vRemoveRoute
                0x0000000000083d51                zps_psNwkRtMatchNwkAddr
                0x0000000000083dc7                zps_vNwkFreeMcpsHandle
                0x0000000000083df1                zps_psNwkMcpsMgrFindPendingByNwkDstAddr
                0x0000000000083e07                ZPS_u64NwkNibGetMappedIeeeAddr
                0x0000000000083e29                eLeaveDataDcfmRemoteLeave.142084
                0x0000000000083e72                ZPS_vNwkSecResetDevice
                0x0000000000083eb7                ZPS_bNwkNibNtActvMatch
                0x0000000000083f6f                ZPS_u64NwkNibFindExtAddr
                0x000000000008401a                ZPS_u16NwkNibFindNwkAddr
                0x00000000000840c0                bCheckNwkAddr
                0x000000000008410e                zps_vSendNwkStatusInd
                0x0000000000084140                ZPS_vSetExtendedStatus
                0x0000000000084152                zps_eNwkRtMatch
                0x000000000008426b                zps_psApsApsAllocateDcfmRecord
                0x00000000000842d9                zps_u8CalcLinkCost
                0x0000000000084315                ZPS_u8NwkNibNtDiscMatch
 .text          0x00000000000843f9     0x114c C:\DOCUME~1\g\LOCALS~1\Temp\cclMP2jv.ltrans2.ltrans.o
                0x00000000000843f9                vZdoServersInit.2959
                0x0000000000084495                boIdValueSearchMatch.121984
                0x00000000000844ef                u16ZCL_APduInstanceReadStringNBO
                0x00000000000845c4                eZCL_GetAttributeTypeSizeFromBuffer
                0x000000000008463b                u16ZCL_APduInstanceWriteNBO
                0x000000000008468f                u16ZCL_WriteCommandHeader
                0x0000000000084707                iPDM_ReadSegmentHeaderDataFromEEPROMsegment
                0x0000000000084760                u16PDM_CalculateRecordChecksum
                0x0000000000084803                vPDM_WriteFileSystemRecordAndSegmentDataIntoEEPROMsegment
                0x000000000008483e                u16ZCL_ReadTypeNBO
                0x00000000000848f3                u16ZCL_APduInstanceReadNBO
                0x0000000000084944                u16ZCL_ReadCommandHeader.part.0.44793
                0x00000000000849bb                eCLD_BasicCommandHandler
                0x00000000000849e7                eCLD_ScenesSetLastConfiguredBy.isra.2.22594
                0x0000000000084a1e                iPDM_FilterDuplicateAppendedSegmentsOnList.123237
                0x0000000000084a62                eCLD_ScenesFindActiveScene
                0x0000000000084a97                ZPS_bIsMacAddressUsedInApsTable
                0x0000000000084b4d                eCLD_GroupsCheckGroupExists
                0x0000000000084bba                ZPS_eTsvOpen
                0x0000000000084bd4                zps_vNwkBttMgrInit
                0x0000000000084c02                ZPS_vNwkNibClearTables
                0x0000000000084d23                vMiniMac_MLME_SetReq_PanId
                0x0000000000084d60                vMiniMac_MLME_SetReq_ShortAddr
                0x0000000000084d6e                vZCL_InitializeClusterInstance.constprop.145
                0x0000000000084d7f                psDLISTsearchFromHead
                0x0000000000084da8                eCLD_ScenesAddScene
                0x0000000000084e88                eCLD_ScenesFindScene
                0x0000000000084ee4                pvZCL_HeapAlloc.part.0.52154.constprop.127
                0x0000000000084f1d                iAHI_WriteDataIntoEEPROMsegment.constprop.118
                0x0000000000084f6b                vMicroIntEnableOnly.constprop.112
                0x0000000000084f97                vSetChannelAndPower
                0x0000000000085137                vMiniMac_PLME_SetReq_Power
                0x000000000008514b                vMiniMac_PLME_SetReq_Channel
                0x0000000000085153                TSV_eStart
                0x00000000000851a3                bAHI_SetClockRate.part.0.147955.constprop.83
                0x000000000008521e                vAHI_TimerEnable.part.1.148066.constprop.74
                0x000000000008527d                vStartTimer.part.0.148054.constprop.70
                0x00000000000852a7                vACI_OptimisedCcmStar.constprop.58
                0x0000000000085492                zps_eNwkRtDiscMatch.constprop.55
                0x00000000000854e5                bACI_ECBencodeBuffer.part.0.147742.constprop.53
 .text.unlikely
                0x0000000000085545       0x43 C:\DOCUME~1\g\LOCALS~1\Temp\cclMP2jv.ltrans2.ltrans.o
                0x0000000000085545                vAHI_MemoryHold.147963
 .text          0x0000000000085588     0x1338 C:\DOCUME~1\g\LOCALS~1\Temp\cclMP2jv.ltrans3.ltrans.o
                0x000000000008562f                dbg_vPrintfImplNoneVerbose
                0x0000000000085ab6                eCLD_ColourControlHandleColourModeChange
                0x0000000000085b4b                eCLD_ColourControlUpdate
                0x000000000008608f                eCLD_ColourControlSceneEventHandler.37698
                0x00000000000860d2                eCLD_ScenesRemoveAllScenes
                0x0000000000086183                eCLD_ScenesUpdate
                0x000000000008644a                eCLD_OnOffGetState
                0x0000000000086479                eCLD_LevelControlUpdate
                0x000000000008672e                eCLD_LevelControlStopTransition
                0x000000000008676b                eCLD_LevelControlSetOnOffState
                0x00000000000868a8                eCLD_LevelControlClusterIsPresent
 .text          0x00000000000868c0     0x13d8 C:\DOCUME~1\g\LOCALS~1\Temp\cclMP2jv.ltrans4.ltrans.o
                0x0000000000086a31                vHandleZllDeviceJoin
                0x0000000000086d5d                vPostNldeDcfmInd.63779
                0x00000000000878a5                eUnfragmentedUnicastTransmission.66349
                0x0000000000087b54                zps_eAplApsmeUpdateDeviceReqRsp.part.4.67913
 .text          0x0000000000087c98     0x1451 C:\DOCUME~1\g\LOCALS~1\Temp\cclMP2jv.ltrans5.ltrans.o
                0x0000000000087c98                vSendNetworkReport.128251
                0x0000000000087d72                zps_eNwkHandleSceRouteRequest
                0x00000000000881a1                zps_psNwkInitiateRouteDiscovery
                0x00000000000884d9                zps_psSendFrm
                0x00000000000887f5                zps_psSendBroadcastFrm
                0x000000000008888b                ZPS_vNwkHandleNldeReqRsp
                0x0000000000088a6b                zps_eAplApsmeCmdMgrSendCommand
                0x0000000000088b48                zps_eNwkHandleSceRouteRecord
                0x0000000000088c1c                zps_psNwkSendRejoinReqCmd.constprop.8
                0x0000000000088c8c                zps_u8NwkHandleRejoinReq
                0x0000000000088d55                vContinueRejoin.139879
                0x0000000000088dfc                zps_psSendNetworkStatusCmd
                0x0000000000088e69                zps_vProcessLocalAddrConflict
                0x0000000000088f14                zps_eDefaultDataDcfm
 *fill*         0x00000000000890e9        0x3 00
 .text          0x00000000000890ec     0x1370 C:\DOCUME~1\g\LOCALS~1\Temp\cclMP2jv.ltrans6.ltrans.o
                0x00000000000890ec                vMcpsMgrExpiry.129151
                0x000000000008914b                zps_vNwkHandleCmeRouteDiscoveryReq
                0x00000000000891d1                vAckTimeOutHandler
                0x000000000008927e                vMiniMac_MlmeCallback
                0x000000000008956b                vSendMlmeCommStatusFromTxFrame
                0x00000000000895c1                MAC_vHandleMlmeVsReqRsp.constprop.104
                0x0000000000089ded                vScanBeaconReceived
                0x0000000000089e2c                vPostDcfm.146344
                0x0000000000089e95                vScanNextChannel.146350
                0x000000000008a0ac                vRunningRxCallback
                0x000000000008a408                ZPS_vNwkResetOutgoingFrameCounter
 .text          0x000000000008a45c     0x1387 C:\DOCUME~1\g\LOCALS~1\Temp\cclMP2jv.ltrans7.ltrans.o
                0x000000000008a548                vIncrementFrameCounterInPdm.isra.0.130557
                0x000000000008a727                vProcessListsForSubmission.129267
                0x000000000008a9e1                zps_vNwkMcpsMgrPost
                0x000000000008aa05                psSendRouteReplyCmd.133492
                0x000000000008ab17                zps_eNwkHandleSceRouteReply
                0x000000000008ae7e                zps_vNwkHandleCmeLeaveReq
                0x000000000008af4c                zps_eNwkHandleSceLeave
                0x000000000008b10e                zps_eNwkHandleSdeActvDcfmData
                0x000000000008b298                vMcpsMgrTimeoutExpiry
                0x000000000008b307                iPDM_VerifyDataSequenceWithBufferId
                0x000000000008b3a9                vSaveScenesNVM
                0x000000000008b45c                eCLD_GroupsRemoveAllGroups
                0x000000000008b516                vRemoveAllGroupsAndScenes
                0x000000000008b528                zps_eAplZdoGroupEndpointRemove
                0x000000000008b5c0                zps_psFindKeyDescr
                0x000000000008b6f4                zps_eAplSecEncryptPacket
 .text          0x000000000008b7e3     0x1453 C:\DOCUME~1\g\LOCALS~1\Temp\cclMP2jv.ltrans8.ltrans.o
                0x000000000008b7e3                DBG_vUartFlush
                0x000000000008b810                DBG_vUartPutch
                0x000000000008b856                os_bAPP_cbSetTickTimerCompare
                0x000000000008ba05                vMiniMac_NextTransaction
                0x000000000008baac                eTransmit
                0x000000000008bb89                vMiniMac_TxComplete
                0x000000000008bc6f                vTimerFired
                0x000000000008bd27                vMiniMac_Init
                0x000000000008c0d9                eCLD_ScenesSaveClusters.constprop.39
                0x000000000008c2fc                vDispatch.60524
                0x000000000008c3ce                OS_eStartSWTimer.constprop.128
                0x000000000008c4ed                OS_eStopSWTimer.constprop.30
                0x000000000008c63e                OS_ePostMessage
                0x000000000008c7a4                os_vAPP_CommissionTimerTask
                0x000000000008c7ba                OS_eExitCriticalSection
                0x000000000008c89f                OS_eActivateTask
                0x000000000008c93a                vPostMlmeDcfmInd.79659
                0x000000000008c9dd                iPDM_ReadUserDataFromEEPROMsegment
                0x000000000008ca57                iPDM_ReCalculateWearCountAndChecksumAndWriteFileSystemHeader
                0x000000000008caa1                vPDM_SetEEPROMandFileSystemValidState
                0x000000000008cac8                iPDM_ReadUserDataFromFileSystemRecord
                0x000000000008cae8                PWRM_vWakeInterruptCallback
                0x000000000008cb6f                u16ZCL_APduInstanceWriteStringNBO
 *fill*         0x000000000008cc36        0x2 00
 .text          0x000000000008cc38      0xf10 C:\DOCUME~1\g\LOCALS~1\Temp\cclMP2jv.ltrans9.ltrans.o
                0x000000000008cc38                os_vzps_taskZPS
                0x000000000008ce61                vBbcIntHandler.144981
                0x000000000008d12a                os_vzps_isrMAC
                0x000000000008d169                eAssocRespSent.145890
                0x000000000008d188                zps_vNwkHandleCmeSyncReq
                0x000000000008d20a                zps_vNwkHandleCmeIdleNwkFormReq
                0x000000000008d2b2                zps_vNwkHandleCmeNwkDiscReq
                0x000000000008d32c                zps_vNwkHandleCmeEdScanReq
                0x000000000008d541                zps_vNwkHandleCmeNwkJoinReq
                0x000000000008d7fd                zps_vNwkHandleCmeNwkActvJoinReq
                0x000000000008d899                vHandleRejoinExpiry.140645
                0x000000000008d8f7                zps_eRejoinDataDcfm
                0x000000000008dac1                vSetKeys
 .text          0x000000000008db48     0x133c C:\DOCUME~1\g\LOCALS~1\Temp\cclMP2jv.ltrans10.ltrans.o
                0x000000000008db91                zps_vAplSaveRecord
                0x000000000008dcc4                zps_bNwkFindAddIeeeAddr
                0x000000000008de42                zps_eNwkHandleSceLinkStatus
                0x000000000008df76                ZPS_bNwkNibAddrMapAddEntry
                0x000000000008e13d                zps_vJoinInitNtParent
                0x000000000008e293                eCheckAddrConflict.isra.4.128488
                0x000000000008e329                vAplSecRemoveLinkKey.72914
                0x000000000008e3a6                ZPS_vNwkSaveAllRecords
                0x000000000008e3bd                zps_vSaveAllZpsRecords
                0x000000000008e3dc                ZPS_vNwkNibSetNwkAddr
                0x000000000008e3fa                zps_eNwkHandleSceRejnResponse
                0x000000000008e457                ZPS_vNwkNibSetExtPanId
                0x000000000008e47b                ZPS_vNwkNibSetKeySeqNum
                0x000000000008e48f                ZPS_vNwkNibSetDepth
                0x000000000008e4b8                ZPS_vNwkNibSetUpdateId
                0x000000000008e4c7                vSendNetworkUpdate.128255
                0x000000000008e5f6                ZPS_vNwkNibSetPanId
                0x000000000008e614                ZPS_vNwkNibSetCapabilityInfo
                0x000000000008e641                ZPS_vNwkNibSetChannel
                0x000000000008e659                zps_vBuildSortedActvNTList
                0x000000000008e717                zps_vAgeRouter
                0x000000000008e754                zps_vLinkStatusHandleExpiry
                0x000000000008e7f5                zps_sNwkNibNtCheckJoin
                0x000000000008ea9e                zps_vNwkHandleCmeDirectJoinReq
                0x000000000008eb1d                zps_vCheckActvNtForDuplicate
                0x000000000008ebba                vFinish.141086
                0x000000000008ec10                eSmeOrphScanDcfm.141096
                0x000000000008ec88                zps_vCleanUnAuthenHandleExpiry
                0x000000000008ed8a                eUnsolicitedRejoinRspDataDcfm.128263
                0x000000000008edb5                eRejoinRspDataDcfm.139883
 .text.unlikely
                0x000000000008ee84       0x5f C:\DOCUME~1\g\LOCALS~1\Temp\cclMP2jv.ltrans10.ltrans.o
                0x000000000008ee84                vInitUnknownNeighbor.129163
 .text          0x000000000008eee3     0x1379 C:\DOCUME~1\g\LOCALS~1\Temp\cclMP2jv.ltrans11.ltrans.o
                0x000000000008eee3                zps_eSceGenlIllegal
                0x000000000008eeea                zps_eSmeGenlIllegal
                0x000000000008eef1                DBG_vUartFailedAssert
                0x000000000008eef5                zps_bAplZdoBindRequestServer
                0x000000000008f030                psGetVsMcpsBuf.79663
                0x000000000008f039                psGetMlmeBuf.79656
                0x000000000008f080                psGetNlmeBuf.63755
                0x000000000008f08a                psGetNldeBuf.63776
                0x000000000008f094                psGetApsmeBuf.63762
                0x000000000008f09d                psGetApsdeBuf.63769
                0x000000000008f1b6                vLoopbackTimerCallback
                0x000000000008f1e5                zps_u64NwkLibFromPayload
                0x000000000008f224                zps_vNwkLibU64ToPayload
                0x000000000008f251                zps_vInitBeaconPayload
                0x000000000008f2cd                zps_eNwkDcfmIndPost
                0x000000000008f2f0                zps_psNwkDcfmIndGetBuf
                0x000000000008f312                DBG_vInit
                0x000000000008f354                vPDM_ReadBitmapHeader.122841
                0x000000000008f373                psSLISTsearch
                0x000000000008f3b3                psSLISTremove
                0x000000000008f431                vSLISTaddToTail
                0x000000000008f450                psSLISTgetNext
                0x000000000008f474                u8PDM_CalculateFileSystemCapacity
                0x000000000008f492                u8PDM_CalculateLargestDataRecordStored
                0x000000000008f4c3                bPDM_ImageBitmapRepairCheck
                0x000000000008f4eb                u8PDM_ReadSequenceNumber
                0x000000000008f50e                boSegmentNumberDeleteSearchMatch.122411
                0x000000000008f529                u8PDM_ReadSegmentDataSize
                0x000000000008f53d                u32PDM_ReadFileSystemHeaderWearCount
                0x000000000008f553                boSearchForWearCountSubstitute.122727
                0x000000000008f579                boSearchForWearCountInsertPoint.121980
                0x000000000008f597                vPDM_WriteFileSystemHeaderWearCount
                0x000000000008f5a9                RND_u32GetRand256
                0x000000000008f5c6                RND_u32GetRand
                0x000000000008f5ed                u16CalculateFailedTxCount.97687
                0x000000000008f617                vZdoIeeeAddrServerSendExtendResponse.part.0.83484
                0x000000000008f678                vZdoNwkAddrServerSendExtendResponse.part.0.82304
                0x000000000008f6d9                zps_bAplZdoServerHandleConfirmAcks
                0x000000000008f723                zps_bPerformLeaveActionDecider
                0x000000000008f728                vHandleUpdateDeviceIndication.72821
                0x000000000008f752                bDuplicateCheck.69188
                0x000000000008f85f                eHandleRemoveNonBroadcastEndpointsFromGroup.67816
                0x000000000008f8d7                eHandleAddEntryToGroupTable.67779
                0x000000000008f933                zps_vAplApsFillAndPostApsAck
                0x000000000008f99d                zps_u8AplApsFreeMsgHandle
                0x000000000008fa07                vFillDataIndStruct.63622
                0x000000000008fa65                vFillApduErrorEvent.63615
                0x000000000008faa8                bCheckProfile.63610
                0x000000000008faef                ZPS_bIsGroupPresent
                0x000000000008fb27                pdum_u16ReadNBO
                0x000000000008fc88                PDUM_u16SizeNBO
                0x000000000008fce6                PDUM_u16APduInstanceWriteStrNBO
                0x000000000008fe65                PDUM_u16APduInstanceReadNBO
                0x000000000008feb0                PDUM_u16APduInstanceWriteNBO
                0x000000000008ff1a                PDUM_thAPduInstanceGetApdu
                0x000000000008ff35                PDUM_eAPduInstanceSetPayloadSize
                0x000000000008ff5d                PDUM_eNPduWriteDataFromBuffer
                0x000000000008ffb7                PDUM_eNPduWriteDataToBuffer
                0x0000000000090015                PDUM_eNPduWriteFromBuffer
                0x000000000009003e                PDUM_eNPduDescend
                0x0000000000090064                PDUM_eNPduAscend
                0x000000000009008a                PDUM_eNPduClaimData
                0x00000000000900f7                PDUM_eNPduAppendDataNBO
                0x0000000000090154                PDUM_eNPduClaimHeader
                0x0000000000090177                PDUM_eNPduReadHeaderNBO
                0x00000000000901ca                PDUM_eNPduPrependHeaderNBO
                0x0000000000090225                zps_vInitAPSMECmdHdr
 .text.unlikely
                0x000000000009025c       0xd0 C:\DOCUME~1\g\LOCALS~1\Temp\cclMP2jv.ltrans11.ltrans.o
                0x000000000009025c                bIsBindTableMatch.67756
                0x00000000000902ad                eRemoveEntryInBindingTable.67784
 .text          0x000000000009032c     0x12f9 C:\DOCUME~1\g\LOCALS~1\Temp\cclMP2jv.ltrans12.ltrans.o
                0x00000000000904d9                eTryNextParent
                0x0000000000090615                vCheckSleepingSendPoll.part.1.141198
                0x000000000009067f                vSdeHandleMcpsDataInd.129247
                0x0000000000091302                ZPS_vNwkNibCheckAndUpdateAddresses
                0x0000000000091399                zps_bAplZdoDeviceAnnceServer
 .text          0x0000000000091625      0xf1e C:\DOCUME~1\g\LOCALS~1\Temp\cclMP2jv.ltrans13.ltrans.o
                0x0000000000091894                zps_bAplZdoNwkAddrServer
                0x0000000000091a15                eBeaconReqSent.146329
                0x0000000000091a3c                zps_bAplZdoIeeeAddrServer
                0x0000000000091b92                vPDM_AddFileSystemElementToListInAscendingWearCountOrder
                0x0000000000091ca0                PWRM_vManagePower
                0x0000000000091dea                vTransformKey.isra.0.69307
                0x0000000000091e1a                vMiniMac_McpsCallback
                0x0000000000092046                eMcpsTxCompleteHandler.145182
                0x0000000000092074                vFreePendingReqDescr
                0x00000000000920de                vHandleRouteDiscoveryExpiry.133070
                0x000000000009213c                zps_vSendJoinDcfm
                0x0000000000092182                vGiveUp.140649
                0x00000000000921ba                ZPS_bSecEncrypt
                0x0000000000092370                eZCL_TransmitInterPanRequest.constprop.34
                0x00000000000923db                eCLD_ZllCommissionCommandNetworkJoinRouterRspCommandSend.constprop.27
                0x0000000000092405                eSendScanResponse.6642.constprop.32
 .text.unlikely
                0x0000000000092543       0xaa C:\DOCUME~1\g\LOCALS~1\Temp\cclMP2jv.ltrans13.ltrans.o
                0x0000000000092543                eMakeEntryInBindingTable.67802
 .text          0x00000000000925ed     0x110c C:\DOCUME~1\g\LOCALS~1\Temp\cclMP2jv.ltrans14.ltrans.o
                0x0000000000092655                zps_vNwkHandleCmeActvStartRouterReq
                0x0000000000092791                vHandleNwkLocalUpdateAfterBcast.128268
                0x00000000000927e5                vHandleNwkRemoteUpdateAfterBcast.128259
                0x0000000000092838                eSmeAcScScanDcfm.138027
                0x0000000000092b06                ZPS_pvNwkCtor.constprop.101
                0x0000000000093089                ZPS_vNwkHandleNlmeReqRsp
                0x0000000000093106                zps_vAplAfPostEvent
                0x00000000000932f3                zps_eAplZdoLeaveNetwork.constprop.29
                0x000000000009331e                zps_bAplZdoMgmtLeaveServer
                0x000000000009349e                zps_eAplZdoNlmePermitJoiningWrapper
                0x00000000000934c6                zps_bAplZdoPermitJoiningServer
                0x0000000000093560                vChangeChannelTimerExpiry.97679
                0x00000000000935c3                eLeaveReset.142079
                0x000000000009362e                eLeaveDataDcfmLocalLeave.142089
                0x00000000000936a8                zps_eAplZdoZllStartRouter
 .text          0x00000000000936f9     0x1200 C:\DOCUME~1\g\LOCALS~1\Temp\cclMP2jv.ltrans15.ltrans.o
                0x00000000000939b5                zps_bAplZdoMatchDescServer
                0x00000000000939c9                zps_bAplZdoNodeDescServer
                0x0000000000093b35                PDUM_eNPduAllocate
                0x0000000000093ba4                zps_u8AplApsConstructAndPostLoopBackDataInd.66366
                0x0000000000093cdd                u8PostUnicastMsgToNHLE.66374
                0x0000000000093d16                PDUM_eNPduClone
                0x0000000000093d62                PDUM_eNPduFree
                0x0000000000093dcf                vPostVsMcpsDcfmInd.79666
                0x0000000000093eb8                ZPS_vInterceptMcpsDataCallback
                0x0000000000093f1a                zps_vNwkMcpsMgrFreeReqDescr
                0x0000000000093f4c                zps_psAllocateAndFormatMacHdr
                0x0000000000094235                zps_psNwkInitCmdFrame
                0x00000000000942b4                eSendLinkStatusDataDcfm.part.1.127216
                0x00000000000943e6                zps_vNwkRemoveConflictedBroadcast
                0x0000000000094438                zps_vNwkMcpsMgrTidyBtrReqDescr
                0x000000000009447c                vNwkBttTimerExpiry.135587
                0x000000000009459a                MAC_vHandleMcpsVsReqRsp
                0x000000000009471b                zps_eAplAfInterPanDataReq.constprop.35
                0x00000000000948bd                hZCL_AllocateAPduInstance
 .text          0x00000000000948f9      0xec1 C:\DOCUME~1\g\LOCALS~1\Temp\cclMP2jv.ltrans16.ltrans.o
                0x00000000000948f9                vPDM_MoveAllDataFromListToList
                0x0000000000094937                vPDM_MoveAllDataWithBufferIdAndStateFromListToList
                0x00000000000949c2                vPDM_MoveAllDataToDeAllocList
                0x00000000000949ea                vPDM_MoveAllDataWithBufferIdFromListToList
                0x0000000000094a6f                vPDM_DeleteAllSegmentsWithIdFromFileSystemList.constprop.116
                0x0000000000094ab1                vPDM_MoveFileRecordFromListToList
                0x0000000000094ad4                vPDM_MoveRecordToDeAllocList
                0x0000000000094af4                vPDM_DeleteAppendedSequence
                0x0000000000094b99                iPDM_WriteSegmentHeaderAndData
                0x0000000000094d95                iPDM_SegmentCopyAndAppendData.constprop.149
                0x0000000000094df2                iPDM_ReconstructReplacedDataTable
                0x0000000000095071                PDM_eSaveRecordData
                0x00000000000954a6                ZPS_vNwkSaveRecord
                0x00000000000954d2                ZPS_vNwkSaveNt
                0x00000000000954e5                ZPS_vNwkPurgeMacAddressAndRelatedEntries
                0x00000000000955eb                ZPS_vNtSetUsedStatus
                0x0000000000095691                zps_eNwkHandleSmeCommStatusInd
                0x0000000000095745                ZPS_vNwkSaveSecMat
                0x0000000000095759                vPDM_ImageBitmapRepair.121899
 .text          0x00000000000957ba     0x1029 C:\DOCUME~1\g\LOCALS~1\Temp\cclMP2jv.ltrans17.ltrans.o
                0x00000000000957ba                eCLD_ScenesCommandHandler
 *fill*         0x00000000000967e3        0x1 00
 .text          0x00000000000967e4     0x1098 C:\DOCUME~1\g\LOCALS~1\Temp\cclMP2jv.ltrans18.ltrans.o
                0x0000000000096a0b                zps_eZdpNodeDescResponse
                0x0000000000096ab3                zps_eZdpSimpleDescResponse
                0x0000000000096bc0                zps_bAplZdoMgmtNWKUpdateServer
                0x0000000000096f30                zps_eZdpNwkAddrResponse
                0x0000000000097013                zps_eZdpIeeeAddrResponse
                0x00000000000970f6                zps_eZdpPowerDescResponse
                0x0000000000097193                zps_eZdpActiveEpResponse
                0x0000000000097229                zps_eZdpMatchDescResponse
                0x00000000000972bf                zps_eZdpSystemServerDiscoveryResponse
                0x000000000009732e                zps_eAplZdpMgmtLqiResponse
                0x0000000000097416                eZCL_TransmitDataRequest
                0x000000000009777d                eZCL_SendDefaultResponse
 .text          0x000000000009787c     0x1068 C:\DOCUME~1\g\LOCALS~1\Temp\cclMP2jv.ltrans19.ltrans.o
                0x000000000009787c                eZCL_CustomCommandReceive
                0x00000000000979ea                eCLD_ColourControlCommandHandler
                0x00000000000988db                eCLD_OnOffCommandReceive
 .text          0x00000000000988e4     0x116c C:\DOCUME~1\g\LOCALS~1\Temp\cclMP2jv.ltrans20.ltrans.o
                0x0000000000098993                zps_eNwkHandleSmeOrphanInd
                0x0000000000098cff                zps_eNwkHandleSmeAssocInd
                0x0000000000098d21                zps_eNwkHandleSceRejnRequest
                0x0000000000098da1                vStartScanTimerExpiry.97683
                0x0000000000098ddd                zps_vAplApsPollTimer
                0x0000000000098fa9                vPostNlmeDcfmInd.63758
                0x00000000000996ba                zps_vProcessChildAddrConflict
                0x000000000009977d                zps_eNwkHandleSceNwkStatus
                0x000000000009993b                vDiscoverNetworks.4366
                0x00000000000999d7                vTryNwkJoin.4372
 .text          0x0000000000099a50      0xfac C:\DOCUME~1\g\LOCALS~1\Temp\cclMP2jv.ltrans21.ltrans.o
                0x0000000000099a50                vAplSecAuthPollTimerExpiry.72798
                0x0000000000099aa8                vAplSecAuthTimerExpiry.72802
                0x0000000000099b78                vHandleApsInterPanDcfmData
                0x0000000000099fa6                vPostApsdeDcfmInd.63772
                0x000000000009a1ae                zps_vHandleApsdeDataFragIndNotSupported
                0x000000000009a216                vApsInterPanMcpsDataInd
                0x000000000009a3bd                eDiscoverNetworks.72868
                0x000000000009a419                zps_eAplZdoDiscoverNetworks
                0x000000000009a442                eStartNetworkDiscovery.72875
                0x000000000009a4cf                eStartRouter.72885
                0x000000000009a59e                vPostApsmeDcfmInd.63765
 .text          0x000000000009a9fc     0x1050 C:\DOCUME~1\g\LOCALS~1\Temp\cclMP2jv.ltrans22.ltrans.o
                0x000000000009a9fc                os_vAPP_cbDisableTickTimer
                0x000000000009aa40                os_vAPP_cbEnableTickTimer
                0x000000000009aac0                vRetryCcaFailure
                0x000000000009ab15                eOrphanNotificationSent.146325
                0x000000000009ab5e                DBG_vUartInitHardware
                0x000000000009ac9b                eZCL_SearchForClusterEntry
                0x000000000009ad39                eZCL_FindCluster.constprop.62
                0x000000000009ad86                eCLD_GroupsSetIdentifying
                0x000000000009ada9                vCLD_IdentifyTimerClickCallback.15652
                0x000000000009ae30                eCLD_OnOffSetGlobalSceneControl.constprop.22
                0x000000000009ae64                eCLD_ColourControl_HSV2xyY.constprop.37
                0x000000000009b138                eCLD_ColourControl_GetRGB.constprop.43
                0x000000000009b202                eZCL_CustomCommandReceiveScenes.isra.0.part.1.22578.constprop.18
                0x000000000009b2f6                vCLD_ScenesUpdateSceneValid
                0x000000000009b372                eCLD_OnOffSceneEventHandler.18716
                0x000000000009b3a9                eZCL_BuildTransmitAddressStructure
                0x000000000009b416                eCLD_ScenesCountScenes
                0x000000000009b430                ZPS_bSecDecrypt
                0x000000000009b542                boPDM_IsBitmapSaturated.122876
                0x000000000009b58b                eCLD_ScenesStoreScene
                0x000000000009b663                DriverBulb_vOutput.8399
                0x000000000009b74a                vLI_UpdateDriver
                0x000000000009b7aa                vRGBLight_SetLevels
                0x000000000009b83a                APP_vHandleIdentify
                0x000000000009b884                iPDM_SearchForBufferIdInList
                0x000000000009b8b9                iPDM_SearchForBufferIdInFileSystem
                0x000000000009b8cc                iPDM_ReadUserDataFromSegmentWithId
                0x000000000009b901                iPDM_SearchForSpecificSegmentInList
                0x000000000009b933                psGetTxFrameBuffer
                0x000000000009b972                psGetAndBuildCoordRealignment
                0x000000000009b9ca                eBuildAndSend.146333
                0x000000000009ba3f                MAC_vPibSetRxOnWhenIdle.constprop.103
 .text          0x000000000009ba4c      0xf50 C:\DOCUME~1\g\LOCALS~1\Temp\cclMP2jv.ltrans23.ltrans.o
                0x000000000009ba4c                os_vTick_Task
                0x000000000009bded                os_vZCL_Task
                0x000000000009be13                eZCL_CustomCommandSend.constprop.23
                0x000000000009c075                eCLD_IdentifyCommandHandler
                0x000000000009c4c9                eCLD_GroupsCommandHandler
 .text          0x000000000009c99c     0x13ea C:\DOCUME~1\g\LOCALS~1\Temp\cclMP2jv.ltrans24.ltrans.o
                0x000000000009c99c                APP_ZCL_cbEndpointCallback.5702
                0x000000000009cbb2                OS_eEnterCriticalSection
                0x000000000009cc7a                PDUM_hAPduAllocateAPduInstance
                0x000000000009ccee                zps_eAplZdoSendZdpResponse
                0x000000000009cd37                bSendResponse.96498
                0x000000000009cd7a                PDUM_eAPduFreeAPduInstance
                0x000000000009cdfd                zps_bAplZdoSimpleDescServer
                0x000000000009d05e                zps_bAplZdoPowerDescServer
                0x000000000009d17b                zps_bAplZdoActiveEpServer
                0x000000000009d264                zps_bAplZdoSystemServerDiscoveryServer
                0x000000000009d2ed                zps_bAplZdoMgmtLqiServer
                0x000000000009d519                zps_bAplZdoMgmtRtgServer
                0x000000000009d65f                PDM_eReadDataFromRecord.part.0.121304
                0x000000000009d6e2                vLoadNwkRecord.130123
                0x000000000009d720                vLoadAplRecord.72848
                0x000000000009d754                ZPS_eTsvStart
                0x000000000009d7af                zps_eAplZdoBdrmRequestSend
                0x000000000009d82a                zps_eNwkHandleSceNwkUpdate
                0x000000000009d84e                vProcessTimedList.129179
                0x000000000009d894                zps_vNwkMcpsMgrPostTimed
                0x000000000009d8a7                vNwkMcpsSendTimedDfcm
                0x000000000009d8eb                zps_vAplAfPostTimerEvent
                0x000000000009d968                zps_vExpireOldRoutes
                0x000000000009d9f1                zps_vNwkJoinStStartResponseTimer
                0x000000000009da2b                ZPS_eTsvStop
                0x000000000009da7f                zps_vNwkHandleCmePermitJoinReq
                0x000000000009dae7                zps_eNwkBtrMatch
                0x000000000009dbe4                zps_vAplApsStopPollTimer.part.2.66255
                0x000000000009dc6b                eHandleRemoveBroadcastEndpointsFromGroup.67775
                0x000000000009dcc5                eZCL_SetReceiveEventAddressStructure
                0x000000000009dd44                DBG_vDumpStack
 *fill*         0x000000000009dd86        0x2 00
 .text          0x000000000009dd88      0xdfc C:\DOCUME~1\g\LOCALS~1\Temp\cclMP2jv.ltrans25.ltrans.o
                0x000000000009e21b                vZCL_EventHandler
 .text          0x000000000009eb84     0x1014 C:\DOCUME~1\g\LOCALS~1\Temp\cclMP2jv.ltrans26.ltrans.o
                0x000000000009eb84                zps_eAplZdpMgmtRtgResponse
                0x000000000009ec4b                zps_eZdpMgmtNwkUpdateNotifyResponse
                0x000000000009ecfd                os_vAPP_Commission_Task
 .text          0x000000000009fb98     0x11a8 C:\DOCUME~1\g\LOCALS~1\Temp\cclMP2jv.ltrans27.ltrans.o
                0x000000000009fb98                os_bDummyMemberCheck.60534
                0x000000000009fb9d                os_vDefaultErrorHook.60530
                0x000000000009fbc7                vOSError.3231
                0x000000000009fbca                bCLD_ScenesSearchForScene.23204
                0x000000000009fbfd                eCLD_LevelControlSceneEventHandler.17271
                0x000000000009fc46                vOverideProfileId.8144
                0x000000000009fc83                APP_ZCL_cbGeneralCallback.5705
                0x000000000009fc86                bCLD_ScenesSearchForScene.4296
                0x000000000009fcb9                vfExtendedStatusCallBack
                0x000000000009fcbc                os_bStrictCheck.1358
                0x000000000009ff4f                bCLD_GroupsSearchForGroup.14587
                0x000000000009ff74                PDUM_eNPduInitDescending
                0x000000000009ff8f                OS_eCollectMessage
                0x00000000000a0054                eExpireSWTimer.60543
                0x00000000000a00bf                eZCL_BuildClientTransmitAddressStructure
                0x00000000000a00f0                eZCL_GetAttributeTypeSize
                0x00000000000a010f                vZCL_MarkAttributeInvalid
                0x00000000000a01de                eZCL_CheckEPstructureIntegrity.40546
                0x00000000000a03c6                u8ZCL_GetAttributeAllignToFourBytesBoundary
                0x00000000000a03db                pvZCL_GetAttributePointer
                0x00000000000a0451                u16ZCL_WriteTypeNBO.part.0.41900
                0x00000000000a04c6                u16ZCL_GetStringStructureSize
                0x00000000000a0503                u16ZCL_GetStringAttributeTypeSizeFromBuffer
                0x00000000000a0574                u16ZCL_GetStringSizeAndBufferFromStructure
                0x00000000000a0603                bZCL_SendCommandResponse
                0x00000000000a061f                vZCL_GetInternalMutex
                0x00000000000a0648                eZCL_GetMutex
                0x00000000000a0680                u8ZCL_GetEPIdFromIndex
                0x00000000000a06a2                vZCL_ReleaseInternalMutex
                0x00000000000a06bc                eZCL_SearchForAttributeEntry
                0x00000000000a077c                vCLD_ScenesGenerateIndividualAttributeCallback
                0x00000000000a07d6                eZCL_SearchForEPentry
                0x00000000000a0831                eZCL_SearchForEPentryAndCheckManufacturerId
                0x00000000000a086f                vZCL_PassEventToUser
                0x00000000000a089c                eZCL_ReleaseMutex
                0x00000000000a08cb                eZCL_Register.part.1.40555
                0x00000000000a08f9                boDLISTisEmpty
                0x00000000000a0911                vDLISTaddToTail
                0x00000000000a093f                psDLISTremoveFromHead
                0x00000000000a0968                psDLISTremove
                0x00000000000a09c0                bCLD_ColourControl_NumberIsValid.39192
                0x00000000000a09df                eCLD_ColourControl_xyY2XYZ.39196
                0x00000000000a0a61                vCLD_ColourControl_XYZ2RGB.39183
                0x00000000000a0b81                vWriteU64ToPayLoad.25537
                0x00000000000a0bae                vWriteU32ToPayLoad.25533
                0x00000000000a0bc6                vBULB_SetColourTemperature
                0x00000000000a0bd3                vLI_InitVar.6972
                0x00000000000a0c04                InvShiftRows
                0x00000000000a0c97                InvSubBytes
                0x00000000000a0cdd                AddRoundKey
                0x00000000000a0d1e                getSBoxValue.5061
 *fill*         0x00000000000a0d40        0x0 00
 .text          0x00000000000a0d40      0xe14 C:\DOCUME~1\g\LOCALS~1\Temp\cclMP2jv.ltrans28.ltrans.o
                0x00000000000a11b6                eCLD_ZllCommissionCommandHandler
                0x00000000000a13ed                eCLD_LevelControlCommandHandler
                0x00000000000a1784                eCLD_OnOffCommandHandler
 .text          0x00000000000a1b54      0xb78 C:\DOCUME~1\g\LOCALS~1\Temp\cclMP2jv.ltrans29.ltrans.o
                0x00000000000a1bcd                zps_bAplZdoDefaultServer
                0x00000000000a1f36                zps_bAplZdoZdoClient
                0x00000000000a23a6                zps_eZdpMgmtLeaveResponse
                0x00000000000a23c7                zps_eZdpMgmtPermitJoiningResponse
                0x00000000000a242a                zps_eAplZdpDeviceAnnceRequest.part.0.101519
                0x00000000000a2471                os_vAPP_ZPR_Light_Task
 .text          0x00000000000a26cc      0x4ea C:\DOCUME~1\g\LOCALS~1\Temp\cclMP2jv.ltrans30.ltrans.o
                0x00000000000a26cc                ZPS_vAplHandleApsdeReqRsp
                0x00000000000a2aec                zps_eAplZdpApsdeReqInternal
                0x00000000000a2b5b                zps_eAplZdpGenStatusOnlyResponse
 .text          0x00000000000a2bb6      0x49d C:\DOCUME~1\g\LOCALS~1\Temp\cclMP2jv.ltrans31.ltrans.o
                0x00000000000a2bb6                AppWarmStart
                0x00000000000a2bd0                AppColdStart
                0x00000000000a2ead                os_vUnclaimedInterrupt
                0x00000000000a2ebf                os_vControlledIntCheck
                0x00000000000a2f04                os_vControlledInterrupt
                0x00000000000a2f3d                os_vAPP_isrIllegalInstruction
                0x00000000000a2f4a                os_vAPP_isrAlignmentException
                0x00000000000a2f57                os_vAPP_isrBusErrorException
                0x00000000000a2f5b                os_vAPP_isrUnimplementedModuleException
                0x00000000000a2f5f                os_vAPP_isrStackOverflowException
                0x00000000000a2f63                os_vAPP_isrTickTimer
 .text          0x00000000000a3053       0x25 c:/nxp/bstudio_nxp/sdk/tools/ba-elf-ba2-r36379/bin/../lib/gcc/ba-elf/4.7.4/../../../../ba-elf/lib/mcpu_jn51xx_sizeopt\libc.a(lib_a-memcmp.o)
                0x00000000000a3053                memcmp
 .text          0x00000000000a3078       0x19 c:/nxp/bstudio_nxp/sdk/tools/ba-elf-ba2-r36379/bin/../lib/gcc/ba-elf/4.7.4/../../../../ba-elf/lib/mcpu_jn51xx_sizeopt\libc.a(lib_a-memcpy.o)
 .text          0x00000000000a3091       0x12 c:/nxp/bstudio_nxp/sdk/tools/ba-elf-ba2-r36379/bin/../lib/gcc/ba-elf/4.7.4/../../../../ba-elf/lib/mcpu_jn51xx_sizeopt\libc.a(lib_a-memset.o)
                0x00000000000a3091                memset
 .text          0x00000000000a30a3       0x12 c:/nxp/bstudio_nxp/sdk/tools/ba-elf-ba2-r36379/bin/../lib/gcc/ba-elf/4.7.4/../../../../ba-elf/lib/mcpu_jn51xx_sizeopt\libc.a(lib_a-strlen.o)
                0x00000000000a30a3                strlen
 .text          0x00000000000a30b5       0x2b c:/nxp/bstudio_nxp/sdk/tools/ba-elf-ba2-r36379/bin/../lib/gcc/ba-elf/4.7.4/../../../../ba-elf/lib/mcpu_jn51xx_sizeopt\libc.a(lib_a-strncpy.o)
                0x00000000000a30b5                strncpy
 .text          0x00000000000a30e0      0x204 c:/nxp/bstudio_nxp/sdk/tools/ba-elf-ba2-r36379/bin/../lib/gcc/ba-elf/4.7.4/mcpu_jn51xx_sizeopt\libgcc.a(__udivsi3.o)
                0x00000000000a30e0                __udivsi3
 .text          0x00000000000a32e4       0x30 c:/nxp/bstudio_nxp/sdk/tools/ba-elf-ba2-r36379/bin/../lib/gcc/ba-elf/4.7.4/mcpu_jn51xx_sizeopt\libgcc.a(__divsi3.o)
                0x00000000000a32e4                __divsi3
 .text          0x00000000000a3314      0x1b0 c:/nxp/bstudio_nxp/sdk/tools/ba-elf-ba2-r36379/bin/../lib/gcc/ba-elf/4.7.4/mcpu_jn51xx_sizeopt\libgcc.a(__umodsi3.o)
                0x00000000000a3314                __umodsi3
 .text          0x00000000000a34c4       0x24 c:/nxp/bstudio_nxp/sdk/tools/ba-elf-ba2-r36379/bin/../lib/gcc/ba-elf/4.7.4/mcpu_jn51xx_sizeopt\libgcc.a(__modsi3.o)
                0x00000000000a34c4                __modsi3
 .text          0x00000000000a34e8       0x39 c:/nxp/bstudio_nxp/sdk/tools/ba-elf-ba2-r36379/bin/../lib/gcc/ba-elf/4.7.4/mcpu_jn51xx_sizeopt\libgcc.a(_fixunsdfsi.o)
                0x00000000000a34e8                __fixunsdfsi
 .text          0x00000000000a3521      0x3bd c:/nxp/bstudio_nxp/sdk/tools/ba-elf-ba2-r36379/bin/../lib/gcc/ba-elf/4.7.4/mcpu_jn51xx_sizeopt\libgcc.a(_divdi3.o)
                0x00000000000a3521                __divdi3
 .text          0x00000000000a38de      0x350 c:/nxp/bstudio_nxp/sdk/tools/ba-elf-ba2-r36379/bin/../lib/gcc/ba-elf/4.7.4/mcpu_jn51xx_sizeopt\libgcc.a(_udivdi3.o)
                0x00000000000a38de                __udivdi3
 .text          0x00000000000a3c2e      0x384 c:/nxp/bstudio_nxp/sdk/tools/ba-elf-ba2-r36379/bin/../lib/gcc/ba-elf/4.7.4/mcpu_jn51xx_sizeopt\libgcc.a(addsf3.o)
                0x00000000000a3c2e                __addsf3
 *fill*         0x00000000000a3fb2        0x2 00
 .text          0x00000000000a3fb4      0x218 c:/nxp/bstudio_nxp/sdk/tools/ba-elf-ba2-r36379/bin/../lib/gcc/ba-elf/4.7.4/mcpu_jn51xx_sizeopt\libgcc.a(divsf3.o)
                0x00000000000a3fb4                __divsf3
 .text          0x00000000000a41cc       0x81 c:/nxp/bstudio_nxp/sdk/tools/ba-elf-ba2-r36379/bin/../lib/gcc/ba-elf/4.7.4/mcpu_jn51xx_sizeopt\libgcc.a(eqsf2.o)
                0x00000000000a41cc                __eqsf2
                0x00000000000a41cc                __nesf2
 .text          0x00000000000a424d       0xac c:/nxp/bstudio_nxp/sdk/tools/ba-elf-ba2-r36379/bin/../lib/gcc/ba-elf/4.7.4/mcpu_jn51xx_sizeopt\libgcc.a(gesf2.o)
                0x00000000000a424d                __gesf2
                0x00000000000a424d                __gtsf2
 .text          0x00000000000a42f9       0xac c:/nxp/bstudio_nxp/sdk/tools/ba-elf-ba2-r36379/bin/../lib/gcc/ba-elf/4.7.4/mcpu_jn51xx_sizeopt\libgcc.a(lesf2.o)
                0x00000000000a42f9                __ltsf2
                0x00000000000a42f9                __lesf2
 *fill*         0x00000000000a43a5        0x3 00
 .text          0x00000000000a43a8      0x24c c:/nxp/bstudio_nxp/sdk/tools/ba-elf-ba2-r36379/bin/../lib/gcc/ba-elf/4.7.4/mcpu_jn51xx_sizeopt\libgcc.a(mulsf3.o)
                0x00000000000a43a8                __mulsf3
 .text          0x00000000000a45f4      0x3a2 c:/nxp/bstudio_nxp/sdk/tools/ba-elf-ba2-r36379/bin/../lib/gcc/ba-elf/4.7.4/mcpu_jn51xx_sizeopt\libgcc.a(subsf3.o)
                0x00000000000a45f4                __subsf3
 .text          0x00000000000a4996       0x53 c:/nxp/bstudio_nxp/sdk/tools/ba-elf-ba2-r36379/bin/../lib/gcc/ba-elf/4.7.4/mcpu_jn51xx_sizeopt\libgcc.a(fixsfsi.o)
                0x00000000000a4996                __fixsfsi
 .text          0x00000000000a49e9       0xad c:/nxp/bstudio_nxp/sdk/tools/ba-elf-ba2-r36379/bin/../lib/gcc/ba-elf/4.7.4/mcpu_jn51xx_sizeopt\libgcc.a(floatunsisf.o)
                0x00000000000a49e9                __floatunsisf
 .text          0x00000000000a4a96      0x682 c:/nxp/bstudio_nxp/sdk/tools/ba-elf-ba2-r36379/bin/../lib/gcc/ba-elf/4.7.4/mcpu_jn51xx_sizeopt\libgcc.a(adddf3.o)
                0x00000000000a4a96                __adddf3
 .text          0x00000000000a5118      0x5c8 c:/nxp/bstudio_nxp/sdk/tools/ba-elf-ba2-r36379/bin/../lib/gcc/ba-elf/4.7.4/mcpu_jn51xx_sizeopt\libgcc.a(divdf3.o)
                0x00000000000a5118                __divdf3
 .text          0x00000000000a56e0       0xca c:/nxp/bstudio_nxp/sdk/tools/ba-elf-ba2-r36379/bin/../lib/gcc/ba-elf/4.7.4/mcpu_jn51xx_sizeopt\libgcc.a(gedf2.o)
                0x00000000000a56e0                __gedf2
                0x00000000000a56e0                __gtdf2
 *fill*         0x00000000000a57aa        0x2 00
 .text          0x00000000000a57ac      0x488 c:/nxp/bstudio_nxp/sdk/tools/ba-elf-ba2-r36379/bin/../lib/gcc/ba-elf/4.7.4/mcpu_jn51xx_sizeopt\libgcc.a(muldf3.o)
                0x00000000000a57ac                __muldf3
 .text          0x00000000000a5c34      0x693 c:/nxp/bstudio_nxp/sdk/tools/ba-elf-ba2-r36379/bin/../lib/gcc/ba-elf/4.7.4/mcpu_jn51xx_sizeopt\libgcc.a(subdf3.o)
                0x00000000000a5c34                __subdf3
 .text          0x00000000000a62c7       0x64 c:/nxp/bstudio_nxp/sdk/tools/ba-elf-ba2-r36379/bin/../lib/gcc/ba-elf/4.7.4/mcpu_jn51xx_sizeopt\libgcc.a(fixdfsi.o)
                0x00000000000a62c7                __fixdfsi
 .text          0x00000000000a632b       0x8f c:/nxp/bstudio_nxp/sdk/tools/ba-elf-ba2-r36379/bin/../lib/gcc/ba-elf/4.7.4/mcpu_jn51xx_sizeopt\libgcc.a(extendsfdf2.o)
                0x00000000000a632b                __extendsfdf2
 .text          0x00000000000a63ba      0x13e c:/nxp/bstudio_nxp/sdk/tools/ba-elf-ba2-r36379/bin/../lib/gcc/ba-elf/4.7.4/mcpu_jn51xx_sizeopt\libgcc.a(truncdfsf2.o)
                0x00000000000a63ba                __truncdfsf2
 *fill*         0x00000000000a64f8        0x0 00
 .text          0x00000000000a64f8      0x138 c:/NXP/bstudio_nxp/workspace/Custom_ZLL_Lights/Light_ColorLight/Build/os_irq.o
                0x00000000000a64f8                os_ExternalException_W
                0x00000000000a653c                os_PIC_ChannelPriorities
                0x00000000000a654c                os_OSMIUM_HwVectTable
                0x00000000000a6588                os_PIC_SwVectTable
 .text          0x00000000000a6630       0x29 c:/NXP/bstudio_nxp/workspace/Custom_ZLL_Lights/Light_ColorLight/Build/os_irq_alignment.o
                0x00000000000a6630                IRQ_Alignment
 .text          0x00000000000a6659       0x29 c:/NXP/bstudio_nxp/workspace/Custom_ZLL_Lights/Light_ColorLight/Build/os_irq_buserror.o
                0x00000000000a6659                IRQ_BusError
 .text          0x00000000000a6682       0x29 c:/NXP/bstudio_nxp/workspace/Custom_ZLL_Lights/Light_ColorLight/Build/os_irq_illegalinstruction.o
                0x00000000000a6682                IRQ_IllegalInstruction
 .text          0x00000000000a66ab       0x29 c:/NXP/bstudio_nxp/workspace/Custom_ZLL_Lights/Light_ColorLight/Build/os_irq_stackoverflowexception.o
                0x00000000000a66ab                IRQ_StackOverflowException
 .text          0x00000000000a66d4       0x29 c:/NXP/bstudio_nxp/workspace/Custom_ZLL_Lights/Light_ColorLight/Build/os_irq_unimplementedmodule.o
                0x00000000000a66d4                IRQ_UnimplementedModule
 *fill*         0x00000000000a66fd        0x3 00
 .text          0x00000000000a6700       0xc0 c:/NXP/bstudio_nxp/sdk/JN-SW-4168/Components/Library\libOS_JN516x.a(os_contirq_JN516x.o)
                0x00000000000a6700                os_ExternalException_R
                0x00000000000a6730                os_CFunc_W
                0x00000000000a6780                os_UnclaimedException_W
                0x00000000000a67a0                os_UnclaimedInterrupt_W
 .text          0x00000000000a67c0       0x48 c:/NXP/bstudio_nxp/sdk/JN-SW-4168/Components/Library\libPWRM_JN516x.a(pwrm_setjmp_JN516x.o)
                0x00000000000a67c0                setjmp
                0x00000000000a67e4                PWRM_longjmp
 .text          0x00000000000a6808       0x27 c:/NXP/bstudio_nxp/sdk/JN-SW-4168/Components/Library\libHardwareApi_JN5169.a(AHI_Interrupt.o)
                0x00000000000a6808                vAHI_InterruptSetPriority
                0x00000000000a6826                vAHI_InterruptSetActivePriorityLevel
 .text.vMicroSyscall
                0x00000000000a682f       0x17 c:/NXP/bstudio_nxp/sdk/JN-SW-4168/Components/Library\libMicroSpecific_JN516x.a(MicroSyscall_ba.o)
                0x00000000000a682f                vMicroSyscall
 .text          0x00000000000a6846        0x0 c:/NXP/bstudio_nxp/sdk/JN-SW-4168/Components/Library\libOS_JN516x.a(os_version_lc.o)
                0x00000000000a6846                OS_Version_1v2
 .text          0x00000000000a6846        0x0 c:/NXP/bstudio_nxp/sdk/JN-SW-4168/Components/Library\libZPSAPL_JN516x.a(zps_apl_version_lc.o)
                0x00000000000a6846                ZPS_APL_Version_2v0
 .text          0x00000000000a6846        0x0 c:/NXP/bstudio_nxp/sdk/JN-SW-4168/Components/Library\libZPSNWK_JN516x.a(zps_nwk_version_lc.o)
                0x00000000000a6846                ZPS_NWK_Version_2v0
 .text          0x00000000000a6846      0x12a c:/nxp/bstudio_nxp/sdk/tools/ba-elf-ba2-r36379/bin/../lib/gcc/ba-elf/4.7.4/../../../../ba-elf/lib/mcpu_jn51xx_sizeopt\libm.a(lib_a-s_floor.o)
                0x00000000000a6846                floor
                0x00000000000a6970                _flash_end = ABSOLUTE (.)

.rela.dyn       0x00000000000a6970        0x0
 .rela.text     0x0000000000000000        0x0 c:/NXP/bstudio_nxp/workspace/Custom_ZLL_Lights/Light_ColorLight/Build/os_irq.o
 .rela.data     0x0000000000000000        0x0 c:/NXP/bstudio_nxp/workspace/Custom_ZLL_Lights/Light_ColorLight/Build/os_irq.o
 .rela.rodata   0x0000000000000000        0x0 c:/NXP/bstudio_nxp/workspace/Custom_ZLL_Lights/Light_ColorLight/Build/os_irq.o
                0x000000000400004c                . = ORIGIN (ram)

.data           0x000000000400004c      0x8b4 load address 0x00000000000a6970
                0x000000000400004c                _ram_data_start = ABSOLUTE (.)
 *(.data*)
 .data          0x000000000400004c       0xe8 C:\DOCUME~1\g\LOCALS~1\Temp\cclMP2jv.ltrans0.ltrans.o
                0x000000000400004c                u8MiniMacConfig_MaxConcurrentAssocResponses
                0x0000000004000050                psShadowRxBuffer
 .data          0x0000000004000134        0x4 C:\DOCUME~1\g\LOCALS~1\Temp\cclMP2jv.ltrans1.ltrans.o
                0x0000000004000134                u32HeapStart
 .data          0x0000000004000138      0x148 C:\DOCUME~1\g\LOCALS~1\Temp\cclMP2jv.ltrans3.ltrans.o
 .data          0x0000000004000280        0x1 C:\DOCUME~1\g\LOCALS~1\Temp\cclMP2jv.ltrans8.ltrans.o
 .data          0x0000000004000281        0x1 C:\DOCUME~1\g\LOCALS~1\Temp\cclMP2jv.ltrans9.ltrans.o
 .data          0x0000000004000282        0x6 C:\DOCUME~1\g\LOCALS~1\Temp\cclMP2jv.ltrans13.ltrans.o
 .data          0x0000000004000288        0x4 C:\DOCUME~1\g\LOCALS~1\Temp\cclMP2jv.ltrans15.ltrans.o
                0x0000000004000288                bCanLoopback.66595
 .data          0x000000000400028c        0x4 C:\DOCUME~1\g\LOCALS~1\Temp\cclMP2jv.ltrans22.ltrans.o
 .data          0x0000000004000290        0x8 C:\DOCUME~1\g\LOCALS~1\Temp\cclMP2jv.ltrans23.ltrans.o
 .data          0x0000000004000298       0x40 C:\DOCUME~1\g\LOCALS~1\Temp\cclMP2jv.ltrans26.ltrans.o
                0x0000000004000298                sDeviceTable
                0x00000000040002b0                sZllState
 .data          0x00000000040002d8       0xa4 C:\DOCUME~1\g\LOCALS~1\Temp\cclMP2jv.ltrans27.ltrans.o
                0x00000000040002d8                s_asapduZCLInstances
                0x0000000004000350                s_asapduZDPInstances
 *fill*         0x000000000400037c        0x4 00
 .data          0x0000000004000380      0x568 C:\DOCUME~1\g\LOCALS~1\Temp\cclMP2jv.ltrans31.ltrans.o
                0x0000000004000380                s_keyPairTableStorage.3051
                0x00000000040003e0                os_Mutex_mutexMAC
                0x00000000040003e8                os_Mutex_mutexZPS
                0x00000000040003f0                s_sApl.3006
                0x0000000004000540                os_Message_APP_msgZpsEvents_ZCL
                0x0000000004000564                os_SWTimer_APP_cntrTickTimer_APP_CommissionTimer
                0x0000000004000580                os_SWTimer_APP_cntrTickTimer_APP_TickTimer
                0x000000000400059c                os_Message_APP_msgZpsEvents
                0x00000000040005c0                os_Message_APP_msgEvents
                0x00000000040005e4                os_Message_APP_CommissionEvents
                0x0000000004000608                os_Message_zps_msgMlmeDcfmInd
                0x000000000400062c                os_Message_zps_msgTimeEvents
                0x0000000004000650                os_Message_zps_msgMcpsDcfmInd
                0x0000000004000674                os_Message_zps_msgMcpsDcfm
                0x0000000004000698                os_Task_ZCL_Task
                0x00000000040006a4                os_Task_APP_CommissionTimerTask
                0x00000000040006b0                os_Task_Tick_Task
                0x00000000040006bc                os_Task_APP_ZPR_Light_Task
                0x00000000040006c8                os_Task_APP_Commission_Task
                0x00000000040006d4                os_Task_zps_taskZPS
                0x00000000040006e0                u8AhiBaudRate.123423
                0x00000000040006e4                sLI_Vars.6999
                0x0000000004000724                s_prbMemberCheck.60650
                0x0000000004000728                s_prvErrorHook.60648
                0x000000000400072c                g_u8ZpsExpiryMaxCount
 .data.s_asAPduPool
                0x00000000040008e8       0x18 c:/NXP/bstudio_nxp/workspace/Custom_ZLL_Lights/Light_ColorLight/Build/pdum_apdu.o
                0x00000000040008e8                pdum_apduZDP
                0x00000000040008e8                s_asAPduPool
                0x00000000040008f4                pdum_apduZCL
 *(.data.*)
                0x0000000004000900                . = ALIGN (0x4)
                0x0000000004000900                _ram_data_end = ABSOLUTE (.)

.bss            0x0000000004000900     0x3e30 load address 0x00000000000a7224
                0x0000000004000900                _bss_start = ABSOLUTE (.)
 *(.bss*)
 .bss           0x0000000004000900     0x1128 C:\DOCUME~1\g\LOCALS~1\Temp\cclMP2jv.ltrans0.ltrans.o
                0x0000000004000900                psNextWake.60721
                0x0000000004000904                s_bWakeTimerActive.60722
                0x0000000004000905                s_ePowerMode.60723
                0x0000000004000906                gu16NumberOfSegments.148894
                0x0000000004000908                u8MaxNpdu.60931
                0x0000000004000909                u8Count.60930
                0x000000000400090c                s_psNPduPoolEnd.60933
                0x0000000004000910                s_psNPduPoolStart.60932
                0x0000000004000914                s_psFreeListHead.60929
                0x0000000004000918                s_hMutex.60928
                0x000000000400091c                s_hMutex.61048
                0x0000000004000920                s_asAPduPool.61047
                0x0000000004000924                pfExtendedStatusCallBack.127778
                0x0000000004000928                sScenesCustomData.4315
                0x0000000004000a6c                psAplDefaultZLLAPSLinkKey
                0x0000000004000a70                s_u32x.121077
                0x0000000004000a74                pfOptionsFilterCallback