Archive member included because of file (symbol)

c:/NXP/bstudio_nxp/sdk/JN-SW-4168/Components/Library\libOS_JN516x.a(os.o)
                              c:/NXP/bstudio_nxp/workspace/JN-AN-1171-ZigBee-LightLink-Demo/Controller_ColorController/Build/os_gen.o (symbol from plugin) (os_vStart)
c:/NXP/bstudio_nxp/sdk/JN-SW-4168/Components/Library\libOS_JN516x.a(os_contirq_JN516x.o)
                              c:/NXP/bstudio_nxp/workspace/JN-AN-1171-ZigBee-LightLink-Demo/Controller_ColorController/Build/os_irq.o (os_UnclaimedException_W)
c:/NXP/bstudio_nxp/sdk/JN-SW-4168/Components/Library\libPWRM_JN516x.a(pwrm.o)
                              c:/NXP/bstudio_nxp/workspace/JN-AN-1171-ZigBee-LightLink-Demo/Controller_ColorController/Build/app_start_remote.o (symbol from plugin) (PWRM_vInit)
c:/NXP/bstudio_nxp/sdk/JN-SW-4168/Components/Library\libPWRM_JN516x.a(pwrm_setjmp_JN516x.o)
                              pwrm.o (symbol from plugin) (setjmp)
c:/NXP/bstudio_nxp/sdk/JN-SW-4168/Components/Library\libPWRM_JN516x.a(pwrm_cold_start.o)
                              (AppColdStart)
c:/NXP/bstudio_nxp/sdk/JN-SW-4168/Components/Library\libPWRM_JN516x.a(pwrm_warm_start.o)
                              (AppWarmStart)
c:/NXP/bstudio_nxp/sdk/JN-SW-4168/Components/Library\libPDUM_JN516x.a(pdum_nwk.o)
                              c:/NXP/bstudio_nxp/workspace/JN-AN-1171-ZigBee-LightLink-Demo/Controller_ColorController/Build/pdum_gen.o (symbol from plugin) (pdum_vNPduInit)
c:/NXP/bstudio_nxp/sdk/JN-SW-4168/Components/Library\libPDUM_JN516x.a(pdum_apl.o)
                              c:/NXP/bstudio_nxp/workspace/JN-AN-1171-ZigBee-LightLink-Demo/Controller_ColorController/Build/zll_CommissionCmdHandler.o (symbol from plugin) (PDUM_u16APduInstanceReadNBO)
c:/NXP/bstudio_nxp/sdk/JN-SW-4168/Components/Library\libPDUM_JN516x.a(pdum.o)
                              pdum_nwk.o (symbol from plugin) (PDUM_u16SizeNBO)
c:/NXP/bstudio_nxp/sdk/JN-SW-4168/Components/Library\libZPSAPL_JN516x.a(zps_apl_af.o)
                              c:/NXP/bstudio_nxp/workspace/JN-AN-1171-ZigBee-LightLink-Demo/Controller_ColorController/Build/zll_remote_node.o (symbol from plugin) (ZPS_eAplAfInit)
c:/NXP/bstudio_nxp/sdk/JN-SW-4168/Components/Library\libZPSAPL_JN516x.a(zps_apl_af_apsde.o)
                              c:/NXP/bstudio_nxp/workspace/JN-AN-1171-ZigBee-LightLink-Demo/Controller_ColorController/Build/zps_gen.o (symbol from plugin) (zps_vHandleApsdeDataFragIndNotSupported)
c:/NXP/bstudio_nxp/sdk/JN-SW-4168/Components/Library\libZPSAPL_JN516x.a(zps_apl_task.o)
                              zps_apl_af_apsde.o (symbol from plugin) (zps_vAplAfPostEvent)
c:/NXP/bstudio_nxp/sdk/JN-SW-4168/Components/Library\libZPSAPL_JN516x.a(zps_apl_apsde.o)
                              zps_apl_task.o (symbol from plugin) (ZPS_vAplRegisterApsdeDcfmIndCallbacks)
c:/NXP/bstudio_nxp/sdk/JN-SW-4168/Components/Library\libZPSAPL_JN516x.a(zps_apl_apsme.o)
                              zps_apl_task.o (symbol from plugin) (ZPS_vAplRegisterApsmeDcfmIndCallbacks)
c:/NXP/bstudio_nxp/sdk/JN-SW-4168/Components/Library\libZPSAPL_JN516x.a(zps_apl_aps_nlde.o)
                              zps_apl_task.o (symbol from plugin) (zps_vAplApsHandleNldeDcfmInd)
c:/NXP/bstudio_nxp/sdk/JN-SW-4168/Components/Library\libZPSAPL_JN516x.a(zps_apl_sec.o)
                              zps_apl_task.o (symbol from plugin) (zps_psFindKeyDescr)
c:/NXP/bstudio_nxp/sdk/JN-SW-4168/Components/Library\libZPSAPL_JN516x.a(zps_apl_aib.o)
                              c:/NXP/bstudio_nxp/workspace/JN-AN-1171-ZigBee-LightLink-Demo/Controller_ColorController/Build/zll_remote_node.o (symbol from plugin) (zps_psAplAibGetAib)
c:/NXP/bstudio_nxp/sdk/JN-SW-4168/Components/Library\libZPSAPL_JN516x.a(zps_apl_zdo_nwkmanager.o)
                              zps_apl_apsme.o (symbol from plugin) (zps_vAplSaveRecord)
c:/NXP/bstudio_nxp/sdk/JN-SW-4168/Components/Library\libZPSAPL_JN516x.a(zps_apl_zdo_handle_zdp_event.o)
                              zps_apl_task.o (symbol from plugin) (zps_bAplZdoHandleZdpEvent)
c:/NXP/bstudio_nxp/sdk/JN-SW-4168/Components/Library\libZPSAPL_JN516x.a(zps_apl_zdo_trust_center.o)
                              zps_apl_sec.o (symbol from plugin) (zps_eAplTrustCenterFindDevice)
c:/NXP/bstudio_nxp/sdk/JN-SW-4168/Components/Library\libZPSAPL_JN516x.a(zps_apl_zdo_common.o)
                              zps_apl_zdo_nwkmanager.o (symbol from plugin) (zps_eAplZdoNlmeleaveWrapper)
c:/NXP/bstudio_nxp/sdk/JN-SW-4168/Components/Library\libZPSAPL_JN516x.a(zps_apl_zdo_group.o)
                              c:/NXP/bstudio_nxp/workspace/JN-AN-1171-ZigBee-LightLink-Demo/Controller_ColorController/Build/GroupsTableManager.o (symbol from plugin) (zps_eAplZdoGroupEndpointAdd)
c:/NXP/bstudio_nxp/sdk/JN-SW-4168/Components/Library\libZPSAPL_JN516x.a(zps_apl_zdo_default_server.o)
[...]
Memory Configuration

Name             Origin             Length             Attributes
flash            0x0000000000080000 0x0000000000040000
ram              0x000000000400004c 0x0000000000007fb4
*default*        0x0000000000000000 0xffffffffffffffff

Linker script and memory map

                0x0000000000001388                __stack_size = 0x1388
                0x00000000000007d0                __minimum_heap_size = 0x7d0
START GROUP
LOAD c:/NXP/bstudio_nxp/workspace/JN-AN-1171-ZigBee-LightLink-Demo/Controller_ColorController/Build/os_gen.o
LOAD C:\DOCUME~1\g\LOCALS~1\Temp\ccH6VvmT.ltrans0.ltrans.o
LOAD C:\DOCUME~1\g\LOCALS~1\Temp\ccH6VvmT.ltrans1.ltrans.o
LOAD C:\DOCUME~1\g\LOCALS~1\Temp\ccH6VvmT.ltrans2.ltrans.o
LOAD C:\DOCUME~1\g\LOCALS~1\Temp\ccH6VvmT.ltrans3.ltrans.o
LOAD C:\DOCUME~1\g\LOCALS~1\Temp\ccH6VvmT.ltrans4.ltrans.o
LOAD C:\DOCUME~1\g\LOCALS~1\Temp\ccH6VvmT.ltrans5.ltrans.o
LOAD C:\DOCUME~1\g\LOCALS~1\Temp\ccH6VvmT.ltrans6.ltrans.o
LOAD C:\DOCUME~1\g\LOCALS~1\Temp\ccH6VvmT.ltrans7.ltrans.o
LOAD C:\DOCUME~1\g\LOCALS~1\Temp\ccH6VvmT.ltrans8.ltrans.o
LOAD C:\DOCUME~1\g\LOCALS~1\Temp\ccH6VvmT.ltrans9.ltrans.o
LOAD C:\DOCUME~1\g\LOCALS~1\Temp\ccH6VvmT.ltrans10.ltrans.o
LOAD C:\DOCUME~1\g\LOCALS~1\Temp\ccH6VvmT.ltrans11.ltrans.o
LOAD C:\DOCUME~1\g\LOCALS~1\Temp\ccH6VvmT.ltrans12.ltrans.o
LOAD C:\DOCUME~1\g\LOCALS~1\Temp\ccH6VvmT.ltrans13.ltrans.o
LOAD C:\DOCUME~1\g\LOCALS~1\Temp\ccH6VvmT.ltrans14.ltrans.o
LOAD C:\DOCUME~1\g\LOCALS~1\Temp\ccH6VvmT.ltrans15.ltrans.o
LOAD C:\DOCUME~1\g\LOCALS~1\Temp\ccH6VvmT.ltrans16.ltrans.o
LOAD C:\DOCUME~1\g\LOCALS~1\Temp\ccH6VvmT.ltrans17.ltrans.o
LOAD C:\DOCUME~1\g\LOCALS~1\Temp\ccH6VvmT.ltrans18.ltrans.o
LOAD C:\DOCUME~1\g\LOCALS~1\Temp\ccH6VvmT.ltrans19.ltrans.o
LOAD C:\DOCUME~1\g\LOCALS~1\Temp\ccH6VvmT.ltrans20.ltrans.o
LOAD C:\DOCUME~1\g\LOCALS~1\Temp\ccH6VvmT.ltrans21.ltrans.o
LOAD C:\DOCUME~1\g\LOCALS~1\Temp\ccH6VvmT.ltrans22.ltrans.o
LOAD C:\DOCUME~1\g\LOCALS~1\Temp\ccH6VvmT.ltrans23.ltrans.o
LOAD C:\DOCUME~1\g\LOCALS~1\Temp\ccH6VvmT.ltrans24.ltrans.o
LOAD C:\DOCUME~1\g\LOCALS~1\Temp\ccH6VvmT.ltrans25.ltrans.o
LOAD C:\DOCUME~1\g\LOCALS~1\Temp\ccH6VvmT.ltrans26.ltrans.o
LOAD C:\DOCUME~1\g\LOCALS~1\Temp\ccH6VvmT.ltrans27.ltrans.o
LOAD C:\DOCUME~1\g\LOCALS~1\Temp\ccH6VvmT.ltrans28.ltrans.o
LOAD C:\DOCUME~1\g\LOCALS~1\Temp\ccH6VvmT.ltrans29.ltrans.o
LOAD C:\DOCUME~1\g\LOCALS~1\Temp\ccH6VvmT.ltrans30.ltrans.o
LOAD C:\DOCUME~1\g\LOCALS~1\Temp\ccH6VvmT.ltrans31.ltrans.o
LOAD c:/nxp/bstudio_nxp/sdk/tools/ba-elf-ba2-r36379/bin/../lib/gcc/ba-elf/4.7.4/../../../../ba-elf/lib/mcpu_jn51xx_sizeopt\libc.a
LOAD c:/nxp/bstudio_nxp/sdk/tools/ba-elf-ba2-r36379/bin/../lib/gcc/ba-elf/4.7.4/mcpu_jn51xx_sizeopt\libgcc.a
LOAD c:/nxp/bstudio_nxp/sdk/tools/ba-elf-ba2-r36379/bin/../lib/gcc/ba-elf/4.7.4/../../../../ba-elf/lib/mcpu_jn51xx_sizeopt\libc.a
LOAD c:/NXP/bstudio_nxp/workspace/JN-AN-1171-ZigBee-LightLink-Demo/Controller_ColorController/Build/os_irq.o
LOAD c:/NXP/bstudio_nxp/workspace/JN-AN-1171-ZigBee-LightLink-Demo/Controller_ColorController/Build/os_irq_alignment.o
LOAD c:/NXP/bstudio_nxp/workspace/JN-AN-1171-ZigBee-LightLink-Demo/Controller_ColorController/Build/os_irq_buserror.o
LOAD c:/NXP/bstudio_nxp/workspace/JN-AN-1171-ZigBee-LightLink-Demo/Controller_ColorController/Build/os_irq_illegalinstruction.o
LOAD c:/NXP/bstudio_nxp/workspace/JN-AN-1171-ZigBee-LightLink-Demo/Controller_ColorController/Build/os_irq_stackoverflowexception.o
LOAD c:/NXP/bstudio_nxp/workspace/JN-AN-1171-ZigBee-LightLink-Demo/Controller_ColorController/Build/os_irq_unimplementedmodule.o
LOAD c:/NXP/bstudio_nxp/workspace/JN-AN-1171-ZigBee-LightLink-Demo/Controller_ColorController/Build/pdum_gen.o
LOAD c:/NXP/bstudio_nxp/workspace/JN-AN-1171-ZigBee-LightLink-Demo/Controller_ColorController/Build/pdum_apdu.o
LOAD c:/NXP/bstudio_nxp/workspace/JN-AN-1171-ZigBee-LightLink-Demo/Controller_ColorController/Build/zps_gen.o
LOAD c:/NXP/bstudio_nxp/workspace/JN-AN-1171-ZigBee-LightLink-Demo/Controller_ColorController/Build/app_timer_driver.o
LOAD c:/NXP/bstudio_nxp/workspace/JN-AN-1171-ZigBee-LightLink-Demo/Controller_ColorController/Build/app_led_control.o
LOAD c:/NXP/bstudio_nxp/workspace/JN-AN-1171-ZigBee-LightLink-Demo/Controller_ColorController/Build/app_start_remote.o
LOAD c:/NXP/bstudio_nxp/workspace/JN-AN-1171-ZigBee-LightLink-Demo/Controller_ColorController/Build/app_captouch_buttons.o
LOAD c:/NXP/bstudio_nxp/workspace/JN-AN-1171-ZigBee-LightLink-Demo/Controller_ColorController/Build/DriverCapTouch.o
LOAD c:/NXP/bstudio_nxp/workspace/JN-AN-1171-ZigBee-LightLink-Demo/Controller_ColorController/Build/App_Controller_ColorController.o
LOAD c:/NXP/bstudio_nxp/workspace/JN-AN-1171-ZigBee-LightLink-Demo/Controller_ColorController/Build/zll_remote_node.o
LOAD c:/NXP/bstudio_nxp/workspace/JN-AN-1171-ZigBee-LightLink-Demo/Controller_ColorController/Build/ecb_decrypt.o
LOAD c:/NXP/bstudio_nxp/workspace/JN-AN-1171-ZigBee-LightLink-Demo/Controller_ColorController/Build/app_zcl_remote_task.o
LOAD c:/NXP/bstudio_nxp/workspace/JN-AN-1171-ZigBee-LightLink-Demo/Controller_ColorController/Build/app_remote_commission_task.o
LOAD c:/NXP/bstudio_nxp/workspace/JN-AN-1171-ZigBee-LightLink-Demo/Controller_ColorController/Build/low_bat_indicator.o
LOAD c:/NXP/bstudio_nxp/workspace/JN-AN-1171-ZigBee-LightLink-Demo/Controller_ColorController/Build/appZpsBeaconHandler.o
LOAD c:/NXP/bstudio_nxp/workspace/JN-AN-1171-ZigBee-LightLink-Demo/Controller_ColorController/Build/Alarms.o
LOAD c:/NXP/bstudio_nxp/workspace/JN-AN-1171-ZigBee-LightLink-Demo/Controller_ColorController/Build/AlarmsClientCommands.o
LOAD c:/NXP/bstudio_nxp/workspace/JN-AN-1171-ZigBee-LightLink-Demo/Controller_ColorController/Build/AlarmsCommandHandler.o
LOAD c:/NXP/bstudio_nxp/workspace/JN-AN-1171-ZigBee-LightLink-Demo/Controller_ColorController/Build/AlarmsServerCommands.o
LOAD c:/NXP/bstudio_nxp/workspace/JN-AN-1171-ZigBee-LightLink-Demo/Controller_ColorController/Build/AlarmsTableManager.o
LOAD c:/NXP/bstudio_nxp/workspace/JN-AN-1171-ZigBee-LightLink-Demo/Controller_ColorController/Build/AnalogInputBasic.o
LOAD c:/NXP/bstudio_nxp/workspace/JN-AN-1171-ZigBee-LightLink-Demo/Controller_ColorController/Build/AnalogOutputBasic.o
LOAD c:/NXP/bstudio_nxp/workspace/JN-AN-1171-ZigBee-LightLink-Demo/Controller_ColorController/Build/Basic.o
LOAD c:/NXP/bstudio_nxp/workspace/JN-AN-1171-ZigBee-LightLink-Demo/Controller_ColorController/Build/BasicClientCommands.o
LOAD c:/NXP/bstudio_nxp/workspace/JN-AN-1171-ZigBee-LightLink-Demo/Controller_ColorController/Build/BasicCommandHandler.o
LOAD c:/NXP/bstudio_nxp/workspace/JN-AN-1171-ZigBee-LightLink-Demo/Controller_ColorController/Build/BinaryInputBasic.o
LOAD c:/NXP/bstudio_nxp/workspace/JN-AN-1171-ZigBee-LightLink-Demo/Controller_ColorController/Build/BinaryOutputBasic.o
LOAD c:/NXP/bstudio_nxp/workspace/JN-AN-1171-ZigBee-LightLink-Demo/Controller_ColorController/Build/Commissioning.o
LOAD c:/NXP/bstudio_nxp/workspace/JN-AN-1171-ZigBee-LightLink-Demo/Controller_ColorController/Build/DeviceTemperatureConfiguration.o
LOAD c:/NXP/bstudio_nxp/workspace/JN-AN-1171-ZigBee-LightLink-Demo/Controller_ColorController/Build/Diagnostics.o
LOAD c:/NXP/bstudio_nxp/workspace/JN-AN-1171-ZigBee-LightLink-Demo/Controller_ColorController/Build/DoorLock.o
LOAD c:/NXP/bstudio_nxp/workspace/JN-AN-1171-ZigBee-LightLink-Demo/Controller_ColorController/Build/DoorLockCommandHandler.o
LOAD c:/NXP/bstudio_nxp/workspace/JN-AN-1171-ZigBee-LightLink-Demo/Controller_ColorController/Build/DoorLockCommands.o
LOAD c:/NXP/bstudio_nxp/workspace/JN-AN-1171-ZigBee-LightLink-Demo/Controller_ColorController/Build/ElectricalMeasurement.o
LOAD c:/NXP/bstudio_nxp/workspace/JN-AN-1171-ZigBee-LightLink-Demo/Controller_ColorController/Build/Groups.o
LOAD c:/NXP/bstudio_nxp/workspace/JN-AN-1171-ZigBee-LightLink-Demo/Controller_ColorController/Build/GroupsClientCommands.o
LOAD c:/NXP/bstudio_nxp/workspace/JN-AN-1171-ZigBee-LightLink-Demo/Controller_ColorController/Build/GroupsCommandHandler.o
LOAD c:/NXP/bstudio_nxp/workspace/JN-AN-1171-ZigBee-LightLink-Demo/Controller_ColorController/Build/GroupsServerCommands.o
LOAD c:/NXP/bstudio_nxp/workspace/JN-AN-1171-ZigBee-LightLink-Demo/Controller_ColorController/Build/GroupsTableManager.o
LOAD c:/NXP/bstudio_nxp/workspace/JN-AN-1171-ZigBee-LightLink-Demo/Controller_ColorController/Build/Identify.o
LOAD c:/NXP/bstudio_nxp/workspace/JN-AN-1171-ZigBee-LightLink-Demo/Controller_ColorController/Build/IdentifyClientCommands.o
LOAD c:/NXP/bstudio_nxp/workspace/JN-AN-1171-ZigBee-LightLink-Demo/Controller_ColorController/Build/IdentifyCommandHandler.o
LOAD c:/NXP/bstudio_nxp/workspace/JN-AN-1171-ZigBee-LightLink-Demo/Controller_ColorController/Build/IdentifyServerCommands.o
LOAD c:/NXP/bstudio_nxp/workspace/JN-AN-1171-ZigBee-LightLink-Demo/Controller_ColorController/Build/LevelControl.o
LOAD c:/NXP/bstudio_nxp/workspace/JN-AN-1171-ZigBee-LightLink-Demo/Controller_ColorController/Build/LevelControlClientCommands.o
LOAD c:/NXP/bstudio_nxp/workspace/JN-AN-1171-ZigBee-LightLink-Demo/Controller_ColorController/Build/LevelControlCommandHandler.o
LOAD c:/NXP/bstudio_nxp/workspace/JN-AN-1171-ZigBee-LightLink-Demo/Controller_ColorController/Build/MultistateInputBasic.o
LOAD c:/NXP/bstudio_nxp/workspace/JN-AN-1171-ZigBee-LightLink-Demo/Controller_ColorController/Build/MultistateOutputBasic.o
LOAD c:/NXP/bstudio_nxp/workspace/JN-AN-1171-ZigBee-LightLink-Demo/Controller_ColorController/Build/OOSC.o
LOAD c:/NXP/bstudio_nxp/workspace/JN-AN-1171-ZigBee-LightLink-Demo/Controller_ColorController/Build/OnOff.o
LOAD c:/NXP/bstudio_nxp/workspace/JN-AN-1171-ZigBee-LightLink-Demo/Controller_ColorController/Build/OnOffCommandHandler.o
LOAD c:/NXP/bstudio_nxp/workspace/JN-AN-1171-ZigBee-LightLink-Demo/Controller_ColorController/Build/OnOffCommands.o
LOAD c:/NXP/bstudio_nxp/workspace/JN-AN-1171-ZigBee-LightLink-Demo/Controller_ColorController/Build/PollControl.o
LOAD c:/NXP/bstudio_nxp/workspace/JN-AN-1171-ZigBee-LightLink-Demo/Controller_ColorController/Build/PollControlClientCommands.o
LOAD c:/NXP/bstudio_nxp/workspace/JN-AN-1171-ZigBee-LightLink-Demo/Controller_ColorController/Build/PollControlCommandHandler.o
LOAD c:/NXP/bstudio_nxp/workspace/JN-AN-1171-ZigBee-LightLink-Demo/Controller_ColorController/Build/PollControlServerCommands.o
LOAD c:/NXP/bstudio_nxp/workspace/JN-AN-1171-ZigBee-LightLink-Demo/Controller_ColorController/Build/PowerConfiguration.o
LOAD c:/NXP/bstudio_nxp/workspace/JN-AN-1171-ZigBee-LightLink-Demo/Controller_ColorController/Build/Scenes.o
LOAD c:/NXP/bstudio_nxp/workspace/JN-AN-1171-ZigBee-LightLink-Demo/Controller_ColorController/Build/ScenesClientCommands.o
LOAD c:/NXP/bstudio_nxp/workspace/JN-AN-1171-ZigBee-LightLink-Demo/Controller_ColorController/Build/ScenesClusterManagement.o
LOAD c:/NXP/bstudio_nxp/workspace/JN-AN-1171-ZigBee-LightLink-Demo/Controller_ColorController/Build/ScenesCommandHandler.o
LOAD c:/NXP/bstudio_nxp/workspace/JN-AN-1171-ZigBee-LightLink-Demo/Controller_ColorController/Build/ScenesServerCommands.o
LOAD c:/NXP/bstudio_nxp/workspace/JN-AN-1171-ZigBee-LightLink-Demo/Controller_ColorController/Build/ScenesTableManager.o
LOAD c:/NXP/bstudio_nxp/workspace/JN-AN-1171-ZigBee-LightLink-Demo/Controller_ColorController/Build/TC.o
LOAD c:/NXP/bstudio_nxp/workspace/JN-AN-1171-ZigBee-LightLink-Demo/Controller_ColorController/Build/Time.o
LOAD c:/NXP/bstudio_nxp/workspace/JN-AN-1171-ZigBee-LightLink-Demo/Controller_ColorController/Build/zll_CommissionCmdHandler.o
LOAD c:/NXP/bstudio_nxp/workspace/JN-AN-1171-ZigBee-LightLink-Demo/Controller_ColorController/Build/zll_UtilityCmdHandler.o
LOAD c:/NXP/bstudio_nxp/workspace/JN-AN-1171-ZigBee-LightLink-Demo/Controller_ColorController/Build/zll_commission.o
LOAD c:/NXP/bstudio_nxp/workspace/JN-AN-1171-ZigBee-LightLink-Demo/Controller_ColorController/Build/zll_utility.o
LOAD c:/NXP/bstudio_nxp/workspace/JN-AN-1171-ZigBee-LightLink-Demo/Controller_ColorController/Build/colour_light.o
LOAD c:/NXP/bstudio_nxp/workspace/JN-AN-1171-ZigBee-LightLink-Demo/Controller_ColorController/Build/colour_remote.o
LOAD c:/NXP/bstudio_nxp/workspace/JN-AN-1171-ZigBee-LightLink-Demo/Controller_ColorController/Build/colour_scene_remote.o
LOAD c:/NXP/bstudio_nxp/workspace/JN-AN-1171-ZigBee-LightLink-Demo/Controller_ColorController/Build/colour_temperature_light.o
LOAD c:/NXP/bstudio_nxp/workspace/JN-AN-1171-ZigBee-LightLink-Demo/Controller_ColorController/Build/commission_endpoint.o
LOAD c:/NXP/bstudio_nxp/workspace/JN-AN-1171-ZigBee-LightLink-Demo/Controller_ColorController/Build/control_bridge.o
LOAD c:/NXP/bstudio_nxp/workspace/JN-AN-1171-ZigBee-LightLink-Demo/Controller_ColorController/Build/dimmable_light.o
LOAD c:/NXP/bstudio_nxp/workspace/JN-AN-1171-ZigBee-LightLink-Demo/Controller_ColorController/Build/dimmable_plug.o
LOAD c:/NXP/bstudio_nxp/workspace/JN-AN-1171-ZigBee-LightLink-Demo/Controller_ColorController/Build/extended_colour_light.o
LOAD c:/NXP/bstudio_nxp/workspace/JN-AN-1171-ZigBee-LightLink-Demo/Controller_ColorController/Build/non_colour_remote.o
LOAD c:/NXP/bstudio_nxp/workspace/JN-AN-1171-ZigBee-LightLink-Demo/Controller_ColorController/Build/non_colour_scene_remote.o
LOAD c:/NXP/bstudio_nxp/workspace/JN-AN-1171-ZigBee-LightLink-Demo/Controller_ColorController/Build/on_off_light.o
LOAD c:/NXP/bstudio_nxp/workspace/JN-AN-1171-ZigBee-LightLink-Demo/Controller_ColorController/Build/on_off_plug.o
LOAD c:/NXP/bstudio_nxp/workspace/JN-AN-1171-ZigBee-LightLink-Demo/Controller_ColorController/Build/on_off_sensor.o
LOAD c:/NXP/bstudio_nxp/workspace/JN-AN-1171-ZigBee-LightLink-Demo/Controller_ColorController/Build/zll.o
LOAD c:/NXP/bstudio_nxp/workspace/JN-AN-1171-ZigBee-LightLink-Demo/Controller_ColorController/Build/BallastConfiguration.o
LOAD c:/NXP/bstudio_nxp/workspace/JN-AN-1171-ZigBee-LightLink-Demo/Controller_ColorController/Build/ColourControl.o
LOAD c:/NXP/bstudio_nxp/workspace/JN-AN-1171-ZigBee-LightLink-Demo/Controller_ColorController/Build/ColourControlClientCommands.o
LOAD c:/NXP/bstudio_nxp/workspace/JN-AN-1171-ZigBee-LightLink-Demo/Controller_ColorController/Build/ColourControlCommandHandler.o
LOAD c:/NXP/bstudio_nxp/workspace/JN-AN-1171-ZigBee-LightLink-Demo/Controller_ColorController/Build/ColourControlConversions.o
LOAD c:/NXP/bstudio_nxp/workspace/JN-AN-1171-ZigBee-LightLink-Demo/Controller_ColorController/Build/dlist.o
LOAD c:/NXP/bstudio_nxp/workspace/JN-AN-1171-ZigBee-LightLink-Demo/Controller_ColorController/Build/zcl.o
LOAD c:/NXP/bstudio_nxp/workspace/JN-AN-1171-ZigBee-LightLink-Demo/Controller_ColorController/Build/zcl_CustomCommandReceive.o
LOAD c:/NXP/bstudio_nxp/workspace/JN-AN-1171-ZigBee-LightLink-Demo/Controller_ColorController/Build/zcl_CustomCommandSend.o
LOAD c:/NXP/bstudio_nxp/workspace/JN-AN-1171-ZigBee-LightLink-Demo/Controller_ColorController/Build/zcl_PDUbufferReadWrite.o
LOAD c:/NXP/bstudio_nxp/workspace/JN-AN-1171-ZigBee-LightLink-Demo/Controller_ColorController/Build/zcl_PDUbufferReadWriteString.o
LOAD c:/NXP/bstudio_nxp/workspace/JN-AN-1171-ZigBee-LightLink-Demo/Controller_ColorController/Build/zcl_WriteAttributesRequestHandle.o
LOAD c:/NXP/bstudio_nxp/workspace/JN-AN-1171-ZigBee-LightLink-Demo/Controller_ColorController/Build/zcl_WriteAttributesRequestSend.o
LOAD c:/NXP/bstudio_nxp/workspace/JN-AN-1171-ZigBee-LightLink-Demo/Controller_ColorController/Build/zcl_WriteAttributesResponseHandle.o
LOAD c:/NXP/bstudio_nxp/workspace/JN-AN-1171-ZigBee-LightLink-Demo/Controller_ColorController/Build/zcl_attribute.o
LOAD c:/NXP/bstudio_nxp/workspace/JN-AN-1171-ZigBee-LightLink-Demo/Controller_ColorController/Build/zcl_buffer.o
LOAD c:/NXP/bstudio_nxp/workspace/JN-AN-1171-ZigBee-LightLink-Demo/Controller_ColorController/Build/zcl_clusterCommand.o
LOAD c:/NXP/bstudio_nxp/workspace/JN-AN-1171-ZigBee-LightLink-Demo/Controller_ColorController/Build/zcl_command.o
LOAD c:/NXP/bstudio_nxp/workspace/JN-AN-1171-ZigBee-LightLink-Demo/Controller_ColorController/Build/zcl_configureReportingCommandHandle.o
LOAD c:/NXP/bstudio_nxp/workspace/JN-AN-1171-ZigBee-LightLink-Demo/Controller_ColorController/Build/zcl_configureReportingCommandSend.o
LOAD c:/NXP/bstudio_nxp/workspace/JN-AN-1171-ZigBee-LightLink-Demo/Controller_ColorController/Build/zcl_configureReportingResponseHandle.o
LOAD c:/NXP/bstudio_nxp/workspace/JN-AN-1171-ZigBee-LightLink-Demo/Controller_ColorController/Build/zcl_defaultResponse.o
LOAD c:/NXP/bstudio_nxp/workspace/JN-AN-1171-ZigBee-LightLink-Demo/Controller_ColorController/Build/zcl_discoverAttributesExtendedRequestHandle.o
LOAD c:/NXP/bstudio_nxp/workspace/JN-AN-1171-ZigBee-LightLink-Demo/Controller_ColorController/Build/zcl_discoverAttributesExtendedRequestSend.o
LOAD c:/NXP/bstudio_nxp/workspace/JN-AN-1171-ZigBee-LightLink-Demo/Controller_ColorController/Build/zcl_discoverAttributesExtendedResponseHandle.o
LOAD c:/NXP/bstudio_nxp/workspace/JN-AN-1171-ZigBee-LightLink-Demo/Controller_ColorController/Build/zcl_discoverAttributesRequestHandle.o
LOAD c:/NXP/bstudio_nxp/workspace/JN-AN-1171-ZigBee-LightLink-Demo/Controller_ColorController/Build/zcl_discoverAttributesRequestSend.o
LOAD c:/NXP/bstudio_nxp/workspace/JN-AN-1171-ZigBee-LightLink-Demo/Controller_ColorController/Build/zcl_discoverAttributesResponseHandle.o
LOAD c:/NXP/bstudio_nxp/workspace/JN-AN-1171-ZigBee-LightLink-Demo/Controller_ColorController/Build/zcl_discoverCommandsRequestHandle.o
LOAD c:/NXP/bstudio_nxp/workspace/JN-AN-1171-ZigBee-LightLink-Demo/Controller_ColorController/Build/zcl_discoverCommandsRequestSend.o
LOAD c:/NXP/bstudio_nxp/workspace/JN-AN-1171-ZigBee-LightLink-Demo/Controller_ColorController/Build/zcl_discoverCommandsResponseHandle.o
LOAD c:/NXP/bstudio_nxp/workspace/JN-AN-1171-ZigBee-LightLink-Demo/Controller_ColorController/Build/zcl_event.o
LOAD c:/NXP/bstudio_nxp/workspace/JN-AN-1171-ZigBee-LightLink-Demo/Controller_ColorController/Build/zcl_heap.o
LOAD c:/NXP/bstudio_nxp/workspace/JN-AN-1171-ZigBee-LightLink-Demo/Controller_ColorController/Build/zcl_library_options.o
LOAD c:/NXP/bstudio_nxp/workspace/JN-AN-1171-ZigBee-LightLink-Demo/Controller_ColorController/Build/zcl_readAttributesRequestHandle.o
LOAD c:/NXP/bstudio_nxp/workspace/JN-AN-1171-ZigBee-LightLink-Demo/Controller_ColorController/Build/zcl_readAttributesRequestSend.o
LOAD c:/NXP/bstudio_nxp/workspace/JN-AN-1171-ZigBee-LightLink-Demo/Controller_ColorController/Build/zcl_readAttributesResponseHandle.o
LOAD c:/NXP/bstudio_nxp/workspace/JN-AN-1171-ZigBee-LightLink-Demo/Controller_ColorController/Build/zcl_readReportingConfigurationCommandHandle.o
LOAD c:/NXP/bstudio_nxp/workspace/JN-AN-1171-ZigBee-LightLink-Demo/Controller_ColorController/Build/zcl_readReportingConfigurationCommandSend.o
LOAD c:/NXP/bstudio_nxp/workspace/JN-AN-1171-ZigBee-LightLink-Demo/Controller_ColorController/Build/zcl_readReportingConfigurationResponseHandle.o
LOAD c:/NXP/bstudio_nxp/workspace/JN-AN-1171-ZigBee-LightLink-Demo/Controller_ColorController/Build/zcl_reportManager.o
LOAD c:/NXP/bstudio_nxp/workspace/JN-AN-1171-ZigBee-LightLink-Demo/Controller_ColorController/Build/zcl_reportMaths.o
LOAD c:/NXP/bstudio_nxp/workspace/JN-AN-1171-ZigBee-LightLink-Demo/Controller_ColorController/Build/zcl_reportScheduler.o
LOAD c:/NXP/bstudio_nxp/workspace/JN-AN-1171-ZigBee-LightLink-Demo/Controller_ColorController/Build/zcl_reportStringHandling.o
LOAD c:/NXP/bstudio_nxp/workspace/JN-AN-1171-ZigBee-LightLink-Demo/Controller_ColorController/Build/zcl_reportStructure.o
LOAD c:/NXP/bstudio_nxp/workspace/JN-AN-1171-ZigBee-LightLink-Demo/Controller_ColorController/Build/zcl_search.o
LOAD c:/NXP/bstudio_nxp/workspace/JN-AN-1171-ZigBee-LightLink-Demo/Controller_ColorController/Build/zcl_timer.o
LOAD c:/NXP/bstudio_nxp/workspace/JN-AN-1171-ZigBee-LightLink-Demo/Controller_ColorController/Build/zcl_transmit.o
LOAD c:/NXP/bstudio_nxp/sdk/JN-SW-4168/Components/Library\libZPSMAC_Mini_JN516x.a
LOAD c:/NXP/bstudio_nxp/sdk/JN-SW-4168/Components/Library\libOS_JN516x.a
LOAD c:/NXP/bstudio_nxp/sdk/JN-SW-4168/Components/Library\libPWRM_JN516x.a
LOAD c:/NXP/bstudio_nxp/sdk/JN-SW-4168/Components/Library\libZPSTSV_JN516x.a
LOAD c:/NXP/bstudio_nxp/sdk/JN-SW-4168/Components/Library\libAES_SW_JN516x.a
LOAD c:/NXP/bstudio_nxp/sdk/JN-SW-4168/Components/Library\libPDUM_JN516x.a
LOAD c:/NXP/bstudio_nxp/sdk/JN-SW-4168/Components/Library\libZPSAPL_JN516x.a
LOAD c:/NXP/bstudio_nxp/sdk/JN-SW-4168/Components/Library\libRandom_JN516x.a
LOAD c:/NXP/bstudio_nxp/sdk/JN-SW-4168/Components/Library\libPDM_EEPROM_JN516x.a
LOAD c:/NXP/bstudio_nxp/sdk/JN-SW-4168/Components/Library\libDBG_JN516x.a
LOAD c:/NXP/bstudio_nxp/sdk/JN-SW-4168/Components/Library\libZPSZLL_ZED_JN516x.a
LOAD c:/NXP/bstudio_nxp/sdk/JN-SW-4168/Components/Library\libZPSNWK_ZED_JN516x.a
LOAD c:/NXP/bstudio_nxp/sdk/JN-SW-4168/Components/Library\libMiniMac_JN516x.a
LOAD c:/NXP/bstudio_nxp/sdk/JN-SW-4168/Components/Library\libMiniMacShim_JN516x.a
LOAD c:/NXP/bstudio_nxp/sdk/JN-SW-4168/Components/Library\libMMAC_JN516x.a
LOAD c:/NXP/bstudio_nxp/sdk/JN-SW-4168/Components/Library\libAes_JN516x.a
LOAD c:/NXP/bstudio_nxp/sdk/JN-SW-4168/Components/Library\libHardwareApi_JN516x.a
LOAD c:/NXP/bstudio_nxp/sdk/JN-SW-4168/Components/Library\libMicroSpecific_JN516x.a
LOAD c:/NXP/bstudio_nxp/sdk/JN-SW-4168/Components/Library\libBoot_JN516x.a
LOAD c:/NXP/bstudio_nxp/sdk/JN-SW-4168/Platform/DK2/Library\libBoardLib_JN516x.a
LOAD c:/nxp/bstudio_nxp/sdk/tools/ba-elf-ba2-r36379/bin/../lib/gcc/ba-elf/4.7.4/../../../../ba-elf/lib/mcpu_jn51xx_sizeopt\libm.a
END GROUP
LOAD c:/nxp/bstudio_nxp/sdk/tools/ba-elf-ba2-r36379/bin/../lib/gcc/ba-elf/4.7.4/../../../../ba-elf/lib/mcpu_jn51xx_sizeopt\libc.a
LOAD c:/nxp/bstudio_nxp/sdk/tools/ba-elf-ba2-r36379/bin/../lib/gcc/ba-elf/4.7.4/mcpu_jn51xx_sizeopt\libgcc.a
LOAD c:/nxp/bstudio_nxp/sdk/tools/ba-elf-ba2-r36379/bin/../lib/gcc/ba-elf/4.7.4/../../../../ba-elf/lib/mcpu_jn51xx_sizeopt\libc.a
                0x0000000000080038                _exception_vsr_table = 0x80038
                0x0000000004000000                pSPIflashFncTable = 0x4000000
                0x0000000000000044                restore_state = 0x44
                0x000000000000004a                bZSPIWaitWIPClear = 0x4a
                0x0000000000000050                u16ZSPIflashRDID = 0x50
                0x0000000000000056                u8SelectFlashChipType = 0x56
                0x000000000000005c                memcpy = 0x5c
                0x0000000000000066                vBootFlashProg = 0x66
                [0x00000000000007d0]                __minimum_heap_size = DEFINED (__minimum_heap_size)?__minimum_heap_size:0xd16
                [0x0000000000001388]                __stack_size = DEFINED (__stack_size)?__stack_size:0x800
                0x0000000000000000                _SwConfig = (DEFINED (g_bSWConf_Debug) | (DEFINED (g_bSWConf_AltDebugPort) << 0x1))

.version        0x000000000007fffc        0x4
                0x000000000007fffc        0x4 LONG 0x7030008

.bir            0x0000000000080000       0x10
                0x0000000000080000                _flash_start = ABSOLUTE (.)
                0x0000000000080000                _flash_beg = ABSOLUTE (.)
                0x0000000000080000        0x4 LONG 0x12345678
                0x0000000000080004        0x4 LONG 0x11223344
                0x0000000000080008        0x4 LONG 0x55667788
                0x000000000008000c        0x1 BYTE 0x8
                0x000000000008000d        0x1 BYTE 0x1
                0x000000000008000e        0x2 SHORT 0x0

.flashheader    0x0000000000080010       0x28
                0x0000000000080010        0x4 LONG 0x0
                0x0000000000080014        0x4 LONG 0x0
                0x0000000000080018        0x4 LONG 0x0
                0x000000000008001c        0x2 SHORT 0x0
                0x000000000008001e        0x2 SHORT 0x0 ABSOLUTE (_SwConfig)
                0x0000000000080020                _enc_start = ABSOLUTE (.)
                0x0000000000080020        0x4 LONG 0x1e8d4 ABSOLUTE (_image_len)
                0x0000000000080024        0x4 LONG 0x9e168 ABSOLUTE (_flash_data_start)
                0x0000000000080028        0x2 SHORT 0x13 ((ABSOLUTE (_ram_data_start) / 0x4) & 0xffff)
                0x000000000008002a        0x2 SHORT 0x1db ((ABSOLUTE (_ram_data_len) / 0x4) & 0xffff)
                0x000000000008002c        0x2 SHORT 0x1ee ((ABSOLUTE (_bss_start) / 0x4) & 0xffff)
                0x000000000008002e        0x2 SHORT 0xdea ((ABSOLUTE (_bss_len) / 0x4) & 0xffff)
                0x0000000000080030        0x4 LONG 0x9cd46 ABSOLUTE (AppWarmStart)
                0x0000000000080034        0x4 LONG 0x9cd60 ABSOLUTE (AppColdStart)
                0x0000000000000000                _enc_offset = (_enc_start & 0xf)

.ro_mac_address
                0x0000000000080040        0x0
                0x0000000000080040                _FlsMACAddress = ABSOLUTE (.)
 *(.ro_mac_address)
                0x0000000000080040                . = ALIGN (0x10)

.ro_ota_header  0x0000000000080040        0x0
                0x0000000000080040                _FlsOtaHeader = ABSOLUTE (.)
 *(.ro_ota_header)
                0x0000000000080040                . = ALIGN (0x10)

.ro_se_lnkKey   0x0000000000080040        0x0
                0x0000000000080040                _FlsLinkKey = ABSOLUTE (.)
 *(.ro_se_lnkKey)
                0x0000000000080040                . = ALIGN (0x10)

.rodata         0x0000000000080038      0xce8
 *(.rodata*)
 .rodata        0x0000000000080038       0x7c C:\DOCUME~1\g\LOCALS~1\Temp\ccH6VvmT.ltrans0.ltrans.o
                0x0000000000080038                gMAC_u8MaxBuffers
                0x000000000008003c                g_u32ApsFcSaveCountBitShift
                0x0000000000080040                u8MaxZpsConfigEp
                0x0000000000080041                au8EpMapPresent
                0x0000000000080044                s_groupPdmTable
 .rodata        0x00000000000800b4       0xff C:\DOCUME~1\g\LOCALS~1\Temp\ccH6VvmT.ltrans1.ltrans.o
 *fill*         0x00000000000801b3        0x1 00
 .rodata        0x00000000000801b4       0x54 C:\DOCUME~1\g\LOCALS~1\Temp\ccH6VvmT.ltrans2.ltrans.o
 .rodata        0x0000000000080208       0x10 C:\DOCUME~1\g\LOCALS~1\Temp\ccH6VvmT.ltrans3.ltrans.o
 .rodata.str1.1
                0x0000000000080218        0x5 C:\DOCUME~1\g\LOCALS~1\Temp\ccH6VvmT.ltrans4.ltrans.o
                                          0x8 (size before relaxing)
 .rodata.str1.1
                0x0000000000000000        0x5 C:\DOCUME~1\g\LOCALS~1\Temp\ccH6VvmT.ltrans5.ltrans.o
                                          0x3 (size before relaxing)
 *fill*         0x000000000008021d        0x3 00
 .rodata        0x0000000000080220       0x10 C:\DOCUME~1\g\LOCALS~1\Temp\ccH6VvmT.ltrans6.ltrans.o
                0x0000000000080228                au32UartAddrOffset
 .rodata.str1.1
                0x0000000000080230        0x3 C:\DOCUME~1\g\LOCALS~1\Temp\ccH6VvmT.ltrans6.ltrans.o
 .rodata.str1.1
                0x0000000000000000        0x3 C:\DOCUME~1\g\LOCALS~1\Temp\ccH6VvmT.ltrans7.ltrans.o
                                          0x7 (size before relaxing)
 .rodata        0x0000000000080233        0x6 C:\DOCUME~1\g\LOCALS~1\Temp\ccH6VvmT.ltrans7.ltrans.o
 .rodata.str1.1
                0x0000000000000000        0x3 C:\DOCUME~1\g\LOCALS~1\Temp\ccH6VvmT.ltrans8.ltrans.o
                                         0x17 (size before relaxing)
 .rodata.str1.1
                0x0000000000080239        0x4 C:\DOCUME~1\g\LOCALS~1\Temp\ccH6VvmT.ltrans9.ltrans.o
                                         0x13 (size before relaxing)
 .rodata.str1.1
                0x000000000008023d        0xc C:\DOCUME~1\g\LOCALS~1\Temp\ccH6VvmT.ltrans10.ltrans.o
 .rodata.str1.1
                0x0000000000080249       0x1f C:\DOCUME~1\g\LOCALS~1\Temp\ccH6VvmT.ltrans12.ltrans.o
                                         0x37 (size before relaxing)
 .rodata        0x0000000000080268      0x17c C:\DOCUME~1\g\LOCALS~1\Temp\ccH6VvmT.ltrans14.ltrans.o
                0x0000000000080268                s_apsStSceTbl.121455
                0x000000000008027c                s_apsStSmeTbl.121518
                0x0000000000080290                s_aprIdleStHandleCme.129472
                0x00000000000802a0                s_aprActvStHandleCme.126358
                0x00000000000802b8                bRxOnOptimisationTurnedOff
                0x00000000000802bc                zps_sJoinSceTbl
                0x00000000000802c8                zps_sActvSceTbl
                0x00000000000802d4                zps_sDiscSmeTbl
                0x00000000000802e0                zps_sJoinSmeTbl
                0x00000000000802ec                zps_sActvSmeTbl
 .rodata.str1.1
                0x0000000000000000       0x1f C:\DOCUME~1\g\LOCALS~1\Temp\ccH6VvmT.ltrans15.ltrans.o
                                          0x4 (size before relaxing)
 .rodata.str1.1
                0x0000000000000000       0x1f C:\DOCUME~1\g\LOCALS~1\Temp\ccH6VvmT.ltrans16.ltrans.o
                                          0x1 (size before relaxing)
 .rodata.str1.1
                0x00000000000803e4       0x35 C:\DOCUME~1\g\LOCALS~1\Temp\ccH6VvmT.ltrans17.ltrans.o
                                         0x5f (size before relaxing)
 .rodata.str1.1
                0x0000000000080419       0x15 C:\DOCUME~1\g\LOCALS~1\Temp\ccH6VvmT.ltrans18.ltrans.o
                                         0x34 (size before relaxing)
 *fill*         0x000000000008042e        0x2 00
 .rodata        0x0000000000080430       0x18 C:\DOCUME~1\g\LOCALS~1\Temp\ccH6VvmT.ltrans19.ltrans.o
                0x0000000000080430                au32NwkPdmRecordOffsets
 .rodata        0x0000000000080448      0x328 C:\DOCUME~1\g\LOCALS~1\Temp\ccH6VvmT.ltrans20.ltrans.o
                0x0000000000080658                gu32ZCLVersion
                0x000000000008065c                OS_g_u32Version
                0x0000000000080660                PDUM_g_u32Version
                0x0000000000080664                ZPS_g_u32MacVersion
                0x0000000000080668                ZPS_g_u32TsvVersion
 .rodata.str1.1
                0x0000000000080770        0x5 C:\DOCUME~1\g\LOCALS~1\Temp\ccH6VvmT.ltrans21.ltrans.o
                                         0x17 (size before relaxing)
 .rodata        0x0000000000080775       0x10 C:\DOCUME~1\g\LOCALS~1\Temp\ccH6VvmT.ltrans22.ltrans.o
 .rodata.str1.1
                0x0000000000080785        0x4 C:\DOCUME~1\g\LOCALS~1\Temp\ccH6VvmT.ltrans24.ltrans.o
                                          0x8 (size before relaxing)
 .rodata        0x0000000000080789        0x8 C:\DOCUME~1\g\LOCALS~1\Temp\ccH6VvmT.ltrans24.ltrans.o
                0x0000000000080789                au8ZLLChannelSet
 .rodata.str1.1
                0x0000000000000000        0x7 C:\DOCUME~1\g\LOCALS~1\Temp\ccH6VvmT.ltrans25.ltrans.o
 *fill*         0x0000000000080791        0x3 00
 .rodata        0x0000000000080794       0x4c C:\DOCUME~1\g\LOCALS~1\Temp\ccH6VvmT.ltrans25.ltrans.o
                0x0000000000080794                g_u32NwkFcSaveCountBitShift
 .rodata.str1.1
                0x0000000000000000        0x4 C:\DOCUME~1\g\LOCALS~1\Temp\ccH6VvmT.ltrans26.ltrans.o
                                          0x8 (size before relaxing)
 .rodata.str1.1
                0x0000000000000000        0x8 C:\DOCUME~1\g\LOCALS~1\Temp\ccH6VvmT.ltrans27.ltrans.o
 .rodata.str1.1
                0x00000000000807e0       0xd8 C:\DOCUME~1\g\LOCALS~1\Temp\ccH6VvmT.ltrans28.ltrans.o
 .rodata        0x00000000000808b8       0x1c C:\DOCUME~1\g\LOCALS~1\Temp\ccH6VvmT.ltrans28.ltrans.o
                0x00000000000808b8                CSWTCH.49.137538.137538
                0x00000000000808c0                au32TimerBaseAddress
 .rodata.str1.1
                0x00000000000808d4       0x8e C:\DOCUME~1\g\LOCALS~1\Temp\ccH6VvmT.ltrans30.ltrans.o
 *fill*         0x0000000000080962        0x2 00
 .rodata        0x0000000000080964      0x3bc C:\DOCUME~1\g\LOCALS~1\Temp\ccH6VvmT.ltrans30.ltrans.o
                0x0000000000080964                zps_g_pvApl
 .rodata.str1.1
                0x0000000000000000       0x8e C:\DOCUME~1\g\LOCALS~1\Temp\ccH6VvmT.ltrans31.ltrans.o
                                          0x4 (size before relaxing)

.text           0x0000000000080d20    0x1d446
 *(.text*)
 .text          0x0000000000080d20     0x1afc C:\DOCUME~1\g\LOCALS~1\Temp\ccH6VvmT.ltrans0.ltrans.o
                0x0000000000080d20                vInitialiseApp.3336
                0x0000000000080d20                APP_TIMER_Version_1v0
 .text          0x000000000008281c     0x17d8 C:\DOCUME~1\g\LOCALS~1\Temp\ccH6VvmT.ltrans1.ltrans.o
                0x000000000008281c                os_vAPP_Commission_Task
 .text          0x0000000000083ff4     0x13e7 C:\DOCUME~1\g\LOCALS~1\Temp\ccH6VvmT.ltrans2.ltrans.o
                0x0000000000083ff4                DBG_iUartGetChar
                0x00000000000840a8                vMMAC_IntHandlerBbc
                0x00000000000840c2                eBasicTxCompleteHandler
                0x00000000000840c7                vTxRxTimeout.134911
                0x0000000000084124                zps_eNwkHandleSmeOrphanInd
                0x000000000008412b                eSmeASFlBeaconInd.128122
                0x000000000008414d                eSmeUDNTScanDcfm.127577
                0x00000000000841d4                zps_eNwkHandleSmePollDcfm
                0x00000000000841fe                eSmeGenlScanDcfm.128114
                0x000000000008425c                eNldeDataDcfm.123348
                0x000000000008428c                eSmeEdScScanDcfm.128110
                0x0000000000084433                eSmeAcScBeaconInd.128130
                0x000000000008453b                eSmeUDNTBeaconInd.128106
                0x000000000008455e                vMicroIntEnableOnly.constprop.154
                0x000000000008458a                vMiniMac_MLME_SetReq_PanId
                0x00000000000845c7                vMiniMac_MLME_SetReq_ShortAddr
                0x00000000000845d5                vAHI_TimerEnable.part.1.137403.constprop.134
                0x0000000000084637                vCbSystemController.constprop.129
                0x000000000008466f                vLowBatIndicationInit.constprop.128
                0x00000000000846ba                pvZCL_HeapAlloc.part.0.47852.constprop.105
                0x00000000000846f3                vAHI_WakeTimerStart.part.1.137856.constprop.78
                0x0000000000084734                vACI_OptimisedCcmStar.constprop.69
                0x000000000008491f                vMiniMac_ReturnTxBufferCallback
                0x0000000000084931                vEnableReceive.134915
                0x000000000008496b                pvHeap_Alloc
                0x000000000008496e                vMicroIntRestoreState
                0x000000000008497a                TSV_eStart
                0x00000000000849ca                bAHI_WriteEEPROMfixSegmentData
                0x0000000000084a28                bAHI_InitialiseEEPROM
                0x0000000000084a70                vAHI_ReadDataFromEEPROMregister
                0x0000000000084a9d                vAHI_WriteDataIntoEEPROMregister
                0x0000000000084acd                iAHI_WriteDataIntoEEPROMsegment.constprop.138
                0x0000000000084b1b                iPDM_WriteSegmentHeaderDataIntoEEPROMsegment
                0x0000000000084b4a                u8AHI_WakeTimerFiredStatus
                0x0000000000084b5e                vAHI_WakeTimerStop.part.3.137868
                0x0000000000084b7e                vAHI_UartReset.part.4.137622
                0x0000000000084bb6                vAHI_OptimiseWaitStates
                0x0000000000084c02                bAHI_GetClkSource
                0x0000000000084c0f                vAHI_CpuDoze
                0x0000000000084c22                vAHI_SwReset
                0x0000000000084c52                u32AHI_DioWakeStatus
                0x0000000000084c63                vAHI_DioSetPullup
                0x0000000000084c83                vAppSetLedState.part.0.3268
                0x0000000000084cb3                vAHI_DioSetOutput
                0x0000000000084cc7                vAHI_DioSetDirection
                0x0000000000084cdb                vAHI_Sleep
                0x0000000000084d83                bIssueACIcommand
                0x0000000000084e19                bACI_ECBencodeStripe.constprop.61
                0x000000000008501e                vTransformKey.isra.0.65001
                0x000000000008504e                psSearchForFrameToSend
                0x00000000000850a5                eMiniMac_FrameInProgress
                0x00000000000850d0                vRemoveFromTxQueue
                0x000000000008510c                vAddToTxQueue
                0x0000000000085142                u8GetHeaderSize
                0x000000000008516a                vMiniMac_PLME_SetReq_CcaMode
                0x000000000008517e                vMiniMac_MLME_SetReq_MaxCsmaBackoffs
                0x000000000008519e                vMiniMac_MLME_SetReq_MaxBe
                0x00000000000851c1                vMiniMac_MLME_SetReq_MinBe
                0x00000000000851e4                zps_vSendJoinInd
                0x0000000000085255                zps_psNwkSlistRemoveFromHead
                0x000000000008526c                zps_psNwkSlistRemove
                0x00000000000852a4                zps_bNwkMcpsMgrRemoveDescrFromLists
                0x00000000000852e2                zps_vNwkSlistAddToTail
                0x00000000000852fc                zps_vNwkSecClearMatSet
                0x0000000000085326                ZPS_vNwkSecResetDevice
                0x000000000008536b                ZPS_bNwkSecHaveNetworkKey
                0x000000000008539f                ZPS_bNwkSecFindMatSet
 .text.unlikely
                0x00000000000853db      0x150 C:\DOCUME~1\g\LOCALS~1\Temp\ccH6VvmT.ltrans2.ltrans.o
                0x00000000000854a3                eEncryptKey.7200
 .text          0x000000000008552b     0x13f4 C:\DOCUME~1\g\LOCALS~1\Temp\ccH6VvmT.ltrans3.ltrans.o
                0x000000000008552b                DBG_vUartPutch
                0x0000000000085571                DBG_vUartFlush
                0x000000000008559e                boIdValueSearchMatch.114199
                0x00000000000855f8                psGetTxFrameBuffer
                0x0000000000085637                vRadioToOff
                0x0000000000085654                vStartReceive
                0x0000000000085670                vMiniMac_NextTransaction
                0x00000000000856da                eTransmit
                0x00000000000857f4                vMiniMac_TxComplete
                0x0000000000085a2d                vTimerFired
                0x0000000000085ae5                vMiniMac_Init
                0x0000000000085e46                vDispatch.56218
                0x0000000000085f18                OS_eContinueSWTimer.constprop.41
                0x0000000000086011                OS_eStopSWTimer
                0x0000000000086134                vStopAllTimers
                0x0000000000086166                OS_eStartSWTimer
                0x0000000000086287                vStartPolling
                0x00000000000862f6                vEndCommissioning.isra.0.7590
                0x0000000000086363                OS_ePostMessage
                0x0000000000086510                eTouchProcess
                0x0000000000086667                os_vAPP_isrKeyScan
                0x0000000000086675                os_vAPP_CommissionTimerTask
                0x000000000008668b                OS_eExitCriticalSection
                0x0000000000086770                OS_eActivateTask
                0x000000000008680b                vPostMlmeDcfmInd.75353
                0x00000000000868ae                iPDM_ReCalculateWearCountAndChecksumAndWriteFileSystemHeader
                0x00000000000868f8                vPDM_SetEEPROMandFileSystemValidState
 .text          0x000000000008691f      0xee6 C:\DOCUME~1\g\LOCALS~1\Temp\ccH6VvmT.ltrans4.ltrans.o
                0x000000000008691f                os_u32APP_cbGetTickTimer
                0x0000000000086928                os_bAPP_cbSetTickTimerCompare
                0x0000000000086984                vZdoServersInit.3020
                0x0000000000086a05                u16PDM_CalculateRecordChecksum
                0x0000000000086aa8                iPDM_ReadUserDataFromEEPROMsegment
                0x0000000000086b22                iPDM_ReadUserDataFromFileSystemRecord
                0x0000000000086b42                vPDM_WriteFileSystemRecordAndSegmentDataIntoEEPROMsegment
                0x0000000000086b7d                iPDM_ReadSegmentHeaderDataFromEEPROMsegment
                0x0000000000086bd6                u8ZdoBindUnbindServerUnpackApdu
                0x0000000000086c25                u16ZCL_APduInstanceWriteNBO
                0x0000000000086ccf                u16ZCL_WriteCommandHeader
                0x0000000000086d47                u16ZCL_APduInstanceReadNBO
                0x0000000000086e2c                u16ZCL_ReadCommandHeader.part.0.40491
                0x0000000000086ea3                eCLD_BasicCommandHandler
                0x0000000000086ecf                u16ZCL_APduInstanceWriteStringNBO
                0x0000000000086f96                u16ZCL_APduInstanceReadStringNBO
                0x000000000008706b                eZCL_GetAttributeTypeSizeFromBuffer
                0x00000000000870e2                u32TouchReadCapacitance.3581
                0x0000000000087258                PWRM_vWakeInterruptCallback
                0x00000000000872a4                PWRM_vManagePower
                0x000000000008740d                PWRM_vInit
                0x000000000008749f                vSetRejoinFilter
                0x00000000000874e8                vSetChannelAndPower
                0x0000000000087586                vMiniMac_PLME_SetReq_Power
                0x000000000008759a                vMiniMac_PLME_SetReq_Channel
                0x00000000000875a2                ZPS_bIsMacAddressUsedInApsTable
                0x0000000000087658                iPDM_FilterDuplicateAppendedSegmentsOnList.115468
                0x000000000008769c                ZPS_eTsvOpen
                0x00000000000876b6                zps_vNwkBttMgrInit
                0x00000000000876e4                ZPS_vNwkNibClearTables
 .text          0x0000000000087805     0x14bd C:\DOCUME~1\g\LOCALS~1\Temp\ccH6VvmT.ltrans5.ltrans.o
                0x0000000000087805                vNwkMcpsTimerCallback
                0x000000000008781f                zps_eSceGenlIllegal
                0x0000000000087826                zps_eSmeGenlIllegal
                0x000000000008782d                DBG_vUartFailedAssert
                0x0000000000087831                zps_bAplZdoBindRequestServer
                0x000000000008796c                psGetVsMcpsBuf.75357
                0x0000000000087975                psGetMlmeBuf.75350
                0x00000000000879bc                psGetNlmeBuf.59449
                0x00000000000879c6                psGetNldeBuf.59470
                0x00000000000879d0                psGetApsmeBuf.59456
                0x00000000000879d9                psGetApsdeBuf.59463
                0x0000000000087af2                vLoopbackTimerCallback
                0x0000000000087b21                zps_vNwkFreeMcpsHandle
                0x0000000000087b4b                ZPS_u64NwkNibGetMappedIeeeAddr
                0x0000000000087b6d                ZPS_bNwkNibNtActvMatch
                0x0000000000087c25                bCheckNwkAddr
                0x0000000000087c73                ZPS_vSetExtendedStatus
                0x0000000000087c76                zps_psApsApsAllocateDcfmRecord
                0x0000000000087cdb                zps_u8CalcLinkCost
                0x0000000000087d17                ZPS_u8NwkNibNtDiscMatch
                0x0000000000087dfb                zps_u64NwkLibFromPayload
                0x0000000000087e3a                zps_vNwkLibU64ToPayload
                0x0000000000087e67                zps_vInitBeaconPayload
                0x0000000000087ee3                zps_eNwkDcfmIndPost
                0x0000000000087f05                zps_psNwkDcfmIndGetBuf
                0x0000000000087f27                zps_vSendNwkStatusInd
                0x0000000000087f57                DBG_vInit
                0x0000000000087f99                vPDM_ReadBitmapHeader.115056
                0x0000000000087fb8                psSLISTsearch
                0x0000000000087ff8                psSLISTremove
                0x0000000000088076                vSLISTaddToTail
                0x0000000000088095                psSLISTgetNext
                0x00000000000880b9                u8PDM_CalculateLargestDataRecordStored
                0x00000000000880ea                bPDM_ImageBitmapRepairCheck
                0x0000000000088112                u8PDM_ReadSequenceNumber
                0x0000000000088135                boSegmentNumberDeleteSearchMatch.114626
                0x0000000000088150                u8PDM_ReadSegmentDataSize
                0x0000000000088164                u32PDM_ReadFileSystemHeaderWearCount
                0x000000000008817a                boSearchForWearCountSubstitute.114942
                0x00000000000881a0                boSearchForWearCountInsertPoint.114195
                0x00000000000881be                vPDM_WriteFileSystemHeaderWearCount
                0x00000000000881d0                RND_u32GetRand256
                0x00000000000881ed                RND_u32GetRand
                0x0000000000088214                u16CalculateFailedTxCount.91058
                0x000000000008823e                vZdoIeeeAddrServerSendExtendResponse.part.0.79178
                0x000000000008829f                vZdoNwkAddrServerSendExtendResponse.part.0.77998
                0x0000000000088300                zps_bAplZdoServerHandleConfirmAcks
                0x000000000008834a                zps_bPerformLeaveActionDecider
                0x000000000008834f                vHandleUpdateDeviceIndication.68515
                0x0000000000088379                bDuplicateCheck.64882
                0x0000000000088486                bIsBindTableMatch.63450
                0x00000000000884d7                eRemoveEntryInBindingTable.63478
                0x0000000000088556                zps_vAplApsFillAndPostApsAck
                0x00000000000885c0                zps_u8AplApsFreeMsgHandle
                0x000000000008862a                vFillDataIndStruct.59316
                0x0000000000088688                vFillApduErrorEvent.59309
                0x00000000000886cb                bCheckProfile.59304
                0x0000000000088712                ZPS_bIsGroupPresent
                0x000000000008874a                pdum_u16ReadNBO
                0x00000000000888ab                PDUM_u16SizeNBO
                0x0000000000088909                PDUM_u16APduInstanceWriteStrNBO
                0x0000000000088a88                PDUM_eNPduReadHeaderNBO
                0x0000000000088adb                PDUM_u16APduInstanceReadNBO
                0x0000000000088b26                PDUM_eNPduPrependHeaderNBO
                0x0000000000088b81                zps_vInitAPSMECmdHdr
                0x0000000000088bb8                PDUM_eNPduAppendDataNBO
                0x0000000000088c15                PDUM_u16APduInstanceWriteNBO
                0x0000000000088c7f                PDUM_thAPduInstanceGetApdu
                0x0000000000088c9a                PDUM_eAPduInstanceSetPayloadSize
 .text          0x0000000000088cc2      0xeae C:\DOCUME~1\g\LOCALS~1\Temp\ccH6VvmT.ltrans6.ltrans.o
                0x0000000000088cf8                os_vAPP_cbDisableTickTimer
                0x0000000000088d3c                os_vAPP_cbEnableTickTimer
                0x0000000000088dbc                vRetryCcaFailure
                0x0000000000088e10                eBeaconReqSent.135687
                0x0000000000088e37                DBG_vUartInitHardware
                0x0000000000088f74                eCLD_OnOffCommandHandler
                0x0000000000088f91                dbg_vPrintfImplNoneVerbose
                0x0000000000089418                eZCL_SearchForClusterEntry
                0x00000000000894b6                eZCL_BuildTransmitAddressStructure
                0x0000000000089528                APP_vSetLeds
                0x0000000000089579                pwrm_PreSleep.3348
                0x0000000000089637                vHandleIdentifyRequest
                0x0000000000089673                os_vAPP_ID_Task
                0x00000000000896bd                os_vApp_cbBlinkLed
                0x00000000000896c2                ZPS_bSecDecrypt
                0x00000000000897d4                boPDM_IsBitmapSaturated.115091
                0x000000000008981d                vTouchInitHardware.3596
                0x0000000000089888                MAC_u64GetExtAddr
                0x00000000000898a3                ZPS_u64NwkNibFindExtAddr
                0x000000000008994e                ZPS_u16NwkNibFindNwkAddr
                0x00000000000899f4                iPDM_SearchForBufferIdInList
                0x0000000000089a29                iPDM_SearchForBufferIdInFileSystem
                0x0000000000089a3c                iPDM_ReadUserDataFromSegmentWithId
                0x0000000000089a71                iPDM_SearchForSpecificSegmentInList
                0x0000000000089aa3                psGetAndBuildCoordRealignment
                0x0000000000089afb                eBuildAndSend.135691
 .text          0x0000000000089b70     0x13a9 C:\DOCUME~1\g\LOCALS~1\Temp\ccH6VvmT.ltrans7.ltrans.o
                0x0000000000089b70                PDUM_eNPduAllocate
                0x0000000000089bdf                PDUM_eNPduClone
                0x0000000000089c2b                PDUM_eNPduFree
                0x0000000000089c98                vPostVsMcpsDcfmInd.75360
                0x0000000000089d81                ZPS_vInterceptMcpsDataCallback
                0x0000000000089de3                zps_vNwkMcpsMgrFreeReqDescr
                0x0000000000089e15                zps_psAllocateAndFormatMacHdr
                0x0000000000089f68                zps_vNwkRemoveConflictedBroadcast
                0x0000000000089fba                zps_vNwkMcpsMgrTidyBtrReqDescr
                0x0000000000089ffe                vNwkBttTimerExpiry.126406
                0x000000000008a081                MAC_vHandleMcpsVsReqRsp
                0x000000000008a202                PDUM_hAPduAllocateAPduInstance
                0x000000000008a276                hZCL_AllocateAPduInstance
                0x000000000008a2b2                zps_eAplZdoSendZdpResponse
                0x000000000008a2fb                bSendResponse.89869
                0x000000000008a33e                PDUM_eAPduFreeAPduInstance
                0x000000000008a67d                zps_bAplZdoMatchDescServer
                0x000000000008a691                zps_bAplZdoNodeDescServer
                0x000000000008a7fd                zps_bAplZdoSimpleDescServer
                0x000000000008aa5e                zps_bAplZdoPowerDescServer
                0x000000000008ab7b                zps_bAplZdoActiveEpServer
                0x000000000008ac64                zps_bAplZdoSystemServerDiscoveryServer
                0x000000000008aced                zps_bAplZdoMgmtLqiServer
 .text          0x000000000008af19      0xc49 C:\DOCUME~1\g\LOCALS~1\Temp\ccH6VvmT.ltrans8.ltrans.o
                0x000000000008af19                zps_bAplZdoNwkAddrServer
                0x000000000008b22a                vMiniMac_McpsCallback
                0x000000000008b456                zps_vSendJoinDcfm
                0x000000000008b49c                vGiveUp.130693
                0x000000000008b4d4                ZPS_bSecEncrypt
                0x000000000008b68a                eZCL_TransmitInterPanRequest.constprop.34
                0x000000000008b745                vSendIdentifyRequest.isra.2.7603
                0x000000000008b786                vSendDeviceInfoReq.7195
                0x000000000008b7c0                vSendScanResponse.7430.constprop.30
                0x000000000008b923                zps_u8AplApsConstructAndPostLoopBackDataInd.62060
                0x000000000008ba5c                u8PostUnicastMsgToNHLE.62068
                0x000000000008ba95                zps_psNwkInitCmdFrame
 .text.unlikely
                0x000000000008bb62      0x2ef C:\DOCUME~1\g\LOCALS~1\Temp\ccH6VvmT.ltrans8.ltrans.o
                0x000000000008bb62                vSendRouterJoinRequest.isra.5.7615.constprop.19
                0x000000000008bd42                vHandleDeviceInfoRequest.7449
 .text          0x000000000008be51      0xeb0 C:\DOCUME~1\g\LOCALS~1\Temp\ccH6VvmT.ltrans9.ltrans.o
                0x000000000008be51                vMcpsMgrExpiry.121224
                0x000000000008bef5                zps_vNwkHandleCmeLeaveReq
                0x000000000008bf5d                zps_eNwkHandleSceLeave
                0x000000000008c0e3                vPDM_MoveAllDataFromListToList
                0x000000000008c121                vPDM_MoveAllDataToDeAllocList
                0x000000000008c149                iPDM_ReconstructReplacedDataTable
                0x000000000008c2d6                iPDM_ReplaceChangedSegmentInSequence
                0x000000000008c3c8                vPDM_MoveAllDataWithBufferIdFromListToList
                0x000000000008c44d                vPDM_DeleteAppendedSequence
                0x000000000008c534                ZPS_vNwkResetOutgoingFrameCounter
                0x000000000008c588                zps_psSendFrm.constprop.67
                0x000000000008c78d                ZPS_vNwkHandleNldeReqRsp
                0x000000000008c97f                zps_eAplApsmeCmdMgrSendCommand
                0x000000000008ca5c                zps_vAplApsmeCmdMgrRetryTimeout.63442
                0x000000000008ca85                zps_psNwkSendRejoinReqCmd.constprop.9
                0x000000000008cae7                zps_psSendNetworkStatusCmd
                0x000000000008cb5f                zps_eDefaultDataDcfm
 .text          0x000000000008cd01     0x11a8 C:\DOCUME~1\g\LOCALS~1\Temp\ccH6VvmT.ltrans10.ltrans.o
                0x000000000008cd89                zps_eAplAibSetApsUseExtendedPanId
                0x000000000008cd9f                zps_eAplAibSetApsChannelMask
                0x000000000008cdb2                zps_bNwkFindAddIeeeAddr
                0x000000000008cf30                zps_psFindKeyDescr
                0x000000000008d064                zps_eAplSecEncryptPacket
                0x000000000008d153                eUnfragmentedUnicastTransmission.62043
                0x000000000008d402                zps_eAplSendApsmeCmdFrame
                0x000000000008d573                vApsmeResendTimeOutHandler
                0x000000000008d5a2                ZPS_bNwkNibAddrMapAddEntry
                0x000000000008d769                zps_sNwkNibNtCheckJoin
                0x000000000008d9ef                zps_vNwkHandleCmeDirectJoinReq
                0x000000000008da69                zps_vJoinInitNtParent
                0x000000000008dbbf                vContinueRejoin.129939
                0x000000000008dc66                zps_vCheckActvNtForDuplicate
                0x000000000008dcfe                eSmeOrphScanDcfm.131135
                0x000000000008dd76                eCheckAddrConflict.isra.3.120578
                0x000000000008de0c                zps_vSaveAllZpsRecords
                0x000000000008de2c                vAplSecRemoveLinkKey.68608
 *fill*         0x000000000008dea9        0x3 00
 .text          0x000000000008deac      0xda4 C:\DOCUME~1\g\LOCALS~1\Temp\ccH6VvmT.ltrans11.ltrans.o
                0x000000000008deac                vAplSecAuthPollTimerExpiry.68492
                0x000000000008df04                vAplSecAuthTimerExpiry.68496
                0x000000000008dfd4                vHandleApsInterPanDcfmData
                0x000000000008e1b6                vPostApsdeDcfmInd.59466
                0x000000000008e3be                zps_vHandleApsdeDataFragIndNotSupported
                0x000000000008e426                eDiscoverNetworks.68562
                0x000000000008e482                eStartNetworkDiscovery.68569
                0x000000000008e50f                eStartRouter.68579
                0x000000000008e5de                vPostApsmeDcfmInd.59459
                0x000000000008ea3b                zps_eAplZdoPoll
                0x000000000008eaa7                pwrm_Wakeup.3344
 .text          0x000000000008ec50      0xe38 C:\DOCUME~1\g\LOCALS~1\Temp\ccH6VvmT.ltrans12.ltrans.o
                0x000000000008ee77                zps_bAplZdoBindUnbindServer
                0x000000000008ef83                zps_eZdpNodeDescResponse
                0x000000000008f02b                zps_eZdpSimpleDescResponse
                0x000000000008f138                zps_bAplZdoMgmtNWKUpdateServer
                0x000000000008f4a0                zps_eZdpNwkAddrResponse
                0x000000000008f583                zps_eZdpIeeeAddrResponse
                0x000000000008f666                zps_eZdpPowerDescResponse
                0x000000000008f703                eZCL_TransmitDataRequest
 .text          0x000000000008fa88      0xbac C:\DOCUME~1\g\LOCALS~1\Temp\ccH6VvmT.ltrans13.ltrans.o
                0x000000000008fa88                os_vZCL_Task
 .text          0x0000000000090634      0xda8 C:\DOCUME~1\g\LOCALS~1\Temp\ccH6VvmT.ltrans14.ltrans.o
                0x0000000000090634                vBbcIntHandler.134338
                0x00000000000908ec                os_vzps_isrMAC
                0x000000000009092b                eAssocRespSent.135248
                0x000000000009094a                zps_vNwkHandleCmeSyncReq
                0x00000000000909cc                zps_vNwkHandleCmeNwkDiscReq
                0x0000000000090a46                zps_vNwkHandleCmeEdScanReq
                0x0000000000090c47                zps_vNwkHandleCmeNwkJoinReq
                0x0000000000090f05                zps_vNwkHandleCmeNwkActvJoinReq
                0x000000000009104d                vHandleRejoinExpiry.130689
                0x00000000000910ab                zps_eRejoinDataDcfm
 .text          0x00000000000913dc      0xcfd C:\DOCUME~1\g\LOCALS~1\Temp\ccH6VvmT.ltrans15.ltrans.o
                0x00000000000913dc                zps_bAplZdoIeeeAddrServer
                0x0000000000091532                eMcpsTxCompleteHandler.134540
                0x0000000000091560                vPDM_AddFileSystemElementToListInAscendingWearCountOrder
                0x000000000009166e                vPDM_MoveFileRecordFromListToList
                0x0000000000091690                vPDM_MoveRecordToDeAllocList
                0x00000000000916b0                iPDM_WriteSegmentHeaderAndData
                0x00000000000918ac                vIncrementFrameCounterInPdm.isra.0.122572
                0x0000000000091a8b                vProcessListsForSubmission.121322
                0x0000000000091d7e                zps_vNwkMcpsMgrPost
                0x0000000000091da2                vSendNetworkReport.120368
                0x0000000000091e7c                zps_eNwkHandleSdeActvDcfmData
                0x0000000000091f63                vMcpsMgrTimeoutExpiry
                0x0000000000091fd2                iPDM_SegmentCopyAndAppendData.constprop.120
                0x000000000009202f                eMakeEntryInBindingTable.63496
 *fill*         0x00000000000920d9        0x3 00
 .text          0x00000000000920dc      0xd3c C:\DOCUME~1\g\LOCALS~1\Temp\ccH6VvmT.ltrans16.ltrans.o
                0x00000000000920dc                eCLD_GroupsCommandHandler
                0x000000000009220c                eCLD_IdentifyCommandHandler
                0x00000000000924a2                eCLD_ZllUtilityCommandHandler
                0x00000000000926e0                APP_ZCL_cbEndpointCallback.6801
                0x000000000009285f                os_vAPP_AddGroupTask
                0x0000000000092923                vAppMoveColourTemperature.constprop.50
                0x00000000000929b1                vAppColorLoopSet.constprop.49
                0x0000000000092a4a                vAppGotoHueAndSat
                0x0000000000092b58                vAppEnhancedMoveHue
                0x0000000000092bc8                vAppMoveSaturation
                0x0000000000092c37                vAppOnOff
                0x0000000000092d5d                vAppLevelStop
                0x0000000000092d9c                vAppLevelMove
 .text          0x0000000000092e18      0xd4d C:\DOCUME~1\g\LOCALS~1\Temp\ccH6VvmT.ltrans17.ltrans.o
                0x0000000000092e18                eOrphanNotificationSent.135683
                0x0000000000092e61                ZPS_vAplHandleApsdeReqRsp
                0x000000000009328a                zps_eAplZdpApsdeReqInternal
                0x00000000000932f9                zps_eZdpActiveEpResponse
                0x000000000009338f                zps_eZdpMatchDescResponse
                0x0000000000093425                zps_eZdpSystemServerDiscoveryResponse
                0x0000000000093494                zps_eAplZdpMgmtLqiResponse
                0x000000000009357c                zps_eZdpMgmtNwkUpdateNotifyResponse
                0x0000000000093736                zps_bAplZdoZdoClient
                0x0000000000093846                zps_bAplZdoDefaultServer
                0x0000000000093b02                zps_eAplZdpBindResponse
                0x0000000000093b23                zps_eZdpUnbindResponse
                0x0000000000093b44                zps_eZdpMgmtLeaveResponse
 *fill*         0x0000000000093b65        0x3 00
 .text          0x0000000000093b68      0xec0 C:\DOCUME~1\g\LOCALS~1\Temp\ccH6VvmT.ltrans18.ltrans.o
                0x0000000000093d47                vPostNldeDcfmInd.59473
                0x0000000000094838                vAckTimeOutHandler
                0x00000000000948e3                zps_eAplApsmeUpdateDeviceReqRsp.part.4.63607
 .text          0x0000000000094a28      0xd72 C:\DOCUME~1\g\LOCALS~1\Temp\ccH6VvmT.ltrans19.ltrans.o
                0x0000000000094a28                PDM_eSaveRecordData
                0x0000000000094e5d                zps_vAplSaveRecord
                0x0000000000094f0d                ZPS_vNwkSaveRecord
                0x0000000000094f39                ZPS_vRemoveEntryFromAddressMap
                0x0000000000094f82                ZPS_vNwkSaveAllRecords
                0x0000000000094f99                ZPS_vNwkNibSetNwkAddr
                0x0000000000094fb6                zps_eNwkHandleSceRejnResponse
                0x0000000000095013                ZPS_vNwkNibSetExtPanId
                0x0000000000095038                vFinish.131125
                0x0000000000095080                ZPS_vNwkNibSetKeySeqNum
                0x0000000000095093                ZPS_vNwkNibSetDepth
                0x00000000000950bc                ZPS_vNwkNibSetUpdateId
                0x00000000000950ca                ZPS_vNwkNibSetPanId
                0x00000000000950e7                vHandleNwkRemoteUpdateAfterBcast.120372
                0x0000000000095157                ZPS_vNwkNibSetCapabilityInfo
                0x0000000000095184                ZPS_vNwkNibSetChannel
                0x000000000009519c                zps_u8NwkHandleRejoinReq
                0x0000000000095265                zps_vProcessLocalAddrConflict.part.0.120381
                0x000000000009529f                ZPS_vNwkSaveNt
                0x00000000000952b3                ZPS_vNwkPurgeMacAddressAndRelatedEntries
                0x00000000000953b9                ZPS_vNtSetUsedStatus
                0x0000000000095460                zps_eNwkHandleSmeCommStatusInd
                0x00000000000955a0                eUnsolicitedRejoinRspDataDcfm.120376
                0x00000000000955cb                eRejoinRspDataDcfm.129943
                0x000000000009569a                ZPS_vNwkSaveSecMat
                0x00000000000956ae                vPDM_MoveAllDataWithBufferIdAndStateFromListToList
                0x0000000000095739                vPDM_ImageBitmapRepair.114114
 .text          0x000000000009579a      0xf61 C:\DOCUME~1\g\LOCALS~1\Temp\ccH6VvmT.ltrans20.ltrans.o
                0x000000000009579a                os_bDummyMemberCheck.56228
                0x000000000009579f                os_vDefaultErrorHook.56224
                0x00000000000957a2                eCLD_LevelControlCommandHandler
                0x00000000000957a7                APP_ZCL_cbGeneralCallback.6804
                0x00000000000957aa                bAllowInterPanEp.4477
                0x00000000000957ba                vOverideProfileId.4480
                0x00000000000957c7                os_bStrictCheck.1358
                0x0000000000095ae1                PDUM_eNPduWriteDataFromBuffer
                0x0000000000095b3b                PDUM_eNPduWriteDataToBuffer
                0x0000000000095b99                PDUM_eNPduWriteFromBuffer
                0x0000000000095bc2                PDUM_eNPduDescend
                0x0000000000095be8                PDUM_eNPduAscend
                0x0000000000095c0e                PDUM_eNPduClaimData
                0x0000000000095c7b                PDUM_eNPduClaimHeader
                0x0000000000095c9e                PDUM_eNPduInitDescending
                0x0000000000095cb9                eExpireSWTimer.56237
                0x0000000000095d24                vEnterErrorHook.56220
                0x0000000000095d4b                OS_eCollectMessage
                0x0000000000095e10                eZCL_GetAttributeTypeSize
                0x0000000000095e2f                vZCL_MarkAttributeInvalid
                0x0000000000095efe                eZCL_CheckEPstructureIntegrity.36244
                0x00000000000960e6                u8ZCL_GetAttributeAllignToFourBytesBoundary
                0x00000000000960fb                pvZCL_GetAttributePointer
                0x0000000000096171                u16ZCL_GetStringStructureSize
                0x00000000000961ae                u16ZCL_GetStringAttributeTypeSizeFromBuffer
                0x000000000009621f                u16ZCL_GetStringSizeAndBufferFromStructure
                0x00000000000962ae                vZCL_GetInternalMutex
                0x00000000000962d7                eZCL_GetMutex
                0x000000000009630f                vZCL_InitializeClusterInstance
                0x0000000000096324                vZCL_ReleaseInternalMutex
                0x000000000009633e                eZCL_SearchForAttributeEntry
                0x00000000000963fe                eZCL_SearchForEPentry
                0x0000000000096459                eZCL_SearchForEPentryAndCheckManufacturerId
                0x0000000000096497                vZCL_PassEventToUser
                0x00000000000964c4                u8GetTransactionSequenceNumber
                0x00000000000964e5                eZCL_ReleaseMutex
                0x0000000000096514                eZCL_Register.part.1.36253
                0x0000000000096542                boDLISTisEmpty
                0x000000000009655a                vWriteU64ToPayLoad.22506
                0x0000000000096587                vWriteU32ToPayLoad.22502
                0x000000000009659f                vRecoverTempAddresses.7193
                0x00000000000965d2                bAddToEndpointTable
                0x000000000009666f                vSetAddress.4865
                0x00000000000966ba                vResetSleepAndJoinCounters.4786
                0x00000000000966db                eGetKeyCode.3450
 .text.unlikely
                0x00000000000966fb      0x16f C:\DOCUME~1\g\LOCALS~1\Temp\ccH6VvmT.ltrans20.ltrans.o
                0x00000000000966fb                vSaveTempAddresses.7191
                0x000000000009672e                InvShiftRows
                0x00000000000967c1                InvSubBytes
                0x0000000000096807                AddRoundKey
                0x0000000000096848                getSBoxValue.6163
 .text          0x000000000009686a      0xded C:\DOCUME~1\g\LOCALS~1\Temp\ccH6VvmT.ltrans21.ltrans.o
                0x0000000000097128                os_vzps_taskZPS
                0x0000000000097351                ZPS_vNwkNibCheckAndUpdateAddresses
                0x00000000000973ed                zps_bAplZdoDeviceAnnceServer
 *fill*         0x0000000000097657        0x1 00
 .text          0x0000000000097658      0xc7c C:\DOCUME~1\g\LOCALS~1\Temp\ccH6VvmT.ltrans22.ltrans.o
                0x00000000000977ca                vPostNlmeDcfmInd.59452
                0x0000000000097ee2                zps_eAplZdoRejoinNetwork
                0x0000000000097f5d                os_vAPP_SleepAndPollTask
                0x0000000000098177                vDiscoverNetworks.4889
                0x000000000009825b                vTryNwkJoin.4894
 .text          0x00000000000982d4      0xdd8 C:\DOCUME~1\g\LOCALS~1\Temp\ccH6VvmT.ltrans23.ltrans.o
                0x000000000009848c                vPollTimeout.135893
                0x00000000000985d8                vSendMlmeCommStatusFromTxFrame
                0x000000000009862e                MAC_vHandleMlmeVsReqRsp.constprop.147
                0x0000000000098b67                vScanBeaconReceived
                0x0000000000098ba7                vRunningRxCallback
                0x0000000000098ea7                vPostDcfm.135702
                0x0000000000098f10                vScanNextChannel.135708
 .text          0x00000000000990ac      0xbe4 C:\DOCUME~1\g\LOCALS~1\Temp\ccH6VvmT.ltrans24.ltrans.o
                0x00000000000990ac                os_vAPP_ZLL_Remote_Task
 .text          0x0000000000099c90      0xb21 C:\DOCUME~1\g\LOCALS~1\Temp\ccH6VvmT.ltrans25.ltrans.o
                0x0000000000099e81                ZPS_vNwkHandleNlmeReqRsp
                0x0000000000099efb                zps_vAplAfPostEvent
                0x000000000009a2c4                vApsInterPanMcpsDataInd
                0x000000000009a46b                zps_eAplZdoNlmeleaveWrapper
                0x000000000009a4e9                zps_bAplZdoMgmtLeaveServer
                0x000000000009a669                vChangeChannelTimerExpiry.91050
                0x000000000009a6cc                eLeaveReset.132112
                0x000000000009a737                eLeaveDataDcfmLocalLeave.132117
 .text          0x000000000009a7b1      0xbd6 C:\DOCUME~1\g\LOCALS~1\Temp\ccH6VvmT.ltrans26.ltrans.o
                0x000000000009a7b1                eZCL_SendDefaultResponse
                0x000000000009a8b0                vZCL_HandleAttributesWriteRequest
                0x000000000009afaf                eCLD_ZllCommissionCommandHandler
                0x000000000009b231                eZCL_CustomCommandReceive.part.0.36605
 *fill*         0x000000000009b387        0x1 00
 .text          0x000000000009b388      0xb80 C:\DOCUME~1\g\LOCALS~1\Temp\ccH6VvmT.ltrans27.ltrans.o
                0x000000000009b474                vHandleZllDeviceJoin
                0x000000000009b5c1                vMiniMac_MlmeCallback
                0x000000000009b8c6                vMiniMacPoll_CheckPollResponse
                0x000000000009b921                ePollReqSent.135895
                0x000000000009b96c                PDM_vDeleteAllDataRecords
                0x000000000009b9e9                iPDM_VerifyDataSequenceWithBufferId
                0x000000000009ba8b                vSetGroupAddress.constprop.43
                0x000000000009bad9                vFactoryResetRecords
                0x000000000009bbf7                bAplZdoBindUnbindServerProcessApdu
 .text          0x000000000009bf08      0x9b8 C:\DOCUME~1\g\LOCALS~1\Temp\ccH6VvmT.ltrans28.ltrans.o
                0x000000000009bf08                vPdmEventHandlerCallback.3332
                0x000000000009bf18                vOSError.3340
                0x000000000009bf70                OS_eEnterCriticalSection
                0x000000000009c038                PDM_eReadDataFromRecord
                0x000000000009c0ba                vLoadAplRecord.68542
                0x000000000009c120                ZPS_pvNwkCtor.part.0.119414
                0x000000000009c3ec                ZPS_eTsvStart
                0x000000000009c447                zps_eAplZdoBdrmRequestSend
                0x000000000009c4c2                zps_eNwkHandleSceNwkUpdate
                0x000000000009c4e6                vProcessTimedList.121236
                0x000000000009c52c                zps_vAplAfPostTimerEvent
                0x000000000009c57c                zps_vNwkJoinStStartResponseTimer
                0x000000000009c5b5                ZPS_eTsvStop
                0x000000000009c609                zps_eNwkBtrMatch
                0x000000000009c696                zps_vAplApsStopPollTimer.part.2.61949
                0x000000000009c71d                vConfigureScanTimer
                0x000000000009c769                vWakeCallBack.4780
                0x000000000009c78b                eZCL_SetReceiveEventAddressStructure
                0x000000000009c80a                eCLD_ColourControlCommandHandler
                0x000000000009c868                DBG_vDumpStack
                0x000000000009c8aa                vUnclaimedInterrupt.3338
 .text          0x000000000009c8c0      0x486 C:\DOCUME~1\g\LOCALS~1\Temp\ccH6VvmT.ltrans29.ltrans.o
                0x000000000009c8c0                eZCL_CustomCommandSend.constprop.56
                0x000000000009cb3c                vAppIdentifyEffect
                0x000000000009cba5                vSelectLight
 .text          0x000000000009cd46      0x4e8 C:\DOCUME~1\g\LOCALS~1\Temp\ccH6VvmT.ltrans30.ltrans.o
                0x000000000009cd46                AppWarmStart
                0x000000000009cd60                AppColdStart
                0x000000000009d008                os_vUnclaimedInterrupt
                0x000000000009d01a                os_vControlledIntCheck
                0x000000000009d05f                os_vControlledInterrupt
                0x000000000009d098                os_vAPP_isrSystemController
                0x000000000009d0d9                os_vAPP_isrIllegalInstruction
                0x000000000009d0ec                os_vAPP_isrAlignmentException
                0x000000000009d0ff                os_vAPP_isrBusErrorException
                0x000000000009d115                os_vAPP_isrUnimplementedModuleException
                0x000000000009d12b                os_vAPP_isrStackOverflowException
                0x000000000009d13e                os_vAPP_isrTickTimer
 .text          0x000000000009d22e      0x40c C:\DOCUME~1\g\LOCALS~1\Temp\ccH6VvmT.ltrans31.ltrans.o
                0x000000000009d22e                vStartScanTimerExpiry.91054
                0x000000000009d26a                zps_vAplApsPollTimer
                0x000000000009d2cc                zps_eNwkSendJoinResponse
                0x000000000009d45e                zps_vProcessChildAddrConflict
                0x000000000009d521                zps_eNwkHandleSceNwkStatus
 .text          0x000000000009d63a       0x25 c:/nxp/bstudio_nxp/sdk/tools/ba-elf-ba2-r36379/bin/../lib/gcc/ba-elf/4.7.4/../../../../ba-elf/lib/mcpu_jn51xx_sizeopt\libc.a(lib_a-memcmp.o)
                0x000000000009d63a                memcmp
 .text          0x000000000009d65f       0x19 c:/nxp/bstudio_nxp/sdk/tools/ba-elf-ba2-r36379/bin/../lib/gcc/ba-elf/4.7.4/../../../../ba-elf/lib/mcpu_jn51xx_sizeopt\libc.a(lib_a-memcpy.o)
 .text          0x000000000009d678       0x12 c:/nxp/bstudio_nxp/sdk/tools/ba-elf-ba2-r36379/bin/../lib/gcc/ba-elf/4.7.4/../../../../ba-elf/lib/mcpu_jn51xx_sizeopt\libc.a(lib_a-memset.o)
                0x000000000009d678                memset
 *fill*         0x000000000009d68a        0x2 00
 .text          0x000000000009d68c      0x204 c:/nxp/bstudio_nxp/sdk/tools/ba-elf-ba2-r36379/bin/../lib/gcc/ba-elf/4.7.4/mcpu_jn51xx_sizeopt\libgcc.a(__udivsi3.o)
                0x000000000009d68c                __udivsi3
 .text          0x000000000009d890      0x1b0 c:/nxp/bstudio_nxp/sdk/tools/ba-elf-ba2-r36379/bin/../lib/gcc/ba-elf/4.7.4/mcpu_jn51xx_sizeopt\libgcc.a(__umodsi3.o)
                0x000000000009d890                __umodsi3
 .text          0x000000000009da40       0x24 c:/nxp/bstudio_nxp/sdk/tools/ba-elf-ba2-r36379/bin/../lib/gcc/ba-elf/4.7.4/mcpu_jn51xx_sizeopt\libgcc.a(__modsi3.o)
                0x000000000009da40                __modsi3
 .text          0x000000000009da64      0x350 c:/nxp/bstudio_nxp/sdk/tools/ba-elf-ba2-r36379/bin/../lib/gcc/ba-elf/4.7.4/mcpu_jn51xx_sizeopt\libgcc.a(_udivdi3.o)
                0x000000000009da64                __udivdi3
 *fill*         0x000000000009ddb4        0x4 00
 .text          0x000000000009ddb8      0x198 c:/NXP/bstudio_nxp/workspace/JN-AN-1171-ZigBee-LightLink-Demo/Controller_ColorController/Build/os_irq.o
                0x000000000009ddb8                os_ExternalException_W
                0x000000000009ddfc                os_PIC_ChannelPriorities
                0x000000000009de0c                os_OSMIUM_HwVectTable
                0x000000000009de48                os_PIC_SwVectTable
 .text          0x000000000009df50       0x29 c:/NXP/bstudio_nxp/workspace/JN-AN-1171-ZigBee-LightLink-Demo/Controller_ColorController/Build/os_irq_alignment.o
                0x000000000009df50                IRQ_Alignment
 .text          0x000000000009df79       0x29 c:/NXP/bstudio_nxp/workspace/JN-AN-1171-ZigBee-LightLink-Demo/Controller_ColorController/Build/os_irq_buserror.o
                0x000000000009df79                IRQ_BusError
 .text          0x000000000009dfa2       0x29 c:/NXP/bstudio_nxp/workspace/JN-AN-1171-ZigBee-LightLink-Demo/Controller_ColorController/Build/os_irq_illegalinstruction.o
                0x000000000009dfa2                IRQ_IllegalInstruction
 .text          0x000000000009dfcb       0x29 c:/NXP/bstudio_nxp/workspace/JN-AN-1171-ZigBee-LightLink-Demo/Controller_ColorController/Build/os_irq_stackoverflowexception.o
                0x000000000009dfcb                IRQ_StackOverflowException
 .text          0x000000000009dff4       0x29 c:/NXP/bstudio_nxp/workspace/JN-AN-1171-ZigBee-LightLink-Demo/Controller_ColorController/Build/os_irq_unimplementedmodule.o
                0x000000000009dff4                IRQ_UnimplementedModule
 *fill*         0x000000000009e01d        0x3 00
 .text          0x000000000009e020       0xc0 c:/NXP/bstudio_nxp/sdk/JN-SW-4168/Components/Library\libOS_JN516x.a(os_contirq_JN516x.o)
                0x000000000009e020                os_ExternalException_R
                0x000000000009e050                os_CFunc_W
                0x000000000009e0a0                os_UnclaimedException_W
                0x000000000009e0c0                os_UnclaimedInterrupt_W
 .text          0x000000000009e0e0       0x48 c:/NXP/bstudio_nxp/sdk/JN-SW-4168/Components/Library\libPWRM_JN516x.a(pwrm_setjmp_JN516x.o)
                0x000000000009e0e0                setjmp
                0x000000000009e104                PWRM_longjmp
 .text          0x000000000009e128       0x27 c:/NXP/bstudio_nxp/sdk/JN-SW-4168/Components/Library\libHardwareApi_JN516x.a(AHI_Interrupt.o)
                0x000000000009e128                vAHI_InterruptSetPriority
                0x000000000009e146                vAHI_InterruptSetActivePriorityLevel
 .text.vMicroSyscall
                0x000000000009e14f       0x17 c:/NXP/bstudio_nxp/sdk/JN-SW-4168/Components/Library\libMicroSpecific_JN516x.a(MicroSyscall_ba.o)
                0x000000000009e14f                vMicroSyscall
 .text          0x000000000009e166        0x0 c:/NXP/bstudio_nxp/sdk/JN-SW-4168/Components/Library\libOS_JN516x.a(os_version_lc.o)
                0x000000000009e166                OS_Version_1v2
 .text          0x000000000009e166        0x0 c:/NXP/bstudio_nxp/sdk/JN-SW-4168/Components/Library\libZPSAPL_JN516x.a(zps_apl_version_lc.o)
                0x000000000009e166                ZPS_APL_Version_2v0
 .text          0x000000000009e166        0x0 c:/NXP/bstudio_nxp/sdk/JN-SW-4168/Components/Library\libZPSNWK_ZED_JN516x.a(zps_nwk_version_lc.o)
                0x000000000009e166                ZPS_NWK_Version_2v0
                0x000000000009e166                _flash_end = ABSOLUTE (.)

.rela.dyn       0x000000000009e168        0x0
 .rela.text     0x0000000000000000        0x0 c:/NXP/bstudio_nxp/workspace/JN-AN-1171-ZigBee-LightLink-Demo/Controller_ColorController/Build/os_irq.o
 .rela.data     0x0000000000000000        0x0 c:/NXP/bstudio_nxp/workspace/JN-AN-1171-ZigBee-LightLink-Demo/Controller_ColorController/Build/os_irq.o
 .rela.rodata   0x0000000000000000        0x0 c:/NXP/bstudio_nxp/workspace/JN-AN-1171-ZigBee-LightLink-Demo/Controller_ColorController/Build/os_irq.o
 .rela.text.unlikely
                0x0000000000000000        0x0 c:/NXP/bstudio_nxp/workspace/JN-AN-1171-ZigBee-LightLink-Demo/Controller_ColorController/Build/os_irq.o
                0x000000000400004c                . = ORIGIN (ram)

.data           0x000000000400004c      0x76c load address 0x000000000009e168
                0x000000000400004c                _ram_data_start = ABSOLUTE (.)
 *(.data*)
 .data          0x000000000400004c       0x88 C:\DOCUME~1\g\LOCALS~1\Temp\ccH6VvmT.ltrans0.ltrans.o
                0x000000000400004c                u8MiniMacConfig_MaxConcurrentAssocResponses
                0x0000000004000050                psShadowRxBuffer
 .data          0x00000000040000d4       0x20 C:\DOCUME~1\g\LOCALS~1\Temp\ccH6VvmT.ltrans1.ltrans.o
                0x00000000040000d4                sCertKey.7759
                0x00000000040000e4                sMasterKey.7760
 .data          0x00000000040000f4        0x4 C:\DOCUME~1\g\LOCALS~1\Temp\ccH6VvmT.ltrans2.ltrans.o
                0x00000000040000f4                u32HeapStart
 .data          0x00000000040000f8        0x1 C:\DOCUME~1\g\LOCALS~1\Temp\ccH6VvmT.ltrans6.ltrans.o
 *fill*         0x00000000040000f9        0x3 00
 .data          0x00000000040000fc        0xc C:\DOCUME~1\g\LOCALS~1\Temp\ccH6VvmT.ltrans8.ltrans.o
                0x00000000040000fc                bCanLoopback.62289
 .data          0x0000000004000108       0xc8 C:\DOCUME~1\g\LOCALS~1\Temp\ccH6VvmT.ltrans20.ltrans.o
                0x0000000004000108                s_asapduZCLInstances
                0x0000000004000168                s_asapduZDPInstances
 .data          0x00000000040001d0        0x1 C:\DOCUME~1\g\LOCALS~1\Temp\ccH6VvmT.ltrans21.ltrans.o
 *fill*         0x00000000040001d1        0x7 00
 .data          0x00000000040001d8       0x30 C:\DOCUME~1\g\LOCALS~1\Temp\ccH6VvmT.ltrans24.ltrans.o
                0x00000000040001d8                sDeviceTable
                0x00000000040001f0                bAddrMode.5861
                0x00000000040001f1                u8DeepSleepTime.5858
                0x00000000040001f2                u8RejoinAttemptsRemaining.5860
                0x00000000040001f3                u8KeepAliveTime.5857
                0x00000000040001f4                sZllState
 .data          0x0000000004000208      0x598 C:\DOCUME~1\g\LOCALS~1\Temp\ccH6VvmT.ltrans30.ltrans.o
                0x0000000004000208                s_keyPairTableStorage.3107
                0x0000000004000268                os_SWTimer_APP_cntrTickTimer_APP_LedBlinkTimer
                0x0000000004000284                os_Mutex_mutexMAC
                0x000000000400028c                os_Mutex_mutexZPS
                0x0000000004000294                s_sApl.3064
                0x00000000040003e4                os_SWTimer_APP_cntrTickTimer_APP_AddGroupTimer
                0x0000000004000400                os_SWTimer_APP_cntrTickTimer_APP_IdTimer
                0x000000000400041c                os_Message_APP_msgZpsEvents_ZCL
                0x0000000004000440                os_SWTimer_APP_cntrTickTimer_APP_CommissionTimer
                0x000000000400045c                os_Message_APP_msgZpsEvents
                0x0000000004000480                os_Message_APP_msgEvents
                0x00000000040004a4                os_Message_APP_CommissionEvents
                0x00000000040004c8                os_Message_zps_msgMlmeDcfmInd
                0x00000000040004ec                os_Message_zps_msgTimeEvents
                0x0000000004000510                os_Message_zps_msgMcpsDcfmInd
                0x0000000004000534                os_Message_zps_msgMcpsDcfm
                0x0000000004000558                os_SWTimer_APP_cntrTickTimer_APP_PollTimer
                0x0000000004000574                os_Task_APP_AddGroupTask
                0x0000000004000580                os_Task_ZCL_Task
                0x000000000400058c                os_Task_APP_CommissionTimerTask
                0x0000000004000598                os_Task_APP_ZLL_Remote_Task
                0x00000000040005a4                os_Task_APP_Commission_Task
                0x00000000040005b0                os_Task_zps_taskZPS
                0x00000000040005bc                os_Task_APP_SleepAndPollTask
                0x00000000040005c8                u8AhiBaudRate.115654
                0x00000000040005cc                s_prbMemberCheck.56344
                0x00000000040005d0                s_prvErrorHook.56342
 .data.s_asAPduPool
                0x00000000040007a0       0x18 c:/NXP/bstudio_nxp/workspace/JN-AN-1171-ZigBee-LightLink-Demo/Controller_ColorController/Build/pdum_apdu.o
                0x00000000040007a0                pdum_apduZDP
                0x00000000040007a0                s_asAPduPool
                0x00000000040007ac                pdum_apduZCL
 *(.data.*)
                0x00000000040007b8                . = ALIGN (0x4)
                0x00000000040007b8                _ram_data_end = ABSOLUTE (.)

.bss            0x00000000040007b8     0x37a8 load address 0x000000000009e8d4
                0x00000000040007b8                _bss_start = ABSOLUTE (.)
 *(.bss*)
 .bss           0x00000000040007b8     0x1018 C:\DOCUME~1\g\LOCALS~1\Temp\ccH6VvmT.ltrans0.ltrans.o
                0x00000000040007b8                gu16NumberOfSegments.138228
                0x00000000040007bc                psPDM_Common
                0x00000000040007c0                u8MaxNpdu.56625
                0x00000000040007c1                u8Count.56624
                0x00000000040007c4                s_psNPduPoolEnd.56627
                0x00000000040007c8                s_psNPduPoolStart.56626
                0x00000000040007cc                s_psFreeListHead.56623
                0x00000000040007d0                s_hMutex.56622
                0x00000000040007d4                s_hMutex.56742
                0x00000000040007d8                s_asAPduPool.56741
                0x00000000040007dc                au32BaseCapacitances.3617
                0x000000000400081c                u32BaseMeasureSamples.3625
                0x0000000004000820                psAplDefaultZLLAPSLinkKey
                0x0000000004000824                s_u32x.113308
                0x0000000004000828                pfOptionsFilterCallback
                0x000000000400082c                pfnHandleZllDeviceJoin
                0x0000000004000830                s_prExpireFn.139222
                0x0000000004000834                s_hMutex.139221
                0x0000000004000838                pvRxStore
                0x000000000400083c                pvTxStore
                0x0000000004000840                g_pvAplHandle
                0x0000000004000844                s_hMacMutex
                0x0000000004000848                s_sDcfmIndMgr.138986
                0x0000000004000850                prAppMlmeGetBuffer
                0x0000000004000854                prAppMlmeCallback
                0x0000000004000858                psFreeMsgListHead
                0x000000000400085c                psActiveMsgListHead
                0x0000000004000860                u8MiniMac_RunTimeOptions
                0x0000000004000861                gZpsSetByProfile.59430
                0x0000000004000864                pfAllowInterPanToEp
                0x0000000004000868                sReversedMacAddr.136574
                0x0000000004000870                sThisDeviceMacAddr
                0x0000000004000878                sCommission
 .bss           0x00000000040017d0      0x1e8 C:\DOCUME~1\g\LOCALS~1\Temp\ccH6VvmT.ltrans1.ltrans.o
                0x00000000040017d0                state
                0x00000000040017e0                RoundKey
                0x00000000040018d0                sTarget
                0x00000000040018e0                sDstAddr
                0x00000000040018f0                sScanTarget
 .bss           0x00000000040019b8        0x8 C:\DOCUME~1\g\LOCALS~1\Temp\ccH6VvmT.ltrans2.ltrans.o
 .bss           0x00000000040019c0       0x20 C:\DOCUME~1\g\LOCALS~1\Temp\ccH6VvmT.ltrans3.ltrans.o
                0x00000000040019c0                eMMacModuleType
                0x00000000040019c4                prIntHandler.136941
                0x00000000040019c8                psTimerServerList
 .bss.initinboot
                0x00000000040019e0        0x1 C:\DOCUME~1\g\LOCALS~1\Temp\ccH6VvmT.ltrans3.ltrans.o
 *fill*         0x00000000040019e1        0x7 00
 .bss           0x00000000040019e8      0x290 C:\DOCUME~1\g\LOCALS~1\Temp\ccH6VvmT.ltrans4.ltrans.o
 .bss           0x0000000004001c78       0x40 C:\DOCUME~1\g\LOCALS~1\Temp\ccH6VvmT.ltrans5.ltrans.o
 .bss           0x0000000004001cb8       0x18 C:\DOCUME~1\g\LOCALS~1\Temp\ccH6VvmT.ltrans6.ltrans.o
                0x0000000004001cb8                sStoredMacData.134470
                0x0000000004001cbc                vFlushFn.115598
                0x0000000004001cc0                vPutchFn.115593
 .bss           0x0000000004001cd0        0x8 C:\DOCUME~1\g\LOCALS~1\Temp\ccH6VvmT.ltrans7.ltrans.o
 .bss           0x0000000004001cd8       0x34 C:\DOCUME~1\g\LOCALS~1\Temp\ccH6VvmT.ltrans8.ltrans.o
                0x0000000004001cd8                bIgnoreBroadcast
 .bss           0x0000000004001d0c        0x8 C:\DOCUME~1\g\LOCALS~1\Temp\ccH6VvmT.ltrans10.ltrans.o
 .bss           0x0000000004001d14       0x10 C:\DOCUME~1\g\LOCALS~1\Temp\ccH6VvmT.ltrans12.ltrans.o
                0x0000000004001d14                bDefaultServerIgnoreHandleMgmtUpdate
                0x0000000004001d18                bBindLookup
                0x0000000004001d1c                psBindUnbindServerContext
                0x0000000004001d20                pfOverrideProfile
 *fill*         0x0000000004001d24        0x4 00
 .bss           0x0000000004001d28       0x18 C:\DOCUME~1\g\LOCALS~1\Temp\ccH6VvmT.ltrans13.ltrans.o
                0x0000000004001d28                zps_psNwk
 .bss           0x0000000004001d40       0x30 C:\DOCUME~1\g\LOCALS~1\Temp\ccH6VvmT.ltrans14.ltrans.o
                0x0000000004001d40                sMiniMacPhyPib
                0x0000000004001d44                s_psVsMcpsDcfmInd.76659
                0x0000000004001d48                s_psMacDcfmInd.76658
 .bss           0x0000000004001d70       0x18 C:\DOCUME~1\g\LOCALS~1\Temp\ccH6VvmT.ltrans16.ltrans.o
                0x0000000004001d70                sGroupTable
 .bss           0x0000000004001d88       0x70 C:\DOCUME~1\g\LOCALS~1\Temp\ccH6VvmT.ltrans17.ltrans.o
                0x0000000004001d88                au32TimerCounter
                0x0000000004001da8                aprTimerCallback
                0x0000000004001dc8                sMiniMacInternal
                0x0000000004001df4                s_u16ActivityCounter
 .bss           0x0000000004001df8       0x48 C:\DOCUME~1\g\LOCALS~1\Temp\ccH6VvmT.ltrans18.ltrans.o
 .bss           0x0000000004001e40       0x30 C:\DOCUME~1\g\LOCALS~1\Temp\ccH6VvmT.ltrans19.ltrans.o
                0x0000000004001e40                a16NwkPdmRecordSizes
                0x0000000004001e4c                apvAplPdmRecordsAddress
                0x0000000004001e64                au16AplPdmRecordsSize
 .bss           0x0000000004001e70      0x650 C:\DOCUME~1\g\LOCALS~1\Temp\ccH6VvmT.ltrans20.ltrans.o
 .bss           0x00000000040024c0        0x8 C:\DOCUME~1\g\LOCALS~1\Temp\ccH6VvmT.ltrans21.ltrans.o
                0x00000000040024c0                u32DataQueueCount
 .bss           0x00000000040024c8       0x30 C:\DOCUME~1\g\LOCALS~1\Temp\ccH6VvmT.ltrans22.ltrans.o
                0x00000000040024c8                psBeaconFilter
                0x00000000040024cc                sBeaconFilter
                0x00000000040024d4                s_bWakeTimerActive.56416
                0x00000000040024d8                psNextWake.56415
                0x00000000040024dc                u32CalibrationValue.56414
                0x00000000040024e0                s_ePowerMode.56417
                0x00000000040024e2                u16FastPoll.5881
                0x00000000040024e4                bDeepSleep