Archive member included because of file (symbol)

c:/NXP/bstudio_nxp/sdk/JN-SW-4168/Components/Library\libOS_JN516x.a(os.o)
                              c:/NXP/bstudio_nxp/workspace/JN-AN-1171-ZigBee-LightLink-Demo/Light_ColorTemperatureLight/Build/os_gen.o (symbol from plugin) (os_vStart)
c:/NXP/bstudio_nxp/sdk/JN-SW-4168/Components/Library\libOS_JN516x.a(os_contirq_JN516x.o)
                              c:/NXP/bstudio_nxp/workspace/JN-AN-1171-ZigBee-LightLink-Demo/Light_ColorTemperatureLight/Build/os_irq.o (os_UnclaimedException_W)
c:/NXP/bstudio_nxp/sdk/JN-SW-4168/Components/Library\libPWRM_JN516x.a(pwrm.o)
                              c:/NXP/bstudio_nxp/workspace/JN-AN-1171-ZigBee-LightLink-Demo/Light_ColorTemperatureLight/Build/app_start_light.o (symbol from plugin) (PWRM_vInit)
c:/NXP/bstudio_nxp/sdk/JN-SW-4168/Components/Library\libPWRM_JN516x.a(pwrm_setjmp_JN516x.o)
                              pwrm.o (symbol from plugin) (setjmp)
c:/NXP/bstudio_nxp/sdk/JN-SW-4168/Components/Library\libPWRM_JN516x.a(pwrm_cold_start.o)
                              (AppColdStart)
c:/NXP/bstudio_nxp/sdk/JN-SW-4168/Components/Library\libPWRM_JN516x.a(pwrm_warm_start.o)
                              (AppWarmStart)
c:/NXP/bstudio_nxp/sdk/JN-SW-4168/Components/Library\libPDUM_JN516x.a(pdum_nwk.o)
                              c:/NXP/bstudio_nxp/workspace/JN-AN-1171-ZigBee-LightLink-Demo/Light_ColorTemperatureLight/Build/pdum_gen.o (symbol from plugin) (pdum_vNPduInit)
c:/NXP/bstudio_nxp/sdk/JN-SW-4168/Components/Library\libPDUM_JN516x.a(pdum_apl.o)
                              c:/NXP/bstudio_nxp/workspace/JN-AN-1171-ZigBee-LightLink-Demo/Light_ColorTemperatureLight/Build/zll_CommissionCmdHandler.o (symbol from plugin) (PDUM_u16APduInstanceReadNBO)
c:/NXP/bstudio_nxp/sdk/JN-SW-4168/Components/Library\libPDUM_JN516x.a(pdum.o)
                              pdum_nwk.o (symbol from plugin) (PDUM_u16SizeNBO)
c:/NXP/bstudio_nxp/sdk/JN-SW-4168/Components/Library\libZPSAPL_JN516x.a(zps_apl_af.o)
                              c:/NXP/bstudio_nxp/workspace/JN-AN-1171-ZigBee-LightLink-Demo/Light_ColorTemperatureLight/Build/zpr_light_node.o (symbol from plugin) (ZPS_eAplAfInit)
c:/NXP/bstudio_nxp/sdk/JN-SW-4168/Components/Library\libZPSAPL_JN516x.a(zps_apl_af_apsde.o)
                              c:/NXP/bstudio_nxp/workspace/JN-AN-1171-ZigBee-LightLink-Demo/Light_ColorTemperatureLight/Build/zps_gen.o (symbol from plugin) (zps_vHandleApsdeDataFragIndNotSupported)
c:/NXP/bstudio_nxp/sdk/JN-SW-4168/Components/Library\libZPSAPL_JN516x.a(zps_apl_task.o)
                              zps_apl_af_apsde.o (symbol from plugin) (zps_vAplAfPostEvent)
c:/NXP/bstudio_nxp/sdk/JN-SW-4168/Components/Library\libZPSAPL_JN516x.a(zps_apl_apsde.o)
                              zps_apl_task.o (symbol from plugin) (ZPS_vAplRegisterApsdeDcfmIndCallbacks)
c:/NXP/bstudio_nxp/sdk/JN-SW-4168/Components/Library\libZPSAPL_JN516x.a(zps_apl_apsme.o)
                              zps_apl_task.o (symbol from plugin) (ZPS_vAplRegisterApsmeDcfmIndCallbacks)
c:/NXP/bstudio_nxp/sdk/JN-SW-4168/Components/Library\libZPSAPL_JN516x.a(zps_apl_aps_nlde.o)
                              zps_apl_task.o (symbol from plugin) (zps_vAplApsHandleNldeDcfmInd)
c:/NXP/bstudio_nxp/sdk/JN-SW-4168/Components/Library\libZPSAPL_JN516x.a(zps_apl_sec.o)
                              zps_apl_task.o (symbol from plugin) (zps_psFindKeyDescr)
c:/NXP/bstudio_nxp/sdk/JN-SW-4168/Components/Library\libZPSAPL_JN516x.a(zps_apl_aib.o)
                              c:/NXP/bstudio_nxp/workspace/JN-AN-1171-ZigBee-LightLink-Demo/Light_ColorTemperatureLight/Build/app_light_commission_task.o (symbol from plugin) (zps_psAplAibGetAib)
c:/NXP/bstudio_nxp/sdk/JN-SW-4168/Components/Library\libZPSAPL_JN516x.a(zps_apl_zdo_nwkmanager.o)
                              zps_apl_apsme.o (symbol from plugin) (zps_vAplSaveRecord)
c:/NXP/bstudio_nxp/sdk/JN-SW-4168/Components/Library\libZPSAPL_JN516x.a(zps_apl_zdo_handle_zdp_event.o)
                              zps_apl_task.o (symbol from plugin) (zps_bAplZdoHandleZdpEvent)
c:/NXP/bstudio_nxp/sdk/JN-SW-4168/Components/Library\libZPSAPL_JN516x.a(zps_apl_zdo_trust_center.o)
                              zps_apl_sec.o (symbol from plugin) (zps_eAplTrustCenterFindDevice)
c:/NXP/bstudio_nxp/sdk/JN-SW-4168/Components/Library\libZPSAPL_JN516x.a(zps_apl_zdo_common.o)
                              zps_apl_zdo_nwkmanager.o (symbol from plugin) (zps_eAplZdoNlmeleaveWrapper)
c:/NXP/bstudio_nxp/sdk/JN-SW-4168/Components/Library\libZPSAPL_JN516x.a(zps_apl_zdo_group.o)
                              c:/NXP/bstudio_nxp/workspace/JN-AN-1171-ZigBee-LightLink-Demo/Light_ColorTemperatureLight/Build/GroupsTableManager.o (symbol from plugin) (zps_eAplZdoGroupEndpointAdd)
c:/NXP/bstudio_nxp/sdk/JN-SW-4168/Components/Library\libZPSAPL_JN516x.a(zps_apl_zdo_default_server.o)
[...]
Memory Configuration

Name             Origin             Length             Attributes
flash            0x0000000000080000 0x0000000000080000
ram              0x000000000400004c 0x0000000000007fb4
*default*        0x0000000000000000 0xffffffffffffffff

Linker script and memory map

                0x0000000000001388                __stack_size = 0x1388
                0x00000000000007d0                __minimum_heap_size = 0x7d0
START GROUP
LOAD c:/NXP/bstudio_nxp/workspace/JN-AN-1171-ZigBee-LightLink-Demo/Light_ColorTemperatureLight/Build/os_gen.o
LOAD C:\DOCUME~1\g\LOCALS~1\Temp\ccCtxYx4.ltrans0.ltrans.o
LOAD C:\DOCUME~1\g\LOCALS~1\Temp\ccCtxYx4.ltrans1.ltrans.o
LOAD C:\DOCUME~1\g\LOCALS~1\Temp\ccCtxYx4.ltrans2.ltrans.o
LOAD C:\DOCUME~1\g\LOCALS~1\Temp\ccCtxYx4.ltrans3.ltrans.o
LOAD C:\DOCUME~1\g\LOCALS~1\Temp\ccCtxYx4.ltrans4.ltrans.o
LOAD C:\DOCUME~1\g\LOCALS~1\Temp\ccCtxYx4.ltrans5.ltrans.o
LOAD C:\DOCUME~1\g\LOCALS~1\Temp\ccCtxYx4.ltrans6.ltrans.o
LOAD C:\DOCUME~1\g\LOCALS~1\Temp\ccCtxYx4.ltrans7.ltrans.o
LOAD C:\DOCUME~1\g\LOCALS~1\Temp\ccCtxYx4.ltrans8.ltrans.o
LOAD C:\DOCUME~1\g\LOCALS~1\Temp\ccCtxYx4.ltrans9.ltrans.o
LOAD C:\DOCUME~1\g\LOCALS~1\Temp\ccCtxYx4.ltrans10.ltrans.o
LOAD C:\DOCUME~1\g\LOCALS~1\Temp\ccCtxYx4.ltrans11.ltrans.o
LOAD C:\DOCUME~1\g\LOCALS~1\Temp\ccCtxYx4.ltrans12.ltrans.o
LOAD C:\DOCUME~1\g\LOCALS~1\Temp\ccCtxYx4.ltrans13.ltrans.o
LOAD C:\DOCUME~1\g\LOCALS~1\Temp\ccCtxYx4.ltrans14.ltrans.o
LOAD C:\DOCUME~1\g\LOCALS~1\Temp\ccCtxYx4.ltrans15.ltrans.o
LOAD C:\DOCUME~1\g\LOCALS~1\Temp\ccCtxYx4.ltrans16.ltrans.o
LOAD C:\DOCUME~1\g\LOCALS~1\Temp\ccCtxYx4.ltrans17.ltrans.o
LOAD C:\DOCUME~1\g\LOCALS~1\Temp\ccCtxYx4.ltrans18.ltrans.o
LOAD C:\DOCUME~1\g\LOCALS~1\Temp\ccCtxYx4.ltrans19.ltrans.o
LOAD C:\DOCUME~1\g\LOCALS~1\Temp\ccCtxYx4.ltrans20.ltrans.o
LOAD C:\DOCUME~1\g\LOCALS~1\Temp\ccCtxYx4.ltrans21.ltrans.o
LOAD C:\DOCUME~1\g\LOCALS~1\Temp\ccCtxYx4.ltrans22.ltrans.o
LOAD C:\DOCUME~1\g\LOCALS~1\Temp\ccCtxYx4.ltrans23.ltrans.o
LOAD C:\DOCUME~1\g\LOCALS~1\Temp\ccCtxYx4.ltrans24.ltrans.o
LOAD C:\DOCUME~1\g\LOCALS~1\Temp\ccCtxYx4.ltrans25.ltrans.o
LOAD C:\DOCUME~1\g\LOCALS~1\Temp\ccCtxYx4.ltrans26.ltrans.o
LOAD C:\DOCUME~1\g\LOCALS~1\Temp\ccCtxYx4.ltrans27.ltrans.o
LOAD C:\DOCUME~1\g\LOCALS~1\Temp\ccCtxYx4.ltrans28.ltrans.o
LOAD C:\DOCUME~1\g\LOCALS~1\Temp\ccCtxYx4.ltrans29.ltrans.o
LOAD C:\DOCUME~1\g\LOCALS~1\Temp\ccCtxYx4.ltrans30.ltrans.o
LOAD C:\DOCUME~1\g\LOCALS~1\Temp\ccCtxYx4.ltrans31.ltrans.o
LOAD c:/nxp/bstudio_nxp/sdk/tools/ba-elf-ba2-r36379/bin/../lib/gcc/ba-elf/4.7.4/../../../../ba-elf/lib/mcpu_jn51xx_sizeopt\libc.a
LOAD c:/nxp/bstudio_nxp/sdk/tools/ba-elf-ba2-r36379/bin/../lib/gcc/ba-elf/4.7.4/mcpu_jn51xx_sizeopt\libgcc.a
LOAD c:/nxp/bstudio_nxp/sdk/tools/ba-elf-ba2-r36379/bin/../lib/gcc/ba-elf/4.7.4/../../../../ba-elf/lib/mcpu_jn51xx_sizeopt\libc.a
LOAD c:/NXP/bstudio_nxp/workspace/JN-AN-1171-ZigBee-LightLink-Demo/Light_ColorTemperatureLight/Build/os_irq.o
LOAD c:/NXP/bstudio_nxp/workspace/JN-AN-1171-ZigBee-LightLink-Demo/Light_ColorTemperatureLight/Build/os_irq_alignment.o
LOAD c:/NXP/bstudio_nxp/workspace/JN-AN-1171-ZigBee-LightLink-Demo/Light_ColorTemperatureLight/Build/os_irq_buserror.o
LOAD c:/NXP/bstudio_nxp/workspace/JN-AN-1171-ZigBee-LightLink-Demo/Light_ColorTemperatureLight/Build/os_irq_illegalinstruction.o
LOAD c:/NXP/bstudio_nxp/workspace/JN-AN-1171-ZigBee-LightLink-Demo/Light_ColorTemperatureLight/Build/os_irq_stackoverflowexception.o
LOAD c:/NXP/bstudio_nxp/workspace/JN-AN-1171-ZigBee-LightLink-Demo/Light_ColorTemperatureLight/Build/os_irq_unimplementedmodule.o
LOAD c:/NXP/bstudio_nxp/workspace/JN-AN-1171-ZigBee-LightLink-Demo/Light_ColorTemperatureLight/Build/pdum_gen.o
LOAD c:/NXP/bstudio_nxp/workspace/JN-AN-1171-ZigBee-LightLink-Demo/Light_ColorTemperatureLight/Build/pdum_apdu.o
LOAD c:/NXP/bstudio_nxp/workspace/JN-AN-1171-ZigBee-LightLink-Demo/Light_ColorTemperatureLight/Build/zps_gen.o
LOAD c:/NXP/bstudio_nxp/workspace/JN-AN-1171-ZigBee-LightLink-Demo/Light_ColorTemperatureLight/Build/app_timer_driver.o
LOAD c:/NXP/bstudio_nxp/workspace/JN-AN-1171-ZigBee-LightLink-Demo/Light_ColorTemperatureLight/Build/app_start_light.o
LOAD c:/NXP/bstudio_nxp/workspace/JN-AN-1171-ZigBee-LightLink-Demo/Light_ColorTemperatureLight/Build/app_scenes.o
LOAD c:/NXP/bstudio_nxp/workspace/JN-AN-1171-ZigBee-LightLink-Demo/Light_ColorTemperatureLight/Build/app_power_on_counter.o
LOAD c:/NXP/bstudio_nxp/workspace/JN-AN-1171-ZigBee-LightLink-Demo/Light_ColorTemperatureLight/Build/zpr_light_node.o
LOAD c:/NXP/bstudio_nxp/workspace/JN-AN-1171-ZigBee-LightLink-Demo/Light_ColorTemperatureLight/Build/ecb_decrypt.o
LOAD c:/NXP/bstudio_nxp/workspace/JN-AN-1171-ZigBee-LightLink-Demo/Light_ColorTemperatureLight/Build/app_zcl_light_task.o
LOAD c:/NXP/bstudio_nxp/workspace/JN-AN-1171-ZigBee-LightLink-Demo/Light_ColorTemperatureLight/Build/app_light_commission_task.o
LOAD c:/NXP/bstudio_nxp/workspace/JN-AN-1171-ZigBee-LightLink-Demo/Light_ColorTemperatureLight/Build/app_manage_temperature.o
LOAD c:/NXP/bstudio_nxp/workspace/JN-AN-1171-ZigBee-LightLink-Demo/Light_ColorTemperatureLight/Build/app_light_interpolation.o
LOAD c:/NXP/bstudio_nxp/workspace/JN-AN-1171-ZigBee-LightLink-Demo/Light_ColorTemperatureLight/Build/appZpsBeaconHandler.o
LOAD c:/NXP/bstudio_nxp/workspace/JN-AN-1171-ZigBee-LightLink-Demo/Light_ColorTemperatureLight/Build/App_Light_ColorTemperatureLight.o
LOAD c:/NXP/bstudio_nxp/workspace/JN-AN-1171-ZigBee-LightLink-Demo/Light_ColorTemperatureLight/Build/DriverBulb_DR1175.o
LOAD c:/NXP/bstudio_nxp/workspace/JN-AN-1171-ZigBee-LightLink-Demo/Light_ColorTemperatureLight/Build/DriverBulb_Shim.o
LOAD c:/NXP/bstudio_nxp/workspace/JN-AN-1171-ZigBee-LightLink-Demo/Light_ColorTemperatureLight/Build/app_buttons.o
LOAD c:/NXP/bstudio_nxp/workspace/JN-AN-1171-ZigBee-LightLink-Demo/Light_ColorTemperatureLight/Build/Alarms.o
LOAD c:/NXP/bstudio_nxp/workspace/JN-AN-1171-ZigBee-LightLink-Demo/Light_ColorTemperatureLight/Build/AlarmsClientCommands.o
LOAD c:/NXP/bstudio_nxp/workspace/JN-AN-1171-ZigBee-LightLink-Demo/Light_ColorTemperatureLight/Build/AlarmsCommandHandler.o
LOAD c:/NXP/bstudio_nxp/workspace/JN-AN-1171-ZigBee-LightLink-Demo/Light_ColorTemperatureLight/Build/AlarmsServerCommands.o
LOAD c:/NXP/bstudio_nxp/workspace/JN-AN-1171-ZigBee-LightLink-Demo/Light_ColorTemperatureLight/Build/AlarmsTableManager.o
LOAD c:/NXP/bstudio_nxp/workspace/JN-AN-1171-ZigBee-LightLink-Demo/Light_ColorTemperatureLight/Build/AnalogInputBasic.o
LOAD c:/NXP/bstudio_nxp/workspace/JN-AN-1171-ZigBee-LightLink-Demo/Light_ColorTemperatureLight/Build/AnalogOutputBasic.o
LOAD c:/NXP/bstudio_nxp/workspace/JN-AN-1171-ZigBee-LightLink-Demo/Light_ColorTemperatureLight/Build/Basic.o
LOAD c:/NXP/bstudio_nxp/workspace/JN-AN-1171-ZigBee-LightLink-Demo/Light_ColorTemperatureLight/Build/BasicClientCommands.o
LOAD c:/NXP/bstudio_nxp/workspace/JN-AN-1171-ZigBee-LightLink-Demo/Light_ColorTemperatureLight/Build/BasicCommandHandler.o
LOAD c:/NXP/bstudio_nxp/workspace/JN-AN-1171-ZigBee-LightLink-Demo/Light_ColorTemperatureLight/Build/BinaryInputBasic.o
LOAD c:/NXP/bstudio_nxp/workspace/JN-AN-1171-ZigBee-LightLink-Demo/Light_ColorTemperatureLight/Build/BinaryOutputBasic.o
LOAD c:/NXP/bstudio_nxp/workspace/JN-AN-1171-ZigBee-LightLink-Demo/Light_ColorTemperatureLight/Build/Commissioning.o
LOAD c:/NXP/bstudio_nxp/workspace/JN-AN-1171-ZigBee-LightLink-Demo/Light_ColorTemperatureLight/Build/DeviceTemperatureConfiguration.o
LOAD c:/NXP/bstudio_nxp/workspace/JN-AN-1171-ZigBee-LightLink-Demo/Light_ColorTemperatureLight/Build/Diagnostics.o
LOAD c:/NXP/bstudio_nxp/workspace/JN-AN-1171-ZigBee-LightLink-Demo/Light_ColorTemperatureLight/Build/DoorLock.o
LOAD c:/NXP/bstudio_nxp/workspace/JN-AN-1171-ZigBee-LightLink-Demo/Light_ColorTemperatureLight/Build/DoorLockCommandHandler.o
LOAD c:/NXP/bstudio_nxp/workspace/JN-AN-1171-ZigBee-LightLink-Demo/Light_ColorTemperatureLight/Build/DoorLockCommands.o
LOAD c:/NXP/bstudio_nxp/workspace/JN-AN-1171-ZigBee-LightLink-Demo/Light_ColorTemperatureLight/Build/ElectricalMeasurement.o
LOAD c:/NXP/bstudio_nxp/workspace/JN-AN-1171-ZigBee-LightLink-Demo/Light_ColorTemperatureLight/Build/Groups.o
LOAD c:/NXP/bstudio_nxp/workspace/JN-AN-1171-ZigBee-LightLink-Demo/Light_ColorTemperatureLight/Build/GroupsClientCommands.o
LOAD c:/NXP/bstudio_nxp/workspace/JN-AN-1171-ZigBee-LightLink-Demo/Light_ColorTemperatureLight/Build/GroupsCommandHandler.o
LOAD c:/NXP/bstudio_nxp/workspace/JN-AN-1171-ZigBee-LightLink-Demo/Light_ColorTemperatureLight/Build/GroupsServerCommands.o
LOAD c:/NXP/bstudio_nxp/workspace/JN-AN-1171-ZigBee-LightLink-Demo/Light_ColorTemperatureLight/Build/GroupsTableManager.o
LOAD c:/NXP/bstudio_nxp/workspace/JN-AN-1171-ZigBee-LightLink-Demo/Light_ColorTemperatureLight/Build/Identify.o
LOAD c:/NXP/bstudio_nxp/workspace/JN-AN-1171-ZigBee-LightLink-Demo/Light_ColorTemperatureLight/Build/IdentifyClientCommands.o
LOAD c:/NXP/bstudio_nxp/workspace/JN-AN-1171-ZigBee-LightLink-Demo/Light_ColorTemperatureLight/Build/IdentifyCommandHandler.o
LOAD c:/NXP/bstudio_nxp/workspace/JN-AN-1171-ZigBee-LightLink-Demo/Light_ColorTemperatureLight/Build/IdentifyServerCommands.o
LOAD c:/NXP/bstudio_nxp/workspace/JN-AN-1171-ZigBee-LightLink-Demo/Light_ColorTemperatureLight/Build/LevelControl.o
LOAD c:/NXP/bstudio_nxp/workspace/JN-AN-1171-ZigBee-LightLink-Demo/Light_ColorTemperatureLight/Build/LevelControlClientCommands.o
LOAD c:/NXP/bstudio_nxp/workspace/JN-AN-1171-ZigBee-LightLink-Demo/Light_ColorTemperatureLight/Build/LevelControlCommandHandler.o
LOAD c:/NXP/bstudio_nxp/workspace/JN-AN-1171-ZigBee-LightLink-Demo/Light_ColorTemperatureLight/Build/MultistateInputBasic.o
LOAD c:/NXP/bstudio_nxp/workspace/JN-AN-1171-ZigBee-LightLink-Demo/Light_ColorTemperatureLight/Build/MultistateOutputBasic.o
LOAD c:/NXP/bstudio_nxp/workspace/JN-AN-1171-ZigBee-LightLink-Demo/Light_ColorTemperatureLight/Build/OOSC.o
LOAD c:/NXP/bstudio_nxp/workspace/JN-AN-1171-ZigBee-LightLink-Demo/Light_ColorTemperatureLight/Build/OnOff.o
LOAD c:/NXP/bstudio_nxp/workspace/JN-AN-1171-ZigBee-LightLink-Demo/Light_ColorTemperatureLight/Build/OnOffCommandHandler.o
LOAD c:/NXP/bstudio_nxp/workspace/JN-AN-1171-ZigBee-LightLink-Demo/Light_ColorTemperatureLight/Build/OnOffCommands.o
LOAD c:/NXP/bstudio_nxp/workspace/JN-AN-1171-ZigBee-LightLink-Demo/Light_ColorTemperatureLight/Build/PollControl.o
LOAD c:/NXP/bstudio_nxp/workspace/JN-AN-1171-ZigBee-LightLink-Demo/Light_ColorTemperatureLight/Build/PollControlClientCommands.o
LOAD c:/NXP/bstudio_nxp/workspace/JN-AN-1171-ZigBee-LightLink-Demo/Light_ColorTemperatureLight/Build/PollControlCommandHandler.o
LOAD c:/NXP/bstudio_nxp/workspace/JN-AN-1171-ZigBee-LightLink-Demo/Light_ColorTemperatureLight/Build/PollControlServerCommands.o
LOAD c:/NXP/bstudio_nxp/workspace/JN-AN-1171-ZigBee-LightLink-Demo/Light_ColorTemperatureLight/Build/PowerConfiguration.o
LOAD c:/NXP/bstudio_nxp/workspace/JN-AN-1171-ZigBee-LightLink-Demo/Light_ColorTemperatureLight/Build/Scenes.o
LOAD c:/NXP/bstudio_nxp/workspace/JN-AN-1171-ZigBee-LightLink-Demo/Light_ColorTemperatureLight/Build/ScenesClientCommands.o
LOAD c:/NXP/bstudio_nxp/workspace/JN-AN-1171-ZigBee-LightLink-Demo/Light_ColorTemperatureLight/Build/ScenesClusterManagement.o
LOAD c:/NXP/bstudio_nxp/workspace/JN-AN-1171-ZigBee-LightLink-Demo/Light_ColorTemperatureLight/Build/ScenesCommandHandler.o
LOAD c:/NXP/bstudio_nxp/workspace/JN-AN-1171-ZigBee-LightLink-Demo/Light_ColorTemperatureLight/Build/ScenesServerCommands.o
LOAD c:/NXP/bstudio_nxp/workspace/JN-AN-1171-ZigBee-LightLink-Demo/Light_ColorTemperatureLight/Build/ScenesTableManager.o
LOAD c:/NXP/bstudio_nxp/workspace/JN-AN-1171-ZigBee-LightLink-Demo/Light_ColorTemperatureLight/Build/TC.o
LOAD c:/NXP/bstudio_nxp/workspace/JN-AN-1171-ZigBee-LightLink-Demo/Light_ColorTemperatureLight/Build/Time.o
LOAD c:/NXP/bstudio_nxp/workspace/JN-AN-1171-ZigBee-LightLink-Demo/Light_ColorTemperatureLight/Build/zll_CommissionCmdHandler.o
LOAD c:/NXP/bstudio_nxp/workspace/JN-AN-1171-ZigBee-LightLink-Demo/Light_ColorTemperatureLight/Build/zll_UtilityCmdHandler.o
LOAD c:/NXP/bstudio_nxp/workspace/JN-AN-1171-ZigBee-LightLink-Demo/Light_ColorTemperatureLight/Build/zll_commission.o
LOAD c:/NXP/bstudio_nxp/workspace/JN-AN-1171-ZigBee-LightLink-Demo/Light_ColorTemperatureLight/Build/zll_utility.o
LOAD c:/NXP/bstudio_nxp/workspace/JN-AN-1171-ZigBee-LightLink-Demo/Light_ColorTemperatureLight/Build/colour_light.o
LOAD c:/NXP/bstudio_nxp/workspace/JN-AN-1171-ZigBee-LightLink-Demo/Light_ColorTemperatureLight/Build/colour_remote.o
LOAD c:/NXP/bstudio_nxp/workspace/JN-AN-1171-ZigBee-LightLink-Demo/Light_ColorTemperatureLight/Build/colour_scene_remote.o
LOAD c:/NXP/bstudio_nxp/workspace/JN-AN-1171-ZigBee-LightLink-Demo/Light_ColorTemperatureLight/Build/colour_temperature_light.o
LOAD c:/NXP/bstudio_nxp/workspace/JN-AN-1171-ZigBee-LightLink-Demo/Light_ColorTemperatureLight/Build/commission_endpoint.o
LOAD c:/NXP/bstudio_nxp/workspace/JN-AN-1171-ZigBee-LightLink-Demo/Light_ColorTemperatureLight/Build/control_bridge.o
LOAD c:/NXP/bstudio_nxp/workspace/JN-AN-1171-ZigBee-LightLink-Demo/Light_ColorTemperatureLight/Build/dimmable_light.o
LOAD c:/NXP/bstudio_nxp/workspace/JN-AN-1171-ZigBee-LightLink-Demo/Light_ColorTemperatureLight/Build/dimmable_plug.o
LOAD c:/NXP/bstudio_nxp/workspace/JN-AN-1171-ZigBee-LightLink-Demo/Light_ColorTemperatureLight/Build/extended_colour_light.o
LOAD c:/NXP/bstudio_nxp/workspace/JN-AN-1171-ZigBee-LightLink-Demo/Light_ColorTemperatureLight/Build/non_colour_remote.o
LOAD c:/NXP/bstudio_nxp/workspace/JN-AN-1171-ZigBee-LightLink-Demo/Light_ColorTemperatureLight/Build/non_colour_scene_remote.o
LOAD c:/NXP/bstudio_nxp/workspace/JN-AN-1171-ZigBee-LightLink-Demo/Light_ColorTemperatureLight/Build/on_off_light.o
LOAD c:/NXP/bstudio_nxp/workspace/JN-AN-1171-ZigBee-LightLink-Demo/Light_ColorTemperatureLight/Build/on_off_plug.o
LOAD c:/NXP/bstudio_nxp/workspace/JN-AN-1171-ZigBee-LightLink-Demo/Light_ColorTemperatureLight/Build/on_off_sensor.o
LOAD c:/NXP/bstudio_nxp/workspace/JN-AN-1171-ZigBee-LightLink-Demo/Light_ColorTemperatureLight/Build/zll.o
LOAD c:/NXP/bstudio_nxp/workspace/JN-AN-1171-ZigBee-LightLink-Demo/Light_ColorTemperatureLight/Build/BallastConfiguration.o
LOAD c:/NXP/bstudio_nxp/workspace/JN-AN-1171-ZigBee-LightLink-Demo/Light_ColorTemperatureLight/Build/ColourControl.o
LOAD c:/NXP/bstudio_nxp/workspace/JN-AN-1171-ZigBee-LightLink-Demo/Light_ColorTemperatureLight/Build/ColourControlClientCommands.o
LOAD c:/NXP/bstudio_nxp/workspace/JN-AN-1171-ZigBee-LightLink-Demo/Light_ColorTemperatureLight/Build/ColourControlCommandHandler.o
LOAD c:/NXP/bstudio_nxp/workspace/JN-AN-1171-ZigBee-LightLink-Demo/Light_ColorTemperatureLight/Build/ColourControlConversions.o
LOAD c:/NXP/bstudio_nxp/workspace/JN-AN-1171-ZigBee-LightLink-Demo/Light_ColorTemperatureLight/Build/dlist.o
LOAD c:/NXP/bstudio_nxp/workspace/JN-AN-1171-ZigBee-LightLink-Demo/Light_ColorTemperatureLight/Build/zcl.o
LOAD c:/NXP/bstudio_nxp/workspace/JN-AN-1171-ZigBee-LightLink-Demo/Light_ColorTemperatureLight/Build/zcl_CustomCommandReceive.o
LOAD c:/NXP/bstudio_nxp/workspace/JN-AN-1171-ZigBee-LightLink-Demo/Light_ColorTemperatureLight/Build/zcl_CustomCommandSend.o
LOAD c:/NXP/bstudio_nxp/workspace/JN-AN-1171-ZigBee-LightLink-Demo/Light_ColorTemperatureLight/Build/zcl_PDUbufferReadWrite.o
LOAD c:/NXP/bstudio_nxp/workspace/JN-AN-1171-ZigBee-LightLink-Demo/Light_ColorTemperatureLight/Build/zcl_PDUbufferReadWriteString.o
LOAD c:/NXP/bstudio_nxp/workspace/JN-AN-1171-ZigBee-LightLink-Demo/Light_ColorTemperatureLight/Build/zcl_WriteAttributesRequestHandle.o
LOAD c:/NXP/bstudio_nxp/workspace/JN-AN-1171-ZigBee-LightLink-Demo/Light_ColorTemperatureLight/Build/zcl_WriteAttributesRequestSend.o
LOAD c:/NXP/bstudio_nxp/workspace/JN-AN-1171-ZigBee-LightLink-Demo/Light_ColorTemperatureLight/Build/zcl_WriteAttributesResponseHandle.o
LOAD c:/NXP/bstudio_nxp/workspace/JN-AN-1171-ZigBee-LightLink-Demo/Light_ColorTemperatureLight/Build/zcl_attribute.o
LOAD c:/NXP/bstudio_nxp/workspace/JN-AN-1171-ZigBee-LightLink-Demo/Light_ColorTemperatureLight/Build/zcl_buffer.o
LOAD c:/NXP/bstudio_nxp/workspace/JN-AN-1171-ZigBee-LightLink-Demo/Light_ColorTemperatureLight/Build/zcl_clusterCommand.o
LOAD c:/NXP/bstudio_nxp/workspace/JN-AN-1171-ZigBee-LightLink-Demo/Light_ColorTemperatureLight/Build/zcl_command.o
LOAD c:/NXP/bstudio_nxp/workspace/JN-AN-1171-ZigBee-LightLink-Demo/Light_ColorTemperatureLight/Build/zcl_configureReportingCommandHandle.o
LOAD c:/NXP/bstudio_nxp/workspace/JN-AN-1171-ZigBee-LightLink-Demo/Light_ColorTemperatureLight/Build/zcl_configureReportingCommandSend.o
LOAD c:/NXP/bstudio_nxp/workspace/JN-AN-1171-ZigBee-LightLink-Demo/Light_ColorTemperatureLight/Build/zcl_configureReportingResponseHandle.o
LOAD c:/NXP/bstudio_nxp/workspace/JN-AN-1171-ZigBee-LightLink-Demo/Light_ColorTemperatureLight/Build/zcl_defaultResponse.o
LOAD c:/NXP/bstudio_nxp/workspace/JN-AN-1171-ZigBee-LightLink-Demo/Light_ColorTemperatureLight/Build/zcl_discoverAttributesExtendedRequestHandle.o
LOAD c:/NXP/bstudio_nxp/workspace/JN-AN-1171-ZigBee-LightLink-Demo/Light_ColorTemperatureLight/Build/zcl_discoverAttributesExtendedRequestSend.o
LOAD c:/NXP/bstudio_nxp/workspace/JN-AN-1171-ZigBee-LightLink-Demo/Light_ColorTemperatureLight/Build/zcl_discoverAttributesExtendedResponseHandle.o
LOAD c:/NXP/bstudio_nxp/workspace/JN-AN-1171-ZigBee-LightLink-Demo/Light_ColorTemperatureLight/Build/zcl_discoverAttributesRequestHandle.o
LOAD c:/NXP/bstudio_nxp/workspace/JN-AN-1171-ZigBee-LightLink-Demo/Light_ColorTemperatureLight/Build/zcl_discoverAttributesRequestSend.o
LOAD c:/NXP/bstudio_nxp/workspace/JN-AN-1171-ZigBee-LightLink-Demo/Light_ColorTemperatureLight/Build/zcl_discoverAttributesResponseHandle.o
LOAD c:/NXP/bstudio_nxp/workspace/JN-AN-1171-ZigBee-LightLink-Demo/Light_ColorTemperatureLight/Build/zcl_discoverCommandsRequestHandle.o
LOAD c:/NXP/bstudio_nxp/workspace/JN-AN-1171-ZigBee-LightLink-Demo/Light_ColorTemperatureLight/Build/zcl_discoverCommandsRequestSend.o
LOAD c:/NXP/bstudio_nxp/workspace/JN-AN-1171-ZigBee-LightLink-Demo/Light_ColorTemperatureLight/Build/zcl_discoverCommandsResponseHandle.o
LOAD c:/NXP/bstudio_nxp/workspace/JN-AN-1171-ZigBee-LightLink-Demo/Light_ColorTemperatureLight/Build/zcl_event.o
LOAD c:/NXP/bstudio_nxp/workspace/JN-AN-1171-ZigBee-LightLink-Demo/Light_ColorTemperatureLight/Build/zcl_heap.o
LOAD c:/NXP/bstudio_nxp/workspace/JN-AN-1171-ZigBee-LightLink-Demo/Light_ColorTemperatureLight/Build/zcl_library_options.o
LOAD c:/NXP/bstudio_nxp/workspace/JN-AN-1171-ZigBee-LightLink-Demo/Light_ColorTemperatureLight/Build/zcl_readAttributesRequestHandle.o
LOAD c:/NXP/bstudio_nxp/workspace/JN-AN-1171-ZigBee-LightLink-Demo/Light_ColorTemperatureLight/Build/zcl_readAttributesRequestSend.o
LOAD c:/NXP/bstudio_nxp/workspace/JN-AN-1171-ZigBee-LightLink-Demo/Light_ColorTemperatureLight/Build/zcl_readAttributesResponseHandle.o
LOAD c:/NXP/bstudio_nxp/workspace/JN-AN-1171-ZigBee-LightLink-Demo/Light_ColorTemperatureLight/Build/zcl_readReportingConfigurationCommandHandle.o
LOAD c:/NXP/bstudio_nxp/workspace/JN-AN-1171-ZigBee-LightLink-Demo/Light_ColorTemperatureLight/Build/zcl_readReportingConfigurationCommandSend.o
LOAD c:/NXP/bstudio_nxp/workspace/JN-AN-1171-ZigBee-LightLink-Demo/Light_ColorTemperatureLight/Build/zcl_readReportingConfigurationResponseHandle.o
LOAD c:/NXP/bstudio_nxp/workspace/JN-AN-1171-ZigBee-LightLink-Demo/Light_ColorTemperatureLight/Build/zcl_reportManager.o
LOAD c:/NXP/bstudio_nxp/workspace/JN-AN-1171-ZigBee-LightLink-Demo/Light_ColorTemperatureLight/Build/zcl_reportMaths.o
LOAD c:/NXP/bstudio_nxp/workspace/JN-AN-1171-ZigBee-LightLink-Demo/Light_ColorTemperatureLight/Build/zcl_reportScheduler.o
LOAD c:/NXP/bstudio_nxp/workspace/JN-AN-1171-ZigBee-LightLink-Demo/Light_ColorTemperatureLight/Build/zcl_reportStringHandling.o
LOAD c:/NXP/bstudio_nxp/workspace/JN-AN-1171-ZigBee-LightLink-Demo/Light_ColorTemperatureLight/Build/zcl_reportStructure.o
LOAD c:/NXP/bstudio_nxp/workspace/JN-AN-1171-ZigBee-LightLink-Demo/Light_ColorTemperatureLight/Build/zcl_search.o
LOAD c:/NXP/bstudio_nxp/workspace/JN-AN-1171-ZigBee-LightLink-Demo/Light_ColorTemperatureLight/Build/zcl_timer.o
LOAD c:/NXP/bstudio_nxp/workspace/JN-AN-1171-ZigBee-LightLink-Demo/Light_ColorTemperatureLight/Build/zcl_transmit.o
LOAD c:/NXP/bstudio_nxp/sdk/JN-SW-4168/Components/Library\libZPSMAC_Mini_JN516x.a
LOAD c:/NXP/bstudio_nxp/sdk/JN-SW-4168/Components/Library\libOS_JN516x.a
LOAD c:/NXP/bstudio_nxp/sdk/JN-SW-4168/Components/Library\libPWRM_JN516x.a
LOAD c:/NXP/bstudio_nxp/sdk/JN-SW-4168/Components/Library\libZPSTSV_JN516x.a
LOAD c:/NXP/bstudio_nxp/sdk/JN-SW-4168/Components/Library\libAES_SW_JN516x.a
LOAD c:/NXP/bstudio_nxp/sdk/JN-SW-4168/Components/Library\libPDUM_JN516x.a
LOAD c:/NXP/bstudio_nxp/sdk/JN-SW-4168/Components/Library\libZPSAPL_JN516x.a
LOAD c:/NXP/bstudio_nxp/sdk/JN-SW-4168/Components/Library\libRandom_JN516x.a
LOAD c:/NXP/bstudio_nxp/sdk/JN-SW-4168/Components/Library\libPDM_EEPROM_JN516x.a
LOAD c:/NXP/bstudio_nxp/sdk/JN-SW-4168/Components/Library\libDBG_JN516x.a
LOAD c:/NXP/bstudio_nxp/sdk/JN-SW-4168/Components/Library\libZPSZLL_JN516x.a
LOAD c:/NXP/bstudio_nxp/sdk/JN-SW-4168/Components/Library\libZPSNWK_JN516x.a
LOAD c:/NXP/bstudio_nxp/sdk/JN-SW-4168/Components/Library\libRecal_JN516x.a
LOAD c:/NXP/bstudio_nxp/sdk/JN-SW-4168/Components/Library\libMiniMac_JN5169.a
LOAD c:/NXP/bstudio_nxp/sdk/JN-SW-4168/Components/Library\libMiniMacShim_JN516x.a
LOAD c:/NXP/bstudio_nxp/sdk/JN-SW-4168/Components/Library\libMMAC_JN5169.a
LOAD c:/NXP/bstudio_nxp/sdk/JN-SW-4168/Components/Library\libJPT_JN5169.a
LOAD c:/NXP/bstudio_nxp/sdk/JN-SW-4168/Components/Library\libAes_JN516x.a
LOAD c:/NXP/bstudio_nxp/sdk/JN-SW-4168/Components/Library\libHardwareApi_JN5169.a
LOAD c:/NXP/bstudio_nxp/sdk/JN-SW-4168/Components/Library\libMicroSpecific_JN516x.a
LOAD c:/NXP/bstudio_nxp/sdk/JN-SW-4168/Components/Library\libBoot_JN516x.a
LOAD c:/NXP/bstudio_nxp/sdk/JN-SW-4168/Platform/DK4/Library\libBoardLib_JN516x.a
LOAD c:/nxp/bstudio_nxp/sdk/tools/ba-elf-ba2-r36379/bin/../lib/gcc/ba-elf/4.7.4/../../../../ba-elf/lib/mcpu_jn51xx_sizeopt\libm.a
END GROUP
LOAD c:/nxp/bstudio_nxp/sdk/tools/ba-elf-ba2-r36379/bin/../lib/gcc/ba-elf/4.7.4/../../../../ba-elf/lib/mcpu_jn51xx_sizeopt\libc.a
LOAD c:/nxp/bstudio_nxp/sdk/tools/ba-elf-ba2-r36379/bin/../lib/gcc/ba-elf/4.7.4/mcpu_jn51xx_sizeopt\libgcc.a
LOAD c:/nxp/bstudio_nxp/sdk/tools/ba-elf-ba2-r36379/bin/../lib/gcc/ba-elf/4.7.4/../../../../ba-elf/lib/mcpu_jn51xx_sizeopt\libc.a
                0x0000000000080038                exception_vsr_table = 0x80038
                0x0000000004000000                pSPIflashFncTable = 0x4000000
                0x0000000000000044                restore_state = 0x44
                0x000000000000004a                bZSPIWaitWIPClear = 0x4a
                0x0000000000000050                u16ZSPIflashRDID = 0x50
                0x0000000000000056                u8SelectFlashChipType = 0x56
                0x000000000000005c                memcpy = 0x5c
                0x0000000000000066                vBootFlashProg = 0x66
                [0x00000000000007d0]                __minimum_heap_size = DEFINED (__minimum_heap_size)?__minimum_heap_size:0xd16
                [0x0000000000001388]                __stack_size = DEFINED (__stack_size)?__stack_size:0x800
                0x0000000000000000                _SwConfig = (DEFINED (g_bSWConf_Debug) | (DEFINED (g_bSWConf_AltDebugPort) << 0x1))

.version        0x000000000007fffc        0x4
                0x000000000007fffc        0x4 LONG 0xf03000b

.bir            0x0000000000080000       0x10
                0x0000000000080000                _flash_start = ABSOLUTE (.)
                0x0000000000080000                _flash_beg = ABSOLUTE (.)
                0x0000000000080000        0x4 LONG 0x12345678
                0x0000000000080004        0x4 LONG 0x11223344
                0x0000000000080008        0x4 LONG 0x55667788
                0x000000000008000c        0x1 BYTE 0x8
                0x000000000008000d        0x1 BYTE 0x1
                0x000000000008000e        0x2 SHORT 0x0

.flashheader    0x0000000000080010       0x28
                0x0000000000080010        0x4 LONG 0x0
                0x0000000000080014        0x4 LONG 0x0
                0x0000000000080018        0x4 LONG 0x0
                0x000000000008001c        0x2 SHORT 0x0
                0x000000000008001e        0x2 SHORT 0x0 ABSOLUTE (_SwConfig)
                0x0000000000080020                _enc_start = ABSOLUTE (.)
                0x0000000000080020        0x4 LONG 0x2914c ABSOLUTE (_image_len)
                0x0000000000080024        0x4 LONG 0xa8798 ABSOLUTE (_flash_data_start)
                0x0000000000080028        0x2 SHORT 0x13 ((ABSOLUTE (_ram_data_start) / 0x4) & 0xffff)
                0x000000000008002a        0x2 SHORT 0x26d ((ABSOLUTE (_ram_data_len) / 0x4) & 0xffff)
                0x000000000008002c        0x2 SHORT 0x280 ((ABSOLUTE (_bss_start) / 0x4) & 0xffff)
                0x000000000008002e        0x2 SHORT 0xf69 ((ABSOLUTE (_bss_len) / 0x4) & 0xffff)
                0x0000000000080030        0x4 LONG 0xa4c7a ABSOLUTE (AppWarmStart)
                0x0000000000080034        0x4 LONG 0xa4c94 ABSOLUTE (AppColdStart)
                0x0000000000000000                _enc_offset = (_enc_start & 0xf)

.ro_mac_address
                0x0000000000080040        0x0
                0x0000000000080040                _FlsMACAddress = ABSOLUTE (.)
 *(.ro_mac_address)
                0x0000000000080040                . = ALIGN (0x10)

.ro_ota_header  0x0000000000080040        0x0
                0x0000000000080040                _FlsOtaHeader = ABSOLUTE (.)
 *(.ro_ota_header)
                0x0000000000080040                . = ALIGN (0x10)

.ro_se_lnkKey   0x0000000000080040        0x0
                0x0000000000080040                _FlsLinkKey = ABSOLUTE (.)
 *(.ro_se_lnkKey)
                0x0000000000080040                . = ALIGN (0x10)

.rodata         0x0000000000080038     0x2d2b
 *(.rodata*)
 .rodata.str1.1
                0x0000000000080038      0x181 C:\DOCUME~1\g\LOCALS~1\Temp\ccCtxYx4.ltrans0.ltrans.o
 *fill*         0x00000000000801b9        0x3 00
 .rodata        0x00000000000801bc      0x13c C:\DOCUME~1\g\LOCALS~1\Temp\ccCtxYx4.ltrans0.ltrans.o
                0x00000000000801bc                gMAC_u8MaxBuffers
                0x00000000000801c0                g_u32ApsFcSaveCountBitShift
                0x00000000000801c4                u8MaxZpsConfigEp
                0x00000000000801c5                au8EpMapPresent
                0x00000000000801c8                s_groupPdmTable
 .rodata        0x00000000000802f8       0xa8 C:\DOCUME~1\g\LOCALS~1\Temp\ccCtxYx4.ltrans1.ltrans.o
 .rodata.str1.1
                0x0000000000000000      0x181 C:\DOCUME~1\g\LOCALS~1\Temp\ccCtxYx4.ltrans1.ltrans.o
                                          0x8 (size before relaxing)
 .rodata.str1.1
                0x0000000000000000      0x181 C:\DOCUME~1\g\LOCALS~1\Temp\ccCtxYx4.ltrans3.ltrans.o
                                          0x3 (size before relaxing)
 .rodata.str1.1
                0x00000000000803a0      0x282 C:\DOCUME~1\g\LOCALS~1\Temp\ccCtxYx4.ltrans4.ltrans.o
 .rodata        0x0000000000080622        0x8 C:\DOCUME~1\g\LOCALS~1\Temp\ccCtxYx4.ltrans4.ltrans.o
 .rodata.str1.1
                0x000000000008062a        0xc C:\DOCUME~1\g\LOCALS~1\Temp\ccCtxYx4.ltrans5.ltrans.o
 .rodata.str1.1
                0x0000000000080636       0x99 C:\DOCUME~1\g\LOCALS~1\Temp\ccCtxYx4.ltrans6.ltrans.o
                                         0xb8 (size before relaxing)
 .rodata.str1.1
                0x00000000000806cf      0x3e2 C:\DOCUME~1\g\LOCALS~1\Temp\ccCtxYx4.ltrans7.ltrans.o
                                        0x462 (size before relaxing)
 .rodata.str1.1
                0x0000000000080ab1      0x16c C:\DOCUME~1\g\LOCALS~1\Temp\ccCtxYx4.ltrans8.ltrans.o
                                        0x177 (size before relaxing)
 .rodata.str1.1
                0x0000000000000000      0x16c C:\DOCUME~1\g\LOCALS~1\Temp\ccCtxYx4.ltrans10.ltrans.o
                                         0x24 (size before relaxing)
 .rodata        0x0000000000080c1d        0x6 C:\DOCUME~1\g\LOCALS~1\Temp\ccCtxYx4.ltrans10.ltrans.o
 .rodata.str1.1
                0x0000000000080c23        0x5 C:\DOCUME~1\g\LOCALS~1\Temp\ccCtxYx4.ltrans11.ltrans.o
                                         0x17 (size before relaxing)
 .rodata.str1.1
                0x0000000000080c28        0xf C:\DOCUME~1\g\LOCALS~1\Temp\ccCtxYx4.ltrans12.ltrans.o
 *fill*         0x0000000000080c37        0x1 00
 .rodata        0x0000000000080c38      0x1fc C:\DOCUME~1\g\LOCALS~1\Temp\ccCtxYx4.ltrans12.ltrans.o
                0x0000000000080c38                s_apsStSceTbl.129798
                0x0000000000080c4c                s_aprIdleStHandleCme.139779
                0x0000000000080c60                s_aprActvStHandleCme.135911
                0x0000000000080cb8                zps_sJoinSceTbl
                0x0000000000080cc4                zps_sActvSceTbl
 .rodata.str1.1
                0x0000000000080e34       0x10 C:\DOCUME~1\g\LOCALS~1\Temp\ccCtxYx4.ltrans13.ltrans.o
                                         0x17 (size before relaxing)
 .rodata.str1.1
                0x0000000000080e44       0x11 C:\DOCUME~1\g\LOCALS~1\Temp\ccCtxYx4.ltrans14.ltrans.o
                                         0x20 (size before relaxing)
 .rodata.str1.1
                0x0000000000080e55      0x10c C:\DOCUME~1\g\LOCALS~1\Temp\ccCtxYx4.ltrans15.ltrans.o
                                        0x110 (size before relaxing)
 .rodata        0x0000000000080f61       0x10 C:\DOCUME~1\g\LOCALS~1\Temp\ccCtxYx4.ltrans15.ltrans.o
 .rodata.str1.1
                0x0000000000080f71       0x97 C:\DOCUME~1\g\LOCALS~1\Temp\ccCtxYx4.ltrans16.ltrans.o
                                         0xa1 (size before relaxing)
 .rodata.str1.1
                0x0000000000000000       0x97 C:\DOCUME~1\g\LOCALS~1\Temp\ccCtxYx4.ltrans17.ltrans.o
                                          0x6 (size before relaxing)
 .rodata        0x0000000000081008       0x4c C:\DOCUME~1\g\LOCALS~1\Temp\ccCtxYx4.ltrans17.ltrans.o
                0x0000000000081008                g_u32NwkFcSaveCountBitShift
 .rodata.str1.1
                0x0000000000081054        0x6 C:\DOCUME~1\g\LOCALS~1\Temp\ccCtxYx4.ltrans18.ltrans.o
 .rodata.str1.1
                0x000000000008105a      0x23a C:\DOCUME~1\g\LOCALS~1\Temp\ccCtxYx4.ltrans19.ltrans.o
                                        0x277 (size before relaxing)
 .rodata.str1.1
                0x0000000000000000        0x4 C:\DOCUME~1\g\LOCALS~1\Temp\ccCtxYx4.ltrans20.ltrans.o
 .rodata.str1.1
                0x0000000000081294      0x739 C:\DOCUME~1\g\LOCALS~1\Temp\ccCtxYx4.ltrans21.ltrans.o
                                        0x774 (size before relaxing)
 *fill*         0x00000000000819cd        0x3 00
 .rodata        0x00000000000819d0       0x18 C:\DOCUME~1\g\LOCALS~1\Temp\ccCtxYx4.ltrans22.ltrans.o
                0x00000000000819d0                au32NwkPdmRecordOffsets
 .rodata        0x00000000000819e8      0x318 C:\DOCUME~1\g\LOCALS~1\Temp\ccCtxYx4.ltrans23.ltrans.o
                0x0000000000081be8                gu32ZCLVersion
                0x0000000000081bec                OS_g_u32Version
                0x0000000000081bf0                PDUM_g_u32Version
                0x0000000000081bf4                ZPS_g_u32MacVersion
                0x0000000000081bf8                ZPS_g_u32TsvVersion
 .rodata        0x0000000000081d00       0x20 C:\DOCUME~1\g\LOCALS~1\Temp\ccCtxYx4.ltrans24.ltrans.o
                0x0000000000081d08                au32UartAddrOffset
 .rodata.str1.1
                0x0000000000081d20      0x172 C:\DOCUME~1\g\LOCALS~1\Temp\ccCtxYx4.ltrans25.ltrans.o
                                        0x178 (size before relaxing)
 .rodata.str1.1
                0x0000000000081e92      0x3c9 C:\DOCUME~1\g\LOCALS~1\Temp\ccCtxYx4.ltrans26.ltrans.o
                                        0x3d4 (size before relaxing)
 .rodata.str1.1
                0x000000000008225b      0x278 C:\DOCUME~1\g\LOCALS~1\Temp\ccCtxYx4.ltrans27.ltrans.o
                                        0x291 (size before relaxing)
 .rodata        0x00000000000824d3      0x107 C:\DOCUME~1\g\LOCALS~1\Temp\ccCtxYx4.ltrans27.ltrans.o
                0x00000000000824d3                au8ZLLChannelSet
 .rodata.str1.1
                0x00000000000825da      0x27b C:\DOCUME~1\g\LOCALS~1\Temp\ccCtxYx4.ltrans28.ltrans.o
                                        0x297 (size before relaxing)
 .rodata.str1.1
                0x0000000000082855       0x2a C:\DOCUME~1\g\LOCALS~1\Temp\ccCtxYx4.ltrans29.ltrans.o
                                         0x4f (size before relaxing)
 .rodata.str1.1
                0x000000000008287f       0xfc C:\DOCUME~1\g\LOCALS~1\Temp\ccCtxYx4.ltrans30.ltrans.o
 *fill*         0x000000000008297b        0x1 00
 .rodata        0x000000000008297c      0x3e0 C:\DOCUME~1\g\LOCALS~1\Temp\ccCtxYx4.ltrans30.ltrans.o
                0x000000000008297c                zps_g_pvApl
                0x0000000000082980                pwrm_psWakeupCallbacks
 .rodata.str1.1
                0x0000000000082d5c        0x7 C:\DOCUME~1\g\LOCALS~1\Temp\ccCtxYx4.ltrans31.ltrans.o
                                         0x11 (size before relaxing)

.text           0x0000000000082d68    0x25a2e
 *(.text*)
 .text          0x0000000000082d68     0x1ea0 C:\DOCUME~1\g\LOCALS~1\Temp\ccCtxYx4.ltrans0.ltrans.o
                0x0000000000082d68                APP_TIMER_Version_1v0
                0x0000000000082d68                vInitialiseApp.3312
 .text          0x0000000000084c08     0x17f0 C:\DOCUME~1\g\LOCALS~1\Temp\ccCtxYx4.ltrans1.ltrans.o
                0x0000000000084c08                vZdoServersInit.3037
                0x0000000000084ca4                DBG_iUartGetChar
                0x0000000000084cf4                os_vAPP_ButtonsScanTask
                0x0000000000084d05                vMMAC_IntHandlerBbc
                0x0000000000084d1f                eBasicTxCompleteHandler
                0x0000000000084d24                vTxRxTimeout.145989
                0x0000000000084d81                eSmeAcScBeaconInd.137874
                0x0000000000084ddd                eSmeASFlBeaconInd.137709
                0x0000000000084dff                eSmeUDNTScanDcfm.137159
                0x0000000000084e87                zps_eNwkHandleSmePollDcfm
                0x0000000000084eb1                eSmeGenlScanDcfm.137701
                0x0000000000084f0f                eLeaveDataDcfmRemoteLeave.142456
                0x0000000000084f58                eSmeEdScScanDcfm.137697
                0x00000000000850ff                eSmeAcScBeaconInd.137717
                0x0000000000085207                eSmeUDNTBeaconInd.137693
                0x000000000008522a                vMiniMac_MLME_SetReq_PanId
                0x0000000000085267                vMiniMac_MLME_SetReq_ShortAddr
                0x0000000000085275                vZCL_InitializeClusterInstance.constprop.150
                0x0000000000085286                psDLISTsearchFromHead
                0x00000000000852af                pvZCL_HeapAlloc.part.0.52526.constprop.133
                0x00000000000852e9                vMicroIntEnableOnly.constprop.118
                0x0000000000085315                zps_eNwkRtDiscMatch.constprop.54
                0x0000000000085368                vCLD_ColourControl_xyY2CCT.constprop.36
                0x0000000000085419                vMiniMac_ReturnTxBufferCallback
                0x000000000008542b                vEnableReceive.145993
                0x0000000000085465                pvHeap_Alloc
                0x0000000000085468                vMicroIntRestoreState
                0x0000000000085474                vSetChannelAndPower
                0x0000000000085614                vMiniMac_PLME_SetReq_Power
                0x0000000000085628                vMiniMac_PLME_SetReq_Channel
                0x0000000000085630                TSV_eStart
                0x0000000000085680                bAHI_WriteEEPROMfixSegmentData
                0x00000000000856de                bAHI_InitialiseEEPROM
                0x0000000000085726                vAHI_ReadDataFromEEPROMregister
                0x0000000000085753                vAHI_WriteDataIntoEEPROMregister
                0x0000000000085783                iAHI_WriteDataIntoEEPROMsegment.constprop.124
                0x00000000000857d1                iPDM_WriteSegmentHeaderDataIntoEEPROMsegment
                0x0000000000085800                u8AHI_WakeTimerFiredStatus
                0x0000000000085814                vAHI_WakeTimerStop.part.3.149093
                0x0000000000085834                vAHI_UartReset.part.4.148847
                0x000000000008586c                vAHI_ClockXtalPull
                0x0000000000085889                vAHI_OptimiseWaitStates
                0x00000000000858d5                bAHI_GetClkSource
                0x00000000000858e2                bAHI_SetClockRate.part.0.148517.constprop.88
                0x000000000008595d                vAHI_SwReset
                0x000000000008598e                bIssueACIcommand
                0x0000000000085a24                vACI_CmdWaitBusy
                0x0000000000085a31                bACI_ECBencodeBuffer.part.0.148178.constprop.52
                0x0000000000085ae8                vACI_OptimisedCcmStar.constprop.57
                0x0000000000085cd3                vRadioToOff
                0x0000000000085cf0                vStartReceive
                0x0000000000085d0c                psSearchForFrameToSend
                0x0000000000085d63                eMiniMac_FrameInProgress
                0x0000000000085d8e                vRemoveFromTxQueue
                0x0000000000085dca                vAddToTxQueue
                0x0000000000085e00                u8GetHeaderSize
                0x0000000000085e28                vMiniMac_PLME_SetReq_CcaMode
                0x0000000000085e3c                vMiniMac_MLME_SetReq_MaxCsmaBackoffs
                0x0000000000085e5c                vMiniMac_MLME_SetReq_MaxBe
                0x0000000000085e7f                vMiniMac_MLME_SetReq_MinBe
                0x0000000000085ea2                zps_vSendJoinInd
                0x0000000000085f13                zps_psFormatCmdFrameGeneral
                0x0000000000085f9f                zps_eNwkFormStInit
                0x0000000000085fb4                vSendDcfm.138395
                0x0000000000085fd9                bCheckMatchingEntry.137869
                0x0000000000085fff                zps_psNwkSlistRemoveFromHead
                0x0000000000086016                zps_psNwkSlistRemove
                0x000000000008604e                zps_bNwkMcpsMgrRemoveDescrFromLists
                0x000000000008608c                zps_vNwkSlistAddToTail
                0x00000000000860a6                zps_vNwkSecClearMatSet
                0x00000000000860d0                ZPS_vNwkSecResetDevice
                0x0000000000086115                ZPS_bNwkSecHaveNetworkKey
                0x0000000000086149                ZPS_bNwkSecFindMatSet
                0x0000000000086185                zps_eNwkRtMatch
                0x000000000008629e                zps_eNwkRctMatchNwkAddr
                0x0000000000086308                ZPS_u8NwkCalcNldeReqOverhead
                0x0000000000086343                zps_vRemoveNextHop
 .text.unlikely
                0x00000000000863f8       0x43 C:\DOCUME~1\g\LOCALS~1\Temp\ccCtxYx4.ltrans1.ltrans.o
                0x00000000000863f8                vAHI_MemoryHold.148525
 .text          0x000000000008643b     0x1364 C:\DOCUME~1\g\LOCALS~1\Temp\ccCtxYx4.ltrans2.ltrans.o
                0x000000000008643b                DBG_vUartFlush
                0x0000000000086468                DBG_vUartPutch
                0x00000000000864ae                os_u32APP_cbGetTickTimer
                0x00000000000864b7                os_bAPP_cbSetTickTimerCompare
                0x00000000000865b6                boIdValueSearchMatch.122356
                0x0000000000086610                vStartTransmit.146044
                0x0000000000086765                vDispatch.60896
                0x0000000000086837                OS_eStartSWTimer.constprop.155
                0x0000000000086956                OS_eStopSWTimer
                0x0000000000086a79                OS_ePostMessage
                0x0000000000086bdf                os_vAPP_CommissionTimerTask
                0x0000000000086bf5                OS_eExitCriticalSection
                0x0000000000086cda                OS_eActivateTask
                0x0000000000086d75                vPostMlmeDcfmInd.80031
                0x0000000000086e18                u16ZCL_ReadTypeNBO
                0x0000000000086ecd                u16ZCL_APduInstanceReadNBO
                0x0000000000086f1e                u16ZCL_ReadCommandHeader.part.0.45165
                0x0000000000086f95                u16ZCL_APduInstanceWriteNBO
                0x0000000000086fe9                u16ZCL_WriteCommandHeader
                0x0000000000087061                u16ZCL_APduInstanceWriteStringNBO
                0x0000000000087128                iPDM_ReadSegmentHeaderDataFromEEPROMsegment
                0x0000000000087181                iPDM_ReadUserDataFromEEPROMsegment
                0x00000000000871fb                iPDM_ReCalculateWearCountAndChecksumAndWriteFileSystemHeader
                0x0000000000087245                vPDM_SetEEPROMandFileSystemValidState
                0x000000000008726c                iPDM_ReadUserDataFromFileSystemRecord
                0x000000000008728c                u16ZCL_APduInstanceReadStringNBO
                0x0000000000087361                eZCL_GetAttributeTypeSizeFromBuffer
                0x00000000000873d8                vPDM_WriteFileSystemRecordAndSegmentDataIntoEEPROMsegment
                0x0000000000087413                PWRM_vWakeInterruptCallback
                0x000000000008749a                iPDM_FilterDuplicateAppendedSegmentsOnList.123609
                0x00000000000874de                eCLD_ScenesFindActiveScene
                0x0000000000087513                ZPS_bIsMacAddressUsedInApsTable
                0x00000000000875c9                eCLD_GroupsCheckGroupExists
                0x0000000000087636                ZPS_eTsvOpen
                0x0000000000087650                zps_vNwkBttMgrInit
                0x000000000008767e                ZPS_vNwkNibClearTables
 .text          0x000000000008779f     0x16c0 C:\DOCUME~1\g\LOCALS~1\Temp\ccCtxYx4.ltrans3.ltrans.o
                0x000000000008779f                vPermitJoinHandleExpiry.132710
                0x00000000000877a8                vNwkMcpsTimerCallback
                0x00000000000877c2                zps_eSceGenlIllegal
                0x00000000000877c9                zps_eSmeGenlIllegal
                0x00000000000877d0                DBG_vUartFailedAssert
                0x00000000000877d4                zps_bAplZdoBindRequestServer
                0x000000000008790f                psGetVsMcpsBuf.80035
                0x0000000000087918                psGetMlmeBuf.80028
                0x000000000008795f                psGetNlmeBuf.64127
                0x0000000000087969                psGetNldeBuf.64148
                0x0000000000087973                psGetApsmeBuf.64134
                0x000000000008797c                psGetApsdeBuf.64141
                0x0000000000087a95                vLoopbackTimerCallback
                0x0000000000087ac4                zps_vRemoveRoute
                0x0000000000087b5b                zps_psNwkRtMatchNwkAddr
                0x0000000000087bd1                zps_vNwkFreeMcpsHandle
                0x0000000000087bfb                zps_psNwkMcpsMgrFindPendingByNwkDstAddr
                0x0000000000087c11                ZPS_u64NwkNibGetMappedIeeeAddr
                0x0000000000087c33                ZPS_bNwkNibNtActvMatch
                0x0000000000087ceb                bCheckNwkAddr
                0x0000000000087d39                ZPS_vSetExtendedStatus
                0x0000000000087d4b                zps_psApsApsAllocateDcfmRecord
                0x0000000000087db9                zps_u8CalcLinkCost
                0x0000000000087df5                ZPS_u8NwkNibNtDiscMatch
                0x0000000000087ed9                zps_u64NwkLibFromPayload
                0x0000000000087f18                zps_vNwkLibU64ToPayload
                0x0000000000087f45                zps_vInitBeaconPayload
                0x0000000000087fc1                zps_eNwkDcfmIndPost
                0x0000000000087fe4                zps_psNwkDcfmIndGetBuf
                0x0000000000088006                eRouteRequestDataDcfm.133882
                0x000000000008805a                eNldeDataDcfm.131717
                0x000000000008808a                zps_vSendNwkStatusInd
                0x00000000000880ba                DBG_vInit
                0x00000000000880fc                vPDM_ReadBitmapHeader.123213
                0x000000000008811b                psSLISTsearch
                0x000000000008815b                psSLISTremove
                0x00000000000881d9                vSLISTaddToTail
                0x00000000000881f8                psSLISTgetNext
                0x000000000008821c                u8PDM_CalculateFileSystemCapacity
                0x000000000008823a                u8PDM_GetFileSystemOccupancy
                0x0000000000088252                u8PDM_CalculateLargestDataRecordStored
                0x0000000000088283                bPDM_ImageBitmapRepairCheck
                0x00000000000882ab                u8PDM_ReadSequenceNumber
                0x00000000000882ce                boSegmentNumberDeleteSearchMatch.122783
                0x00000000000882e9                u8PDM_ReadSegmentDataSize
                0x00000000000882fd                u32PDM_ReadFileSystemHeaderWearCount
                0x0000000000088313                boSearchForWearCountSubstitute.123099
                0x0000000000088339                boSearchForWearCountInsertPoint.122352
                0x0000000000088357                vPDM_WriteFileSystemHeaderWearCount
                0x0000000000088369                RND_u32GetRand256
                0x0000000000088386                RND_u32GetRand
                0x00000000000883ad                u16CalculateFailedTxCount.98059
                0x00000000000883d7                vZdoIeeeAddrServerSendExtendResponse.part.0.83856
                0x0000000000088438                vZdoNwkAddrServerSendExtendResponse.part.0.82676
                0x0000000000088499                zps_bAplZdoServerHandleConfirmAcks
                0x00000000000884e3                zps_bPerformLeaveActionDecider
                0x00000000000884e8                vHandleUpdateDeviceIndication.73193
                0x0000000000088512                bDuplicateCheck.69560
                0x000000000008861f                eHandleRemoveNonBroadcastEndpointsFromGroup.68188
                0x0000000000088697                eHandleAddEntryToGroupTable.68151
                0x00000000000886f3                zps_vAplApsFillAndPostApsAck
                0x000000000008875d                zps_u8AplApsFreeMsgHandle
                0x00000000000887c7                vFillDataIndStruct.63994
                0x0000000000088825                vFillApduErrorEvent.63987
                0x0000000000088868                bCheckProfile.63982
                0x00000000000888af                ZPS_bIsGroupPresent
                0x00000000000888e7                pdum_u16ReadNBO
                0x0000000000088a48                PDUM_u16SizeNBO
                0x0000000000088aa6                PDUM_u16APduInstanceWriteStrNBO
                0x0000000000088c25                PDUM_eNPduReadHeaderNBO
                0x0000000000088c78                PDUM_u16APduInstanceReadNBO
                0x0000000000088cc3                PDUM_eNPduPrependHeaderNBO
                0x0000000000088d1e                zps_vInitAPSMECmdHdr
                0x0000000000088d55                PDUM_eNPduAppendDataNBO
                0x0000000000088db2                PDUM_u16APduInstanceWriteNBO
                0x0000000000088e1c                PDUM_thAPduInstanceGetApdu
                0x0000000000088e37                PDUM_eAPduInstanceSetPayloadSize
 .text.unlikely
                0x0000000000088e5f       0xd0 C:\DOCUME~1\g\LOCALS~1\Temp\ccCtxYx4.ltrans3.ltrans.o
                0x0000000000088e5f                bIsBindTableMatch.68128
                0x0000000000088eb0                eRemoveEntryInBindingTable.68156
 *fill*         0x0000000000088f2f        0x1 00
 .text          0x0000000000088f30     0x1334 C:\DOCUME~1\g\LOCALS~1\Temp\ccCtxYx4.ltrans4.ltrans.o
                0x0000000000088f66                os_vAPP_cbDisableTickTimer
                0x0000000000088faa                os_vAPP_cbEnableTickTimer
                0x000000000008902a                vRetryCcaFailure
                0x000000000008907e                eOrphanNotificationSent.146761
                0x00000000000890c7                DriverBulb_vSetColour
                0x00000000000890d4                eCLD_ScenesCountScenes
                0x00000000000890ee                dbg_vPrintfImplNoneVerbose
                0x0000000000089690                bCLD_ScenesSearchForScene.23771
                0x00000000000896dd                eCLD_ScenesAddScene
                0x00000000000897e9                eCLD_ScenesFindScene
                0x000000000008984e                eCLD_ScenesStoreScene
                0x0000000000089938                DBG_vDumpStack
                0x000000000008997a                eZCL_SearchForClusterEntry
                0x0000000000089a18                eZCL_FindCluster.constprop.63
                0x0000000000089a65                eCLD_ScenesUpdate
                0x0000000000089e01                eCLD_ScenesRemoveAllScenes
                0x0000000000089ebd                eCLD_ColourControlHandleColourModeChange
                0x0000000000089f3c                eCLD_OnOffGetState
                0x0000000000089f6b                eCLD_LevelControlClusterIsPresent
                0x0000000000089f82                eCLD_GroupsSetIdentifying
                0x0000000000089fa5                eZCL_CustomCommandReceiveScenes.isra.0.part.1.23144.constprop.18
                0x000000000008a099                eZCL_BuildTransmitAddressStructure
                0x000000000008a106                ZPS_bSecDecrypt
                0x000000000008a218                boPDM_IsBitmapSaturated.123248
 .text          0x000000000008a264     0x15ea C:\DOCUME~1\g\LOCALS~1\Temp\ccCtxYx4.ltrans5.ltrans.o
                0x000000000008a264                zps_eNwkHandleSceLinkStatus
                0x000000000008a398                eSmeOrphScanDcfm.141468
                0x000000000008a410                zps_psFindKeyDescr
                0x000000000008a544                zps_eAplSecEncryptPacket
                0x000000000008a633                eUnfragmentedUnicastTransmission.66721
                0x000000000008a8e2                zps_eAplSendApsmeCmdFrame
                0x000000000008aa53                vApsmeResendTimeOutHandler
                0x000000000008aa82                ZPS_bNwkNibAddrMapAddEntry
                0x000000000008ac49                zps_vAgeRouter
                0x000000000008ac88                zps_eNwkHandleSdeActvDcfmData
                0x000000000008ae12                vMcpsMgrTimeoutExpiry
                0x000000000008ae81                zps_eDefaultDataDcfm
                0x000000000008b056                zps_vLinkStatusHandleExpiry
                0x000000000008b0f7                zps_eNwkHandleSceRouteRequest
                0x000000000008b526                zps_sNwkNibNtCheckJoin
                0x000000000008b7cf                zps_vNwkHandleCmeDirectJoinReq
 .text.unlikely
                0x000000000008b84e       0x5f C:\DOCUME~1\g\LOCALS~1\Temp\ccCtxYx4.ltrans5.ltrans.o
                0x000000000008b84e                vInitUnknownNeighbor.129535
 *fill*         0x000000000008b8ad        0x3 00
 .text          0x000000000008b8b0     0x1338 C:\DOCUME~1\g\LOCALS~1\Temp\ccCtxYx4.ltrans6.ltrans.o
                0x000000000008b8b0                vHandleZllDeviceJoin
                0x000000000008bbdc                vPostNldeDcfmInd.64151
                0x000000000008c6cc                vAckTimeOutHandler
                0x000000000008c779                vSaveScenesNVM
                0x000000000008c81d                eCLD_GroupsRemoveAllGroups
                0x000000000008c8ef                vManagePowerOnCountInit
                0x000000000008c938                os_vAPP_vManagePowerOnCount
                0x000000000008c990                vPickChannel.4589
                0x000000000008ca0a                zps_eAplZdoGroupEndpointRemove
                0x000000000008caa2                zps_eAplApsmeUpdateDeviceReqRsp.part.4.68285
 .text          0x000000000008cbe8     0x1260 C:\DOCUME~1\g\LOCALS~1\Temp\ccCtxYx4.ltrans7.ltrans.o
                0x000000000008cbe8                eCLD_ScenesCommandHandler
 *fill*         0x000000000008de48        0x0 00
 .text          0x000000000008de48     0x1068 C:\DOCUME~1\g\LOCALS~1\Temp\ccCtxYx4.ltrans8.ltrans.o
                0x000000000008dff2                eBeaconReqSent.146765
                0x000000000008e0de                zps_bAplZdoIeeeAddrServer
                0x000000000008e234                zps_bAplZdoNwkAddrServer
                0x000000000008e3b5                vPDM_AddFileSystemElementToListInAscendingWearCountOrder
                0x000000000008e4c3                iPDM_WriteSegmentHeaderAndData
                0x000000000008e6bf                vTransformKey.isra.0.69679
                0x000000000008e6ef                vMiniMac_McpsCallback
                0x000000000008e91b                eMcpsTxCompleteHandler.145618
                0x000000000008e949                PWRM_vManagePower
                0x000000000008ea93                vTunableWhiteLightSetLevels
                0x000000000008eb02                APP_vHandleIdentify
                0x000000000008eb68                APP_ZCL_cbEndpointCallback.6030
 .text.unlikely
                0x000000000008eeb0       0xaa C:\DOCUME~1\g\LOCALS~1\Temp\ccCtxYx4.ltrans8.ltrans.o
                0x000000000008eeb0                eMakeEntryInBindingTable.68174
 *fill*         0x000000000008ef5a        0x2 00
 .text          0x000000000008ef5c     0x1390 C:\DOCUME~1\g\LOCALS~1\Temp\ccCtxYx4.ltrans9.ltrans.o
                0x000000000008ef5c                vMcpsMgrExpiry.129523
                0x000000000008f0a7                vMiniMac_MlmeCallback
                0x000000000008f393                vSendMlmeCommStatusFromTxFrame
                0x000000000008f3e9                MAC_vHandleMlmeVsReqRsp.constprop.110
                0x000000000008fc18                vScanBeaconReceived
                0x000000000008fc57                vPostDcfm.146780
                0x000000000008fcc0                vScanNextChannel.146786
                0x000000000008fed8                vRunningRxCallback
                0x0000000000090235                iPDM_VerifyDataSequenceWithBufferId
                0x00000000000902d7                vRemoveAllGroupsAndScenes
 .text          0x00000000000902ec     0x12c9 C:\DOCUME~1\g\LOCALS~1\Temp\ccCtxYx4.ltrans10.ltrans.o
                0x00000000000902ec                zps_bAplZdoMatchDescServer
                0x0000000000090300                zps_vSendJoinDcfm
                0x0000000000090347                vGiveUp.141021
                0x000000000009037f                ZPS_bSecEncrypt
                0x0000000000090535                PDUM_eNPduAllocate
                0x00000000000905a4                zps_u8AplApsConstructAndPostLoopBackDataInd.66738
                0x00000000000906dd                u8PostUnicastMsgToNHLE.66746
                0x0000000000090716                PDUM_eNPduClone
                0x0000000000090762                PDUM_eNPduFree
                0x00000000000907cf                vPostVsMcpsDcfmInd.80038
                0x00000000000908b9                ZPS_vInterceptMcpsDataCallback
                0x000000000009091b                zps_vNwkMcpsMgrFreeReqDescr
                0x000000000009094d                vFreePendingReqDescr
                0x00000000000909b8                vHandleRouteDiscoveryExpiry.133442
                0x0000000000090a16                zps_psAllocateAndFormatMacHdr
                0x0000000000090cff                zps_psNwkInitCmdFrame
                0x0000000000090d7e                eSendLinkStatusDataDcfm.part.1.127588
                0x0000000000090eb0                zps_vNwkRemoveConflictedBroadcast
                0x0000000000090f02                zps_vNwkMcpsMgrTidyBtrReqDescr
                0x0000000000090f46                vNwkBttTimerExpiry.135959
                0x0000000000091063                MAC_vHandleMcpsVsReqRsp
                0x0000000000091386                hZCL_AllocateAPduInstance
                0x00000000000913c2                eZCL_TransmitInterPanRequest.constprop.33
                0x000000000009142d                eCLD_ZllCommissionCommandNetworkJoinRouterRspCommandSend.constprop.28
                0x0000000000091457                eSendScanResponse.6998.constprop.31
 .text          0x00000000000915b5     0x13ba C:\DOCUME~1\g\LOCALS~1\Temp\ccCtxYx4.ltrans11.ltrans.o
                0x0000000000091762                eTryNextParent
                0x000000000009189e                eSceRjRsRejoinRsp.141592
                0x000000000009195f                vCheckSleepingSendPoll.part.1.141570
                0x00000000000919c9                vSdeHandleMcpsDataInd.129619
                0x000000000009264c                ZPS_vNwkNibCheckAndUpdateAddresses
                0x00000000000926e3                zps_bAplZdoDeviceAnnceServer
 *fill*         0x000000000009296f        0x1 00
 .text          0x0000000000092970      0xf1c C:\DOCUME~1\g\LOCALS~1\Temp\ccCtxYx4.ltrans12.ltrans.o
                0x0000000000092970                os_vzps_taskZPS
                0x0000000000092b99                vBbcIntHandler.145417
                0x0000000000092e62                os_vzps_isrMAC
                0x0000000000092ea1                eAssocRespSent.146326
                0x0000000000092ec0                zps_vNwkHandleCmeSyncReq
                0x0000000000092f42                zps_vNwkHandleCmeIdleNwkFormReq
                0x0000000000092fea                zps_vNwkHandleCmeNwkDiscReq
                0x0000000000093064                zps_vNwkHandleCmeEdScanReq
                0x0000000000093277                zps_vNwkHandleCmeNwkJoinReq
                0x0000000000093535                zps_vNwkHandleCmeNwkActvJoinReq
                0x00000000000935d1                vHandleRejoinExpiry.141017
                0x000000000009362e                zps_eRejoinDataDcfm
                0x0000000000093737                vSetKeys
                0x00000000000937c6                vResetDataStructures
 .text          0x000000000009388c     0x1602 C:\DOCUME~1\g\LOCALS~1\Temp\ccCtxYx4.ltrans13.ltrans.o
                0x000000000009388c                OS_eEnterCriticalSection
                0x0000000000093954                PDUM_hAPduAllocateAPduInstance
                0x00000000000939c8                zps_eAplZdoSendZdpResponse
                0x0000000000093a11                bSendResponse.96870
                0x0000000000093a54                PDUM_eAPduFreeAPduInstance
                0x0000000000093ad7                zps_bAplZdoMatchDescServer.part.0.85053
                0x0000000000093d93                zps_bAplZdoNodeDescServer
                0x0000000000093eff                zps_bAplZdoSimpleDescServer
                0x0000000000094160                zps_bAplZdoPowerDescServer
                0x000000000009427d                zps_bAplZdoActiveEpServer
                0x0000000000094366                zps_bAplZdoSystemServerDiscoveryServer
                0x00000000000943ef                zps_bAplZdoMgmtLqiServer
                0x000000000009461b                zps_bAplZdoMgmtRtgServer
                0x0000000000094761                PDM_eReadDataFromRecord.part.0.121676
                0x00000000000947e4                vLoadNwkRecord.130495
                0x0000000000094822                vLoadAplRecord.73220
                0x0000000000094856                ZPS_eTsvStart
                0x00000000000948b1                zps_eAplZdoBdrmRequestSend
                0x000000000009492c                zps_eNwkHandleSceNwkUpdate
                0x0000000000094950                vProcessTimedList.129551
                0x0000000000094996                zps_vNwkMcpsMgrPostTimed
                0x00000000000949a9                vNwkMcpsSendTimedDfcm
                0x00000000000949ed                zps_vAplAfPostTimerEvent
                0x0000000000094a6a                zps_vExpireOldRoutes
                0x0000000000094af3                zps_vNwkJoinStStartResponseTimer
                0x0000000000094b2d                ZPS_eTsvStop
                0x0000000000094b81                zps_vNwkHandleCmePermitJoinReq
                0x0000000000094be9                zps_eNwkBtrMatch
                0x0000000000094ce6                zps_vAplApsStopPollTimer.part.2.66627
                0x0000000000094d6d                eHandleRemoveBroadcastEndpointsFromGroup.68147
                0x0000000000094dc7                eZCL_SetReceiveEventAddressStructure
                0x0000000000094e46                eCLD_LevelControlStopTransition
 .text          0x0000000000094e8e     0x1383 C:\DOCUME~1\g\LOCALS~1\Temp\ccCtxYx4.ltrans14.ltrans.o
                0x0000000000094e8e                vPDM_MoveFileRecordFromListToList
                0x0000000000094eb1                vPDM_MoveRecordToDeAllocList
                0x0000000000094ed1                vIncrementFrameCounterInPdm.isra.0.130929
                0x00000000000950b0                vProcessListsForSubmission.129639
                0x000000000009536a                zps_vNwkMcpsMgrPost
                0x000000000009538e                zps_psNwkInitiateRouteDiscovery
                0x00000000000956c6                zps_psSendFrm
                0x00000000000959e2                zps_eNwkHandleSceRouteRecord
                0x0000000000095ab6                zps_psNwkSendRejoinReqCmd.constprop.8
                0x0000000000095b26                zps_psSendNetworkStatusCmd
                0x0000000000095b93                vSendNetworkReport.128623
                0x0000000000095c6d                psSendRouteReplyCmd.133864
                0x0000000000095d7f                zps_eNwkHandleSceRouteReply
                0x00000000000960be                zps_psNwkPropagateLocalLeave
                0x00000000000960e6                zps_vNwkHandleCmeLeaveReq
                0x00000000000961b4                iPDM_SegmentCopyAndAppendData.constprop.154
 *fill*         0x0000000000096211        0x3 00
 .text          0x0000000000096214     0x1214 C:\DOCUME~1\g\LOCALS~1\Temp\ccCtxYx4.ltrans15.ltrans.o
                0x00000000000962c3                zps_eNwkHandleSmeOrphanInd
                0x000000000009662f                zps_eNwkHandleSmeAssocInd
                0x0000000000096651                zps_eNwkHandleSceRejnRequest
                0x00000000000966d1                vStartScanTimerExpiry.98055
                0x000000000009670d                zps_vAplApsPollTimer
                0x00000000000968d9                vPostNlmeDcfmInd.64130
                0x0000000000096fea                zps_vProcessChildAddrConflict
                0x00000000000970ad                zps_eNwkHandleSceNwkStatus
                0x000000000009726b                vDiscoverNetworks.4592
                0x00000000000972ff                vTryNwkJoin.4594
 .text          0x0000000000097428      0xfec C:\DOCUME~1\g\LOCALS~1\Temp\ccCtxYx4.ltrans16.ltrans.o
                0x0000000000097d8d                os_vTick_Task
                0x0000000000098389                os_vZCL_Task
 .text          0x0000000000098414     0x110b C:\DOCUME~1\g\LOCALS~1\Temp\ccCtxYx4.ltrans17.ltrans.o
                0x000000000009847c                zps_vNwkHandleCmeActvStartRouterReq
                0x00000000000985b7                vHandleNwkLocalUpdateAfterBcast.128640
                0x000000000009860b                vHandleNwkRemoteUpdateAfterBcast.128631
                0x000000000009865e                eSmeAcScScanDcfm.138399
                0x000000000009892c                ZPS_pvNwkCtor.constprop.107
                0x0000000000098eaf                ZPS_vNwkHandleNlmeReqRsp
                0x0000000000098f2c                zps_vAplAfPostEvent
                0x0000000000099119                zps_eAplZdoLeaveNetwork.constprop.61
                0x0000000000099144                zps_bAplZdoMgmtLeaveServer
                0x00000000000992c4                zps_eAplZdoNlmePermitJoiningWrapper
                0x00000000000992ec                zps_bAplZdoPermitJoiningServer
                0x0000000000099386                vChangeChannelTimerExpiry.98051
                0x00000000000993e9                eLeaveReset.142451
                0x0000000000099454                eLeaveDataDcfmLocalLeave.142461
                0x00000000000994ce                zps_eAplZdoZllStartRouter
 .text          0x000000000009951f     0x1227 C:\DOCUME~1\g\LOCALS~1\Temp\ccCtxYx4.ltrans18.ltrans.o
                0x000000000009951f                zps_vAplSaveRecord
                0x000000000009964f                zps_bNwkFindAddIeeeAddr
                0x00000000000997cd                eCheckAddrConflict.isra.4.128860
                0x0000000000099863                vAplSecRemoveLinkKey.73286
                0x00000000000998e0                ZPS_vRemoveEntryFromAddressMap
                0x0000000000099929                ZPS_vNwkSaveAllRecords
                0x0000000000099940                zps_vSaveAllZpsRecords
                0x000000000009995f                ZPS_vNwkNibSetNwkAddr
                0x000000000009997d                zps_eNwkHandleSceRejnResponse
                0x00000000000999da                ZPS_vNwkNibSetExtPanId
                0x00000000000999ff                ZPS_vNwkNibSetKeySeqNum
                0x0000000000099a13                ZPS_vNwkNibSetDepth
                0x0000000000099a3c                ZPS_vNwkNibSetUpdateId
                0x0000000000099a4b                vSendNetworkUpdate.128627
                0x0000000000099b7b                ZPS_vNwkNibSetPanId
                0x0000000000099b99                ZPS_vNwkNibSetCapabilityInfo
                0x0000000000099bc6                ZPS_vNwkNibSetChannel
                0x0000000000099bde                zps_u8NwkHandleRejoinReq
                0x0000000000099ca7                zps_vProcessLocalAddrConflict
                0x0000000000099d52                ZPS_vNwkSaveNt
                0x0000000000099e6c                ZPS_vNtSetUsedStatus
                0x0000000000099f13                zps_vJoinInitNtParent
                0x000000000009a069                vContinueRejoin.140251
                0x000000000009a110                zps_vBuildSortedActvNTList
                0x000000000009a1ce                zps_vCheckActvNtForDuplicate
                0x000000000009a26a                vFinish.141458
                0x000000000009a2c0                zps_eNwkHandleSceLeave
                0x000000000009a482                zps_vCleanUnAuthenHandleExpiry
                0x000000000009a584                eUnsolicitedRejoinRspDataDcfm.128635
                0x000000000009a5af                eRejoinRspDataDcfm.140255
                0x000000000009a67e                zps_eNwkHandleSmeCommStatusInd
                0x000000000009a732                ZPS_vNwkSaveSecMat
 *fill*         0x000000000009a746        0x2 00
 .text          0x000000000009a748      0xf78 C:\DOCUME~1\g\LOCALS~1\Temp\ccCtxYx4.ltrans19.ltrans.o
                0x000000000009a829                eZCL_TransmitDataRequest
                0x000000000009ab91                eZCL_SendDefaultResponse
                0x000000000009ac90                eZCL_CustomCommandReceive
                0x000000000009adfe                eCLD_ColourControlCommandHandler
                0x000000000009b213                eCLD_OnOffCommandHandler
 .text          0x000000000009b6c0      0xfb0 C:\DOCUME~1\g\LOCALS~1\Temp\ccCtxYx4.ltrans20.ltrans.o
                0x000000000009b6c0                vAplSecAuthPollTimerExpiry.73170
                0x000000000009b718                vAplSecAuthTimerExpiry.73174
                0x000000000009b7e8                vHandleApsInterPanDcfmData
                0x000000000009bc16                vPostApsdeDcfmInd.64144
                0x000000000009be1f                zps_vHandleApsdeDataFragIndNotSupported
                0x000000000009be88                vApsInterPanMcpsDataInd
                0x000000000009c02f                eDiscoverNetworks.73240
                0x000000000009c08b                zps_eAplZdoDiscoverNetworks
                0x000000000009c0b4                eStartNetworkDiscovery.73247
                0x000000000009c141                eStartRouter.73257
                0x000000000009c210                vPostApsmeDcfmInd.64137
 .text          0x000000000009c670     0x1168 C:\DOCUME~1\g\LOCALS~1\Temp\ccCtxYx4.ltrans21.ltrans.o
                0x000000000009c670                vfExtendedStatusCallBack
                0x000000000009c67c                APP_ZCL_cbGeneralCallback.6033
                0x000000000009c70d                eCLD_LevelControlSceneEventHandler.17818
                0x000000000009c77c                vUnclaimedInterrupt.3314
                0x000000000009c78f                vPdmEventHandlerCallback.3308
                0x000000000009c832                vOSError.3316
                0x000000000009c87b                os_vAPP_RadioRecal
                0x000000000009c92c                os_vAPP_DiscoveryTimerTask
                0x000000000009c97c                bCLD_GroupsSearchForGroup.15129
                0x000000000009c9aa                vCLD_IdentifyTimerClickCallback.16195
                0x000000000009ca3d                eCLD_ScenesSaveClusters.constprop.37
                0x000000000009cd61                vCLD_ScenesUpdateSceneValid
                0x000000000009ce18                eCLD_OnOffSceneEventHandler.19268
                0x000000000009ceea                eCLD_LevelControlUpdate
                0x000000000009d238                eCLD_LevelControlSetOnOffState
                0x000000000009d3ca                eCLD_ColourControlUpdate
                0x000000000009d697                eCLD_ColourControlSceneEventHandler.38224
                0x000000000009d6e7                eCLD_OnOffSetGlobalSceneControl.constprop.22
                0x000000000009d737                vLI_UpdateDriver
                0x000000000009d78a                vLI_Start.constprop.60
 .text          0x000000000009d7d8      0xdf5 C:\DOCUME~1\g\LOCALS~1\Temp\ccCtxYx4.ltrans22.ltrans.o
                0x000000000009d7d8                zps_vNwkHandleCmeRouteDiscoveryReq
                0x000000000009d85e                vPDM_MoveAllDataFromListToList
                0x000000000009d89c                vPDM_MoveAllDataWithBufferIdAndStateFromListToList
                0x000000000009d927                vPDM_MoveAllDataToDeAllocList
                0x000000000009d94f                iPDM_ReconstructReplacedDataTable
                0x000000000009dbce                vPDM_ImageBitmapRepair.122271
                0x000000000009dc2f                vPDM_MoveAllDataWithBufferIdFromListToList
                0x000000000009dcb4                vPDM_DeleteAppendedSequence
                0x000000000009dd59                PDM_eSaveRecordData
                0x000000000009e18e                ZPS_vNwkSaveRecord
                0x000000000009e1fc                ZPS_vNwkResetOutgoingFrameCounter
                0x000000000009e250                zps_psSendBroadcastFrm
                0x000000000009e2e6                ZPS_vNwkHandleNldeReqRsp
                0x000000000009e4c6                zps_eAplApsmeCmdMgrSendCommand
                0x000000000009e5a3                zps_vAplApsmeCmdMgrRetryTimeout.68120
 .text          0x000000000009e5cd     0x1252 C:\DOCUME~1\g\LOCALS~1\Temp\ccCtxYx4.ltrans23.ltrans.o
                0x000000000009e5cd                os_bDummyMemberCheck.60906
                0x000000000009e5d2                os_vDefaultErrorHook.60902
                0x000000000009e5d5                DriverBulb_vSetTunableWhiteColourTemperature
                0x000000000009e5d8                vOverideProfileId.8626
                0x000000000009e612                os_bStrictCheck.1358
                0x000000000009e957                PDUM_eNPduWriteDataFromBuffer
                0x000000000009e9b1                PDUM_eNPduWriteDataToBuffer
                0x000000000009ea0f                PDUM_eNPduWriteFromBuffer
                0x000000000009ea38                PDUM_eNPduDescend
                0x000000000009ea5e                PDUM_eNPduAscend
                0x000000000009ea84                PDUM_eNPduClaimData
                0x000000000009eaf1                PDUM_eNPduClaimHeader
                0x000000000009eb14                PDUM_eNPduInitDescending
                0x000000000009eb2f                eExpireSWTimer.60915
                0x000000000009eb9a                vEnterErrorHook.60898
                0x000000000009ebc1                OS_eCollectMessage
                0x000000000009ec86                eZCL_BuildClientTransmitAddressStructure
                0x000000000009ecb7                eZCL_GetAttributeTypeSize
                0x000000000009ecd6                vZCL_MarkAttributeInvalid
                0x000000000009eda5                eZCL_CheckEPstructureIntegrity.40918
                0x000000000009ef8d                u8ZCL_GetAttributeAllignToFourBytesBoundary
                0x000000000009efa2                pvZCL_GetAttributePointer
                0x000000000009f018                u16ZCL_WriteTypeNBO.part.0.42272
                0x000000000009f08d                u16ZCL_GetStringStructureSize
                0x000000000009f0ca                u16ZCL_GetStringAttributeTypeSizeFromBuffer
                0x000000000009f13b                u16ZCL_GetStringSizeAndBufferFromStructure
                0x000000000009f1ca                bZCL_SendCommandResponse
                0x000000000009f1e6                vZCL_GetInternalMutex
                0x000000000009f20f                eZCL_GetMutex
                0x000000000009f247                u8ZCL_GetEPIdFromIndex
                0x000000000009f269                vZCL_ReleaseInternalMutex
                0x000000000009f283                eZCL_SearchForAttributeEntry
                0x000000000009f343                vCLD_ScenesGenerateIndividualAttributeCallback
                0x000000000009f39d                eZCL_SearchForEPentry
                0x000000000009f3f8                eZCL_SearchForEPentryAndCheckManufacturerId
                0x000000000009f436                vZCL_PassEventToUser
                0x000000000009f463                eZCL_ReleaseMutex
                0x000000000009f492                eZCL_Register.part.1.40927
                0x000000000009f4c0                boDLISTisEmpty
                0x000000000009f4d8                vDLISTaddToTail
                0x000000000009f506                psDLISTremoveFromHead
                0x000000000009f52f                psDLISTremove
                0x000000000009f587                vCLD_ColourControl_CCT2xyY
                0x000000000009f66d                vWriteU64ToPayLoad.26104
                0x000000000009f69a                vWriteU32ToPayLoad.26100
                0x000000000009f6b2                vLI_InitVar.7469
                0x000000000009f6e3                InvShiftRows
                0x000000000009f776                InvSubBytes
                0x000000000009f7bc                AddRoundKey
                0x000000000009f7fd                getSBoxValue.5382
 .text          0x000000000009f81f      0xcde C:\DOCUME~1\g\LOCALS~1\Temp\ccCtxYx4.ltrans24.ltrans.o
                0x000000000009f859                DBG_vUartInitHardware
                0x000000000009f996                eCLD_BasicCommandHandler
                0x000000000009f9c2                vMiniMac_NextTransaction
                0x000000000009fa2c                bPCA9634_WriteRegister
                0x000000000009faaa                bRGB_LED_SetLevel
                0x000000000009faf7                bRGB_LED_Off
                0x000000000009fb2c                MAC_u64GetExtAddr
                0x000000000009fb47                ZPS_u64NwkNibFindExtAddr
                0x000000000009fbf2                eCLD_ScenesSetLastConfiguredBy.isra.2.23160
                0x000000000009fc29                ZPS_u16NwkNibFindNwkAddr
                0x000000000009fccf                iPDM_SearchForBufferIdInList
                0x000000000009fd04                iPDM_SearchForBufferIdInFileSystem
                0x000000000009fd17                iPDM_ReadUserDataFromSegmentWithId
                0x000000000009fd4c                iPDM_SearchForSpecificSegmentInList
                0x000000000009fd7e                psGetTxFrameBuffer
                0x000000000009fdbd                psGetAndBuildCoordRealignment
                0x000000000009fe15                MAC_vPibSetRxOnWhenIdle.constprop.109
                0x000000000009fe1e                eTransmit
                0x000000000009fefb                eBuildAndSend.146769
                0x000000000009ff70                vPostTxActions.146037
                0x000000000009ffad                vMiniMac_TxComplete
                0x00000000000a0093                vTimerFired
                0x00000000000a014b                vMiniMac_Init
 *fill*         0x00000000000a04fd        0x3 00
 .text          0x00000000000a0500      0xf64 C:\DOCUME~1\g\LOCALS~1\Temp\ccCtxYx4.ltrans25.ltrans.o
                0x00000000000a0976                eCLD_ZllCommissionCommandHandler
                0x00000000000a0bad                eCLD_LevelControlCommandHandler
                0x00000000000a0fce                vZCL_HandleAttributesWriteRequest
 .text          0x00000000000a1464      0xd84 C:\DOCUME~1\g\LOCALS~1\Temp\ccCtxYx4.ltrans26.ltrans.o
                0x00000000000a1464                eZCL_CustomCommandSend.constprop.23
                0x00000000000a16c6                eCLD_IdentifyCommandHandler
                0x00000000000a1bce                eCLD_GroupsCommandHandler
 .text          0x00000000000a21e8     0x1018 C:\DOCUME~1\g\LOCALS~1\Temp\ccCtxYx4.ltrans27.ltrans.o
                0x00000000000a21e8                os_vAPP_Commission_Task
 .text          0x00000000000a3200      0xdb0 C:\DOCUME~1\g\LOCALS~1\Temp\ccCtxYx4.ltrans28.ltrans.o
                0x00000000000a3279                zps_bAplZdoDefaultServer
                0x00000000000a35e2                zps_bAplZdoZdoClient
                0x00000000000a3a52                zps_eZdpMgmtLeaveResponse
                0x00000000000a3a73                zps_eZdpMgmtPermitJoiningResponse
                0x00000000000a3ad6                zps_eAplZdpDeviceAnnceRequest.part.0.101891
                0x00000000000a3b1d                os_vAPP_ZPR_Light_Task
 .text          0x00000000000a3fb0      0xcca C:\DOCUME~1\g\LOCALS~1\Temp\ccCtxYx4.ltrans29.ltrans.o
                0x00000000000a3fb0                zps_eZdpPowerDescResponse
                0x00000000000a404d                zps_eZdpNodeDescResponse
                0x00000000000a40f5                zps_eZdpActiveEpResponse
                0x00000000000a418b                zps_eZdpMatchDescResponse
                0x00000000000a4221                zps_eZdpSystemServerDiscoveryResponse
                0x00000000000a4290                zps_eAplZdpMgmtLqiResponse
                0x00000000000a4378                zps_eZdpSimpleDescResponse
                0x00000000000a4485                zps_eZdpIeeeAddrResponse
                0x00000000000a4568                zps_eZdpNwkAddrResponse
                0x00000000000a464b                zps_eAplZdpMgmtRtgResponse
                0x00000000000a47c4                zps_bAplZdoMgmtNWKUpdateServer
                0x00000000000a4b34                zps_eAplAfBoundDataReqNonBlocking
 .text          0x00000000000a4c7a      0x5dc C:\DOCUME~1\g\LOCALS~1\Temp\ccCtxYx4.ltrans30.ltrans.o
                0x00000000000a4c7a                AppWarmStart
                0x00000000000a4c94                AppColdStart
                0x00000000000a5042                os_vUnclaimedInterrupt
                0x00000000000a5054                os_vControlledIntCheck
                0x00000000000a5099                os_vControlledInterrupt
                0x00000000000a50d2                os_vvISR_SystemController
                0x00000000000a50fe                os_vAPP_isrIllegalInstruction
                0x00000000000a5114                os_vAPP_isrAlignmentException
                0x00000000000a512a                os_vAPP_isrBusErrorException
                0x00000000000a5140                os_vAPP_isrUnimplementedModuleException
                0x00000000000a5153                os_vAPP_isrStackOverflowException
                0x00000000000a5166                os_vAPP_isrTickTimer
 .text          0x00000000000a5256      0x4ea C:\DOCUME~1\g\LOCALS~1\Temp\ccCtxYx4.ltrans31.ltrans.o
                0x00000000000a5256                ZPS_vAplHandleApsdeReqRsp
                0x00000000000a5676                zps_eAplZdpApsdeReqInternal
                0x00000000000a56e5                zps_eAplZdpGenStatusOnlyResponse
 .text          0x00000000000a5740       0x25 c:/nxp/bstudio_nxp/sdk/tools/ba-elf-ba2-r36379/bin/../lib/gcc/ba-elf/4.7.4/../../../../ba-elf/lib/mcpu_jn51xx_sizeopt\libc.a(lib_a-memcmp.o)
                0x00000000000a5740                memcmp
 .text          0x00000000000a5765       0x19 c:/nxp/bstudio_nxp/sdk/tools/ba-elf-ba2-r36379/bin/../lib/gcc/ba-elf/4.7.4/../../../../ba-elf/lib/mcpu_jn51xx_sizeopt\libc.a(lib_a-memcpy.o)
 .text          0x00000000000a577e       0x12 c:/nxp/bstudio_nxp/sdk/tools/ba-elf-ba2-r36379/bin/../lib/gcc/ba-elf/4.7.4/../../../../ba-elf/lib/mcpu_jn51xx_sizeopt\libc.a(lib_a-memset.o)
                0x00000000000a577e                memset
 .text          0x00000000000a5790       0x12 c:/nxp/bstudio_nxp/sdk/tools/ba-elf-ba2-r36379/bin/../lib/gcc/ba-elf/4.7.4/../../../../ba-elf/lib/mcpu_jn51xx_sizeopt\libc.a(lib_a-strlen.o)
                0x00000000000a5790                strlen
 .text          0x00000000000a57a2       0x2b c:/nxp/bstudio_nxp/sdk/tools/ba-elf-ba2-r36379/bin/../lib/gcc/ba-elf/4.7.4/../../../../ba-elf/lib/mcpu_jn51xx_sizeopt\libc.a(lib_a-strncpy.o)
                0x00000000000a57a2                strncpy
 *fill*         0x00000000000a57cd        0x3 00
 .text          0x00000000000a57d0      0x204 c:/nxp/bstudio_nxp/sdk/tools/ba-elf-ba2-r36379/bin/../lib/gcc/ba-elf/4.7.4/mcpu_jn51xx_sizeopt\libgcc.a(__udivsi3.o)
                0x00000000000a57d0                __udivsi3
 .text          0x00000000000a59d4       0x30 c:/nxp/bstudio_nxp/sdk/tools/ba-elf-ba2-r36379/bin/../lib/gcc/ba-elf/4.7.4/mcpu_jn51xx_sizeopt\libgcc.a(__divsi3.o)
                0x00000000000a59d4                __divsi3
 .text          0x00000000000a5a04      0x1b0 c:/nxp/bstudio_nxp/sdk/tools/ba-elf-ba2-r36379/bin/../lib/gcc/ba-elf/4.7.4/mcpu_jn51xx_sizeopt\libgcc.a(__umodsi3.o)
                0x00000000000a5a04                __umodsi3
 .text          0x00000000000a5bb4       0x24 c:/nxp/bstudio_nxp/sdk/tools/ba-elf-ba2-r36379/bin/../lib/gcc/ba-elf/4.7.4/mcpu_jn51xx_sizeopt\libgcc.a(__modsi3.o)
                0x00000000000a5bb4                __modsi3
 .text          0x00000000000a5bd8       0x39 c:/nxp/bstudio_nxp/sdk/tools/ba-elf-ba2-r36379/bin/../lib/gcc/ba-elf/4.7.4/mcpu_jn51xx_sizeopt\libgcc.a(_fixunsdfsi.o)
                0x00000000000a5bd8                __fixunsdfsi
 .text          0x00000000000a5c11      0x3bd c:/nxp/bstudio_nxp/sdk/tools/ba-elf-ba2-r36379/bin/../lib/gcc/ba-elf/4.7.4/mcpu_jn51xx_sizeopt\libgcc.a(_divdi3.o)
                0x00000000000a5c11                __divdi3
 .text          0x00000000000a5fce      0x350 c:/nxp/bstudio_nxp/sdk/tools/ba-elf-ba2-r36379/bin/../lib/gcc/ba-elf/4.7.4/mcpu_jn51xx_sizeopt\libgcc.a(_udivdi3.o)
                0x00000000000a5fce                __udivdi3
 .text          0x00000000000a631e      0x384 c:/nxp/bstudio_nxp/sdk/tools/ba-elf-ba2-r36379/bin/../lib/gcc/ba-elf/4.7.4/mcpu_jn51xx_sizeopt\libgcc.a(addsf3.o)
                0x00000000000a631e                __addsf3
 *fill*         0x00000000000a66a2        0x2 00
 .text          0x00000000000a66a4      0x218 c:/nxp/bstudio_nxp/sdk/tools/ba-elf-ba2-r36379/bin/../lib/gcc/ba-elf/4.7.4/mcpu_jn51xx_sizeopt\libgcc.a(divsf3.o)
                0x00000000000a66a4                __divsf3
 .text          0x00000000000a68bc       0xac c:/nxp/bstudio_nxp/sdk/tools/ba-elf-ba2-r36379/bin/../lib/gcc/ba-elf/4.7.4/mcpu_jn51xx_sizeopt\libgcc.a(gesf2.o)
                0x00000000000a68bc                __gesf2
                0x00000000000a68bc                __gtsf2
 .text          0x00000000000a6968       0xac c:/nxp/bstudio_nxp/sdk/tools/ba-elf-ba2-r36379/bin/../lib/gcc/ba-elf/4.7.4/mcpu_jn51xx_sizeopt\libgcc.a(lesf2.o)
                0x00000000000a6968                __ltsf2
                0x00000000000a6968                __lesf2
 .text          0x00000000000a6a14      0x24c c:/nxp/bstudio_nxp/sdk/tools/ba-elf-ba2-r36379/bin/../lib/gcc/ba-elf/4.7.4/mcpu_jn51xx_sizeopt\libgcc.a(mulsf3.o)
                0x00000000000a6a14                __mulsf3
 .text          0x00000000000a6c60      0x3a2 c:/nxp/bstudio_nxp/sdk/tools/ba-elf-ba2-r36379/bin/../lib/gcc/ba-elf/4.7.4/mcpu_jn51xx_sizeopt\libgcc.a(subsf3.o)
                0x00000000000a6c60                __subsf3
 .text          0x00000000000a7002       0xad c:/nxp/bstudio_nxp/sdk/tools/ba-elf-ba2-r36379/bin/../lib/gcc/ba-elf/4.7.4/mcpu_jn51xx_sizeopt\libgcc.a(floatunsisf.o)
                0x00000000000a7002                __floatunsisf
 *fill*         0x00000000000a70af        0x1 00
 .text          0x00000000000a70b0      0x5c8 c:/nxp/bstudio_nxp/sdk/tools/ba-elf-ba2-r36379/bin/../lib/gcc/ba-elf/4.7.4/mcpu_jn51xx_sizeopt\libgcc.a(divdf3.o)
                0x00000000000a70b0                __divdf3
 .text          0x00000000000a7678       0xca c:/nxp/bstudio_nxp/sdk/tools/ba-elf-ba2-r36379/bin/../lib/gcc/ba-elf/4.7.4/mcpu_jn51xx_sizeopt\libgcc.a(gedf2.o)
                0x00000000000a7678                __gedf2
                0x00000000000a7678                __gtdf2
 *fill*         0x00000000000a7742        0x2 00
 .text          0x00000000000a7744      0x488 c:/nxp/bstudio_nxp/sdk/tools/ba-elf-ba2-r36379/bin/../lib/gcc/ba-elf/4.7.4/mcpu_jn51xx_sizeopt\libgcc.a(muldf3.o)
                0x00000000000a7744                __muldf3
 .text          0x00000000000a7bcc      0x693 c:/nxp/bstudio_nxp/sdk/tools/ba-elf-ba2-r36379/bin/../lib/gcc/ba-elf/4.7.4/mcpu_jn51xx_sizeopt\libgcc.a(subdf3.o)
                0x00000000000a7bcc                __subdf3
 .text          0x00000000000a825f       0x64 c:/nxp/bstudio_nxp/sdk/tools/ba-elf-ba2-r36379/bin/../lib/gcc/ba-elf/4.7.4/mcpu_jn51xx_sizeopt\libgcc.a(fixdfsi.o)
                0x00000000000a825f                __fixdfsi
 .text          0x00000000000a82c3       0x61 c:/nxp/bstudio_nxp/sdk/tools/ba-elf-ba2-r36379/bin/../lib/gcc/ba-elf/4.7.4/mcpu_jn51xx_sizeopt\libgcc.a(floatsidf.o)
                0x00000000000a82c3                __floatsidf
 .text          0x00000000000a8324       0x8f c:/nxp/bstudio_nxp/sdk/tools/ba-elf-ba2-r36379/bin/../lib/gcc/ba-elf/4.7.4/mcpu_jn51xx_sizeopt\libgcc.a(extendsfdf2.o)
                0x00000000000a8324                __extendsfdf2
 *fill*         0x00000000000a83b3        0x5 00
 .text          0x00000000000a83b8      0x1c8 c:/NXP/bstudio_nxp/workspace/JN-AN-1171-ZigBee-LightLink-Demo/Light_ColorTemperatureLight/Build/os_irq.o
                0x00000000000a83b8                os_ExternalException_W
                0x00000000000a83fc                os_PIC_ChannelPriorities
                0x00000000000a840c                os_OSMIUM_HwVectTable
                0x00000000000a8448                os_PIC_SwVectTable
 .text          0x00000000000a8580       0x29 c:/NXP/bstudio_nxp/workspace/JN-AN-1171-ZigBee-LightLink-Demo/Light_ColorTemperatureLight/Build/os_irq_alignment.o
                0x00000000000a8580                IRQ_Alignment
 .text          0x00000000000a85a9       0x29 c:/NXP/bstudio_nxp/workspace/JN-AN-1171-ZigBee-LightLink-Demo/Light_ColorTemperatureLight/Build/os_irq_buserror.o
                0x00000000000a85a9                IRQ_BusError
 .text          0x00000000000a85d2       0x29 c:/NXP/bstudio_nxp/workspace/JN-AN-1171-ZigBee-LightLink-Demo/Light_ColorTemperatureLight/Build/os_irq_illegalinstruction.o
                0x00000000000a85d2                IRQ_IllegalInstruction
 .text          0x00000000000a85fb       0x29 c:/NXP/bstudio_nxp/workspace/JN-AN-1171-ZigBee-LightLink-Demo/Light_ColorTemperatureLight/Build/os_irq_stackoverflowexception.o
                0x00000000000a85fb                IRQ_StackOverflowException
 .text          0x00000000000a8624       0x29 c:/NXP/bstudio_nxp/workspace/JN-AN-1171-ZigBee-LightLink-Demo/Light_ColorTemperatureLight/Build/os_irq_unimplementedmodule.o
                0x00000000000a8624                IRQ_UnimplementedModule
 *fill*         0x00000000000a864d        0x3 00
 .text          0x00000000000a8650       0xc0 c:/NXP/bstudio_nxp/sdk/JN-SW-4168/Components/Library\libOS_JN516x.a(os_contirq_JN516x.o)
                0x00000000000a8650                os_ExternalException_R
                0x00000000000a8680                os_CFunc_W
                0x00000000000a86d0                os_UnclaimedException_W
                0x00000000000a86f0                os_UnclaimedInterrupt_W
 .text          0x00000000000a8710       0x48 c:/NXP/bstudio_nxp/sdk/JN-SW-4168/Components/Library\libPWRM_JN516x.a(pwrm_setjmp_JN516x.o)
                0x00000000000a8710                setjmp
                0x00000000000a8734                PWRM_longjmp
 .text          0x00000000000a8758       0x27 c:/NXP/bstudio_nxp/sdk/JN-SW-4168/Components/Library\libHardwareApi_JN5169.a(AHI_Interrupt.o)
                0x00000000000a8758                vAHI_InterruptSetPriority
                0x00000000000a8776                vAHI_InterruptSetActivePriorityLevel
 .text.vMicroSyscall
                0x00000000000a877f       0x17 c:/NXP/bstudio_nxp/sdk/JN-SW-4168/Components/Library\libMicroSpecific_JN516x.a(MicroSyscall_ba.o)
                0x00000000000a877f                vMicroSyscall
 .text          0x00000000000a8796        0x0 c:/NXP/bstudio_nxp/sdk/JN-SW-4168/Components/Library\libOS_JN516x.a(os_version_lc.o)
                0x00000000000a8796                OS_Version_1v2
 .text          0x00000000000a8796        0x0 c:/NXP/bstudio_nxp/sdk/JN-SW-4168/Components/Library\libZPSAPL_JN516x.a(zps_apl_version_lc.o)
                0x00000000000a8796                ZPS_APL_Version_2v0
 .text          0x00000000000a8796        0x0 c:/NXP/bstudio_nxp/sdk/JN-SW-4168/Components/Library\libZPSNWK_JN516x.a(zps_nwk_version_lc.o)
                0x00000000000a8796                ZPS_NWK_Version_2v0
                0x00000000000a8796                _flash_end = ABSOLUTE (.)

.rela.dyn       0x00000000000a8798        0x0
 .rela.text     0x0000000000000000        0x0 c:/NXP/bstudio_nxp/workspace/JN-AN-1171-ZigBee-LightLink-Demo/Light_ColorTemperatureLight/Build/os_irq.o
 .rela.data     0x0000000000000000        0x0 c:/NXP/bstudio_nxp/workspace/JN-AN-1171-ZigBee-LightLink-Demo/Light_ColorTemperatureLight/Build/os_irq.o
 .rela.rodata   0x0000000000000000        0x0 c:/NXP/bstudio_nxp/workspace/JN-AN-1171-ZigBee-LightLink-Demo/Light_ColorTemperatureLight/Build/os_irq.o
                0x000000000400004c                . = ORIGIN (ram)

.data           0x000000000400004c      0x9b4 load address 0x00000000000a8798
                0x000000000400004c                _ram_data_start = ABSOLUTE (.)
 *(.data*)
 .data          0x000000000400004c       0xe8 C:\DOCUME~1\g\LOCALS~1\Temp\ccCtxYx4.ltrans0.ltrans.o
                0x000000000400004c                u8MiniMacConfig_MaxConcurrentAssocResponses
                0x0000000004000050                psShadowRxBuffer
 .data          0x0000000004000134      0x148 C:\DOCUME~1\g\LOCALS~1\Temp\ccCtxYx4.ltrans1.ltrans.o
                0x0000000004000134                u32HeapStart
                0x0000000004000138                asCLD_ColourControlCCTlist
 .data          0x000000000400027c        0x1 C:\DOCUME~1\g\LOCALS~1\Temp\ccCtxYx4.ltrans4.ltrans.o
 *fill*         0x000000000400027d        0x1 00
 .data          0x000000000400027e        0x6 C:\DOCUME~1\g\LOCALS~1\Temp\ccCtxYx4.ltrans8.ltrans.o