Archive member included because of file (symbol)

c:/NXP/bstudio_nxp/sdk/JN-SW-4168/Components/Library\libOS_JN516x.a(os.o)
                              c:/NXP/bstudio_nxp/workspace/JN-AN-1171-ZigBee-LightLink-Demo/Controller_NonColorSceneController/Build/os_gen.o (symbol from plugin) (os_vStart)
c:/NXP/bstudio_nxp/sdk/JN-SW-4168/Components/Library\libOS_JN516x.a(os_contirq_JN516x.o)
                              c:/NXP/bstudio_nxp/workspace/JN-AN-1171-ZigBee-LightLink-Demo/Controller_NonColorSceneController/Build/os_irq.o (os_UnclaimedException_W)
c:/NXP/bstudio_nxp/sdk/JN-SW-4168/Components/Library\libPWRM_JN516x.a(pwrm.o)
                              c:/NXP/bstudio_nxp/workspace/JN-AN-1171-ZigBee-LightLink-Demo/Controller_NonColorSceneController/Build/app_start_remote.o (symbol from plugin) (PWRM_vInit)
c:/NXP/bstudio_nxp/sdk/JN-SW-4168/Components/Library\libPWRM_JN516x.a(pwrm_setjmp_JN516x.o)
                              pwrm.o (symbol from plugin) (setjmp)
c:/NXP/bstudio_nxp/sdk/JN-SW-4168/Components/Library\libPWRM_JN516x.a(pwrm_cold_start.o)
                              (AppColdStart)
c:/NXP/bstudio_nxp/sdk/JN-SW-4168/Components/Library\libPWRM_JN516x.a(pwrm_warm_start.o)
                              (AppWarmStart)
c:/NXP/bstudio_nxp/sdk/JN-SW-4168/Components/Library\libPDUM_JN516x.a(pdum_nwk.o)
                              c:/NXP/bstudio_nxp/workspace/JN-AN-1171-ZigBee-LightLink-Demo/Controller_NonColorSceneController/Build/pdum_gen.o (symbol from plugin) (pdum_vNPduInit)
c:/NXP/bstudio_nxp/sdk/JN-SW-4168/Components/Library\libPDUM_JN516x.a(pdum_apl.o)
                              c:/NXP/bstudio_nxp/workspace/JN-AN-1171-ZigBee-LightLink-Demo/Controller_NonColorSceneController/Build/zll_CommissionCmdHandler.o (symbol from plugin) (PDUM_u16APduInstanceReadNBO)
c:/NXP/bstudio_nxp/sdk/JN-SW-4168/Components/Library\libPDUM_JN516x.a(pdum.o)
                              pdum_nwk.o (symbol from plugin) (PDUM_u16SizeNBO)
c:/NXP/bstudio_nxp/sdk/JN-SW-4168/Components/Library\libZPSAPL_JN516x.a(zps_apl_af.o)
                              c:/NXP/bstudio_nxp/workspace/JN-AN-1171-ZigBee-LightLink-Demo/Controller_NonColorSceneController/Build/zll_remote_node.o (symbol from plugin) (ZPS_eAplAfInit)
c:/NXP/bstudio_nxp/sdk/JN-SW-4168/Components/Library\libZPSAPL_JN516x.a(zps_apl_af_apsde.o)
                              c:/NXP/bstudio_nxp/workspace/JN-AN-1171-ZigBee-LightLink-Demo/Controller_NonColorSceneController/Build/zps_gen.o (symbol from plugin) (zps_vHandleApsdeDataFragIndNotSupported)
c:/NXP/bstudio_nxp/sdk/JN-SW-4168/Components/Library\libZPSAPL_JN516x.a(zps_apl_task.o)
                              zps_apl_af_apsde.o (symbol from plugin) (zps_vAplAfPostEvent)
c:/NXP/bstudio_nxp/sdk/JN-SW-4168/Components/Library\libZPSAPL_JN516x.a(zps_apl_apsde.o)
                              zps_apl_task.o (symbol from plugin) (ZPS_vAplRegisterApsdeDcfmIndCallbacks)
c:/NXP/bstudio_nxp/sdk/JN-SW-4168/Components/Library\libZPSAPL_JN516x.a(zps_apl_apsme.o)
                              zps_apl_task.o (symbol from plugin) (ZPS_vAplRegisterApsmeDcfmIndCallbacks)
c:/NXP/bstudio_nxp/sdk/JN-SW-4168/Components/Library\libZPSAPL_JN516x.a(zps_apl_aps_nlde.o)
                              zps_apl_task.o (symbol from plugin) (zps_vAplApsHandleNldeDcfmInd)
c:/NXP/bstudio_nxp/sdk/JN-SW-4168/Components/Library\libZPSAPL_JN516x.a(zps_apl_sec.o)
                              zps_apl_task.o (symbol from plugin) (zps_psFindKeyDescr)
c:/NXP/bstudio_nxp/sdk/JN-SW-4168/Components/Library\libZPSAPL_JN516x.a(zps_apl_aib.o)
                              c:/NXP/bstudio_nxp/workspace/JN-AN-1171-ZigBee-LightLink-Demo/Controller_NonColorSceneController/Build/zll_remote_node.o (symbol from plugin) (zps_psAplAibGetAib)
c:/NXP/bstudio_nxp/sdk/JN-SW-4168/Components/Library\libZPSAPL_JN516x.a(zps_apl_zdo_nwkmanager.o)
                              zps_apl_apsme.o (symbol from plugin) (zps_vAplSaveRecord)
c:/NXP/bstudio_nxp/sdk/JN-SW-4168/Components/Library\libZPSAPL_JN516x.a(zps_apl_zdo_handle_zdp_event.o)
                              zps_apl_task.o (symbol from plugin) (zps_bAplZdoHandleZdpEvent)
c:/NXP/bstudio_nxp/sdk/JN-SW-4168/Components/Library\libZPSAPL_JN516x.a(zps_apl_zdo_trust_center.o)
                              zps_apl_sec.o (symbol from plugin) (zps_eAplTrustCenterFindDevice)
c:/NXP/bstudio_nxp/sdk/JN-SW-4168/Components/Library\libZPSAPL_JN516x.a(zps_apl_zdo_common.o)
                              zps_apl_zdo_nwkmanager.o (symbol from plugin) (zps_eAplZdoNlmeleaveWrapper)
c:/NXP/bstudio_nxp/sdk/JN-SW-4168/Components/Library\libZPSAPL_JN516x.a(zps_apl_zdo_group.o)
                              c:/NXP/bstudio_nxp/workspace/JN-AN-1171-ZigBee-LightLink-Demo/Controller_NonColorSceneController/Build/GroupsTableManager.o (symbol from plugin) (zps_eAplZdoGroupEndpointAdd)
c:/NXP/bstudio_nxp/sdk/JN-SW-4168/Components/Library\libZPSAPL_JN516x.a(zps_apl_zdo_default_server.o)
[...]
Memory Configuration

Name             Origin             Length             Attributes
flash            0x0000000000080000 0x0000000000040000
ram              0x000000000400004c 0x0000000000007fb4
*default*        0x0000000000000000 0xffffffffffffffff

Linker script and memory map

                0x0000000000001388                __stack_size = 0x1388
                0x00000000000007d0                __minimum_heap_size = 0x7d0
START GROUP
LOAD c:/NXP/bstudio_nxp/workspace/JN-AN-1171-ZigBee-LightLink-Demo/Controller_NonColorSceneController/Build/os_gen.o
LOAD C:\DOCUME~1\g\LOCALS~1\Temp\ccwKq7qQ.ltrans0.ltrans.o
LOAD C:\DOCUME~1\g\LOCALS~1\Temp\ccwKq7qQ.ltrans1.ltrans.o
LOAD C:\DOCUME~1\g\LOCALS~1\Temp\ccwKq7qQ.ltrans2.ltrans.o
LOAD C:\DOCUME~1\g\LOCALS~1\Temp\ccwKq7qQ.ltrans3.ltrans.o
LOAD C:\DOCUME~1\g\LOCALS~1\Temp\ccwKq7qQ.ltrans4.ltrans.o
LOAD C:\DOCUME~1\g\LOCALS~1\Temp\ccwKq7qQ.ltrans5.ltrans.o
LOAD C:\DOCUME~1\g\LOCALS~1\Temp\ccwKq7qQ.ltrans6.ltrans.o
LOAD C:\DOCUME~1\g\LOCALS~1\Temp\ccwKq7qQ.ltrans7.ltrans.o
LOAD C:\DOCUME~1\g\LOCALS~1\Temp\ccwKq7qQ.ltrans8.ltrans.o
LOAD C:\DOCUME~1\g\LOCALS~1\Temp\ccwKq7qQ.ltrans9.ltrans.o
LOAD C:\DOCUME~1\g\LOCALS~1\Temp\ccwKq7qQ.ltrans10.ltrans.o
LOAD C:\DOCUME~1\g\LOCALS~1\Temp\ccwKq7qQ.ltrans11.ltrans.o
LOAD C:\DOCUME~1\g\LOCALS~1\Temp\ccwKq7qQ.ltrans12.ltrans.o
LOAD C:\DOCUME~1\g\LOCALS~1\Temp\ccwKq7qQ.ltrans13.ltrans.o
LOAD C:\DOCUME~1\g\LOCALS~1\Temp\ccwKq7qQ.ltrans14.ltrans.o
LOAD C:\DOCUME~1\g\LOCALS~1\Temp\ccwKq7qQ.ltrans15.ltrans.o
LOAD C:\DOCUME~1\g\LOCALS~1\Temp\ccwKq7qQ.ltrans16.ltrans.o
LOAD C:\DOCUME~1\g\LOCALS~1\Temp\ccwKq7qQ.ltrans17.ltrans.o
LOAD C:\DOCUME~1\g\LOCALS~1\Temp\ccwKq7qQ.ltrans18.ltrans.o
LOAD C:\DOCUME~1\g\LOCALS~1\Temp\ccwKq7qQ.ltrans19.ltrans.o
LOAD C:\DOCUME~1\g\LOCALS~1\Temp\ccwKq7qQ.ltrans20.ltrans.o
LOAD C:\DOCUME~1\g\LOCALS~1\Temp\ccwKq7qQ.ltrans21.ltrans.o
LOAD C:\DOCUME~1\g\LOCALS~1\Temp\ccwKq7qQ.ltrans22.ltrans.o
LOAD C:\DOCUME~1\g\LOCALS~1\Temp\ccwKq7qQ.ltrans23.ltrans.o
LOAD C:\DOCUME~1\g\LOCALS~1\Temp\ccwKq7qQ.ltrans24.ltrans.o
LOAD C:\DOCUME~1\g\LOCALS~1\Temp\ccwKq7qQ.ltrans25.ltrans.o
LOAD C:\DOCUME~1\g\LOCALS~1\Temp\ccwKq7qQ.ltrans26.ltrans.o
LOAD C:\DOCUME~1\g\LOCALS~1\Temp\ccwKq7qQ.ltrans27.ltrans.o
LOAD C:\DOCUME~1\g\LOCALS~1\Temp\ccwKq7qQ.ltrans28.ltrans.o
LOAD C:\DOCUME~1\g\LOCALS~1\Temp\ccwKq7qQ.ltrans29.ltrans.o
LOAD C:\DOCUME~1\g\LOCALS~1\Temp\ccwKq7qQ.ltrans30.ltrans.o
LOAD C:\DOCUME~1\g\LOCALS~1\Temp\ccwKq7qQ.ltrans31.ltrans.o
LOAD c:/nxp/bstudio_nxp/sdk/tools/ba-elf-ba2-r36379/bin/../lib/gcc/ba-elf/4.7.4/../../../../ba-elf/lib/mcpu_jn51xx_sizeopt\libc.a
LOAD c:/nxp/bstudio_nxp/sdk/tools/ba-elf-ba2-r36379/bin/../lib/gcc/ba-elf/4.7.4/mcpu_jn51xx_sizeopt\libgcc.a
LOAD c:/nxp/bstudio_nxp/sdk/tools/ba-elf-ba2-r36379/bin/../lib/gcc/ba-elf/4.7.4/../../../../ba-elf/lib/mcpu_jn51xx_sizeopt\libc.a
LOAD c:/NXP/bstudio_nxp/workspace/JN-AN-1171-ZigBee-LightLink-Demo/Controller_NonColorSceneController/Build/os_irq.o
LOAD c:/NXP/bstudio_nxp/workspace/JN-AN-1171-ZigBee-LightLink-Demo/Controller_NonColorSceneController/Build/os_irq_alignment.o
LOAD c:/NXP/bstudio_nxp/workspace/JN-AN-1171-ZigBee-LightLink-Demo/Controller_NonColorSceneController/Build/os_irq_buserror.o
LOAD c:/NXP/bstudio_nxp/workspace/JN-AN-1171-ZigBee-LightLink-Demo/Controller_NonColorSceneController/Build/os_irq_illegalinstruction.o
LOAD c:/NXP/bstudio_nxp/workspace/JN-AN-1171-ZigBee-LightLink-Demo/Controller_NonColorSceneController/Build/os_irq_stackoverflowexception.o
LOAD c:/NXP/bstudio_nxp/workspace/JN-AN-1171-ZigBee-LightLink-Demo/Controller_NonColorSceneController/Build/os_irq_unimplementedmodule.o
LOAD c:/NXP/bstudio_nxp/workspace/JN-AN-1171-ZigBee-LightLink-Demo/Controller_NonColorSceneController/Build/pdum_gen.o
LOAD c:/NXP/bstudio_nxp/workspace/JN-AN-1171-ZigBee-LightLink-Demo/Controller_NonColorSceneController/Build/pdum_apdu.o
LOAD c:/NXP/bstudio_nxp/workspace/JN-AN-1171-ZigBee-LightLink-Demo/Controller_NonColorSceneController/Build/zps_gen.o
LOAD c:/NXP/bstudio_nxp/workspace/JN-AN-1171-ZigBee-LightLink-Demo/Controller_NonColorSceneController/Build/app_timer_driver.o
LOAD c:/NXP/bstudio_nxp/workspace/JN-AN-1171-ZigBee-LightLink-Demo/Controller_NonColorSceneController/Build/app_led_control.o
LOAD c:/NXP/bstudio_nxp/workspace/JN-AN-1171-ZigBee-LightLink-Demo/Controller_NonColorSceneController/Build/app_start_remote.o
LOAD c:/NXP/bstudio_nxp/workspace/JN-AN-1171-ZigBee-LightLink-Demo/Controller_NonColorSceneController/Build/app_captouch_buttons.o
LOAD c:/NXP/bstudio_nxp/workspace/JN-AN-1171-ZigBee-LightLink-Demo/Controller_NonColorSceneController/Build/DriverCapTouch.o
LOAD c:/NXP/bstudio_nxp/workspace/JN-AN-1171-ZigBee-LightLink-Demo/Controller_NonColorSceneController/Build/App_Controller_NonColorSceneController.o
LOAD c:/NXP/bstudio_nxp/workspace/JN-AN-1171-ZigBee-LightLink-Demo/Controller_NonColorSceneController/Build/zll_remote_node.o
LOAD c:/NXP/bstudio_nxp/workspace/JN-AN-1171-ZigBee-LightLink-Demo/Controller_NonColorSceneController/Build/ecb_decrypt.o
LOAD c:/NXP/bstudio_nxp/workspace/JN-AN-1171-ZigBee-LightLink-Demo/Controller_NonColorSceneController/Build/app_zcl_remote_task.o
LOAD c:/NXP/bstudio_nxp/workspace/JN-AN-1171-ZigBee-LightLink-Demo/Controller_NonColorSceneController/Build/app_remote_commission_task.o
LOAD c:/NXP/bstudio_nxp/workspace/JN-AN-1171-ZigBee-LightLink-Demo/Controller_NonColorSceneController/Build/low_bat_indicator.o
LOAD c:/NXP/bstudio_nxp/workspace/JN-AN-1171-ZigBee-LightLink-Demo/Controller_NonColorSceneController/Build/appZpsBeaconHandler.o
LOAD c:/NXP/bstudio_nxp/workspace/JN-AN-1171-ZigBee-LightLink-Demo/Controller_NonColorSceneController/Build/Alarms.o
LOAD c:/NXP/bstudio_nxp/workspace/JN-AN-1171-ZigBee-LightLink-Demo/Controller_NonColorSceneController/Build/AlarmsClientCommands.o
LOAD c:/NXP/bstudio_nxp/workspace/JN-AN-1171-ZigBee-LightLink-Demo/Controller_NonColorSceneController/Build/AlarmsCommandHandler.o
LOAD c:/NXP/bstudio_nxp/workspace/JN-AN-1171-ZigBee-LightLink-Demo/Controller_NonColorSceneController/Build/AlarmsServerCommands.o
LOAD c:/NXP/bstudio_nxp/workspace/JN-AN-1171-ZigBee-LightLink-Demo/Controller_NonColorSceneController/Build/AlarmsTableManager.o
LOAD c:/NXP/bstudio_nxp/workspace/JN-AN-1171-ZigBee-LightLink-Demo/Controller_NonColorSceneController/Build/AnalogInputBasic.o
LOAD c:/NXP/bstudio_nxp/workspace/JN-AN-1171-ZigBee-LightLink-Demo/Controller_NonColorSceneController/Build/AnalogOutputBasic.o
LOAD c:/NXP/bstudio_nxp/workspace/JN-AN-1171-ZigBee-LightLink-Demo/Controller_NonColorSceneController/Build/Basic.o
LOAD c:/NXP/bstudio_nxp/workspace/JN-AN-1171-ZigBee-LightLink-Demo/Controller_NonColorSceneController/Build/BasicClientCommands.o
LOAD c:/NXP/bstudio_nxp/workspace/JN-AN-1171-ZigBee-LightLink-Demo/Controller_NonColorSceneController/Build/BasicCommandHandler.o
LOAD c:/NXP/bstudio_nxp/workspace/JN-AN-1171-ZigBee-LightLink-Demo/Controller_NonColorSceneController/Build/BinaryInputBasic.o
LOAD c:/NXP/bstudio_nxp/workspace/JN-AN-1171-ZigBee-LightLink-Demo/Controller_NonColorSceneController/Build/BinaryOutputBasic.o
LOAD c:/NXP/bstudio_nxp/workspace/JN-AN-1171-ZigBee-LightLink-Demo/Controller_NonColorSceneController/Build/Commissioning.o
LOAD c:/NXP/bstudio_nxp/workspace/JN-AN-1171-ZigBee-LightLink-Demo/Controller_NonColorSceneController/Build/DeviceTemperatureConfiguration.o
LOAD c:/NXP/bstudio_nxp/workspace/JN-AN-1171-ZigBee-LightLink-Demo/Controller_NonColorSceneController/Build/Diagnostics.o
LOAD c:/NXP/bstudio_nxp/workspace/JN-AN-1171-ZigBee-LightLink-Demo/Controller_NonColorSceneController/Build/DoorLock.o
LOAD c:/NXP/bstudio_nxp/workspace/JN-AN-1171-ZigBee-LightLink-Demo/Controller_NonColorSceneController/Build/DoorLockCommandHandler.o
LOAD c:/NXP/bstudio_nxp/workspace/JN-AN-1171-ZigBee-LightLink-Demo/Controller_NonColorSceneController/Build/DoorLockCommands.o
LOAD c:/NXP/bstudio_nxp/workspace/JN-AN-1171-ZigBee-LightLink-Demo/Controller_NonColorSceneController/Build/ElectricalMeasurement.o
LOAD c:/NXP/bstudio_nxp/workspace/JN-AN-1171-ZigBee-LightLink-Demo/Controller_NonColorSceneController/Build/Groups.o
LOAD c:/NXP/bstudio_nxp/workspace/JN-AN-1171-ZigBee-LightLink-Demo/Controller_NonColorSceneController/Build/GroupsClientCommands.o
LOAD c:/NXP/bstudio_nxp/workspace/JN-AN-1171-ZigBee-LightLink-Demo/Controller_NonColorSceneController/Build/GroupsCommandHandler.o
LOAD c:/NXP/bstudio_nxp/workspace/JN-AN-1171-ZigBee-LightLink-Demo/Controller_NonColorSceneController/Build/GroupsServerCommands.o
LOAD c:/NXP/bstudio_nxp/workspace/JN-AN-1171-ZigBee-LightLink-Demo/Controller_NonColorSceneController/Build/GroupsTableManager.o
LOAD c:/NXP/bstudio_nxp/workspace/JN-AN-1171-ZigBee-LightLink-Demo/Controller_NonColorSceneController/Build/Identify.o
LOAD c:/NXP/bstudio_nxp/workspace/JN-AN-1171-ZigBee-LightLink-Demo/Controller_NonColorSceneController/Build/IdentifyClientCommands.o
LOAD c:/NXP/bstudio_nxp/workspace/JN-AN-1171-ZigBee-LightLink-Demo/Controller_NonColorSceneController/Build/IdentifyCommandHandler.o
LOAD c:/NXP/bstudio_nxp/workspace/JN-AN-1171-ZigBee-LightLink-Demo/Controller_NonColorSceneController/Build/IdentifyServerCommands.o
LOAD c:/NXP/bstudio_nxp/workspace/JN-AN-1171-ZigBee-LightLink-Demo/Controller_NonColorSceneController/Build/LevelControl.o
LOAD c:/NXP/bstudio_nxp/workspace/JN-AN-1171-ZigBee-LightLink-Demo/Controller_NonColorSceneController/Build/LevelControlClientCommands.o
LOAD c:/NXP/bstudio_nxp/workspace/JN-AN-1171-ZigBee-LightLink-Demo/Controller_NonColorSceneController/Build/LevelControlCommandHandler.o
LOAD c:/NXP/bstudio_nxp/workspace/JN-AN-1171-ZigBee-LightLink-Demo/Controller_NonColorSceneController/Build/MultistateInputBasic.o
LOAD c:/NXP/bstudio_nxp/workspace/JN-AN-1171-ZigBee-LightLink-Demo/Controller_NonColorSceneController/Build/MultistateOutputBasic.o
LOAD c:/NXP/bstudio_nxp/workspace/JN-AN-1171-ZigBee-LightLink-Demo/Controller_NonColorSceneController/Build/OOSC.o
LOAD c:/NXP/bstudio_nxp/workspace/JN-AN-1171-ZigBee-LightLink-Demo/Controller_NonColorSceneController/Build/OnOff.o
LOAD c:/NXP/bstudio_nxp/workspace/JN-AN-1171-ZigBee-LightLink-Demo/Controller_NonColorSceneController/Build/OnOffCommandHandler.o
LOAD c:/NXP/bstudio_nxp/workspace/JN-AN-1171-ZigBee-LightLink-Demo/Controller_NonColorSceneController/Build/OnOffCommands.o
LOAD c:/NXP/bstudio_nxp/workspace/JN-AN-1171-ZigBee-LightLink-Demo/Controller_NonColorSceneController/Build/PollControl.o
LOAD c:/NXP/bstudio_nxp/workspace/JN-AN-1171-ZigBee-LightLink-Demo/Controller_NonColorSceneController/Build/PollControlClientCommands.o
LOAD c:/NXP/bstudio_nxp/workspace/JN-AN-1171-ZigBee-LightLink-Demo/Controller_NonColorSceneController/Build/PollControlCommandHandler.o
LOAD c:/NXP/bstudio_nxp/workspace/JN-AN-1171-ZigBee-LightLink-Demo/Controller_NonColorSceneController/Build/PollControlServerCommands.o
LOAD c:/NXP/bstudio_nxp/workspace/JN-AN-1171-ZigBee-LightLink-Demo/Controller_NonColorSceneController/Build/PowerConfiguration.o
LOAD c:/NXP/bstudio_nxp/workspace/JN-AN-1171-ZigBee-LightLink-Demo/Controller_NonColorSceneController/Build/Scenes.o
LOAD c:/NXP/bstudio_nxp/workspace/JN-AN-1171-ZigBee-LightLink-Demo/Controller_NonColorSceneController/Build/ScenesClientCommands.o
LOAD c:/NXP/bstudio_nxp/workspace/JN-AN-1171-ZigBee-LightLink-Demo/Controller_NonColorSceneController/Build/ScenesClusterManagement.o
LOAD c:/NXP/bstudio_nxp/workspace/JN-AN-1171-ZigBee-LightLink-Demo/Controller_NonColorSceneController/Build/ScenesCommandHandler.o
LOAD c:/NXP/bstudio_nxp/workspace/JN-AN-1171-ZigBee-LightLink-Demo/Controller_NonColorSceneController/Build/ScenesServerCommands.o
LOAD c:/NXP/bstudio_nxp/workspace/JN-AN-1171-ZigBee-LightLink-Demo/Controller_NonColorSceneController/Build/ScenesTableManager.o
LOAD c:/NXP/bstudio_nxp/workspace/JN-AN-1171-ZigBee-LightLink-Demo/Controller_NonColorSceneController/Build/TC.o
LOAD c:/NXP/bstudio_nxp/workspace/JN-AN-1171-ZigBee-LightLink-Demo/Controller_NonColorSceneController/Build/Time.o
LOAD c:/NXP/bstudio_nxp/workspace/JN-AN-1171-ZigBee-LightLink-Demo/Controller_NonColorSceneController/Build/zll_CommissionCmdHandler.o
LOAD c:/NXP/bstudio_nxp/workspace/JN-AN-1171-ZigBee-LightLink-Demo/Controller_NonColorSceneController/Build/zll_UtilityCmdHandler.o
LOAD c:/NXP/bstudio_nxp/workspace/JN-AN-1171-ZigBee-LightLink-Demo/Controller_NonColorSceneController/Build/zll_commission.o
LOAD c:/NXP/bstudio_nxp/workspace/JN-AN-1171-ZigBee-LightLink-Demo/Controller_NonColorSceneController/Build/zll_utility.o
LOAD c:/NXP/bstudio_nxp/workspace/JN-AN-1171-ZigBee-LightLink-Demo/Controller_NonColorSceneController/Build/colour_light.o
LOAD c:/NXP/bstudio_nxp/workspace/JN-AN-1171-ZigBee-LightLink-Demo/Controller_NonColorSceneController/Build/colour_remote.o
LOAD c:/NXP/bstudio_nxp/workspace/JN-AN-1171-ZigBee-LightLink-Demo/Controller_NonColorSceneController/Build/colour_scene_remote.o
LOAD c:/NXP/bstudio_nxp/workspace/JN-AN-1171-ZigBee-LightLink-Demo/Controller_NonColorSceneController/Build/colour_temperature_light.o
LOAD c:/NXP/bstudio_nxp/workspace/JN-AN-1171-ZigBee-LightLink-Demo/Controller_NonColorSceneController/Build/commission_endpoint.o
LOAD c:/NXP/bstudio_nxp/workspace/JN-AN-1171-ZigBee-LightLink-Demo/Controller_NonColorSceneController/Build/control_bridge.o
LOAD c:/NXP/bstudio_nxp/workspace/JN-AN-1171-ZigBee-LightLink-Demo/Controller_NonColorSceneController/Build/dimmable_light.o
LOAD c:/NXP/bstudio_nxp/workspace/JN-AN-1171-ZigBee-LightLink-Demo/Controller_NonColorSceneController/Build/dimmable_plug.o
LOAD c:/NXP/bstudio_nxp/workspace/JN-AN-1171-ZigBee-LightLink-Demo/Controller_NonColorSceneController/Build/extended_colour_light.o
LOAD c:/NXP/bstudio_nxp/workspace/JN-AN-1171-ZigBee-LightLink-Demo/Controller_NonColorSceneController/Build/non_colour_remote.o
LOAD c:/NXP/bstudio_nxp/workspace/JN-AN-1171-ZigBee-LightLink-Demo/Controller_NonColorSceneController/Build/non_colour_scene_remote.o
LOAD c:/NXP/bstudio_nxp/workspace/JN-AN-1171-ZigBee-LightLink-Demo/Controller_NonColorSceneController/Build/on_off_light.o
LOAD c:/NXP/bstudio_nxp/workspace/JN-AN-1171-ZigBee-LightLink-Demo/Controller_NonColorSceneController/Build/on_off_plug.o
LOAD c:/NXP/bstudio_nxp/workspace/JN-AN-1171-ZigBee-LightLink-Demo/Controller_NonColorSceneController/Build/on_off_sensor.o
LOAD c:/NXP/bstudio_nxp/workspace/JN-AN-1171-ZigBee-LightLink-Demo/Controller_NonColorSceneController/Build/zll.o
LOAD c:/NXP/bstudio_nxp/workspace/JN-AN-1171-ZigBee-LightLink-Demo/Controller_NonColorSceneController/Build/BallastConfiguration.o
LOAD c:/NXP/bstudio_nxp/workspace/JN-AN-1171-ZigBee-LightLink-Demo/Controller_NonColorSceneController/Build/ColourControl.o
LOAD c:/NXP/bstudio_nxp/workspace/JN-AN-1171-ZigBee-LightLink-Demo/Controller_NonColorSceneController/Build/ColourControlClientCommands.o
LOAD c:/NXP/bstudio_nxp/workspace/JN-AN-1171-ZigBee-LightLink-Demo/Controller_NonColorSceneController/Build/ColourControlCommandHandler.o
LOAD c:/NXP/bstudio_nxp/workspace/JN-AN-1171-ZigBee-LightLink-Demo/Controller_NonColorSceneController/Build/ColourControlConversions.o
LOAD c:/NXP/bstudio_nxp/workspace/JN-AN-1171-ZigBee-LightLink-Demo/Controller_NonColorSceneController/Build/dlist.o
LOAD c:/NXP/bstudio_nxp/workspace/JN-AN-1171-ZigBee-LightLink-Demo/Controller_NonColorSceneController/Build/zcl.o
LOAD c:/NXP/bstudio_nxp/workspace/JN-AN-1171-ZigBee-LightLink-Demo/Controller_NonColorSceneController/Build/zcl_CustomCommandReceive.o
LOAD c:/NXP/bstudio_nxp/workspace/JN-AN-1171-ZigBee-LightLink-Demo/Controller_NonColorSceneController/Build/zcl_CustomCommandSend.o
LOAD c:/NXP/bstudio_nxp/workspace/JN-AN-1171-ZigBee-LightLink-Demo/Controller_NonColorSceneController/Build/zcl_PDUbufferReadWrite.o
LOAD c:/NXP/bstudio_nxp/workspace/JN-AN-1171-ZigBee-LightLink-Demo/Controller_NonColorSceneController/Build/zcl_PDUbufferReadWriteString.o
LOAD c:/NXP/bstudio_nxp/workspace/JN-AN-1171-ZigBee-LightLink-Demo/Controller_NonColorSceneController/Build/zcl_WriteAttributesRequestHandle.o
LOAD c:/NXP/bstudio_nxp/workspace/JN-AN-1171-ZigBee-LightLink-Demo/Controller_NonColorSceneController/Build/zcl_WriteAttributesRequestSend.o
LOAD c:/NXP/bstudio_nxp/workspace/JN-AN-1171-ZigBee-LightLink-Demo/Controller_NonColorSceneController/Build/zcl_WriteAttributesResponseHandle.o
LOAD c:/NXP/bstudio_nxp/workspace/JN-AN-1171-ZigBee-LightLink-Demo/Controller_NonColorSceneController/Build/zcl_attribute.o
LOAD c:/NXP/bstudio_nxp/workspace/JN-AN-1171-ZigBee-LightLink-Demo/Controller_NonColorSceneController/Build/zcl_buffer.o
LOAD c:/NXP/bstudio_nxp/workspace/JN-AN-1171-ZigBee-LightLink-Demo/Controller_NonColorSceneController/Build/zcl_clusterCommand.o
LOAD c:/NXP/bstudio_nxp/workspace/JN-AN-1171-ZigBee-LightLink-Demo/Controller_NonColorSceneController/Build/zcl_command.o
LOAD c:/NXP/bstudio_nxp/workspace/JN-AN-1171-ZigBee-LightLink-Demo/Controller_NonColorSceneController/Build/zcl_configureReportingCommandHandle.o
LOAD c:/NXP/bstudio_nxp/workspace/JN-AN-1171-ZigBee-LightLink-Demo/Controller_NonColorSceneController/Build/zcl_configureReportingCommandSend.o
LOAD c:/NXP/bstudio_nxp/workspace/JN-AN-1171-ZigBee-LightLink-Demo/Controller_NonColorSceneController/Build/zcl_configureReportingResponseHandle.o
LOAD c:/NXP/bstudio_nxp/workspace/JN-AN-1171-ZigBee-LightLink-Demo/Controller_NonColorSceneController/Build/zcl_defaultResponse.o
LOAD c:/NXP/bstudio_nxp/workspace/JN-AN-1171-ZigBee-LightLink-Demo/Controller_NonColorSceneController/Build/zcl_discoverAttributesExtendedRequestHandle.o
LOAD c:/NXP/bstudio_nxp/workspace/JN-AN-1171-ZigBee-LightLink-Demo/Controller_NonColorSceneController/Build/zcl_discoverAttributesExtendedRequestSend.o
LOAD c:/NXP/bstudio_nxp/workspace/JN-AN-1171-ZigBee-LightLink-Demo/Controller_NonColorSceneController/Build/zcl_discoverAttributesExtendedResponseHandle.o
LOAD c:/NXP/bstudio_nxp/workspace/JN-AN-1171-ZigBee-LightLink-Demo/Controller_NonColorSceneController/Build/zcl_discoverAttributesRequestHandle.o
LOAD c:/NXP/bstudio_nxp/workspace/JN-AN-1171-ZigBee-LightLink-Demo/Controller_NonColorSceneController/Build/zcl_discoverAttributesRequestSend.o
LOAD c:/NXP/bstudio_nxp/workspace/JN-AN-1171-ZigBee-LightLink-Demo/Controller_NonColorSceneController/Build/zcl_discoverAttributesResponseHandle.o
LOAD c:/NXP/bstudio_nxp/workspace/JN-AN-1171-ZigBee-LightLink-Demo/Controller_NonColorSceneController/Build/zcl_discoverCommandsRequestHandle.o
LOAD c:/NXP/bstudio_nxp/workspace/JN-AN-1171-ZigBee-LightLink-Demo/Controller_NonColorSceneController/Build/zcl_discoverCommandsRequestSend.o
LOAD c:/NXP/bstudio_nxp/workspace/JN-AN-1171-ZigBee-LightLink-Demo/Controller_NonColorSceneController/Build/zcl_discoverCommandsResponseHandle.o
LOAD c:/NXP/bstudio_nxp/workspace/JN-AN-1171-ZigBee-LightLink-Demo/Controller_NonColorSceneController/Build/zcl_event.o
LOAD c:/NXP/bstudio_nxp/workspace/JN-AN-1171-ZigBee-LightLink-Demo/Controller_NonColorSceneController/Build/zcl_heap.o
LOAD c:/NXP/bstudio_nxp/workspace/JN-AN-1171-ZigBee-LightLink-Demo/Controller_NonColorSceneController/Build/zcl_library_options.o
LOAD c:/NXP/bstudio_nxp/workspace/JN-AN-1171-ZigBee-LightLink-Demo/Controller_NonColorSceneController/Build/zcl_readAttributesRequestHandle.o
LOAD c:/NXP/bstudio_nxp/workspace/JN-AN-1171-ZigBee-LightLink-Demo/Controller_NonColorSceneController/Build/zcl_readAttributesRequestSend.o
LOAD c:/NXP/bstudio_nxp/workspace/JN-AN-1171-ZigBee-LightLink-Demo/Controller_NonColorSceneController/Build/zcl_readAttributesResponseHandle.o
LOAD c:/NXP/bstudio_nxp/workspace/JN-AN-1171-ZigBee-LightLink-Demo/Controller_NonColorSceneController/Build/zcl_readReportingConfigurationCommandHandle.o
LOAD c:/NXP/bstudio_nxp/workspace/JN-AN-1171-ZigBee-LightLink-Demo/Controller_NonColorSceneController/Build/zcl_readReportingConfigurationCommandSend.o
LOAD c:/NXP/bstudio_nxp/workspace/JN-AN-1171-ZigBee-LightLink-Demo/Controller_NonColorSceneController/Build/zcl_readReportingConfigurationResponseHandle.o
LOAD c:/NXP/bstudio_nxp/workspace/JN-AN-1171-ZigBee-LightLink-Demo/Controller_NonColorSceneController/Build/zcl_reportManager.o
LOAD c:/NXP/bstudio_nxp/workspace/JN-AN-1171-ZigBee-LightLink-Demo/Controller_NonColorSceneController/Build/zcl_reportMaths.o
LOAD c:/NXP/bstudio_nxp/workspace/JN-AN-1171-ZigBee-LightLink-Demo/Controller_NonColorSceneController/Build/zcl_reportScheduler.o
LOAD c:/NXP/bstudio_nxp/workspace/JN-AN-1171-ZigBee-LightLink-Demo/Controller_NonColorSceneController/Build/zcl_reportStringHandling.o
LOAD c:/NXP/bstudio_nxp/workspace/JN-AN-1171-ZigBee-LightLink-Demo/Controller_NonColorSceneController/Build/zcl_reportStructure.o
LOAD c:/NXP/bstudio_nxp/workspace/JN-AN-1171-ZigBee-LightLink-Demo/Controller_NonColorSceneController/Build/zcl_search.o
LOAD c:/NXP/bstudio_nxp/workspace/JN-AN-1171-ZigBee-LightLink-Demo/Controller_NonColorSceneController/Build/zcl_timer.o
LOAD c:/NXP/bstudio_nxp/workspace/JN-AN-1171-ZigBee-LightLink-Demo/Controller_NonColorSceneController/Build/zcl_transmit.o
LOAD c:/NXP/bstudio_nxp/sdk/JN-SW-4168/Components/Library\libZPSMAC_Mini_JN516x.a
LOAD c:/NXP/bstudio_nxp/sdk/JN-SW-4168/Components/Library\libOS_JN516x.a
LOAD c:/NXP/bstudio_nxp/sdk/JN-SW-4168/Components/Library\libPWRM_JN516x.a
LOAD c:/NXP/bstudio_nxp/sdk/JN-SW-4168/Components/Library\libZPSTSV_JN516x.a
LOAD c:/NXP/bstudio_nxp/sdk/JN-SW-4168/Components/Library\libAES_SW_JN516x.a
LOAD c:/NXP/bstudio_nxp/sdk/JN-SW-4168/Components/Library\libPDUM_JN516x.a
LOAD c:/NXP/bstudio_nxp/sdk/JN-SW-4168/Components/Library\libZPSAPL_JN516x.a
LOAD c:/NXP/bstudio_nxp/sdk/JN-SW-4168/Components/Library\libRandom_JN516x.a
LOAD c:/NXP/bstudio_nxp/sdk/JN-SW-4168/Components/Library\libPDM_EEPROM_JN516x.a
LOAD c:/NXP/bstudio_nxp/sdk/JN-SW-4168/Components/Library\libDBG_JN516x.a
LOAD c:/NXP/bstudio_nxp/sdk/JN-SW-4168/Components/Library\libZPSZLL_ZED_JN516x.a
LOAD c:/NXP/bstudio_nxp/sdk/JN-SW-4168/Components/Library\libZPSNWK_ZED_JN516x.a
LOAD c:/NXP/bstudio_nxp/sdk/JN-SW-4168/Components/Library\libMiniMac_JN516x.a
LOAD c:/NXP/bstudio_nxp/sdk/JN-SW-4168/Components/Library\libMiniMacShim_JN516x.a
LOAD c:/NXP/bstudio_nxp/sdk/JN-SW-4168/Components/Library\libMMAC_JN516x.a
LOAD c:/NXP/bstudio_nxp/sdk/JN-SW-4168/Components/Library\libAes_JN516x.a
LOAD c:/NXP/bstudio_nxp/sdk/JN-SW-4168/Components/Library\libHardwareApi_JN516x.a
LOAD c:/NXP/bstudio_nxp/sdk/JN-SW-4168/Components/Library\libMicroSpecific_JN516x.a
LOAD c:/NXP/bstudio_nxp/sdk/JN-SW-4168/Components/Library\libBoot_JN516x.a
LOAD c:/NXP/bstudio_nxp/sdk/JN-SW-4168/Platform/DK2/Library\libBoardLib_JN516x.a
LOAD c:/nxp/bstudio_nxp/sdk/tools/ba-elf-ba2-r36379/bin/../lib/gcc/ba-elf/4.7.4/../../../../ba-elf/lib/mcpu_jn51xx_sizeopt\libm.a
END GROUP
LOAD c:/nxp/bstudio_nxp/sdk/tools/ba-elf-ba2-r36379/bin/../lib/gcc/ba-elf/4.7.4/../../../../ba-elf/lib/mcpu_jn51xx_sizeopt\libc.a
LOAD c:/nxp/bstudio_nxp/sdk/tools/ba-elf-ba2-r36379/bin/../lib/gcc/ba-elf/4.7.4/mcpu_jn51xx_sizeopt\libgcc.a
LOAD c:/nxp/bstudio_nxp/sdk/tools/ba-elf-ba2-r36379/bin/../lib/gcc/ba-elf/4.7.4/../../../../ba-elf/lib/mcpu_jn51xx_sizeopt\libc.a
                0x0000000000080038                _exception_vsr_table = 0x80038
                0x0000000004000000                pSPIflashFncTable = 0x4000000
                0x0000000000000044                restore_state = 0x44
                0x000000000000004a                bZSPIWaitWIPClear = 0x4a
                0x0000000000000050                u16ZSPIflashRDID = 0x50
                0x0000000000000056                u8SelectFlashChipType = 0x56
                0x000000000000005c                memcpy = 0x5c
                0x0000000000000066                vBootFlashProg = 0x66
                [0x00000000000007d0]                __minimum_heap_size = DEFINED (__minimum_heap_size)?__minimum_heap_size:0xd16
                [0x0000000000001388]                __stack_size = DEFINED (__stack_size)?__stack_size:0x800
                0x0000000000000000                _SwConfig = (DEFINED (g_bSWConf_Debug) | (DEFINED (g_bSWConf_AltDebugPort) << 0x1))

.version        0x000000000007fffc        0x4
                0x000000000007fffc        0x4 LONG 0x7030008

.bir            0x0000000000080000       0x10
                0x0000000000080000                _flash_start = ABSOLUTE (.)
                0x0000000000080000                _flash_beg = ABSOLUTE (.)
                0x0000000000080000        0x4 LONG 0x12345678
                0x0000000000080004        0x4 LONG 0x11223344
                0x0000000000080008        0x4 LONG 0x55667788
                0x000000000008000c        0x1 BYTE 0x8
                0x000000000008000d        0x1 BYTE 0x1
                0x000000000008000e        0x2 SHORT 0x0

.flashheader    0x0000000000080010       0x28
                0x0000000000080010        0x4 LONG 0x0
                0x0000000000080014        0x4 LONG 0x0
                0x0000000000080018        0x4 LONG 0x0
                0x000000000008001c        0x2 SHORT 0x0
                0x000000000008001e        0x2 SHORT 0x0 ABSOLUTE (_SwConfig)
                0x0000000000080020                _enc_start = ABSOLUTE (.)
                0x0000000000080020        0x4 LONG 0x1e71c ABSOLUTE (_image_len)
                0x0000000000080024        0x4 LONG 0x9dfb8 ABSOLUTE (_flash_data_start)
                0x0000000000080028        0x2 SHORT 0x13 ((ABSOLUTE (_ram_data_start) / 0x4) & 0xffff)
                0x000000000008002a        0x2 SHORT 0x1d9 ((ABSOLUTE (_ram_data_len) / 0x4) & 0xffff)
                0x000000000008002c        0x2 SHORT 0x1ec ((ABSOLUTE (_bss_start) / 0x4) & 0xffff)
                0x000000000008002e        0x2 SHORT 0xda9 ((ABSOLUTE (_bss_len) / 0x4) & 0xffff)
                0x0000000000080030        0x4 LONG 0x9c95a ABSOLUTE (AppWarmStart)
                0x0000000000080034        0x4 LONG 0x9c974 ABSOLUTE (AppColdStart)
                0x0000000000000000                _enc_offset = (_enc_start & 0xf)

.ro_mac_address
                0x0000000000080040        0x0
                0x0000000000080040                _FlsMACAddress = ABSOLUTE (.)
 *(.ro_mac_address)
                0x0000000000080040                . = ALIGN (0x10)

.ro_ota_header  0x0000000000080040        0x0
                0x0000000000080040                _FlsOtaHeader = ABSOLUTE (.)
 *(.ro_ota_header)
                0x0000000000080040                . = ALIGN (0x10)

.ro_se_lnkKey   0x0000000000080040        0x0
                0x0000000000080040                _FlsLinkKey = ABSOLUTE (.)
 *(.ro_se_lnkKey)
                0x0000000000080040                . = ALIGN (0x10)

.rodata         0x0000000000080038      0xcec
 *(.rodata*)
 .rodata        0x0000000000080038       0x7c C:\DOCUME~1\g\LOCALS~1\Temp\ccwKq7qQ.ltrans0.ltrans.o
                0x0000000000080038                gMAC_u8MaxBuffers
                0x000000000008003c                g_u32ApsFcSaveCountBitShift
                0x0000000000080040                u8MaxZpsConfigEp
                0x0000000000080041                au8EpMapPresent
                0x0000000000080044                s_groupPdmTable
 .rodata        0x00000000000800b4       0xff C:\DOCUME~1\g\LOCALS~1\Temp\ccwKq7qQ.ltrans1.ltrans.o
 *fill*         0x00000000000801b3        0x1 00
 .rodata        0x00000000000801b4       0x54 C:\DOCUME~1\g\LOCALS~1\Temp\ccwKq7qQ.ltrans2.ltrans.o
 .rodata.str1.1
                0x0000000000080208        0x5 C:\DOCUME~1\g\LOCALS~1\Temp\ccwKq7qQ.ltrans3.ltrans.o
                                          0x8 (size before relaxing)
 *fill*         0x000000000008020d        0x3 00
 .rodata        0x0000000000080210       0x10 C:\DOCUME~1\g\LOCALS~1\Temp\ccwKq7qQ.ltrans3.ltrans.o
 .rodata.str1.1
                0x0000000000000000        0x5 C:\DOCUME~1\g\LOCALS~1\Temp\ccwKq7qQ.ltrans4.ltrans.o
                                          0x3 (size before relaxing)
 .rodata.str1.1
                0x0000000000080220        0x5 C:\DOCUME~1\g\LOCALS~1\Temp\ccwKq7qQ.ltrans6.ltrans.o
 .rodata.str1.1
                0x0000000000080225       0xd8 C:\DOCUME~1\g\LOCALS~1\Temp\ccwKq7qQ.ltrans7.ltrans.o
                                         0xdb (size before relaxing)
 *fill*         0x00000000000802fd        0x3 00
 .rodata        0x0000000000080300       0x1c C:\DOCUME~1\g\LOCALS~1\Temp\ccwKq7qQ.ltrans7.ltrans.o
                0x0000000000080300                CSWTCH.49.137542.137542
                0x0000000000080308                au32TimerBaseAddress
 .rodata        0x000000000008031c       0x10 C:\DOCUME~1\g\LOCALS~1\Temp\ccwKq7qQ.ltrans8.ltrans.o
                0x0000000000080324                au32UartAddrOffset
 .rodata.str1.1
                0x000000000008032c        0x3 C:\DOCUME~1\g\LOCALS~1\Temp\ccwKq7qQ.ltrans8.ltrans.o
 .rodata.str1.1
                0x000000000008032f        0x4 C:\DOCUME~1\g\LOCALS~1\Temp\ccwKq7qQ.ltrans9.ltrans.o
                                         0x13 (size before relaxing)
 .rodata.str1.1
                0x0000000000080333       0x1c C:\DOCUME~1\g\LOCALS~1\Temp\ccwKq7qQ.ltrans10.ltrans.o
                                         0x34 (size before relaxing)
 .rodata.str1.1
                0x0000000000000000       0x1c C:\DOCUME~1\g\LOCALS~1\Temp\ccwKq7qQ.ltrans11.ltrans.o
                                         0x17 (size before relaxing)
 .rodata        0x000000000008034f        0x7 C:\DOCUME~1\g\LOCALS~1\Temp\ccwKq7qQ.ltrans11.ltrans.o
                0x000000000008034f                u8MacNwkTriesTimeout
 *fill*         0x0000000000080356        0x2 00
 .rodata        0x0000000000080358       0x18 C:\DOCUME~1\g\LOCALS~1\Temp\ccwKq7qQ.ltrans12.ltrans.o
                0x0000000000080358                au32NwkPdmRecordOffsets
 .rodata.str1.1
                0x0000000000080370        0x5 C:\DOCUME~1\g\LOCALS~1\Temp\ccwKq7qQ.ltrans13.ltrans.o
                                         0x17 (size before relaxing)
 .rodata.str1.1
                0x0000000000000000        0x5 C:\DOCUME~1\g\LOCALS~1\Temp\ccwKq7qQ.ltrans14.ltrans.o
                                          0x8 (size before relaxing)
 .rodata.str1.1
                0x0000000000080375       0x1a C:\DOCUME~1\g\LOCALS~1\Temp\ccwKq7qQ.ltrans16.ltrans.o
                                         0x22 (size before relaxing)
 .rodata.str1.1
                0x000000000008038f       0x33 C:\DOCUME~1\g\LOCALS~1\Temp\ccwKq7qQ.ltrans17.ltrans.o
                                         0x56 (size before relaxing)
 *fill*         0x00000000000803c2        0x2 00
 .rodata        0x00000000000803c4      0x17c C:\DOCUME~1\g\LOCALS~1\Temp\ccwKq7qQ.ltrans19.ltrans.o
                0x00000000000803c4                s_apsStSceTbl.121459
                0x00000000000803d8                s_apsStSmeTbl.121522
                0x00000000000803ec                s_aprIdleStHandleCme.129476
                0x00000000000803fc                s_aprActvStHandleCme.126362
                0x0000000000080414                bRxOnOptimisationTurnedOff
                0x0000000000080418                zps_sJoinSceTbl
                0x0000000000080424                zps_sActvSceTbl
                0x0000000000080430                zps_sDiscSmeTbl
                0x000000000008043c                zps_sJoinSmeTbl
                0x0000000000080448                zps_sActvSmeTbl
 .rodata        0x0000000000080540      0x328 C:\DOCUME~1\g\LOCALS~1\Temp\ccwKq7qQ.ltrans20.ltrans.o
                0x0000000000080750                gu32ZCLVersion
                0x0000000000080754                OS_g_u32Version
                0x0000000000080758                PDUM_g_u32Version
                0x000000000008075c                ZPS_g_u32MacVersion
                0x0000000000080760                ZPS_g_u32TsvVersion
 .rodata        0x0000000000080868       0x10 C:\DOCUME~1\g\LOCALS~1\Temp\ccwKq7qQ.ltrans21.ltrans.o
 .rodata.str1.1
                0x0000000000080878        0x4 C:\DOCUME~1\g\LOCALS~1\Temp\ccwKq7qQ.ltrans23.ltrans.o
                                          0x8 (size before relaxing)
 .rodata        0x000000000008087c        0x8 C:\DOCUME~1\g\LOCALS~1\Temp\ccwKq7qQ.ltrans23.ltrans.o
                0x000000000008087c                au8ZLLChannelSet
 .rodata.str1.1
                0x0000000000000000        0x4 C:\DOCUME~1\g\LOCALS~1\Temp\ccwKq7qQ.ltrans24.ltrans.o
                                          0x8 (size before relaxing)
 .rodata.str1.1
                0x0000000000000000        0x7 C:\DOCUME~1\g\LOCALS~1\Temp\ccwKq7qQ.ltrans25.ltrans.o
 .rodata        0x0000000000080884       0x4c C:\DOCUME~1\g\LOCALS~1\Temp\ccwKq7qQ.ltrans25.ltrans.o
                0x0000000000080884                g_u32NwkFcSaveCountBitShift
 .rodata.str1.1
                0x0000000000000000        0x8 C:\DOCUME~1\g\LOCALS~1\Temp\ccwKq7qQ.ltrans26.ltrans.o
 .rodata.str1.1
                0x0000000000000000        0x4 C:\DOCUME~1\g\LOCALS~1\Temp\ccwKq7qQ.ltrans27.ltrans.o
                                          0x1 (size before relaxing)
 .rodata.str1.1
                0x00000000000808d0        0x7 C:\DOCUME~1\g\LOCALS~1\Temp\ccwKq7qQ.ltrans28.ltrans.o
                                         0x11 (size before relaxing)
 .rodata.str1.1
                0x00000000000808d7       0x8e C:\DOCUME~1\g\LOCALS~1\Temp\ccwKq7qQ.ltrans29.ltrans.o
 *fill*         0x0000000000080965        0x3 00
 .rodata        0x0000000000080968      0x3bc C:\DOCUME~1\g\LOCALS~1\Temp\ccwKq7qQ.ltrans29.ltrans.o
                0x0000000000080968                zps_g_pvApl
 .rodata.str1.1
                0x0000000000000000       0x8e C:\DOCUME~1\g\LOCALS~1\Temp\ccwKq7qQ.ltrans31.ltrans.o
                                          0x4 (size before relaxing)

.text           0x0000000000080d28    0x1d28e
 *(.text*)
 .text          0x0000000000080d28     0x19fc C:\DOCUME~1\g\LOCALS~1\Temp\ccwKq7qQ.ltrans0.ltrans.o
                0x0000000000080d28                vInitialiseApp.3336
                0x0000000000080d28                APP_TIMER_Version_1v0
 .text          0x0000000000082724     0x17d8 C:\DOCUME~1\g\LOCALS~1\Temp\ccwKq7qQ.ltrans1.ltrans.o
                0x0000000000082724                os_vAPP_Commission_Task
 .text          0x0000000000083efc     0x1396 C:\DOCUME~1\g\LOCALS~1\Temp\ccwKq7qQ.ltrans2.ltrans.o
                0x0000000000083efc                DBG_iUartGetChar
                0x0000000000083fb0                vMMAC_IntHandlerBbc
                0x0000000000083fca                eBasicTxCompleteHandler
                0x0000000000083fcf                vTxRxTimeout.134915
                0x000000000008402c                zps_eNwkHandleSmeOrphanInd
                0x0000000000084033                eSmeASFlBeaconInd.128126
                0x0000000000084055                eSmeUDNTScanDcfm.127581
                0x00000000000840dc                zps_eNwkHandleSmePollDcfm
                0x0000000000084106                eSmeGenlScanDcfm.128118
                0x0000000000084164                eNldeDataDcfm.123352
                0x0000000000084194                eSmeEdScScanDcfm.128114
                0x000000000008433b                eSmeAcScBeaconInd.128134
                0x0000000000084443                eSmeUDNTBeaconInd.128110
                0x0000000000084466                vMiniMac_MLME_SetReq_PanId
                0x00000000000844a3                vAHI_TimerEnable.part.1.137407.constprop.131
                0x0000000000084505                vCbSystemController.constprop.126
                0x000000000008453d                vLowBatIndicationInit.constprop.125
                0x0000000000084588                pvZCL_HeapAlloc.part.0.47856.constprop.103
                0x00000000000845c1                vAHI_WakeTimerStart.part.1.137860.constprop.76
                0x0000000000084602                vACI_OptimisedCcmStar.constprop.67
                0x00000000000847ed                vMiniMac_ReturnTxBufferCallback
                0x00000000000847ff                vEnableReceive.134919
                0x0000000000084839                pvHeap_Alloc
                0x000000000008483c                vMicroIntRestoreState
                0x0000000000084848                bAHI_WriteEEPROMfixSegmentData
                0x00000000000848a6                bAHI_InitialiseEEPROM
                0x00000000000848ee                vAHI_ReadDataFromEEPROMregister
                0x000000000008491b                vAHI_WriteDataIntoEEPROMregister
                0x000000000008494b                iAHI_WriteDataIntoEEPROMsegment.constprop.135
                0x0000000000084999                iPDM_WriteSegmentHeaderDataIntoEEPROMsegment
                0x00000000000849c8                u8AHI_WakeTimerFiredStatus
                0x00000000000849dc                vAHI_WakeTimerStop.part.3.137872
                0x00000000000849fc                vAHI_UartReset.part.4.137626
                0x0000000000084a34                vAHI_OptimiseWaitStates
                0x0000000000084a80                bAHI_GetClkSource
                0x0000000000084a8d                vAHI_CpuDoze
                0x0000000000084aa0                vAHI_SwReset
                0x0000000000084ad0                u32AHI_DioWakeStatus
                0x0000000000084ae1                vAHI_DioSetPullup
                0x0000000000084b01                vAppSetLedState.part.0.3268
                0x0000000000084b31                vAHI_DioSetOutput
                0x0000000000084b45                vAHI_DioSetDirection
                0x0000000000084b59                vAHI_Sleep
                0x0000000000084c01                bIssueACIcommand
                0x0000000000084c97                bACI_ECBencodeStripe.constprop.59
                0x0000000000084e9c                vTransformKey.isra.0.65005
                0x0000000000084ecc                vRadioToOff
                0x0000000000084ee9                vStartReceive
                0x0000000000084f05                psSearchForFrameToSend
                0x0000000000084f5c                eMiniMac_FrameInProgress
                0x0000000000084f87                vRemoveFromTxQueue
                0x0000000000084fc3                vAddToTxQueue
                0x0000000000084ff9                u8GetHeaderSize
                0x0000000000085021                vMiniMac_PLME_SetReq_CcaMode
                0x0000000000085035                vMiniMac_MLME_SetReq_MaxCsmaBackoffs
                0x0000000000085055                vMiniMac_MLME_SetReq_MaxBe
                0x0000000000085078                vMiniMac_MLME_SetReq_MinBe
                0x000000000008509b                zps_vSendJoinInd
                0x000000000008510c                zps_psNwkSlistRemoveFromHead
                0x0000000000085123                zps_psNwkSlistRemove
                0x000000000008515b                zps_bNwkMcpsMgrRemoveDescrFromLists
                0x0000000000085199                zps_vNwkSlistAddToTail
                0x00000000000851b3                zps_vNwkSecClearMatSet
                0x00000000000851dd                ZPS_vNwkSecResetDevice
                0x0000000000085222                ZPS_bNwkSecHaveNetworkKey
                0x0000000000085256                ZPS_bNwkSecFindMatSet
 .text.unlikely
                0x0000000000085292      0x150 C:\DOCUME~1\g\LOCALS~1\Temp\ccwKq7qQ.ltrans2.ltrans.o
                0x000000000008535a                eEncryptKey.7065
 .text          0x00000000000853e2     0x1429 C:\DOCUME~1\g\LOCALS~1\Temp\ccwKq7qQ.ltrans3.ltrans.o
                0x00000000000853e2                DBG_vUartFlush
                0x000000000008540f                DBG_vUartPutch
                0x0000000000085455                os_u32APP_cbGetTickTimer
                0x000000000008545e                os_bAPP_cbSetTickTimerCompare
                0x000000000008560d                vMiniMac_NextTransaction
                0x00000000000856b4                psGetTxFrameBuffer
                0x00000000000856f3                eTransmit
                0x00000000000857d0                vMiniMac_TxComplete
                0x00000000000858b7                vTimerFired
                0x000000000008596f                vMiniMac_Init
                0x0000000000085cd0                vDispatch.56222
                0x0000000000085da2                OS_eContinueSWTimer.constprop.41
                0x0000000000085e9b                OS_eStopSWTimer
                0x0000000000085fbe                vStopAllTimers
                0x0000000000085ff0                OS_eStartSWTimer
                0x0000000000086111                vStartPolling
                0x0000000000086180                vEndCommissioning.isra.0.7455
                0x00000000000861ed                OS_ePostMessage
                0x000000000008639a                eTouchProcess
                0x00000000000864f1                os_vAPP_isrKeyScan
                0x00000000000864ff                os_vAPP_CommissionTimerTask
                0x0000000000086515                OS_eActivateTask
                0x00000000000865b0                vPostMlmeDcfmInd.75357
                0x0000000000086653                u8ZdoBindUnbindServerUnpackApdu
                0x00000000000866a2                PWRM_vManagePower
 .text          0x000000000008680b     0x1517 C:\DOCUME~1\g\LOCALS~1\Temp\ccwKq7qQ.ltrans4.ltrans.o
                0x000000000008680b                vNwkMcpsTimerCallback
                0x0000000000086825                zps_eSceGenlIllegal
                0x000000000008682c                zps_eSmeGenlIllegal
                0x0000000000086833                DBG_vUartFailedAssert
                0x0000000000086837                zps_bAplZdoBindRequestServer
                0x0000000000086972                psGetVsMcpsBuf.75361
                0x000000000008697b                psGetMlmeBuf.75354
                0x00000000000869c2                psGetNlmeBuf.59453
                0x00000000000869cc                psGetNldeBuf.59474
                0x00000000000869d6                psGetApsmeBuf.59460
                0x00000000000869df                psGetApsdeBuf.59467
                0x0000000000086af8                vLoopbackTimerCallback
                0x0000000000086b27                zps_vNwkFreeMcpsHandle
                0x0000000000086b51                ZPS_u64NwkNibGetMappedIeeeAddr
                0x0000000000086b73                ZPS_bNwkNibNtActvMatch
                0x0000000000086c2b                bCheckNwkAddr
                0x0000000000086c79                ZPS_vSetExtendedStatus
                0x0000000000086c7c                zps_psApsApsAllocateDcfmRecord
                0x0000000000086ce1                zps_u8CalcLinkCost
                0x0000000000086d1d                ZPS_u8NwkNibNtDiscMatch
                0x0000000000086e01                zps_u64NwkLibFromPayload
                0x0000000000086e40                zps_vNwkLibU64ToPayload
                0x0000000000086e6d                zps_vInitBeaconPayload
                0x0000000000086ee9                zps_eNwkDcfmIndPost
                0x0000000000086f0b                zps_psNwkDcfmIndGetBuf
                0x0000000000086f2d                zps_vSendNwkStatusInd
                0x0000000000086f5d                DBG_vInit
                0x0000000000086f9f                vPDM_ReadBitmapHeader.115060
                0x0000000000086fbe                psSLISTsearch
                0x0000000000086ffe                psSLISTremove
                0x000000000008707c                vSLISTaddToTail
                0x000000000008709b                psSLISTgetNext
                0x00000000000870bf                u8PDM_CalculateLargestDataRecordStored
                0x00000000000870f0                bPDM_ImageBitmapRepairCheck
                0x0000000000087118                u8PDM_ReadSequenceNumber
                0x000000000008713b                boSegmentNumberDeleteSearchMatch.114630
                0x0000000000087156                u8PDM_ReadSegmentDataSize
                0x000000000008716a                u32PDM_ReadFileSystemHeaderWearCount
                0x0000000000087180                boSearchForWearCountSubstitute.114946
                0x00000000000871a6                boSearchForWearCountInsertPoint.114199
                0x00000000000871c4                vPDM_WriteFileSystemHeaderWearCount
                0x00000000000871d6                RND_u32GetRand256
                0x00000000000871f3                RND_u32GetRand
                0x000000000008721a                u16CalculateFailedTxCount.91062
                0x0000000000087244                vZdoIeeeAddrServerSendExtendResponse.part.0.79182
                0x00000000000872a5                vZdoNwkAddrServerSendExtendResponse.part.0.78002
                0x0000000000087306                zps_bAplZdoServerHandleConfirmAcks
                0x0000000000087350                zps_bPerformLeaveActionDecider
                0x0000000000087355                vHandleUpdateDeviceIndication.68519
                0x000000000008737f                bDuplicateCheck.64886
                0x000000000008748c                bIsBindTableMatch.63454
                0x00000000000874dd                eRemoveEntryInBindingTable.63482
                0x000000000008755c                zps_vAplApsFillAndPostApsAck
                0x00000000000875c6                zps_u8AplApsFreeMsgHandle
                0x0000000000087630                vFillDataIndStruct.59320
                0x000000000008768e                vFillApduErrorEvent.59313
                0x00000000000876d1                bCheckProfile.59308
                0x0000000000087718                ZPS_bIsGroupPresent
                0x0000000000087750                pdum_u16ReadNBO
                0x00000000000878b1                PDUM_u16SizeNBO
                0x000000000008790f                PDUM_u16APduInstanceWriteStrNBO
                0x0000000000087a8e                PDUM_eNPduReadHeaderNBO
                0x0000000000087ae1                PDUM_u16APduInstanceReadNBO
                0x0000000000087b2c                PDUM_eNPduPrependHeaderNBO
                0x0000000000087b87                zps_vInitAPSMECmdHdr
                0x0000000000087bbe                PDUM_eNPduAppendDataNBO
                0x0000000000087c1b                PDUM_u16APduInstanceWriteNBO
                0x0000000000087c85                PDUM_thAPduInstanceGetApdu
                0x0000000000087ca0                PDUM_eAPduInstanceSetPayloadSize
                0x0000000000087cc8                PDUM_eNPduWriteDataFromBuffer
 .text          0x0000000000087d22      0xe9d C:\DOCUME~1\g\LOCALS~1\Temp\ccwKq7qQ.ltrans5.ltrans.o
                0x0000000000087d22                vZdoServersInit.3020
                0x0000000000087e46                boIdValueSearchMatch.114203
                0x0000000000087ea0                PWRM_vWakeInterruptCallback
                0x0000000000087eec                PWRM_vInit
                0x0000000000087f7e                u32TouchReadCapacitance.3581
                0x00000000000880f4                iPDM_ReadUserDataFromEEPROMsegment
                0x000000000008816e                iPDM_ReCalculateWearCountAndChecksumAndWriteFileSystemHeader
                0x00000000000881b8                vPDM_SetEEPROMandFileSystemValidState
                0x00000000000881df                iPDM_ReadUserDataFromFileSystemRecord
                0x00000000000881ff                u16ZCL_APduInstanceWriteNBO
                0x00000000000882a9                u16ZCL_WriteCommandHeader
                0x0000000000088321                u16ZCL_APduInstanceReadNBO
                0x0000000000088406                u16ZCL_ReadCommandHeader.part.0.40495
                0x000000000008847d                eCLD_BasicCommandHandler
                0x00000000000884a9                u16ZCL_APduInstanceWriteStringNBO
                0x0000000000088570                iPDM_ReadSegmentHeaderDataFromEEPROMsegment
                0x00000000000885c9                u16ZCL_APduInstanceReadStringNBO
                0x000000000008869e                eZCL_GetAttributeTypeSizeFromBuffer
                0x0000000000088715                vPDM_WriteFileSystemRecordAndSegmentDataIntoEEPROMsegment
                0x0000000000088750                zps_vSendJoinDcfm
                0x0000000000088796                vGiveUp.130697
                0x00000000000887ce                vSetRejoinFilter
                0x0000000000088817                iPDM_FilterDuplicateAppendedSegmentsOnList.115472
                0x000000000008885b                ZPS_bIsMacAddressUsedInApsTable
                0x0000000000088911                ZPS_eTsvOpen
                0x000000000008892b                zps_vNwkBttMgrInit
                0x0000000000088959                ZPS_vNwkNibClearTables
                0x0000000000088a7a                vMicroIntEnableOnly.constprop.151
                0x0000000000088aa6                vSetChannelAndPower
                0x0000000000088b44                vMiniMac_PLME_SetReq_Power
                0x0000000000088b58                vMiniMac_PLME_SetReq_Channel
                0x0000000000088b60                TSV_eStart
                0x0000000000088bb0                vMiniMac_MLME_SetReq_ShortAddr
 .text          0x0000000000088bbf     0x12e1 C:\DOCUME~1\g\LOCALS~1\Temp\ccwKq7qQ.ltrans6.ltrans.o
                0x0000000000088c08                zps_vAplSaveRecord
                0x0000000000088cb8                zps_eAplAibSetApsUseExtendedPanId
                0x0000000000088cce                zps_eAplAibSetApsChannelMask
                0x0000000000088d69                zps_bNwkFindAddIeeeAddr
                0x0000000000088ee7                zps_psFindKeyDescr
                0x000000000008901b                zps_eAplSecEncryptPacket
                0x000000000008910a                zps_eAplSendApsmeCmdFrame
                0x000000000008927b                ZPS_bNwkNibAddrMapAddEntry
                0x0000000000089442                zps_sNwkNibNtCheckJoin
                0x00000000000896c8                zps_vNwkHandleCmeDirectJoinReq
                0x0000000000089742                zps_vJoinInitNtParent
                0x0000000000089898                zps_vCheckActvNtForDuplicate
                0x0000000000089930                eCheckAddrConflict.isra.3.120582
                0x00000000000899c6                vAplSecRemoveLinkKey.68612
                0x0000000000089a43                ZPS_vNwkSaveAllRecords
                0x0000000000089a5a                zps_vSaveAllZpsRecords
                0x0000000000089a79                ZPS_vNwkNibSetNwkAddr
                0x0000000000089a97                zps_eNwkHandleSceRejnResponse
                0x0000000000089af4                ZPS_vNwkNibSetExtPanId
                0x0000000000089b18                vFinish.131129
                0x0000000000089b60                eSmeOrphScanDcfm.131139
                0x0000000000089bd8                ZPS_vNwkNibSetKeySeqNum
                0x0000000000089bec                ZPS_vNwkNibSetDepth
                0x0000000000089c15                ZPS_vNwkNibSetUpdateId
                0x0000000000089c24                ZPS_vNwkNibSetPanId
                0x0000000000089c42                vHandleNwkRemoteUpdateAfterBcast.120376
                0x0000000000089cb1                ZPS_vNwkNibSetCapabilityInfo
                0x0000000000089cde                ZPS_vNwkNibSetChannel
                0x0000000000089cf6                zps_u8NwkHandleRejoinReq
                0x0000000000089dbf                vContinueRejoin.129943
                0x0000000000089e66                zps_vProcessLocalAddrConflict.part.0.120385
 .text          0x0000000000089ea0     0x13c8 C:\DOCUME~1\g\LOCALS~1\Temp\ccwKq7qQ.ltrans7.ltrans.o
                0x0000000000089ea0                vPdmEventHandlerCallback.3332
                0x0000000000089eaf                vOSError.3340
                0x0000000000089f06                OS_eExitCriticalSection
                0x0000000000089feb                PDUM_hAPduAllocateAPduInstance
                0x000000000008a05f                zps_eAplZdoSendZdpResponse
                0x000000000008a0a8                bSendResponse.89873
                0x000000000008a0eb                PDUM_eAPduFreeAPduInstance
                0x000000000008a16e                zps_bAplZdoSimpleDescServer
                0x000000000008a3cf                zps_bAplZdoPowerDescServer
                0x000000000008a4ec                zps_bAplZdoActiveEpServer
                0x000000000008a5d5                zps_bAplZdoSystemServerDiscoveryServer
                0x000000000008a65e                zps_bAplZdoMgmtLqiServer
                0x000000000008a88a                PDM_eReadDataFromRecord
                0x000000000008a90c                vLoadAplRecord.68546
                0x000000000008a972                ZPS_pvNwkCtor.part.0.119418
                0x000000000008ac3e                ZPS_eTsvStart
                0x000000000008ac99                zps_eAplZdoBdrmRequestSend
                0x000000000008ad14                zps_eNwkHandleSceNwkUpdate
                0x000000000008ad38                vProcessTimedList.121240
                0x000000000008ad7e                zps_vAplAfPostTimerEvent
                0x000000000008adcd                zps_vNwkJoinStStartResponseTimer
                0x000000000008ae06                ZPS_eTsvStop
                0x000000000008ae5a                zps_eNwkBtrMatch
                0x000000000008aee7                zps_vAplApsStopPollTimer.part.2.61953
                0x000000000008af6e                ZPS_bSecEncrypt
                0x000000000008b124                vConfigureScanTimer
                0x000000000008b170                vWakeCallBack.4760
                0x000000000008b192                eZCL_SetReceiveEventAddressStructure
                0x000000000008b211                DBG_vDumpStack
                0x000000000008b253                vUnclaimedInterrupt.3338
 .text          0x000000000008b268      0xed0 C:\DOCUME~1\g\LOCALS~1\Temp\ccwKq7qQ.ltrans8.ltrans.o
                0x000000000008b29e                os_vAPP_cbEnableTickTimer
                0x000000000008b31e                os_vAPP_cbDisableTickTimer
                0x000000000008b362                vRetryCcaFailure
                0x000000000008b3b6                eOrphanNotificationSent.135687
                0x000000000008b3ff                DBG_vUartInitHardware
                0x000000000008b53c                eCLD_OnOffCommandHandler
                0x000000000008b559                dbg_vPrintfImplNoneVerbose
                0x000000000008b9e0                eZCL_SearchForClusterEntry
                0x000000000008ba7e                eZCL_BuildTransmitAddressStructure
                0x000000000008baf0                APP_vSetLeds
                0x000000000008bb41                pwrm_PreSleep.3348
                0x000000000008bbff                vHandleIdentifyRequest
                0x000000000008bc3b                os_vAPP_ID_Task
                0x000000000008bc85                os_vApp_cbBlinkLed
                0x000000000008bc8a                ZPS_bSecDecrypt
                0x000000000008bd9c                boPDM_IsBitmapSaturated.115095
                0x000000000008bde5                vTouchInitHardware.3596
                0x000000000008be50                MAC_u64GetExtAddr
                0x000000000008be6b                ZPS_u64NwkNibFindExtAddr
                0x000000000008bf16                ZPS_u16NwkNibFindNwkAddr
                0x000000000008bfbc                iPDM_SearchForBufferIdInList
                0x000000000008bff1                iPDM_SearchForBufferIdInFileSystem
                0x000000000008c004                iPDM_ReadUserDataFromSegmentWithId
                0x000000000008c039                iPDM_SearchForSpecificSegmentInList
                0x000000000008c06b                psGetAndBuildCoordRealignment
                0x000000000008c0c3                eBuildAndSend.135695
 .text          0x000000000008c138     0x1180 C:\DOCUME~1\g\LOCALS~1\Temp\ccwKq7qQ.ltrans9.ltrans.o
                0x000000000008c138                vPDM_MoveFileRecordFromListToList
                0x000000000008c15b                vPDM_MoveRecordToDeAllocList
                0x000000000008c17b                vIncrementFrameCounterInPdm.isra.0.122576
                0x000000000008c35a                vProcessListsForSubmission.121326
                0x000000000008c64d                zps_vNwkMcpsMgrPost
                0x000000000008c671                zps_psSendFrm.constprop.65
                0x000000000008c876                ZPS_vNwkHandleNldeReqRsp
                0x000000000008ca68                zps_eAplApsmeCmdMgrSendCommand
                0x000000000008cb45                zps_psNwkSendRejoinReqCmd.constprop.9
                0x000000000008cc23                zps_vNwkHandleCmeLeaveReq
                0x000000000008cc8b                zps_eNwkHandleSceLeave
                0x000000000008ce11                zps_psSendNetworkStatusCmd
                0x000000000008ce89                zps_eDefaultDataDcfm
                0x000000000008d02b                vSendNetworkReport.120372
                0x000000000008d105                zps_eNwkHandleSdeActvDcfmData
                0x000000000008d1ec                vMcpsMgrTimeoutExpiry
                0x000000000008d25b                iPDM_SegmentCopyAndAppendData.constprop.117
 .text          0x000000000008d2b8     0x119c C:\DOCUME~1\g\LOCALS~1\Temp\ccwKq7qQ.ltrans10.ltrans.o
                0x000000000008d4c6                vPostNldeDcfmInd.59477
                0x000000000008dfb4                zps_eAplApsmeUpdateDeviceReqRsp.part.4.63611
                0x000000000008e0f7                eUnfragmentedUnicastTransmission.62047
 .text          0x000000000008e454     0x107c C:\DOCUME~1\g\LOCALS~1\Temp\ccwKq7qQ.ltrans11.ltrans.o
                0x000000000008e710                zps_bAplZdoMatchDescServer
                0x000000000008e724                zps_bAplZdoNodeDescServer
                0x000000000008e890                PDUM_eNPduAllocate
                0x000000000008e8ff                vMiniMac_McpsCallback
                0x000000000008eb2b                eMcpsTxCompleteHandler.134544
                0x000000000008eb59                PDUM_eNPduClone
                0x000000000008eba5                PDUM_eNPduFree
                0x000000000008ec12                vPostVsMcpsDcfmInd.75364
                0x000000000008ecfc                ZPS_vInterceptMcpsDataCallback
                0x000000000008ed5e                zps_vNwkMcpsMgrFreeReqDescr
                0x000000000008ed90                zps_psAllocateAndFormatMacHdr
                0x000000000008eee3                zps_psNwkInitCmdFrame
                0x000000000008efb0                zps_vNwkRemoveConflictedBroadcast
                0x000000000008f002                zps_vNwkMcpsMgrTidyBtrReqDescr
                0x000000000008f046                vNwkBttTimerExpiry.126410
                0x000000000008f0c8                MAC_vHandleMcpsVsReqRsp
                0x000000000008f3d9                hZCL_AllocateAPduInstance
                0x000000000008f415                eZCL_TransmitInterPanRequest.constprop.34
 .text          0x000000000008f4d0      0xe51 C:\DOCUME~1\g\LOCALS~1\Temp\ccwKq7qQ.ltrans12.ltrans.o
                0x000000000008f4d0                vMcpsMgrExpiry.121228
                0x000000000008f4f8                zps_vAplApsmeCmdMgrRetryTimeout.63446
                0x000000000008f521                vPDM_MoveAllDataFromListToList
                0x000000000008f55f                vPDM_MoveAllDataWithBufferIdAndStateFromListToList
                0x000000000008f5ea                vPDM_MoveAllDataToDeAllocList
                0x000000000008f612                iPDM_ReconstructReplacedDataTable
                0x000000000008f891                vPDM_ImageBitmapRepair.114118
                0x000000000008f8f2                vPDM_MoveAllDataWithBufferIdFromListToList
                0x000000000008f977                vPDM_DeleteAppendedSequence
                0x000000000008fa1c                PDM_eSaveRecordData
                0x000000000008fe51                ZPS_vNwkSaveRecord
                0x000000000008fe7d                ZPS_vNwkSaveNt
                0x000000000008fe90                ZPS_vNwkPurgeMacAddressAndRelatedEntries
                0x000000000008ff96                ZPS_vNtSetUsedStatus
                0x000000000009003d                zps_eNwkHandleSmeCommStatusInd
                0x000000000009017d                eUnsolicitedRejoinRspDataDcfm.120380
                0x00000000000901a8                eRejoinRspDataDcfm.129947
                0x0000000000090277                ZPS_vNwkSaveSecMat
                0x00000000000902cd                ZPS_vNwkResetOutgoingFrameCounter
 .text          0x0000000000090321      0xfc9 C:\DOCUME~1\g\LOCALS~1\Temp\ccwKq7qQ.ltrans13.ltrans.o
                0x0000000000090ca2                os_vzps_taskZPS
                0x0000000000090ecb                zps_eNwkHandleSceNwkStatus
                0x0000000000090fe4                ZPS_vNwkNibCheckAndUpdateAddresses
                0x0000000000091080                zps_bAplZdoDeviceAnnceServer
 .text          0x00000000000912ea      0xa02 C:\DOCUME~1\g\LOCALS~1\Temp\ccwKq7qQ.ltrans14.ltrans.o
                0x00000000000912ea                zps_bAplZdoIeeeAddrServer
                0x0000000000091440                zps_bAplZdoNwkAddrServer
                0x00000000000915c1                eBeaconReqSent.135691
                0x00000000000915e8                vPDM_AddFileSystemElementToListInAscendingWearCountOrder
                0x00000000000916f6                iPDM_WriteSegmentHeaderAndData
                0x00000000000918f2                eMakeEntryInBindingTable.63500
                0x000000000009199c                zps_u8AplApsConstructAndPostLoopBackDataInd.62064
                0x0000000000091ad5                u8PostUnicastMsgToNHLE.62072
                0x0000000000091b0e                vSendIdentifyRequest.isra.2.7468
                0x0000000000091b4f                vSendDeviceInfoReq.7060
                0x0000000000091b89                vSendScanResponse.7295.constprop.30
 .text.unlikely
                0x0000000000091cec      0x2ef C:\DOCUME~1\g\LOCALS~1\Temp\ccwKq7qQ.ltrans14.ltrans.o
                0x0000000000091cec                vSendRouterJoinRequest.isra.5.7480.constprop.19
                0x0000000000091ecc                vHandleDeviceInfoRequest.7314
 *fill*         0x0000000000091fdb        0x1 00
 .text          0x0000000000091fdc      0xda4 C:\DOCUME~1\g\LOCALS~1\Temp\ccwKq7qQ.ltrans15.ltrans.o
                0x0000000000091fdc                vAplSecAuthPollTimerExpiry.68496
                0x0000000000092034                vAplSecAuthTimerExpiry.68500
                0x0000000000092104                vHandleApsInterPanDcfmData
                0x00000000000922e6                vPostApsdeDcfmInd.59470
                0x00000000000924ee                zps_vHandleApsdeDataFragIndNotSupported
                0x0000000000092556                eDiscoverNetworks.68566
                0x00000000000925b2                eStartNetworkDiscovery.68573
                0x000000000009263f                eStartRouter.68583
                0x000000000009270e                vPostApsmeDcfmInd.59463
                0x0000000000092b6b                zps_eAplZdoPoll
                0x0000000000092bd7                pwrm_Wakeup.3344
 .text          0x0000000000092d80      0xcdc C:\DOCUME~1\g\LOCALS~1\Temp\ccwKq7qQ.ltrans16.ltrans.o
                0x0000000000092fa7                zps_bAplZdoBindUnbindServer
                0x00000000000930b3                zps_eAplZdpMgmtLqiResponse
                0x000000000009319b                zps_eZdpMgmtNwkUpdateNotifyResponse
                0x000000000009324d                eZCL_TransmitDataRequest
                0x00000000000935cd                eZCL_SendDefaultResponse
                0x00000000000936cc                eZCL_CustomCommandReceive
                0x000000000009383a                eCLD_ScenesCommandHandler
 .text          0x0000000000093a5c      0xdf7 C:\DOCUME~1\g\LOCALS~1\Temp\ccwKq7qQ.ltrans17.ltrans.o
                0x0000000000093a5c                zps_eZdpNwkAddrResponse
                0x0000000000093b3f                zps_eZdpIeeeAddrResponse
                0x0000000000093c22                zps_eZdpNodeDescResponse
                0x0000000000093cca                zps_eZdpPowerDescResponse
                0x0000000000093d67                zps_eZdpSimpleDescResponse
                0x0000000000093e74                zps_eZdpActiveEpResponse
                0x0000000000093f0a                zps_eZdpMatchDescResponse
                0x0000000000093fa0                zps_eZdpSystemServerDiscoveryResponse
                0x000000000009400f                zps_bAplZdoDefaultServer
                0x0000000000094270                zps_bAplZdoMgmtNWKUpdateServer
                0x00000000000946e0                zps_bAplZdoZdoClient
                0x00000000000947f0                zps_eAplZdpBindResponse
                0x0000000000094811                zps_eZdpUnbindResponse
                0x0000000000094832                zps_eZdpMgmtLeaveResponse
 *fill*         0x0000000000094853        0x1 00
 .text          0x0000000000094854      0xbac C:\DOCUME~1\g\LOCALS~1\Temp\ccwKq7qQ.ltrans18.ltrans.o
                0x0000000000094854                os_vZCL_Task
 .text          0x0000000000095400      0xda8 C:\DOCUME~1\g\LOCALS~1\Temp\ccwKq7qQ.ltrans19.ltrans.o
                0x0000000000095400                vBbcIntHandler.134342
                0x00000000000956b8                os_vzps_isrMAC
                0x00000000000956f7                eAssocRespSent.135252
                0x0000000000095716                zps_vNwkHandleCmeSyncReq
                0x0000000000095798                zps_vNwkHandleCmeNwkDiscReq
                0x0000000000095812                zps_vNwkHandleCmeEdScanReq
                0x0000000000095a13                zps_vNwkHandleCmeNwkJoinReq
                0x0000000000095cd1                zps_vNwkHandleCmeNwkActvJoinReq
                0x0000000000095e19                vHandleRejoinExpiry.130693
                0x0000000000095e78                zps_eRejoinDataDcfm
 .text          0x00000000000961a8      0xfcf C:\DOCUME~1\g\LOCALS~1\Temp\ccwKq7qQ.ltrans20.ltrans.o
                0x00000000000961a8                os_bDummyMemberCheck.56232
                0x00000000000961ad                os_vDefaultErrorHook.56228
                0x00000000000961b0                eCLD_LevelControlCommandHandler
                0x00000000000961b5                APP_ZCL_cbGeneralCallback.6669
                0x00000000000961b8                bAllowInterPanEp.4463
                0x00000000000961c8                vOverideProfileId.4466
                0x00000000000961d5                os_bStrictCheck.1358
                0x00000000000964ef                PDUM_eNPduWriteDataToBuffer
                0x000000000009654d                PDUM_eNPduWriteFromBuffer
                0x0000000000096576                PDUM_eNPduDescend
                0x000000000009659c                PDUM_eNPduAscend
                0x00000000000965c2                PDUM_eNPduClaimData
                0x000000000009662f                PDUM_eNPduClaimHeader
                0x0000000000096652                PDUM_eNPduInitDescending
                0x000000000009666d                OS_eEnterCriticalSection
                0x0000000000096735                eExpireSWTimer.56241
                0x00000000000967a0                vEnterErrorHook.56224
                0x00000000000967c7                OS_eCollectMessage
                0x000000000009688c                eZCL_GetAttributeTypeSize
                0x00000000000968ab                vZCL_MarkAttributeInvalid
                0x000000000009697a                eZCL_CheckEPstructureIntegrity.36248
                0x0000000000096b62                u8ZCL_GetAttributeAllignToFourBytesBoundary
                0x0000000000096b77                pvZCL_GetAttributePointer
                0x0000000000096bed                u16ZCL_GetStringStructureSize
                0x0000000000096c2a                u16ZCL_GetStringAttributeTypeSizeFromBuffer
                0x0000000000096c9b                u16ZCL_GetStringSizeAndBufferFromStructure
                0x0000000000096d2a                vZCL_GetInternalMutex
                0x0000000000096d53                eZCL_GetMutex
                0x0000000000096d8b                vZCL_InitializeClusterInstance
                0x0000000000096da0                vZCL_ReleaseInternalMutex
                0x0000000000096dba                eZCL_SearchForAttributeEntry
                0x0000000000096e7a                eZCL_SearchForEPentry
                0x0000000000096ed5                eZCL_SearchForEPentryAndCheckManufacturerId
                0x0000000000096f13                vZCL_PassEventToUser
                0x0000000000096f40                u8GetTransactionSequenceNumber
                0x0000000000096f61                eZCL_ReleaseMutex
                0x0000000000096f90                eZCL_Register.part.1.36257
                0x0000000000096fbe                boDLISTisEmpty
                0x0000000000096fd6                vWriteU64ToPayLoad.23225
                0x0000000000097003                vWriteU32ToPayLoad.23221
                0x000000000009701b                vRecoverTempAddresses.7058
                0x000000000009704e                bAddToEndpointTable
                0x00000000000970eb                vSetAddress.4845
                0x0000000000097136                vResetSleepAndJoinCounters.4766
                0x0000000000097157                eGetKeyCode.3450
 .text.unlikely
                0x0000000000097177      0x16f C:\DOCUME~1\g\LOCALS~1\Temp\ccwKq7qQ.ltrans20.ltrans.o
                0x0000000000097177                vSaveTempAddresses.7056
                0x00000000000971aa                InvShiftRows
                0x000000000009723d                InvSubBytes
                0x0000000000097283                AddRoundKey
                0x00000000000972c4                getSBoxValue.6028
 *fill*         0x00000000000972e6        0x2 00
 .text          0x00000000000972e8      0xc7c C:\DOCUME~1\g\LOCALS~1\Temp\ccwKq7qQ.ltrans21.ltrans.o
                0x000000000009745a                vPostNlmeDcfmInd.59456
                0x0000000000097b72                zps_eAplZdoRejoinNetwork
                0x0000000000097bed                os_vAPP_SleepAndPollTask
                0x0000000000097e07                vDiscoverNetworks.4869
                0x0000000000097eeb                vTryNwkJoin.4874
 .text          0x0000000000097f64      0xe7c C:\DOCUME~1\g\LOCALS~1\Temp\ccwKq7qQ.ltrans22.ltrans.o
                0x000000000009830e                vSendMlmeCommStatusFromTxFrame
                0x0000000000098364                MAC_vHandleMlmeVsReqRsp.constprop.144
                0x000000000009889b                vScanBeaconReceived
                0x00000000000988db                vRunningRxCallback
                0x0000000000098bdb                vPostDcfm.135706
                0x0000000000098c44                vScanNextChannel.135712
 .text          0x0000000000098de0      0xbac C:\DOCUME~1\g\LOCALS~1\Temp\ccwKq7qQ.ltrans23.ltrans.o
                0x0000000000098de0                os_vAPP_ZLL_Remote_Task
 .text          0x000000000009998c      0xb4a C:\DOCUME~1\g\LOCALS~1\Temp\ccwKq7qQ.ltrans24.ltrans.o
                0x0000000000099bf8                eCLD_ZllCommissionCommandHandler
                0x0000000000099e7a                eCLD_GroupsCommandHandler
                0x0000000000099faa                eCLD_IdentifyCommandHandler
                0x000000000009a043                vZCL_HandleAttributesWriteRequest
 .text          0x000000000009a4d6      0xb21 C:\DOCUME~1\g\LOCALS~1\Temp\ccwKq7qQ.ltrans25.ltrans.o
                0x000000000009a6c7                ZPS_vNwkHandleNlmeReqRsp
                0x000000000009a741                zps_vAplAfPostEvent
                0x000000000009ab0a                vApsInterPanMcpsDataInd
                0x000000000009acb1                zps_eAplZdoNlmeleaveWrapper
                0x000000000009ad2f                zps_bAplZdoMgmtLeaveServer
                0x000000000009aeaf                vChangeChannelTimerExpiry.91054
                0x000000000009af12                eLeaveReset.132116
                0x000000000009af7d                eLeaveDataDcfmLocalLeave.132121
 *fill*         0x000000000009aff7        0x1 00
 .text          0x000000000009aff8      0xadc C:\DOCUME~1\g\LOCALS~1\Temp\ccwKq7qQ.ltrans26.ltrans.o
                0x000000000009b0e4                vHandleZllDeviceJoin
                0x000000000009b231                vMiniMac_MlmeCallback
                0x000000000009b51f                vPollConfirm.135890
                0x000000000009b536                PDM_vDeleteAllDataRecords
                0x000000000009b5b3                iPDM_VerifyDataSequenceWithBufferId
                0x000000000009b655                vSetGroupAddress.constprop.43
                0x000000000009b6a4                vFactoryResetRecords
                0x000000000009b7c2                bAplZdoBindUnbindServerProcessApdu
 .text          0x000000000009bad4      0x993 C:\DOCUME~1\g\LOCALS~1\Temp\ccwKq7qQ.ltrans27.ltrans.o
                0x000000000009bcc5                eCLD_ZllUtilityCommandHandler
                0x000000000009bf03                APP_ZCL_cbEndpointCallback.6666
                0x000000000009c082                os_vAPP_AddGroupTask
                0x000000000009c146                vAppRecallSceneById
                0x000000000009c1b3                vAppStoreSceneById
                0x000000000009c220                vAppOnOff
                0x000000000009c346                vAppLevelStop
                0x000000000009c385                vAppLevelMove
                0x000000000009c3fe                vAppIdentifyEffect
 .text          0x000000000009c467      0x4f3 C:\DOCUME~1\g\LOCALS~1\Temp\ccwKq7qQ.ltrans28.ltrans.o
                0x000000000009c467                ZPS_vAplHandleApsdeReqRsp
                0x000000000009c890                zps_eAplZdpApsdeReqInternal
                0x000000000009c8ff                zps_eAplZdpGenStatusOnlyResponse
 .text          0x000000000009c95a      0x4e8 C:\DOCUME~1\g\LOCALS~1\Temp\ccwKq7qQ.ltrans29.ltrans.o
                0x000000000009c95a                AppWarmStart
                0x000000000009c974                AppColdStart
                0x000000000009cc1c                os_vUnclaimedInterrupt
                0x000000000009cc2e                os_vControlledIntCheck
                0x000000000009cc73                os_vControlledInterrupt
                0x000000000009ccac                os_vAPP_isrSystemController
                0x000000000009cced                os_vAPP_isrIllegalInstruction
                0x000000000009cd00                os_vAPP_isrAlignmentException
                0x000000000009cd13                os_vAPP_isrBusErrorException
                0x000000000009cd29                os_vAPP_isrUnimplementedModuleException
                0x000000000009cd3f                os_vAPP_isrStackOverflowException
                0x000000000009cd52                os_vAPP_isrTickTimer
 .text          0x000000000009ce42      0x41d C:\DOCUME~1\g\LOCALS~1\Temp\ccwKq7qQ.ltrans30.ltrans.o
                0x000000000009ce42                eZCL_CustomCommandSend.constprop.54
                0x000000000009d0be                vSelectLight
 .text          0x000000000009d25f      0x230 C:\DOCUME~1\g\LOCALS~1\Temp\ccwKq7qQ.ltrans31.ltrans.o
                0x000000000009d25f                vStartScanTimerExpiry.91058
                0x000000000009d29b                zps_vAplApsPollTimer
                0x000000000009d2fd                zps_eNwkSendJoinResponse
 .text          0x000000000009d48f       0x25 c:/nxp/bstudio_nxp/sdk/tools/ba-elf-ba2-r36379/bin/../lib/gcc/ba-elf/4.7.4/../../../../ba-elf/lib/mcpu_jn51xx_sizeopt\libc.a(lib_a-memcmp.o)
                0x000000000009d48f                memcmp
 .text          0x000000000009d4b4       0x19 c:/nxp/bstudio_nxp/sdk/tools/ba-elf-ba2-r36379/bin/../lib/gcc/ba-elf/4.7.4/../../../../ba-elf/lib/mcpu_jn51xx_sizeopt\libc.a(lib_a-memcpy.o)
 .text          0x000000000009d4cd       0x12 c:/nxp/bstudio_nxp/sdk/tools/ba-elf-ba2-r36379/bin/../lib/gcc/ba-elf/4.7.4/../../../../ba-elf/lib/mcpu_jn51xx_sizeopt\libc.a(lib_a-memset.o)
                0x000000000009d4cd                memset
 *fill*         0x000000000009d4df        0x1 00
 .text          0x000000000009d4e0      0x204 c:/nxp/bstudio_nxp/sdk/tools/ba-elf-ba2-r36379/bin/../lib/gcc/ba-elf/4.7.4/mcpu_jn51xx_sizeopt\libgcc.a(__udivsi3.o)
                0x000000000009d4e0                __udivsi3
 .text          0x000000000009d6e4      0x1b0 c:/nxp/bstudio_nxp/sdk/tools/ba-elf-ba2-r36379/bin/../lib/gcc/ba-elf/4.7.4/mcpu_jn51xx_sizeopt\libgcc.a(__umodsi3.o)
                0x000000000009d6e4                __umodsi3
 .text          0x000000000009d894       0x24 c:/nxp/bstudio_nxp/sdk/tools/ba-elf-ba2-r36379/bin/../lib/gcc/ba-elf/4.7.4/mcpu_jn51xx_sizeopt\libgcc.a(__modsi3.o)
                0x000000000009d894                __modsi3
 .text          0x000000000009d8b8      0x350 c:/nxp/bstudio_nxp/sdk/tools/ba-elf-ba2-r36379/bin/../lib/gcc/ba-elf/4.7.4/mcpu_jn51xx_sizeopt\libgcc.a(_udivdi3.o)
                0x000000000009d8b8                __udivdi3
 *fill*         0x000000000009dc08        0x0 00
 .text          0x000000000009dc08      0x198 c:/NXP/bstudio_nxp/workspace/JN-AN-1171-ZigBee-LightLink-Demo/Controller_NonColorSceneController/Build/os_irq.o
                0x000000000009dc08                os_ExternalException_W
                0x000000000009dc4c                os_PIC_ChannelPriorities
                0x000000000009dc5c                os_OSMIUM_HwVectTable
                0x000000000009dc98                os_PIC_SwVectTable
 .text          0x000000000009dda0       0x29 c:/NXP/bstudio_nxp/workspace/JN-AN-1171-ZigBee-LightLink-Demo/Controller_NonColorSceneController/Build/os_irq_alignment.o
                0x000000000009dda0                IRQ_Alignment
 .text          0x000000000009ddc9       0x29 c:/NXP/bstudio_nxp/workspace/JN-AN-1171-ZigBee-LightLink-Demo/Controller_NonColorSceneController/Build/os_irq_buserror.o
                0x000000000009ddc9                IRQ_BusError
 .text          0x000000000009ddf2       0x29 c:/NXP/bstudio_nxp/workspace/JN-AN-1171-ZigBee-LightLink-Demo/Controller_NonColorSceneController/Build/os_irq_illegalinstruction.o
                0x000000000009ddf2                IRQ_IllegalInstruction
 .text          0x000000000009de1b       0x29 c:/NXP/bstudio_nxp/workspace/JN-AN-1171-ZigBee-LightLink-Demo/Controller_NonColorSceneController/Build/os_irq_stackoverflowexception.o
                0x000000000009de1b                IRQ_StackOverflowException
 .text          0x000000000009de44       0x29 c:/NXP/bstudio_nxp/workspace/JN-AN-1171-ZigBee-LightLink-Demo/Controller_NonColorSceneController/Build/os_irq_unimplementedmodule.o
                0x000000000009de44                IRQ_UnimplementedModule
 *fill*         0x000000000009de6d        0x3 00
 .text          0x000000000009de70       0xc0 c:/NXP/bstudio_nxp/sdk/JN-SW-4168/Components/Library\libOS_JN516x.a(os_contirq_JN516x.o)
                0x000000000009de70                os_ExternalException_R
                0x000000000009dea0                os_CFunc_W
                0x000000000009def0                os_UnclaimedException_W
                0x000000000009df10                os_UnclaimedInterrupt_W
 .text          0x000000000009df30       0x48 c:/NXP/bstudio_nxp/sdk/JN-SW-4168/Components/Library\libPWRM_JN516x.a(pwrm_setjmp_JN516x.o)
                0x000000000009df30                setjmp
                0x000000000009df54                PWRM_longjmp
 .text          0x000000000009df78       0x27 c:/NXP/bstudio_nxp/sdk/JN-SW-4168/Components/Library\libHardwareApi_JN516x.a(AHI_Interrupt.o)
                0x000000000009df78                vAHI_InterruptSetPriority
                0x000000000009df96                vAHI_InterruptSetActivePriorityLevel
 .text.vMicroSyscall
                0x000000000009df9f       0x17 c:/NXP/bstudio_nxp/sdk/JN-SW-4168/Components/Library\libMicroSpecific_JN516x.a(MicroSyscall_ba.o)
                0x000000000009df9f                vMicroSyscall
 .text          0x000000000009dfb6        0x0 c:/NXP/bstudio_nxp/sdk/JN-SW-4168/Components/Library\libOS_JN516x.a(os_version_lc.o)
                0x000000000009dfb6                OS_Version_1v2
 .text          0x000000000009dfb6        0x0 c:/NXP/bstudio_nxp/sdk/JN-SW-4168/Components/Library\libZPSAPL_JN516x.a(zps_apl_version_lc.o)
                0x000000000009dfb6                ZPS_APL_Version_2v0
 .text          0x000000000009dfb6        0x0 c:/NXP/bstudio_nxp/sdk/JN-SW-4168/Components/Library\libZPSNWK_ZED_JN516x.a(zps_nwk_version_lc.o)
                0x000000000009dfb6                ZPS_NWK_Version_2v0
                0x000000000009dfb6                _flash_end = ABSOLUTE (.)

.rela.dyn       0x000000000009dfb8        0x0
 .rela.text     0x0000000000000000        0x0 c:/NXP/bstudio_nxp/workspace/JN-AN-1171-ZigBee-LightLink-Demo/Controller_NonColorSceneController/Build/os_irq.o
 .rela.data     0x0000000000000000        0x0 c:/NXP/bstudio_nxp/workspace/JN-AN-1171-ZigBee-LightLink-Demo/Controller_NonColorSceneController/Build/os_irq.o
 .rela.rodata   0x0000000000000000        0x0 c:/NXP/bstudio_nxp/workspace/JN-AN-1171-ZigBee-LightLink-Demo/Controller_NonColorSceneController/Build/os_irq.o
 .rela.text.unlikely
                0x0000000000000000        0x0 c:/NXP/bstudio_nxp/workspace/JN-AN-1171-ZigBee-LightLink-Demo/Controller_NonColorSceneController/Build/os_irq.o
                0x000000000400004c                . = ORIGIN (ram)

.data           0x000000000400004c      0x764 load address 0x000000000009dfb8
                0x000000000400004c                _ram_data_start = ABSOLUTE (.)
 *(.data*)
 .data          0x000000000400004c       0x88 C:\DOCUME~1\g\LOCALS~1\Temp\ccwKq7qQ.ltrans0.ltrans.o
                0x000000000400004c                u8MiniMacConfig_MaxConcurrentAssocResponses
                0x0000000004000050                psShadowRxBuffer
 .data          0x00000000040000d4       0x20 C:\DOCUME~1\g\LOCALS~1\Temp\ccwKq7qQ.ltrans1.ltrans.o
                0x00000000040000d4                sCertKey.7624
                0x00000000040000e4                sMasterKey.7625
 .data          0x00000000040000f4        0x4 C:\DOCUME~1\g\LOCALS~1\Temp\ccwKq7qQ.ltrans2.ltrans.o
                0x00000000040000f4                u32HeapStart
 .data          0x00000000040000f8        0x1 C:\DOCUME~1\g\LOCALS~1\Temp\ccwKq7qQ.ltrans8.ltrans.o
 *fill*         0x00000000040000f9        0x1 00
 .data          0x00000000040000fa        0x6 C:\DOCUME~1\g\LOCALS~1\Temp\ccwKq7qQ.ltrans11.ltrans.o
 .data          0x0000000004000100        0x1 C:\DOCUME~1\g\LOCALS~1\Temp\ccwKq7qQ.ltrans13.ltrans.o
 *fill*         0x0000000004000101        0x3 00
 .data          0x0000000004000104        0x4 C:\DOCUME~1\g\LOCALS~1\Temp\ccwKq7qQ.ltrans14.ltrans.o
                0x0000000004000104                bCanLoopback.62293
 .data          0x0000000004000108       0xc8 C:\DOCUME~1\g\LOCALS~1\Temp\ccwKq7qQ.ltrans20.ltrans.o
                0x0000000004000108                s_asapduZCLInstances
                0x0000000004000168                s_asapduZDPInstances
 .data          0x00000000040001d0       0x30 C:\DOCUME~1\g\LOCALS~1\Temp\ccwKq7qQ.ltrans23.ltrans.o
                0x00000000040001d0                sDeviceTable
                0x00000000040001e8                bAddrMode.5742
                0x00000000040001e9                u8DeepSleepTime.5739
                0x00000000040001ea                u8RejoinAttemptsRemaining.5741
                0x00000000040001eb                u8KeepAliveTime.5738
                0x00000000040001ec                sZllState
 .data          0x0000000004000200      0x598 C:\DOCUME~1\g\LOCALS~1\Temp\ccwKq7qQ.ltrans29.ltrans.o
                0x0000000004000200                s_keyPairTableStorage.3107
                0x0000000004000260                os_SWTimer_APP_cntrTickTimer_APP_LedBlinkTimer
                0x000000000400027c                os_Mutex_mutexMAC
                0x0000000004000284                os_Mutex_mutexZPS
                0x000000000400028c                s_sApl.3064
                0x00000000040003dc                os_SWTimer_APP_cntrTickTimer_APP_AddGroupTimer
                0x00000000040003f8                os_SWTimer_APP_cntrTickTimer_APP_IdTimer
                0x0000000004000414                os_Message_APP_msgZpsEvents_ZCL
                0x0000000004000438                os_SWTimer_APP_cntrTickTimer_APP_CommissionTimer
                0x0000000004000454                os_Message_APP_msgZpsEvents
                0x0000000004000478                os_Message_APP_msgEvents
                0x000000000400049c                os_Message_APP_CommissionEvents
                0x00000000040004c0                os_Message_zps_msgMlmeDcfmInd
                0x00000000040004e4                os_Message_zps_msgTimeEvents
                0x0000000004000508                os_Message_zps_msgMcpsDcfmInd
                0x000000000400052c                os_Message_zps_msgMcpsDcfm
                0x0000000004000550                os_SWTimer_APP_cntrTickTimer_APP_PollTimer
                0x000000000400056c                os_Task_APP_AddGroupTask
                0x0000000004000578                os_Task_ZCL_Task
                0x0000000004000584                os_Task_APP_CommissionTimerTask
                0x0000000004000590                os_Task_APP_ZLL_Remote_Task
                0x000000000400059c                os_Task_APP_Commission_Task
                0x00000000040005a8                os_Task_zps_taskZPS
                0x00000000040005b4                os_Task_APP_SleepAndPollTask
                0x00000000040005c0                u8AhiBaudRate.115658
                0x00000000040005c4                s_prbMemberCheck.56348
                0x00000000040005c8                s_prvErrorHook.56346
 .data.s_asAPduPool
                0x0000000004000798       0x18 c:/NXP/bstudio_nxp/workspace/JN-AN-1171-ZigBee-LightLink-Demo/Controller_NonColorSceneController/Build/pdum_apdu.o
                0x0000000004000798                pdum_apduZDP
                0x0000000004000798                s_asAPduPool
                0x00000000040007a4                pdum_apduZCL
 *(.data.*)
                0x00000000040007b0                . = ALIGN (0x4)
                0x00000000040007b0                _ram_data_end = ABSOLUTE (.)

.bss            0x00000000040007b0     0x36a4 load address 0x000000000009e71c
                0x00000000040007b0                _bss_start = ABSOLUTE (.)
 *(.bss*)
 .bss           0x00000000040007b0      0xf70 C:\DOCUME~1\g\LOCALS~1\Temp\ccwKq7qQ.ltrans0.ltrans.o
                0x00000000040007b0                gu16NumberOfSegments.138232
                0x00000000040007b4                psPDM_Common
                0x00000000040007b8                u8MaxNpdu.56629
                0x00000000040007b9                u8Count.56628
                0x00000000040007bc                s_psNPduPoolEnd.56631
                0x00000000040007c0                s_psNPduPoolStart.56630
                0x00000000040007c4                s_psFreeListHead.56627
                0x00000000040007c8                s_hMutex.56626
                0x00000000040007cc                s_hMutex.56746
                0x00000000040007d0                s_asAPduPool.56745
                0x00000000040007d4                au32BaseCapacitances.3617
                0x0000000004000814                u32BaseMeasureSamples.3625
                0x0000000004000818                psAplDefaultZLLAPSLinkKey
                0x000000000400081c                s_u32x.113312
                0x0000000004000820                pfOptionsFilterCallback
                0x0000000004000824                pfnHandleZllDeviceJoin
                0x0000000004000828                s_prExpireFn.139226
                0x000000000400082c                s_hMutex.139225
                0x0000000004000830                pvRxStore
                0x0000000004000834                pvTxStore
                0x0000000004000838                g_pvAplHandle
                0x000000000400083c                s_hMacMutex
                0x0000000004000840                s_sDcfmIndMgr.138990
                0x0000000004000848                prAppMlmeGetBuffer
                0x000000000400084c                prAppMlmeCallback
                0x0000000004000850                psFreeMsgListHead
                0x0000000004000854                psActiveMsgListHead
                0x0000000004000858                u8MiniMac_RunTimeOptions
                0x0000000004000859                gZpsSetByProfile.59434
                0x000000000400085c                pfAllowInterPanToEp
                0x0000000004000860                sReversedMacAddr.136578
                0x0000000004000868                sThisDeviceMacAddr
                0x0000000004000870                sCommission
 .bss           0x0000000004001720      0x1e8 C:\DOCUME~1\g\LOCALS~1\Temp\ccwKq7qQ.ltrans1.ltrans.o
                0x0000000004001720                state
                0x0000000004001730                RoundKey
                0x0000000004001820                sTarget
                0x0000000004001830                sDstAddr
                0x0000000004001840                sScanTarget
 .bss           0x0000000004001908        0x8 C:\DOCUME~1\g\LOCALS~1\Temp\ccwKq7qQ.ltrans2.ltrans.o
 .bss           0x0000000004001910       0x28 C:\DOCUME~1\g\LOCALS~1\Temp\ccwKq7qQ.ltrans3.ltrans.o
                0x0000000004001910                eMMacModuleType
                0x0000000004001914                prIntHandler.136945
                0x0000000004001918                psTimerServerList
 .bss.initinboot
                0x0000000004001938        0x1 C:\DOCUME~1\g\LOCALS~1\Temp\ccwKq7qQ.ltrans3.ltrans.o
 *fill*         0x0000000004001939        0x3 00
 .bss           0x000000000400193c       0x40 C:\DOCUME~1\g\LOCALS~1\Temp\ccwKq7qQ.ltrans4.ltrans.o
 *fill*         0x000000000400197c        0x4 00
 .bss           0x0000000004001980      0x288 C:\DOCUME~1\g\LOCALS~1\Temp\ccwKq7qQ.ltrans5.ltrans.o
 .bss           0x0000000004001c08       0x28 C:\DOCUME~1\g\LOCALS~1\Temp\ccwKq7qQ.ltrans6.ltrans.o
                0x0000000004001c08                apvAplPdmRecordsAddress
                0x0000000004001c20                au16AplPdmRecordsSize
 .bss           0x0000000004001c30       0x14 C:\DOCUME~1\g\LOCALS~1\Temp\ccwKq7qQ.ltrans7.ltrans.o
                0x0000000004001c30                au16TimerSettings.137541
                0x0000000004001c3c                s_psCurrentTask.56342
 .bss           0x0000000004001c44       0x18 C:\DOCUME~1\g\LOCALS~1\Temp\ccwKq7qQ.ltrans8.ltrans.o
                0x0000000004001c44                sStoredMacData.134474
                0x0000000004001c48                vFlushFn.115602
                0x0000000004001c4c                vPutchFn.115597
 *fill*         0x0000000004001c5c        0x4 00
 .bss           0x0000000004001c60       0x48 C:\DOCUME~1\g\LOCALS~1\Temp\ccwKq7qQ.ltrans10.ltrans.o
 .bss           0x0000000004001ca8        0x8 C:\DOCUME~1\g\LOCALS~1\Temp\ccwKq7qQ.ltrans11.ltrans.o
 .bss           0x0000000004001cb0        0xc C:\DOCUME~1\g\LOCALS~1\Temp\ccwKq7qQ.ltrans12.ltrans.o
                0x0000000004001cb0                a16NwkPdmRecordSizes
 .bss           0x0000000004001cbc        0x8 C:\DOCUME~1\g\LOCALS~1\Temp\ccwKq7qQ.ltrans13.ltrans.o
                0x0000000004001cbc                u32DataQueueCount
 .bss           0x0000000004001cc4       0x30 C:\DOCUME~1\g\LOCALS~1\Temp\ccwKq7qQ.ltrans14.ltrans.o
 .bss           0x0000000004001cf4        0xc C:\DOCUME~1\g\LOCALS~1\Temp\ccwKq7qQ.ltrans16.ltrans.o
                0x0000000004001cf4                bBindLookup
                0x0000000004001cf8                psBindUnbindServerContext
                0x0000000004001cfc                pfOverrideProfile
 .bss           0x0000000004001d00        0x1 C:\DOCUME~1\g\LOCALS~1\Temp\ccwKq7qQ.ltrans17.ltrans.o
                0x0000000004001d00                bDefaultServerIgnoreHandleMgmtUpdate
 *fill*         0x0000000004001d01        0x7 00
 .bss           0x0000000004001d08       0x18 C:\DOCUME~1\g\LOCALS~1\Temp\ccwKq7qQ.ltrans18.ltrans.o
                0x0000000004001d08                zps_psNwk
 .bss           0x0000000004001d20       0x9c C:\DOCUME~1\g\LOCALS~1\Temp\ccwKq7qQ.ltrans19.ltrans.o
                0x0000000004001d20                sMiniMacPhyPib
                0x0000000004001d24                aprTimerCallback
                0x0000000004001d44                au32TimerCounter
                0x0000000004001d64                sMiniMacInternal
                0x0000000004001d90                s_psVsMcpsDcfmInd.76663
                0x0000000004001d94                s_psMacDcfmInd.76662
 .bss           0x0000000004001dbc      0x650 C:\DOCUME~1\g\LOCALS~1\Temp\ccwKq7qQ.ltrans20.ltrans.o